###############################################################################
#
# IAR ELF Linker V7.70.1.11437/W32 for ARM                02/May/2018  14:58:52
# Copyright 2007-2016 IAR Systems AB.
#
#    Output file  =  C:\Users\Gianluca\Documents\mbed\Heart\BUILD\Exe\name.out
#    Map file     =  C:\Users\Gianluca\Documents\mbed\Heart\BUILD\List\name.map
#    Command line =  
#        C:\Users\Gianluca\Documents\mbed\Heart\BUILD\Obj\aes.o
#        C:\Users\Gianluca\Documents\mbed\Heart\BUILD\Obj\aesni.o
#        C:\Users\Gianluca\Documents\mbed\Heart\BUILD\Obj\AnalogIn.o
#        C:\Users\Gianluca\Documents\mbed\Heart\BUILD\Obj\arc4.o
#        C:\Users\Gianluca\Documents\mbed\Heart\BUILD\Obj\asn1parse.o
#        C:\Users\Gianluca\Documents\mbed\Heart\BUILD\Obj\asn1write.o
#        C:\Users\Gianluca\Documents\mbed\Heart\BUILD\Obj\ATCmdParser.o
#        C:\Users\Gianluca\Documents\mbed\Heart\BUILD\Obj\base64.o
#        C:\Users\Gianluca\Documents\mbed\Heart\BUILD\Obj\bignum.o
#        C:\Users\Gianluca\Documents\mbed\Heart\BUILD\Obj\BLE.o
#        C:\Users\Gianluca\Documents\mbed\Heart\BUILD\Obj\ble_payload.o
#        C:\Users\Gianluca\Documents\mbed\Heart\BUILD\Obj\ble_utils.o
#        C:\Users\Gianluca\Documents\mbed\Heart\BUILD\Obj\BLEInstanceBase.o
#        C:\Users\Gianluca\Documents\mbed\Heart\BUILD\Obj\blowfish.o
#        C:\Users\Gianluca\Documents\mbed\Heart\BUILD\Obj\BlueNRG1_adc.o
#        C:\Users\Gianluca\Documents\mbed\Heart\BUILD\Obj\BlueNRG1_dma.o
#        C:\Users\Gianluca\Documents\mbed\Heart\BUILD\Obj\BlueNRG1_flash.o
#        C:\Users\Gianluca\Documents\mbed\Heart\BUILD\Obj\BlueNRG1_gpio.o
#        C:\Users\Gianluca\Documents\mbed\Heart\BUILD\Obj\BlueNRG1_i2c.o
#        C:\Users\Gianluca\Documents\mbed\Heart\BUILD\Obj\BlueNRG1_it.o
#        C:\Users\Gianluca\Documents\mbed\Heart\BUILD\Obj\BlueNRG1_mft.o
#        C:\Users\Gianluca\Documents\mbed\Heart\BUILD\Obj\BlueNRG1_pka.o
#        C:\Users\Gianluca\Documents\mbed\Heart\BUILD\Obj\BlueNRG1_rng.o
#        C:\Users\Gianluca\Documents\mbed\Heart\BUILD\Obj\BlueNRG1_rtc.o
#        C:\Users\Gianluca\Documents\mbed\Heart\BUILD\Obj\BlueNRG1_spi.o
#        C:\Users\Gianluca\Documents\mbed\Heart\BUILD\Obj\BlueNRG1_sysCtrl.o
#        C:\Users\Gianluca\Documents\mbed\Heart\BUILD\Obj\BlueNRG1_uart.o
#        C:\Users\Gianluca\Documents\mbed\Heart\BUILD\Obj\BlueNRG1_wdg.o
#        C:\Users\Gianluca\Documents\mbed\Heart\BUILD\Obj\BlueNRG1Device.o
#        C:\Users\Gianluca\Documents\mbed\Heart\BUILD\Obj\BlueNRG1Gap.o
#        C:\Users\Gianluca\Documents\mbed\Heart\BUILD\Obj\btle.o
#        C:\Users\Gianluca\Documents\mbed\Heart\BUILD\Obj\BusIn.o
#        C:\Users\Gianluca\Documents\mbed\Heart\BUILD\Obj\BusInOut.o
#        C:\Users\Gianluca\Documents\mbed\Heart\BUILD\Obj\BusOut.o
#        C:\Users\Gianluca\Documents\mbed\Heart\BUILD\Obj\CallChain.o
#        C:\Users\Gianluca\Documents\mbed\Heart\BUILD\Obj\camellia.o
#        C:\Users\Gianluca\Documents\mbed\Heart\BUILD\Obj\CAN.o
#        C:\Users\Gianluca\Documents\mbed\Heart\BUILD\Obj\ccm.o
#        C:\Users\Gianluca\Documents\mbed\Heart\BUILD\Obj\ccsbcs.o
#        C:\Users\Gianluca\Documents\mbed\Heart\BUILD\Obj\certs.o
#        C:\Users\Gianluca\Documents\mbed\Heart\BUILD\Obj\ChainingBlockDevice.o
#        C:\Users\Gianluca\Documents\mbed\Heart\BUILD\Obj\cipher.o
#        C:\Users\Gianluca\Documents\mbed\Heart\BUILD\Obj\cipher_wrap.o
#        C:\Users\Gianluca\Documents\mbed\Heart\BUILD\Obj\cmac.o
#        C:\Users\Gianluca\Documents\mbed\Heart\BUILD\Obj\cmain.o
#        C:\Users\Gianluca\Documents\mbed\Heart\BUILD\Obj\cmsis_nvic.o
#        C:\Users\Gianluca\Documents\mbed\Heart\BUILD\Obj\cmsis_os1.o
#        C:\Users\Gianluca\Documents\mbed\Heart\BUILD\Obj\ConditionVariable.o
#        C:\Users\Gianluca\Documents\mbed\Heart\BUILD\Obj\ctr_drbg.o
#        C:\Users\Gianluca\Documents\mbed\Heart\BUILD\Obj\debug.o
#        C:\Users\Gianluca\Documents\mbed\Heart\BUILD\Obj\des.o
#        C:\Users\Gianluca\Documents\mbed\Heart\BUILD\Obj\DFUService.o
#        C:\Users\Gianluca\Documents\mbed\Heart\BUILD\Obj\dhm.o
#        C:\Users\Gianluca\Documents\mbed\Heart\BUILD\Obj\Dir.o
#        C:\Users\Gianluca\Documents\mbed\Heart\BUILD\Obj\DiscoveredCharacteristic.o
#        C:\Users\Gianluca\Documents\mbed\Heart\BUILD\Obj\ecdh.o
#        C:\Users\Gianluca\Documents\mbed\Heart\BUILD\Obj\ecdsa.o
#        C:\Users\Gianluca\Documents\mbed\Heart\BUILD\Obj\ecjpake.o
#        C:\Users\Gianluca\Documents\mbed\Heart\BUILD\Obj\ecp.o
#        C:\Users\Gianluca\Documents\mbed\Heart\BUILD\Obj\ecp_curves.o
#        C:\Users\Gianluca\Documents\mbed\Heart\BUILD\Obj\entropy.o
#        C:\Users\Gianluca\Documents\mbed\Heart\BUILD\Obj\entropy_poll.o
#        C:\Users\Gianluca\Documents\mbed\Heart\BUILD\Obj\equeue.o
#        C:\Users\Gianluca\Documents\mbed\Heart\BUILD\Obj\equeue_mbed.o
#        C:\Users\Gianluca\Documents\mbed\Heart\BUILD\Obj\equeue_posix.o
#        C:\Users\Gianluca\Documents\mbed\Heart\BUILD\Obj\error.o
#        C:\Users\Gianluca\Documents\mbed\Heart\BUILD\Obj\Ethernet.o
#        C:\Users\Gianluca\Documents\mbed\Heart\BUILD\Obj\EventFlags.o
#        C:\Users\Gianluca\Documents\mbed\Heart\BUILD\Obj\EventQueue.o
#        C:\Users\Gianluca\Documents\mbed\Heart\BUILD\Obj\FATFileSystem.o
#        C:\Users\Gianluca\Documents\mbed\Heart\BUILD\Obj\ff.o
#        C:\Users\Gianluca\Documents\mbed\Heart\BUILD\Obj\File.o
#        C:\Users\Gianluca\Documents\mbed\Heart\BUILD\Obj\FileBase.o
#        C:\Users\Gianluca\Documents\mbed\Heart\BUILD\Obj\FileHandle.o
#        C:\Users\Gianluca\Documents\mbed\Heart\BUILD\Obj\FilePath.o
#        C:\Users\Gianluca\Documents\mbed\Heart\BUILD\Obj\FileSystem.o
#        C:\Users\Gianluca\Documents\mbed\Heart\BUILD\Obj\FileSystemHandle.o
#        C:\Users\Gianluca\Documents\mbed\Heart\BUILD\Obj\FlashIAP.o
#        C:\Users\Gianluca\Documents\mbed\Heart\BUILD\Obj\GapScanningParams.o
#        C:\Users\Gianluca\Documents\mbed\Heart\BUILD\Obj\gcm.o
#        C:\Users\Gianluca\Documents\mbed\Heart\BUILD\Obj\GenericGattClient.o
#        C:\Users\Gianluca\Documents\mbed\Heart\BUILD\Obj\gpio_api.o
#        C:\Users\Gianluca\Documents\mbed\Heart\BUILD\Obj\greentea_metrics.o
#        C:\Users\Gianluca\Documents\mbed\Heart\BUILD\Obj\greentea_serial.o
#        C:\Users\Gianluca\Documents\mbed\Heart\BUILD\Obj\greentea_test_env.o
#        C:\Users\Gianluca\Documents\mbed\Heart\BUILD\Obj\havege.o
#        C:\Users\Gianluca\Documents\mbed\Heart\BUILD\Obj\HeapBlockDevice.o
#        C:\Users\Gianluca\Documents\mbed\Heart\BUILD\Obj\hmac_drbg.o
#        C:\Users\Gianluca\Documents\mbed\Heart\BUILD\Obj\I2C.o
#        C:\Users\Gianluca\Documents\mbed\Heart\BUILD\Obj\I2CSlave.o
#        C:\Users\Gianluca\Documents\mbed\Heart\BUILD\Obj\InterruptIn.o
#        C:\Users\Gianluca\Documents\mbed\Heart\BUILD\Obj\InterruptManager.o
#        C:\Users\Gianluca\Documents\mbed\Heart\BUILD\Obj\irq_cm0.o
#        C:\Users\Gianluca\Documents\mbed\Heart\Bluetooth_LE\library\libbluenrg1_stack.a
#        C:\Users\Gianluca\Documents\mbed\Heart\BUILD\Obj\LocalFileSystem.o
#        C:\Users\Gianluca\Documents\mbed\Heart\BUILD\Obj\main.o
#        C:\Users\Gianluca\Documents\mbed\Heart\BUILD\Obj\mbed-utest-shim.o
#        C:\Users\Gianluca\Documents\mbed\Heart\BUILD\Obj\mbed_alloc_wrappers.o
#        C:\Users\Gianluca\Documents\mbed\Heart\BUILD\Obj\mbed_application.o
#        C:\Users\Gianluca\Documents\mbed\Heart\BUILD\Obj\mbed_assert.o
#        C:\Users\Gianluca\Documents\mbed\Heart\BUILD\Obj\mbed_board.o
#        C:\Users\Gianluca\Documents\mbed\Heart\BUILD\Obj\mbed_boot.o
#        C:\Users\Gianluca\Documents\mbed\Heart\BUILD\Obj\mbed_critical.o
#        C:\Users\Gianluca\Documents\mbed\Heart\BUILD\Obj\mbed_error.o
#        C:\Users\Gianluca\Documents\mbed\Heart\BUILD\Obj\mbed_flash_api.o
#        C:\Users\Gianluca\Documents\mbed\Heart\BUILD\Obj\mbed_gpio.o
#        C:\Users\Gianluca\Documents\mbed\Heart\BUILD\Obj\mbed_interface.o
#        C:\Users\Gianluca\Documents\mbed\Heart\BUILD\Obj\mbed_lp_ticker_api.o
#        C:\Users\Gianluca\Documents\mbed\Heart\BUILD\Obj\mbed_mem_trace.o
#        C:\Users\Gianluca\Documents\mbed\Heart\BUILD\Obj\mbed_mktime.o
#        C:\Users\Gianluca\Documents\mbed\Heart\BUILD\Obj\mbed_overrides.o
#        C:\Users\Gianluca\Documents\mbed\Heart\BUILD\Obj\mbed_pinmap_common.o
#        C:\Users\Gianluca\Documents\mbed\Heart\BUILD\Obj\mbed_poll.o
#        C:\Users\Gianluca\Documents\mbed\Heart\BUILD\Obj\mbed_retarget.o
#        C:\Users\Gianluca\Documents\mbed\Heart\BUILD\Obj\mbed_rtc_time.o
#        C:\Users\Gianluca\Documents\mbed\Heart\BUILD\Obj\mbed_rtx_handlers.o
#        C:\Users\Gianluca\Documents\mbed\Heart\BUILD\Obj\mbed_rtx_idle.o
#        C:\Users\Gianluca\Documents\mbed\Heart\BUILD\Obj\mbed_sdk_boot.o
#        C:\Users\Gianluca\Documents\mbed\Heart\BUILD\Obj\mbed_semihost_api.o
#        C:\Users\Gianluca\Documents\mbed\Heart\BUILD\Obj\mbed_shared_queues.o
#        C:\Users\Gianluca\Documents\mbed\Heart\BUILD\Obj\mbed_sleep_manager.o
#        C:\Users\Gianluca\Documents\mbed\Heart\BUILD\Obj\mbed_stats.o
#        C:\Users\Gianluca\Documents\mbed\Heart\BUILD\Obj\mbed_ticker_api.o
#        C:\Users\Gianluca\Documents\mbed\Heart\BUILD\Obj\mbed_trng.o
#        C:\Users\Gianluca\Documents\mbed\Heart\BUILD\Obj\mbed_us_ticker_api.o
#        C:\Users\Gianluca\Documents\mbed\Heart\BUILD\Obj\mbed_wait_api_no_rtos.o
#        C:\Users\Gianluca\Documents\mbed\Heart\BUILD\Obj\mbed_wait_api_rtos.o
#        C:\Users\Gianluca\Documents\mbed\Heart\BUILD\Obj\MBRBlockDevice.o
#        C:\Users\Gianluca\Documents\mbed\Heart\BUILD\Obj\md.o
#        C:\Users\Gianluca\Documents\mbed\Heart\BUILD\Obj\md2.o
#        C:\Users\Gianluca\Documents\mbed\Heart\BUILD\Obj\md4.o
#        C:\Users\Gianluca\Documents\mbed\Heart\BUILD\Obj\md5.o
#        C:\Users\Gianluca\Documents\mbed\Heart\BUILD\Obj\md_wrap.o
#        C:\Users\Gianluca\Documents\mbed\Heart\BUILD\Obj\memory_buffer_alloc.o
#        C:\Users\Gianluca\Documents\mbed\Heart\BUILD\Obj\misc.o
#        C:\Users\Gianluca\Documents\mbed\Heart\BUILD\Obj\Mutex.o
#        C:\Users\Gianluca\Documents\mbed\Heart\BUILD\Obj\net_sockets.o
#        C:\Users\Gianluca\Documents\mbed\Heart\BUILD\Obj\NetworkInterface.o
#        C:\Users\Gianluca\Documents\mbed\Heart\BUILD\Obj\NetworkStack.o
#        C:\Users\Gianluca\Documents\mbed\Heart\BUILD\Obj\nsapi_dns.o
#        C:\Users\Gianluca\Documents\mbed\Heart\BUILD\Obj\oid.o
#        C:\Users\Gianluca\Documents\mbed\Heart\BUILD\Obj\OnboardCellularInterface.o
#        C:\Users\Gianluca\Documents\mbed\Heart\BUILD\Obj\os_systick.o
#        C:\Users\Gianluca\Documents\mbed\Heart\BUILD\Obj\os_tick_ptim.o
#        C:\Users\Gianluca\Documents\mbed\Heart\BUILD\Obj\osal.o
#        C:\Users\Gianluca\Documents\mbed\Heart\BUILD\Obj\padlock.o
#        C:\Users\Gianluca\Documents\mbed\Heart\BUILD\Obj\pem.o
#        C:\Users\Gianluca\Documents\mbed\Heart\BUILD\Obj\pin_device.o
#        C:\Users\Gianluca\Documents\mbed\Heart\BUILD\Obj\pinmap.o
#        C:\Users\Gianluca\Documents\mbed\Heart\BUILD\Obj\pk.o
#        C:\Users\Gianluca\Documents\mbed\Heart\BUILD\Obj\pk_wrap.o
#        C:\Users\Gianluca\Documents\mbed\Heart\BUILD\Obj\pkcs11.o
#        C:\Users\Gianluca\Documents\mbed\Heart\BUILD\Obj\pkcs12.o
#        C:\Users\Gianluca\Documents\mbed\Heart\BUILD\Obj\pkcs5.o
#        C:\Users\Gianluca\Documents\mbed\Heart\BUILD\Obj\pkparse.o
#        C:\Users\Gianluca\Documents\mbed\Heart\BUILD\Obj\pkwrite.o
#        C:\Users\Gianluca\Documents\mbed\Heart\BUILD\Obj\platform.o
#        C:\Users\Gianluca\Documents\mbed\Heart\BUILD\Obj\PPPCellularInterface.o
#        C:\Users\Gianluca\Documents\mbed\Heart\BUILD\Obj\ProfilingBlockDevice.o
#        C:\Users\Gianluca\Documents\mbed\Heart\BUILD\Obj\RawSerial.o
#        C:\Users\Gianluca\Documents\mbed\Heart\BUILD\Obj\ripemd160.o
#        C:\Users\Gianluca\Documents\mbed\Heart\BUILD\Obj\rsa.o
#        C:\Users\Gianluca\Documents\mbed\Heart\BUILD\Obj\rt_OsEventObserver.o
#        C:\Users\Gianluca\Documents\mbed\Heart\BUILD\Obj\RtosTimer.o
#        C:\Users\Gianluca\Documents\mbed\Heart\BUILD\Obj\RTX_Config.o
#        C:\Users\Gianluca\Documents\mbed\Heart\BUILD\Obj\rtx_delay.o
#        C:\Users\Gianluca\Documents\mbed\Heart\BUILD\Obj\rtx_evflags.o
#        C:\Users\Gianluca\Documents\mbed\Heart\BUILD\Obj\rtx_evr.o
#        C:\Users\Gianluca\Documents\mbed\Heart\BUILD\Obj\rtx_kernel.o
#        C:\Users\Gianluca\Documents\mbed\Heart\BUILD\Obj\rtx_lib.o
#        C:\Users\Gianluca\Documents\mbed\Heart\BUILD\Obj\rtx_memory.o
#        C:\Users\Gianluca\Documents\mbed\Heart\BUILD\Obj\rtx_mempool.o
#        C:\Users\Gianluca\Documents\mbed\Heart\BUILD\Obj\rtx_msgqueue.o
#        C:\Users\Gianluca\Documents\mbed\Heart\BUILD\Obj\rtx_mutex.o
#        C:\Users\Gianluca\Documents\mbed\Heart\BUILD\Obj\rtx_semaphore.o
#        C:\Users\Gianluca\Documents\mbed\Heart\BUILD\Obj\rtx_system.o
#        C:\Users\Gianluca\Documents\mbed\Heart\BUILD\Obj\rtx_thread.o
#        C:\Users\Gianluca\Documents\mbed\Heart\BUILD\Obj\rtx_timer.o
#        C:\Users\Gianluca\Documents\mbed\Heart\BUILD\Obj\Semaphore.o
#        C:\Users\Gianluca\Documents\mbed\Heart\BUILD\Obj\Serial.o
#        C:\Users\Gianluca\Documents\mbed\Heart\BUILD\Obj\serial_api.o
#        C:\Users\Gianluca\Documents\mbed\Heart\BUILD\Obj\SerialBase.o
#        C:\Users\Gianluca\Documents\mbed\Heart\BUILD\Obj\sha1.o
#        C:\Users\Gianluca\Documents\mbed\Heart\BUILD\Obj\sha256.o
#        C:\Users\Gianluca\Documents\mbed\Heart\BUILD\Obj\sha512.o
#        C:\Users\Gianluca\Documents\mbed\Heart\BUILD\Obj\SlicingBlockDevice.o
#        C:\Users\Gianluca\Documents\mbed\Heart\BUILD\Obj\Socket.o
#        C:\Users\Gianluca\Documents\mbed\Heart\BUILD\Obj\SocketAddress.o
#        C:\Users\Gianluca\Documents\mbed\Heart\BUILD\Obj\SPI.o
#        C:\Users\Gianluca\Documents\mbed\Heart\BUILD\Obj\spi_api.o
#        C:\Users\Gianluca\Documents\mbed\Heart\BUILD\Obj\SPISlave.o
#        C:\Users\Gianluca\Documents\mbed\Heart\BUILD\Obj\ssl_cache.o
#        C:\Users\Gianluca\Documents\mbed\Heart\BUILD\Obj\ssl_ciphersuites.o
#        C:\Users\Gianluca\Documents\mbed\Heart\BUILD\Obj\ssl_cli.o
#        C:\Users\Gianluca\Documents\mbed\Heart\BUILD\Obj\ssl_cookie.o
#        C:\Users\Gianluca\Documents\mbed\Heart\BUILD\Obj\ssl_srv.o
#        C:\Users\Gianluca\Documents\mbed\Heart\BUILD\Obj\ssl_ticket.o
#        C:\Users\Gianluca\Documents\mbed\Heart\BUILD\Obj\ssl_tls.o
#        C:\Users\Gianluca\Documents\mbed\Heart\BUILD\Obj\startup_bluenrg1.o
#        C:\Users\Gianluca\Documents\mbed\Heart\BUILD\Obj\Stream.o
#        C:\Users\Gianluca\Documents\mbed\Heart\BUILD\Obj\system_bluenrg1.o
#        C:\Users\Gianluca\Documents\mbed\Heart\BUILD\Obj\TCPServer.o
#        C:\Users\Gianluca\Documents\mbed\Heart\BUILD\Obj\TCPSocket.o
#        C:\Users\Gianluca\Documents\mbed\Heart\BUILD\Obj\Thread.o
#        C:\Users\Gianluca\Documents\mbed\Heart\BUILD\Obj\threading.o
#        C:\Users\Gianluca\Documents\mbed\Heart\BUILD\Obj\Ticker.o
#        C:\Users\Gianluca\Documents\mbed\Heart\BUILD\Obj\Timeout.o
#        C:\Users\Gianluca\Documents\mbed\Heart\BUILD\Obj\Timer.o
#        C:\Users\Gianluca\Documents\mbed\Heart\BUILD\Obj\TimerEvent.o
#        C:\Users\Gianluca\Documents\mbed\Heart\BUILD\Obj\timing.o
#        C:\Users\Gianluca\Documents\mbed\Heart\BUILD\Obj\UARTCellularInterface.o
#        C:\Users\Gianluca\Documents\mbed\Heart\BUILD\Obj\UARTSerial.o
#        C:\Users\Gianluca\Documents\mbed\Heart\BUILD\Obj\UARTService.o
#        C:\Users\Gianluca\Documents\mbed\Heart\BUILD\Obj\UDPSocket.o
#        C:\Users\Gianluca\Documents\mbed\Heart\BUILD\Obj\unity.o
#        C:\Users\Gianluca\Documents\mbed\Heart\BUILD\Obj\unity_handler.o
#        C:\Users\Gianluca\Documents\mbed\Heart\BUILD\Obj\URIBeaconConfigService.o
#        C:\Users\Gianluca\Documents\mbed\Heart\BUILD\Obj\us_ticker_api.o
#        C:\Users\Gianluca\Documents\mbed\Heart\BUILD\Obj\utest_case.o
#        C:\Users\Gianluca\Documents\mbed\Heart\BUILD\Obj\utest_default_handlers.o
#        C:\Users\Gianluca\Documents\mbed\Heart\BUILD\Obj\utest_greentea_handlers.o
#        C:\Users\Gianluca\Documents\mbed\Heart\BUILD\Obj\utest_harness.o
#        C:\Users\Gianluca\Documents\mbed\Heart\BUILD\Obj\utest_shim.o
#        C:\Users\Gianluca\Documents\mbed\Heart\BUILD\Obj\utest_stack_trace.o
#        C:\Users\Gianluca\Documents\mbed\Heart\BUILD\Obj\utest_types.o
#        C:\Users\Gianluca\Documents\mbed\Heart\BUILD\Obj\version.o
#        C:\Users\Gianluca\Documents\mbed\Heart\BUILD\Obj\version_features.o
#        C:\Users\Gianluca\Documents\mbed\Heart\BUILD\Obj\WiFiAccessPoint.o
#        C:\Users\Gianluca\Documents\mbed\Heart\BUILD\Obj\x509.o
#        C:\Users\Gianluca\Documents\mbed\Heart\BUILD\Obj\x509_create.o
#        C:\Users\Gianluca\Documents\mbed\Heart\BUILD\Obj\x509_crl.o
#        C:\Users\Gianluca\Documents\mbed\Heart\BUILD\Obj\x509_crt.o
#        C:\Users\Gianluca\Documents\mbed\Heart\BUILD\Obj\x509_csr.o
#        C:\Users\Gianluca\Documents\mbed\Heart\BUILD\Obj\x509write_crt.o
#        C:\Users\Gianluca\Documents\mbed\Heart\BUILD\Obj\x509write_csr.o
#        C:\Users\Gianluca\Documents\mbed\Heart\BUILD\Obj\xtea.o -o
#        C:\Users\Gianluca\Documents\mbed\Heart\BUILD\Exe\name.out --redirect
#        _Printf=_PrintfLarge --redirect _Scanf=_ScanfFull --map
#        C:\Users\Gianluca\Documents\mbed\Heart\BUILD\List\name.map --config
#        C:\Users\Gianluca\Documents\mbed\Heart\.\mbed-os\targets\TARGET_STMBLUE\TARGET_BLUENRG1\TARGET_STEVAL_IDB007V1\device\TOOLCHAIN_IAR\BLUENRG1.icf
#        --skip_dynamic_initialization --threaded_lib --entry
#        __iar_program_start --no_exceptions --vfe
#
###############################################################################

*******************************************************************************
*** RUNTIME MODEL ATTRIBUTES
***

CppFlavor                     = *
__CPP_Exceptions              = Disabled
__CPP_Language                = C++
__Heap_Handler                = DLMalloc
__SystemLibrary               = DLib
__dlib_dynamic_initialization = postponed
__dlib_has_iterator_debugging = 0
__dlib_jmp_buf_num_elements   = 8


*******************************************************************************
*** PLACEMENT SUMMARY
***

"A0":  place at start of [0x10067000-0x10067fff] {
          block BLOCK_STACKLIB_FLASH_DATA };
"A1":  place at 0x200000c0 { block BLUE };
"A3":  place at start of [0x10040000-0x10066fff] { ro section .intvec };
"A4":  place at 0x20000004 { block ota_sw_activation_block };
"A5":  place at 0x20000008 { block savedMSP_block };
"A6":  place at 0x2000000c { block wakeupFromSleepFlag_block };
"A7":  place at 0x20000010 { block app_base_block };
"A8":  place at 0x20000030 { block Blue_Flag_Ram_block };
"P2":  place in [from 0x10040000 to 0x10066fff] { ro };
"P3":  place in [from 0x200000c0 to 0x20005fff] { rw };
"A10": place at end of [0x200000c0-0x20005fff] { block CSTACK, block HEAP };
initialize by copy { rw };
 { section .bss.__blue_RAM };
 { section .intvec };
 { section .ota_sw_activation };
 { section .savedMSP };
 { section .wakeupFromSleepFlag };
 { section .app_base };
 { section .__blueflag_RAM };

  Section                 Kind        Address     Size  Object
  -------                 ----        -------     ----  ------
"A3":                                             0xc0
  .intvec                 ro code  0x10040000     0xc0  startup_bluenrg1.o [1]
                                 - 0x100400c0     0xc0

"P2":                                          0x15399
  i.RAL_Isr               ro code  0x100400c0   0x1714  ll_isr.o [5]
  i.Timer_ExpiryCallback  ro code  0x100417d4     0x14  host_timer.o [5]
  i.Is_Flash_Write_On_Going
                          ro code  0x100417e8     0x10  nvm.o [5]
  i.advance_wakeup_timer  ro code  0x100417f8    0x4d4  advance_wakeup_time.o [5]
  i.get_scan_addr         ro code  0x10041ccc     0x2e  rom_ll_isr_routines.o [5]
  .text                   ro code  0x10041cfa     0x1e  main.o [1]
  i.PRIV_u32ProcessAdvPacket
                          ro code  0x10041d18    0x698  ll_privacy.o [5]
  i.get_adv_addr          ro code  0x100423b0     0x2c  rom_ll_isr_routines.o [5]
  i.PRIV_SearchAddrInWhiteList
                          ro code  0x100423dc     0x48  ll_privacy.o [5]
  i.go_to_connect         ro code  0x10042424    0x278  rom_ll_isr_routines.o [5]
  i.cancel_current_master
                          ro code  0x1004269c    0x19c  multi_master_time.o [5]
  i.machine_time_trans    ro code  0x10042838     0x20  rom_ll_timehandling.o [5]
  i.unpack_update_request
                          ro code  0x10042858     0x46  rom_ll_isr_routines.o [5]
  i.unpack_channel_map    ro code  0x1004289e     0x38  rom_ll_isr_routines.o [5]
  i.char_copy             ro code  0x100428d6     0x12  hal.o [5]
  i.LL_receive_data_patch
                          ro code  0x100428e8     0xc4  isr_routines.o [5]
  i.isr_postproc1         ro code  0x100429ac    0x14c  rom_ll_isr_postproc.o [5]
  i.LL_update_proc        ro code  0x10042af8     0x58  rom_ll_isr_routines.o [5]
  i.modulo_37             ro code  0x10042b50     0x18  rom_ll_routines_support.o [5]
  i.advance_slave_timing_MultiSlave
                          ro code  0x10042b68    0x438  multi_master_time.o [5]
  i.set_string            ro code  0x10042fa0     0x10  hal.o [5]
  i.go_to_connect_master  ro code  0x10042fb0    0x198  isr_routines.o [5]
  i.system_time_trans     ro code  0x10043148      0xa  rom_ll_timehandling.o [5]
  i.isr_postproc_encrypt_data
                          ro code  0x10043152     0x16  rom_ll_isr_postproc.o [5]
  i.anchor_replace        ro code  0x10043168     0x50  multi_master_time.o [5]
  i.read_rssi             ro code  0x100431b8     0x70  ll_routines.o [5]
  i.isr_event_handler_patched
                          ro code  0x10043228    0x8bc  ll_routines_master.o [5]
  i.isr_postproc          ro code  0x10043ae4    0x14c  isr_postproc.o [5]
  i.cancel_master         ro code  0x10043c30    0x100  rom_ll_isr_routines.o [5]
  .text                   ro code  0x10043d30     0xe0  I32DivModFast.o [7]
  i.cancel_slave          ro code  0x10043e10     0x98  isr_routines.o [5]
  i.Hal_Get_Random_Number
                          ro code  0x10043ea8     0x28  hal.o [5]
  i.LL_Sleep_Req          ro code  0x10043ed0     0x54  rom_ll_routines_support.o [5]
  i.LL_Update_Advertising_Buffers
                          ro code  0x10043f24     0x44  rom_ll_ll_routines.o [5]
  i.LL_Update_Scanning_Initiating_Buffers
                          ro code  0x10043f68     0x40  rom_ll_ll_routines.o [5]
  .text                   ro code  0x10043fa8     0x16  uread4.o [7]
  .text                   ro code  0x10043fbe      0xa  BlueNRG1Gap.o [1]
  i.PRIV_u8ResolvePrivateAddress
                          ro code  0x10043fc8     0xf0  ll_privacy.o [5]
  .text                   ro code  0x100440b8     0x28  osal.o [1]
  i.timebase_start_connect
                          ro code  0x100440e0     0x40  multi_master_time.o [5]
  i.is_slave              ro code  0x10044120     0x34  multi_master_time.o [5]
  i.swap_char             ro code  0x10044154      0xa  multi_master_time.o [5]
  i.swap_short_int        ro code  0x1004415e      0xa  multi_master_time.o [5]
  i.set_sca               ro code  0x10044168     0x20  rom_ll_timehandling.o [5]
  i.WindowWiden1          ro code  0x10044188      0xa  rom_ll_timehandling.o [5]
  i.time_offset1          ro code  0x10044192      0xe  rom_ll_timehandling.o [5]
  i.WindowWiden2          ro code  0x100441a0     0x10  rom_ll_timehandling.o [5]
  i.time_offset2          ro code  0x100441b0     0x10  rom_ll_timehandling.o [5]
  i.microseconds_to_machine_time
                          ro code  0x100441c0      0x8  routines_support.o [5]
  i.system_time_trans_ext
                          ro code  0x100441c8     0x2c  rom_ll_timehandling.o [5]
  i.encrypt               ro code  0x100441f4     0x88  rom_ll_routines_support.o [5]
  i.hci_le_enhanced_connection_complete_event_push
                          ro code  0x1004427c     0x90  ll_routines_master.o [5]
  i.hci_le_connection_complete_event_push
                          ro code  0x1004430c     0x78  ll_routines_master.o [5]
  i.hci_encryption_key_refresh_complete_event_push
                          ro code  0x10044384     0x48  ll_routines_master.o [5]
  i.hci_encryption_change_event_push
                          ro code  0x100443cc     0x4c  ll_routines_master.o [5]
  i.Acl_Tx_Cmpl_Pkt_Handler
                          ro code  0x10044418     0x1e  acl.o [5]
  .text                   ro code  0x10044436      0xa  EventQueue.o [1]
  i.aci_event_fifo_push_header
                          ro code  0x10044440     0xc8  aci_events.o [5]
  i.aci_event_fifo_push   ro code  0x10044508     0x28  aci_events.o [5]
  i.hci_le_connection_update_complete_event_push
                          ro code  0x10044530     0x58  ll_routines_master.o [5]
  i.hci_le_direct_advertising_report_event_push
                          ro code  0x10044588     0x74  ll_routines_master.o [5]
  i.hci_le_advertising_report_event_push
                          ro code  0x100445fc     0x80  ll_routines_master.o [5]
  i.Reclassify_All_Channels
                          ro code  0x1004467c     0xc0  ll_routines_master.o [5]
  i.Acl_Rcv_Pkt_Handler   ro code  0x1004473c     0x1e  acl.o [5]
  i.Hal_Get_Random_Number32
                          ro code  0x1004475a     0x12  hal.o [5]
  .text                   ro code  0x1004476c      0x2  IntDivZer.o [7]
  .text                   ro code  0x1004476e      0xa  utest_shim.o [1]
  i.PRIVWHIT_u8SearchAddrInList
                          ro code  0x10044778     0xa0  ll_privacy.o [5]
  i.LL_Encrypt_Plain_Data
                          ro code  0x10044818     0x54  ll_routines_support.o [5]
  i.PRIVWHIT_u8AddAddrInList
                          ro code  0x1004486c    0x1d8  ll_privacy.o [5]
  i.PRIVWHIT_u8RemoveAddrInList
                          ro code  0x10044a44     0xc8  ll_privacy.o [5]
  .text                   ro code  0x10044b0c     0x5c  ABImemcpy.o [7]
  .text                   ro code  0x10044b68     0x58  ABImemset.o [7]
  .text                   ro code  0x10044bc0     0x28  memcmp.o [7]
  i.fifoBuf_getFreeHeader
                          ro code  0x10044be8     0x6a  aci_events.o [5]
  i.AES128ECB_Wrapper     ro code  0x10044c52     0x7e  aes128cmac.o [5]
  i.AES_keyschedule_enc   ro code  0x10044cd0     0x36  crypto.o [5]
  .text                   ro code  0x10044d06      0x2  EventQueue.o [1]
  i.AES_general_SW_enc    ro code  0x10044d08    0x268  crypto.o [5]
  i.AES_keyschedule_enc_LL
                          ro code  0x10044f70    0x15c  crypto.o [5]
  .text                   ro code  0x100450cc   0x16b8  dlmalloc.o [3]
  .text                   ro code  0x10046784      0xa  abort.o [3]
  .text                   ro code  0x1004678e      0x2  GenericGattClient.o [1]
  .text                   ro code  0x10046790     0x2c  xgetmemchunk.o [3]
  .text                   ro code  0x100467bc     0x3c  xsyslock.o [3]
  .text                   ro code  0x100467f8      0xc  XXexit.o [7]
  .text                   ro code  0x10046804    0x164  xsyslock_mtx.o [3]
  .text                   ro code  0x10046968    0x23a  mbed_boot.o [1]
  .text                   ro code  0x10046ba2      0x2  main.o [1]
  .text                   ro code  0x10046ba4    0x894  rtx_thread.o [1]
  .text                   ro code  0x10047438     0x28  mbed_error.o [1]
  .text                   ro code  0x10047460    0x348  rtx_kernel.o [1]
  .text                   ro code  0x100477a8    0x420  rtx_mutex.o [1]
  .text                   ro code  0x10047bc8     0x1c  dynamic_init.o [7]
  .text                   ro code  0x10047be4    0x3e8  main.o [1]
  .text                   ro code  0x10047fcc      0x4  low_level_init.o [3]
  .text                   ro code  0x10047fd0     0x28  data_init.o [7]
  .text                   ro code  0x10047ff8      0x2  mbed_overrides.o [1]
  .text                   ro code  0x10047ffa      0x2  rtx_evr.o [1]
  .text                   ro code  0x10047ffc      0x2  rtx_evr.o [1]
  .text                   ro code  0x10047ffe      0x2  rtx_evr.o [1]
  .text                   ro code  0x10048000      0x2  rtx_evr.o [1]
  .text                   ro code  0x10048002      0x2  rtx_evr.o [1]
  .text                   ro code  0x10048004      0x2  rtx_evr.o [1]
  .text                   ro code  0x10048006      0x2  rtx_evr.o [1]
  .text                   ro code  0x10048008      0x2  rtx_evr.o [1]
  .text                   ro code  0x1004800a      0x2  rtx_evr.o [1]
  .text                   ro code  0x1004800c      0x2  rtx_evr.o [1]
  .text                   ro code  0x1004800e      0x2  rtx_evr.o [1]
  .text                   ro code  0x10048010      0x2  rtx_evr.o [1]
  .text                   ro code  0x10048012      0x2  main.o [1]
  .text                   ro code  0x10048014    0x36c  mbed_rtx_handlers.o [1]
  .text                   ro code  0x10048380     0xcc  rtx_mempool.o [1]
  .text                   ro code  0x1004844c     0x70  rtx_memory.o [1]
  .text                   ro code  0x100484bc     0x4e  rtx_memory.o [1]
  .text                   ro code  0x1004850a      0x2  rtx_evr.o [1]
  .text                   ro code  0x1004850c      0x2  rtx_evr.o [1]
  .text                   ro code  0x1004850e      0x2  rtx_evr.o [1]
  .text                   ro code  0x10048510      0x2  rtx_evr.o [1]
  .text                   ro code  0x10048512      0x2  rtx_evr.o [1]
  .text                   ro code  0x10048514      0x2  rtx_evr.o [1]
  .text                   ro code  0x10048516      0x2  startup_bluenrg1.o [1]
  .text                   ro code  0x10048518     0x64  mbed_board.o [1]
  .text                   ro code  0x1004857c    0x22c  mbed_retarget.o [1]
  .text                   ro code  0x100487a8     0x3e  rtx_memory.o [1]
  .text                   ro code  0x100487e6      0x2  rtx_evr.o [1]
  .text                   ro code  0x100487e8      0x2  rtx_evr.o [1]
  .text                   ro code  0x100487ea      0x2  startup_bluenrg1.o [1]
  .text                   ro code  0x100487ec     0x4c  os_systick.o [1]
  .text                   ro code  0x10048838      0x6  os_systick.o [1]
  .text                   ro code  0x1004883e      0x2  startup_bluenrg1.o [1]
  .text                   ro code  0x10048840     0x30  os_systick.o [1]
  .text                   ro code  0x10048870      0x2  rtx_evr.o [1]
  .text                   ro code  0x10048872      0x2  rtx_evr.o [1]
  .text                   ro code  0x10048874      0x2  rtx_evr.o [1]
  .text                   ro code  0x10048876      0x2  rtx_evr.o [1]
  .text                   ro code  0x10048878      0x2  rtx_evr.o [1]
  .text                   ro code  0x1004887a      0x2  rtx_evr.o [1]
  .text                   ro code  0x1004887c      0x2  rtx_evr.o [1]
  .text                   ro code  0x1004887e      0x2  rtx_evr.o [1]
  .text                   ro code  0x10048880      0x2  rtx_evr.o [1]
  .text                   ro code  0x10048882      0x2  rtx_evr.o [1]
  .text                   ro code  0x10048884      0x2  rtx_evr.o [1]
  .text                   ro code  0x10048886      0x2  rtx_evr.o [1]
  .text                   ro code  0x10048888      0x2  rtx_evr.o [1]
  .text                   ro code  0x1004888a      0x2  startup_bluenrg1.o [1]
  .text                   ro code  0x1004888c     0xa4  cppinit.o [3]
  .text                   ro code  0x10048930     0x6a  mbed_gpio.o [1]
  .text                   ro code  0x1004899a      0x2  startup_bluenrg1.o [1]
  .text                   ro code  0x1004899c     0x4e  EventQueue.o [1]
  .text                   ro code  0x100489ea     0x46  cxxabi.o [4]
  .text                   ro code  0x10048a30    0x1a4  BLE.o [1]
  .text                   ro code  0x10048bd4     0x1a  main.o [1]
  .text                   ro code  0x10048bee     0x1e  main.o [1]
  .text                   ro code  0x10048c0c     0x8c  gpio_api.o [1]
  .text                   ro code  0x10048c98    0x42a  equeue.o [1]
  .text                   ro code  0x100490c2      0x2  startup_bluenrg1.o [1]
  .text                   ro code  0x100490c4     0x24  printf.o [3]
  .text                   ro code  0x100490e8     0x20  main.o [1]
  .text                   ro code  0x10049108     0x16  main.o [1]
  .text                   ro code  0x1004911e      0x2  startup_bluenrg1.o [1]
  .text                   ro code  0x10049120    0x118  main.o [1]
  .text                   ro code  0x10049238     0x30  main.o [1]
  .text                   ro code  0x10049268     0x4c  main.o [1]
  .text                   ro code  0x100492b4     0x30  main.o [1]
  .text                   ro code  0x100492e4     0x18  Ticker.o [1]
  .text                   ro code  0x100492fc     0x20  main.o [1]
  .text                   ro code  0x1004931c     0x20  main.o [1]
  .text                   ro code  0x1004933c     0x16  main.o [1]
  .text                   ro code  0x10049352      0x2  startup_bluenrg1.o [1]
  .text                   ro code  0x10049354     0x24  mbed_rtx_idle.o [1]
  .text                   ro code  0x10049378     0x1c  Thread.o [1]
  .text                   ro code  0x10049394      0x2  rtx_evr.o [1]
  .text                   ro code  0x10049396      0x2  rtx_evr.o [1]
  .text                   ro code  0x10049398      0x2  rtx_evr.o [1]
  .text                   ro code  0x1004939a      0x2  rtx_evr.o [1]
  .text                   ro code  0x1004939c      0x2  rtx_evr.o [1]
  .text                   ro code  0x1004939e      0x2  startup_bluenrg1.o [1]
  .text                   ro code  0x100493a0     0x74  mbed_critical.o [1]
  .text                   ro code  0x10049414     0x3c  vsnprint.o [3]
  .text                   ro code  0x10049450     0xdc  serial_api.o [1]
  .text                   ro code  0x1004952c     0x40  mbed_critical.o [1]
  .text                   ro code  0x1004956c     0x10  errno.o [3]
  .text                   ro code  0x1004957c     0x64  FilePath.o [1]
  .text                   ro code  0x100495e0     0xf4  mbed_board.o [1]
  .text                   ro code  0x100496d4      0x2  rtx_evr.o [1]
  .text                   ro code  0x100496d6      0x2  startup_bluenrg1.o [1]
  .text                   ro code  0x100496d8     0x30  EventQueue.o [1]
  .text                   ro code  0x10049708    0x15c  BlueNRG1Device.o [1]
  .text                   ro code  0x10049864     0x2a  cxxabiguard.o [4]
  .text                   ro code  0x1004988e      0x2  startup_bluenrg1.o [1]
  .text                   ro code  0x10049890     0xca  BlueNRG1_gpio.o [1]
  .text                   ro code  0x1004995a      0x2  startup_bluenrg1.o [1]
  .text                   ro code  0x1004995c     0x18  BlueNRG1_sysCtrl.o [1]
  .text                   ro code  0x10049974      0xc  pin_device.o [1]
  .text                   ro code  0x10049980    0x168  equeue_mbed.o [1]
  .text                   ro code  0x10049ae8   0x10de  xprintflarge.o [3]
  .text                   ro code  0x1004abc6      0x2  startup_bluenrg1.o [1]
  .text                   ro code  0x1004abc8     0x20  main.o [1]
  .text                   ro code  0x1004abe8     0x20  main.o [1]
  .text                   ro code  0x1004ac08     0x2e  main.o [1]
  .text                   ro code  0x1004ac36     0x1a  main.o [1]
  .text                   ro code  0x1004ac50     0xc6  main.o [1]
  .text                   ro code  0x1004ad16     0x50  main.o [1]
  .text                   ro code  0x1004ad66      0x8  main.o [1]
  .text                   ro code  0x1004ad6e      0x4  mbed_sleep_manager.o [1]
  .text                   ro code  0x1004ad72      0x2  utest_shim.o [1]
  .text                   ro code  0x1004ad74     0x4c  rtx_delay.o [1]
  .text                   ro code  0x1004adc0     0x54  mbed_assert.o [1]
  .text                   ro code  0x1004ae14    0x1c8  BlueNRG1_uart.o [1]
  .text                   ro code  0x1004afdc      0x2  xtls.o [3]
  i.hci_data_buffer_overflow_event_cb
                          ro code  0x1004afde      0x2  aci_events.o [5]
  .text                   ro code  0x1004afe0     0x60  FileBase.o [1]
  .text                   ro code  0x1004b040     0x52  mbed_wait_api_rtos.o [1]
  .text                   ro code  0x1004b092      0x2  BLEInstanceBase.o [1]
  .text                   ro code  0x1004b094    0x350  btle.o [1]
  .text                   ro code  0x1004b3e4     0x64  BlueNRG1Device.o [1]
  .text                   ro code  0x1004b448     0x3c  BlueNRG1Gap.o [1]
  .text                   ro code  0x1004b484     0xdc  Timer.o [1]
  .text                   ro code  0x1004b560     0x72  TimerEvent.o [1]
  .text                   ro code  0x1004b5d4     0x30  utest_shim.o [1]
  .text                   ro code  0x1004b604     0xc8  Ticker.o [1]
  .text                   ro code  0x1004b6cc    0x458  rtx_evflags.o [1]
  .text                   ro code  0x1004bb24     0x1c  xmbtowc.o [3]
  .text                   ro code  0x1004bb40     0x14  strchr.o [7]
  .text                   ro code  0x1004bb54     0x10  strlen.o [7]
  .text                   ro code  0x1004bb64     0x18  memchr.o [7]
  .text                   ro code  0x1004bb7c      0xa  xmbcurmax.o [3]
  .text                   ro code  0x1004bb86     0x18  xwctomb.o [3]
  .text                   ro code  0x1004bb9e     0x6a  I64DivMod.o [7]
  .text                   ro code  0x1004bc08    0x184  DblMul.o [6]
  .text                   ro code  0x1004bd8c     0x32  DblCmpLe.o [6]
  .text                   ro code  0x1004bdbe     0xc2  DblDiv.o [6]
  .text                   ro code  0x1004be80     0x2e  DblToI32.o [6]
  .text                   ro code  0x1004beb0     0x20  I32ToDbl.o [6]
  .text                   ro code  0x1004bed0    0x1b4  DblAddSub.o [6]
  .text                   ro code  0x1004c084     0x68  localeconv.o [3]
  .text                   ro code  0x1004c0ec     0x20  div.o [3]
  .text                   ro code  0x1004c10c      0x2  rtx_evr.o [1]
  .text                   ro code  0x1004c110     0x50  SPI.o [1]
  .text                   ro code  0x1004c160     0xd4  Mutex.o [1]
  .text                   ro code  0x1004c234     0x2c  strncmp.o [3]
  .text                   ro code  0x1004c260      0xc  mbed_us_ticker_api.o [1]
  .text                   ro code  0x1004c26c    0x3a8  mbed_ticker_api.o [1]
  i.BlueNRG_Stack_Initialization
                          ro code  0x1004c614     0x30  bluenrg_main_func.o [5]
  i.aci_hal_write_config_data
                          ro code  0x1004c644      0x8  bluenrg_hal_aci.o [5]
  i.aci_hal_set_tx_power_level
                          ro code  0x1004c64c      0x8  bluenrg_hal_aci.o [5]
  i.aci_gatt_init         ro code  0x1004c654      0x8  bluenrg_gatt_aci.o [5]
  i.aci_gap_init          ro code  0x1004c65c     0x30  bluenrg_gap_aci.o [5]
  i.aci_gatt_update_char_value
                          ro code  0x1004c68c     0x14  bluenrg_gatt_aci.o [5]
  i.aci_gap_set_authentication_requirement
                          ro code  0x1004c6a0     0x7c  bluenrg_gap_aci.o [5]
  .text                   ro code  0x1004c71c     0x24  BlueNRG1Device.o [1]
  .text                   ro code  0x1004c740    0x100  BlueNRG1Device.o [1]
  .text                   ro code  0x1004c840     0x14  memset.o [3]
  .text                   ro code  0x1004c854      0x2  rtx_evr.o [1]
  .text                   ro code  0x1004c856      0x2  rtx_evr.o [1]
  .text                   ro code  0x1004c858      0x2  rtx_evr.o [1]
  .text                   ro code  0x1004c85a      0x2  rtx_evr.o [1]
  .text                   ro code  0x1004c85c      0x2  rtx_evr.o [1]
  .text                   ro code  0x1004c85e      0x2  rtx_evr.o [1]
  .text                   ro code  0x1004c860      0x2  rtx_evr.o [1]
  .text                   ro code  0x1004c862      0x2  rtx_evr.o [1]
  .text                   ro code  0x1004c864    0x160  rtx_system.o [1]
  .text                   ro code  0x1004c9c4      0x2  rtx_evr.o [1]
  .text                   ro code  0x1004c9c6      0x2  rtx_evr.o [1]
  .text                   ro code  0x1004c9c8     0x14  setlocale.o [3]
  .text                   ro code  0x1004c9dc     0x50  xencoding_sb.o [3]
  .text                   ro code  0x1004ca2c      0x2  I64DivZer.o [7]
  .text                   ro code  0x1004ca30     0x22  I64Shl.o [7]
  .text                   ro code  0x1004ca54     0x32  I64Mul.o [7]
  i.BlueNRG_Stack_Initialize_RAM_check
                          ro code  0x1004ca88     0x64  bluenrg_main_func.o [5]
  i._BlueNRG_Stack_Initialization
                          ro code  0x1004caec     0x94  bluenrg_main_func.o [5]
  i.HAL_Write_ConfigData  ro code  0x1004cb80     0x68  hal.o [5]
  i.HAL_Set_TX_Power_Level
                          ro code  0x1004cbe8     0x44  hal.o [5]
  i.Gatt_Server_Init      ro code  0x1004cc2c    0x190  gatt_server.o [5]
  i.GAP_Init              ro code  0x1004cdbc    0x1f8  gap.o [5]
  i.Gatt_Update_Charac_Value
                          ro code  0x1004cfb4     0x64  gatt_server.o [5]
  i.SM_Set_Authentication_req
                          ro code  0x1004d018     0x80  sm_common.o [5]
  .text                   ro code  0x1004d098     0x1a  BlueNRG1Gap.o [1]
  .text                   ro code  0x1004d0b4     0x60  GapScanningParams.o [1]
  .text                   ro code  0x1004d114     0x24  BlueNRG1Gap.o [1]
  .text                   ro code  0x1004d138     0x24  BlueNRG1Gap.o [1]
  .text                   ro code  0x1004d15c     0x10  BlueNRG1Device.o [1]
  .text                   ro code  0x1004d16c     0x2c  BlueNRG1Gap.o [1]
  .text                   ro code  0x1004d198      0xc  os_systick.o [1]
  i.Dynamic_allocator     ro code  0x1004d1a4    0x270  mem_alloc.o [5]
  i.Dynamic_allocator_noRet
                          ro code  0x1004d414      0x2  mem_alloc.o [5]
  i.BlueNRG_Stack_Initialize_RAM
                          ro code  0x1004d418     0x2c  bluenrg_main_func.o [5]
  .text                   ro code  0x1004d444     0x16  BlueNRG1_pka.o [1]
  i.BlueNRG_Stack_Initialize_ConfigData
                          ro code  0x1004d45c     0x48  bluenrg_main_func.o [5]
  i.BlueNRG_Stack_Initialize_Layers
                          ro code  0x1004d4a4     0x8c  bluenrg_main_func.o [5]
  i.PRIVWHIT_vInit_Struct
                          ro code  0x1004d530     0x78  ll_privacy.o [5]
  i.BlueNRG_Stack_Perform_Crystal_Check
                          ro code  0x1004d5a8     0xb8  bluenrg_main_func.o [5]
  i.SMP_Force_SC_Debug_Key_Usage
                          ro code  0x1004d660     0x20  smp_scv42_isap.o [5]
  i.acl_list_init         ro code  0x1004d680     0x12  acl_list.o [5]
  i.List_Circular_Insert_Tail
                          ro code  0x1004d692      0xe  rom_list.o [5]
  i.GATT_Server_Set_Flag  ro code  0x1004d6a0     0x14  gatt_server.o [5]
  i.Gatt_Add_Service      ro code  0x1004d6b4    0x150  gatt_server.o [5]
  i.Gatt_Add_Characteristic
                          ro code  0x1004d804    0x330  gatt_server.o [5]
  i.IDD_Initialize_Device_IDs
                          ro code  0x1004db34    0x12c  device_id_data.o [5]
  i.Get_StaticRandAddr    ro code  0x1004dc60     0x14  rom_gap_rom.o [5]
  i.LL_LE_Set_Resolvable_Private_Address_Timeout
                          ro code  0x1004dc74     0x1c  ll_privacy.o [5]
  i.hci_le_set_event_mask
                          ro code  0x1004dc90     0x24  hci.o [5]
  i.LL_SetAddressResolutionEnable
                          ro code  0x1004dcb4      0x8  routines_support.o [5]
  i.Search_Service_Handle
                          ro code  0x1004dcbc     0x28  gatt_server.o [5]
  i.Search_Handle         ro code  0x1004dce4     0x1e  rom_gatt_server.o [5]
  i.Gatt_Update_Charac_Value_Ext
                          ro code  0x1004dd04    0x308  gatt_server.o [5]
  i.Mem_assign            ro code  0x1004e00c     0x16  mem_alloc.o [5]
  i.mem_alloc_ctx_init    ro code  0x1004e024     0xa8  mem_alloc.o [5]
  i.hal_get_hw_version    ro code  0x1004e0cc     0x20  hal.o [5]
  i.Timer_Init            ro code  0x1004e0ec     0x34  host_timer.o [5]
  i.LL_Init               ro code  0x1004e120    0x180  rom_ll_ll_routines.o [5]
  i.PM_Init               ro code  0x1004e2a0     0x70  pm.o [5]
  i.Acl_Init              ro code  0x1004e310     0x34  acl.o [5]
  i.L2C_Init              ro code  0x1004e344     0x44  l2cap.o [5]
  i.SMP_Init              ro code  0x1004e388     0x70  sm_common.o [5]
  i.GAP_Init_Context      ro code  0x1004e3f8     0x14  gap.o [5]
  i.HCI_Init              ro code  0x1004e40c     0x54  hci.o [5]
  i.HAL_Init              ro code  0x1004e460     0x18  hal.o [5]
  i.Events_Process_init   ro code  0x1004e478     0x50  aci_events.o [5]
  i.HAL_VTimerGetCurrentTime_sysT32
                          ro code  0x1004e4c8     0x12  host_timer.o [5]
  i.BlueNRG_Start_Crystal_Measurement
                          ro code  0x1004e4dc     0x1c  bluenrg_main_func.o [5]
  i.set_freq              ro code  0x1004e4f8     0x7c  rom_ll_timehandling.o [5]
  i.smp____SC_is_any_other_SC_Pairing_Ongoing
                          ro code  0x1004e574     0x38  smp_scv42_isap.o [5]
  i.smp____SC_initialize  ro code  0x1004e5ac     0x58  smp_scv42_isap.o [5]
  i.Gatt_Server_Db_Check  ro code  0x1004e604     0x4c  gatt_server.o [5]
  i.List_Circular_Get_Size
                          ro code  0x1004e650     0x12  rom_list.o [5]
  i.List_Circular_Remove_Node
                          ro code  0x1004e662     0x20  rom_list.o [5]
  i.Ind_Service_Change_Charac
                          ro code  0x1004e684     0x44  gatt_server.o [5]
  i.Get_GAP_Handle        ro code  0x1004e6c8     0x10  rom_gap_rom.o [5]
  i.GAP_Notify_Add_Charac
                          ro code  0x1004e6d8     0x98  rom_gap_rom.o [5]
  i.Check_Encry_Key_Size  ro code  0x1004e770     0x18  rom_gatt_server.o [5]
  i.Gatt_Add_Charac_Desc  ro code  0x1004e788    0x15c  gatt_server.o [5]
  i.HAL_Generate_Random_Bytes_To
                          ro code  0x1004e8e4     0x20  hal.o [5]
  i.HAL_Flash_Store_Data  ro code  0x1004e904     0x50  hal.o [5]
  .text                   ro code  0x1004e954     0x3c  BlueNRG1_flash.o [1]
  i.is_Buffer_All_Set_To  ro code  0x1004e990     0x1e  utils.o [5]
  i.LL_LE_Set_Address_Resolution_Enable
                          ro code  0x1004e9b0     0x24  ll_privacy.o [5]
  i.PM_Get_Pckt           ro code  0x1004e9d4     0x80  pm.o [5]
  i.PM_Extend_Pckt_Pdu_Size
                          ro code  0x1004ea54     0x36  pm.o [5]
  i.PM_Release_Pckt       ro code  0x1004ea8c     0x5c  pm.o [5]
  i.Build_Notif_Or_Ind    ro code  0x1004eae8     0x46  gatt_server.o [5]
  i.Send_Notif_Or_Ind     ro code  0x1004eb30     0x7c  gatt_server.o [5]
  i.LL_Rcv_ACL_Data       ro code  0x1004ebac     0x30  rom_ll_ll_routines.o [5]
  i.Blue_Init_Global      ro code  0x1004ebdc     0x8c  routines_support.o [5]
  i.LL_LE_Clear_White_List
                          ro code  0x1004ec68     0x20  ll_privacy.o [5]
  i.nsar_init             ro code  0x1004ec88     0x18  multi_master_time.o [5]
  i.PM_Eng_Config         ro code  0x1004eca0     0x18  pm.o [5]
  i.acl_list_insert_tail  ro code  0x1004ecb8     0x20  acl_list.o [5]
  i.hal_radio_activity_state_init
                          ro code  0x1004ecd8     0x1c  hal.o [5]
  i.fifoCtrl_init         ro code  0x1004ecf4      0xa  aci_events.o [5]
  i.Timer_sysTime32_convMachineTime
                          ro code  0x1004ed00     0x20  host_timer.o [5]
  i.PM_Get_Available_Fragments
                          ro code  0x1004ed20     0x38  pm.o [5]
  i.Check_Serv_Chng_Charac_Ind_Not
                          ro code  0x1004ed58     0x80  rom_gatt_server.o [5]
  i.List_Circular_Node_Present
                          ro code  0x1004edd8     0x16  rom_list.o [5]
  i.GATT_Num_Charac_Present
                          ro code  0x1004edee     0x3a  rom_gatt_server.o [5]
  i.SDB_Get_Number_Of_Records
                          ro code  0x1004ee28     0x44  rom_sdb.o [5]
  i.__ARM_common_switch8  ro code  0x1004ee6c     0x1a  host_timer.o [5]
  i.Gatt_Add_Descriptor   ro code  0x1004ee88    0x150  gatt_server.o [5]
  i.get_advertiser        ro code  0x1004efd8     0x48  multi_master_time.o [5]
  i.get_scan_connection   ro code  0x1004f020     0x48  multi_master_time.o [5]
  i.acl_list_is_empty     ro code  0x1004f068     0x10  acl_list.o [5]
  i.acl_list_get_pckt_count
                          ro code  0x1004f078      0x4  acl_list.o [5]
  i.acl_list_remove_head  ro code  0x1004f07c     0x20  acl_list.o [5]
  i.PM_Get_Fragments_Count
                          ro code  0x1004f09c     0x12  pm.o [5]
  i.PM_Write_Pckt_Data    ro code  0x1004f0ae     0x14  pm.o [5]
  i.PM_Set_Att_Pdu_Length
                          ro code  0x1004f0c2     0x50  pm.o [5]
  i.Select_Next_Notification_Client
                          ro code  0x1004f114     0x54  gatt_server.o [5]
  i.L2CAP_Get_PDU_Len     ro code  0x1004f168      0xe  l2cap.o [5]
  i.PM_Set_ConnHandle     ro code  0x1004f176      0xc  pm.o [5]
  i.GATT_Set_Flag         ro code  0x1004f182      0x8  rom_att.o [5]
  i.Blue_Set_Radio_Config_Data
                          ro code  0x1004f18c     0x24  rom_ll_routines_support.o [5]
  i.SDB_Get_SecurityDb_Start_Addr
                          ro code  0x1004f1b0     0x14  sdb.o [5]
  i.Get_SecRec_Len_In_Words
                          ro code  0x1004f1c4      0xc  rom_sdb.o [5]
  i.Read_RecordValidity   ro code  0x1004f1d0     0x10  rom_sdb.o [5]
  i.List_Circular_Remove_Head
                          ro code  0x1004f1e0     0x1a  rom_list.o [5]
  i.Acl_Copy_Data         ro code  0x1004f1fa     0x82  pm.o [5]
  i.Get_SecRecord_Size    ro code  0x1004f27c      0x4  sdb.o [5]
  i.Acl_Get_Pack_Off      ro code  0x1004f280     0x18  pm.o [5]
  .text                   ro code  0x1004f298    0x878  BlueNRG1Gap.o [1]
  .text                   ro code  0x1004fb10     0xda  ble_utils.o [1]
  i.hci_le_set_scan_response_data
                          ro code  0x1004fbea     0x16  hci.o [5]
  i.hci_le_set_advertising_data
                          ro code  0x1004fc00     0x16  hci.o [5]
  i.aci_gap_configure_whitelist
                          ro code  0x1004fc16      0xe  bluenrg_gap_aci.o [5]
  i.hci_le_set_advertising_parameters
                          ro code  0x1004fc24     0xc0  hci.o [5]
  i.hci_le_set_advertise_enable
                          ro code  0x1004fce4     0x14  hci.o [5]
  .text                   ro code  0x1004fcf8     0x1e  I32ToFlt.o [6]
  .text                   ro code  0x1004fd16     0xb0  FltMul.o [6]
  .text                   ro code  0x1004fdc8     0x3c  FltToU64.o [6]
  i.aci_hal_read_config_data
                          ro code  0x1004fe04      0x8  bluenrg_hal_aci.o [5]
  i.LL_Set_Scan_Resp_Data
                          ro code  0x1004fe0c     0x60  rom_ll_ll_routines.o [5]
  i.LL_Set_Adv_Data       ro code  0x1004fe6c     0x74  rom_ll_ll_routines.o [5]
  i.SM_Configure_WhiteList
                          ro code  0x1004fee0     0x90  rom_sdb.o [5]
  i.Get_Random_Addr       ro code  0x1004ff70     0x18  hci.o [5]
  i.Is_Address_Initialized
                          ro code  0x1004ff88     0x16  rom_ll_ll_routines.o [5]
  i.LL_Set_Adv_Params     ro code  0x1004ffa0    0x2ec  rom_ll_ll_routines.o [5]
  i.LL_Enable_Disable_Adv
                          ro code  0x1005028c    0x1cc  rom_ll_ll_routines.o [5]
  i.HAL_Read_ConfigData   ro code  0x10050458     0x74  hal.o [5]
  i.Get_Max_SecDb_Size    ro code  0x100504cc      0x4  sdb.o [5]
  i.Read_SDBRecord        ro code  0x100504d0     0x2c  rom_sdb.o [5]
  i.LL_LE_Add_Device_To_White_List
                          ro code  0x100504fc     0x78  ll_privacy.o [5]
  i.LL_Check_And_Set_Addresses
                          ro code  0x10050574    0x1c4  rom_ll_ll_routines.o [5]
  i.get_next_free_slot    ro code  0x10050738     0x34  multi_master_time.o [5]
  i.LL_Set_Advertising_Buffers
                          ro code  0x1005076c     0x88  rom_ll_ll_routines.o [5]
  i.schedule_advertise_slot
                          ro code  0x100507f4     0x94  multi_master_time.o [5]
  i.STORE_LE_32           ro code  0x10050888     0x10  utils.o [5]
  i.PRIV_vGeneratePrivateAddress
                          ro code  0x10050898     0x62  ll_privacy.o [5]
  i.LL_Set_DirectAddress  ro code  0x100508fc     0x64  rom_ll_ll_routines.o [5]
  i.LL_Set_OwnAddress     ro code  0x10050960     0x3c  rom_ll_ll_routines.o [5]
  i.LL_Get_Address        ro code  0x1005099c     0x30  rom_ll_ll_routines.o [5]
  i.adapt_slot            ro code  0x100509cc    0x258  multi_master_time.o [5]
  i.start_timebase        ro code  0x10050c24     0xa0  multi_master_time.o [5]
  i.nsar_updateSlotListEntry
                          ro code  0x10050cc4     0x6c  multi_master_time.o [5]
  i.nsar_insertSlotListEntry
                          ro code  0x10050d30     0x1c  multi_master_time.o [5]
  i.nsar_searchBestFreeSlot
                          ro code  0x10050d4c     0xac  multi_master_time.o [5]
  i.nsar_updateBestFreeSlot
                          ro code  0x10050df8     0x22  multi_master_time.o [5]
  .text                   ro code  0x10050e1c    0x6b0  rtx_msgqueue.o [1]
  .text                   ro code  0x100514cc      0x2  rtx_evr.o [1]
  .text                   ro code  0x100514ce      0x2  rtx_evr.o [1]
  .text                   ro code  0x100514d0      0x2  rtx_evr.o [1]
  .text                   ro code  0x100514d2      0x2  rtx_evr.o [1]
  .text                   ro code  0x100514d4      0x2  rtx_evr.o [1]
  .text                   ro code  0x100514d6      0x2  rtx_evr.o [1]
  .text                   ro code  0x100514d8      0x2  rtx_evr.o [1]
  .text                   ro code  0x100514da      0x2  rtx_evr.o [1]
  .text                   ro code  0x100514dc      0x2  rtx_evr.o [1]
  .text                   ro code  0x100514de      0x2  rtx_evr.o [1]
  .text                   ro code  0x100514e0      0x2  rtx_evr.o [1]
  i.Gatt_Server_L2C_Handler
                          ro code  0x100514e4    0x228  gatt_server.o [5]
  i.Find_Gatt_Client      ro code  0x1005170c     0x40  gatt_client.o [5]
  i.GATT_Clear_Flag       ro code  0x1005174c      0x8  rom_att.o [5]
  i.Stop_Gatt_Timer       ro code  0x10051754     0x1c  rom_gatt_server.o [5]
  i.Start_Gatt_Timer      ro code  0x10051770     0x24  rom_gatt_server.o [5]
  i.Gatt_Find_Timed_Out_Connection_Index
                          ro code  0x10051794     0x38  gatt_server.o [5]
  i.Timer_StopOneShot     ro code  0x100517cc     0x54  host_timer.o [5]
  i.Timer_StartOneShot    ro code  0x10051820     0x22  host_timer.o [5]
  i.HAL_VTimerAcc_sysT32_ms
                          ro code  0x10051844     0x24  host_timer.o [5]
  i.Timer_StartOneShot_sysTime32
                          ro code  0x10051868     0x70  host_timer.o [5]
  .text                   ro code  0x100518d8    0x1d8  system_bluenrg1.o [1]
  i.Write_Client_Data     ro code  0x10051ab0    0x1b8  sdb.o [5]
  i.SDB_Get_GattDb_Start_Addr
                          ro code  0x10051c68     0x18  sdb.o [5]
  i.InvaliDate_Record     ro code  0x10051c80     0x20  rom_sdb.o [5]
  i.SDB_Get_GattDb_End_Addr
                          ro code  0x10051ca0     0x1c  sdb.o [5]
  i.Flash_Write_Flagged   ro code  0x10051cbc     0x3c  nvm.o [5]
  i.SDB_Add_Record        ro code  0x10051cf8    0x1ac  sdb.o [5]
  i.SDB_Delete            ro code  0x10051ea4    0x170  sdb.o [5]
  i.Write_SDBRecord       ro code  0x10052014     0x6c  sdb.o [5]
  i.Erase_Sector          ro code  0x10052080      0xe  sdb.o [5]
  i.Find_Client_Data      ro code  0x10052090     0xcc  rom_sdb.o [5]
  i.Delay_With_NOP_Cycles
                          ro code  0x1005215c      0xe  utils.o [5]
  i.LE_TO_NRG_32          ro code  0x1005216a     0x14  utils.o [5]
  i.L2C_Signal_Channel_Handler
                          ro code  0x10052180    0x19c  l2cap.o [5]
  i.Find_L2cap_conn_index
                          ro code  0x1005231c     0x38  l2cap.o [5]
  i.aci_l2cap_connection_update_req_event_push
                          ro code  0x10052354     0x88  l2cap.o [5]
  i.L2C_Build_Command_Reject_Pdu
                          ro code  0x100523dc     0x7a  l2cap.o [5]
  i.Find_L2cap_signalling_connection
                          ro code  0x10052458     0x38  l2cap.o [5]
  i.L2C_Send_Data         ro code  0x10052490     0x2c  l2cap.o [5]
  i.Acl_Transmit_Data     ro code  0x100524bc     0x48  acl.o [5]
  i.Acl_Transmit_Packet   ro code  0x10052504     0x16  acl.o [5]
  i.LL_Send_ACL_Data      ro code  0x1005251c     0x54  rom_ll_ll_routines.o [5]
  i.slave_advance         ro code  0x10052570     0xfc  routines_support.o [5]
  i.get_connection_no     ro code  0x1005266c     0x84  multi_master_time.o [5]
  .rodata                 const    0x100526f0    0x170  mbed_rtx_handlers.o [1]
  i.smp_Add_To_Database   ro code  0x10052860    0x14c  sm_common.o [5]
  i.SM_L2CAP_Handler_ISR  ro code  0x100529ac    0x12c  sm_common.o [5]
  i.SM_Connection_Complete_Handler
                          ro code  0x10052ad8     0x7c  sm_common.o [5]
  i.SM_Get_Remote_Device_Info
                          ro code  0x10052b54     0x48  sm_common.o [5]
  i.smp_Find_Remote_Device_Index
                          ro code  0x10052b9c     0x40  sm_common.o [5]
  .constdata              const    0x10052bdc    0x128  crypto.o [5]
  .constdata              const    0x10052d04    0x110  aci_events.o [5]
  .text                   ro code  0x10052e14     0xfa  BlueNRG1_mft.o [1]
  .text                   ro code  0x10052f10     0xf0  rtx_timer.o [1]
  .text                   ro code  0x10053000      0x2  rtx_evr.o [1]
  i.LL_Start_Encryption   ro code  0x10053004     0xec  rom_ll_ll_routines_master.o [5]
  i.hci_acl_data_ind_event_int_cb
                          ro code  0x100530f0     0xe4  acl.o [5]
  i.hci_rx_acl_data       ro code  0x100531d4     0x5a  hci.o [5]
  i.Search_In_Stat        ro code  0x1005322e     0x20  acl.o [5]
  i.Check_Stat            ro code  0x1005324e     0x24  acl.o [5]
  i.Acl_Clone_Fragment    ro code  0x10053272     0x20  pm.o [5]
  i.PM_Append_Fragment    ro code  0x10053292     0x10  pm.o [5]
  i.L2C_Rcv_Event_Handler
                          ro code  0x100532a2     0x3e  l2cap.o [5]
  i.PM_Copy_Pckt_Data     ro code  0x100532e0     0x14  pm.o [5]
  i.Acl_Get_Last          ro code  0x100532f4      0xc  pm.o [5]
  i.SM_L2CAP_Handler      ro code  0x10053300     0xe0  sm_common.o [5]
  i.smp_Keys_Distribution_Complete
                          ro code  0x100533e0     0x46  sm_common.o [5]
  i.smp_Pairing_Completed
                          ro code  0x10053428     0xa8  sm_common.o [5]
  i.smp_OOB_Clear_Remote_Data_Entry_by_Index
                          ro code  0x100534d0     0x20  sm_common.o [5]
  i.smp____SC_submit_ECC_PK_generation_request
                          ro code  0x100534f0     0x1c  smp_scv42_isap.o [5]
  i.aci_gap_pairing_complete_event_push
                          ro code  0x1005350c     0x4c  sm_common.o [5]
  i.aci_gap_authorization_req_event_push
                          ro code  0x10053558     0x44  sm_common.o [5]
  .text                   ro code  0x1005359c     0xe0  xfspos.o [3]
  .text                   ro code  0x1005367c     0xb4  fflush.o [3]
  .text                   ro code  0x10053730      0xc  xfgpos.o [3]
  .text                   ro code  0x1005373c     0xc4  us_ticker_api.o [1]
  .text                   ro code  0x10053800     0x78  misc.o [1]
  i.SM_L2CAP_Encryption_changed_Handler_ISR
                          ro code  0x10053878     0xc4  sm_common.o [5]
  .text                   ro code  0x1005393c     0xc0  xfwprep.o [3]
  .text                   ro code  0x100539fc     0x22  fseek.o [3]
  .text                   ro code  0x10053a20     0x98  irq_cm0.o [1]
  .text                   ro code  0x10053ab8     0x98  xfofind.o [3]
  i.hci_acl_data_tx_cmpl_event_int_cb
                          ro code  0x10053b50     0x98  acl.o [5]
  i.hci_tx_acl_data_done  ro code  0x10053be8     0x34  hci.o [5]
  .rodata                 const    0x10053c1c     0x8c  BlueNRG1Gap.o [1]
  .rodata                 const    0x10053ca8     0x8c  BlueNRG1Gap.o [1]
  .rodata                 const    0x10053d34     0x84  mbed_critical.o [1]
  .text                   ro code  0x10053db8     0x7e  fclose.o [3]
  .rodata                 const    0x10053e38     0x68  rtx_lib.o [1]
  .text                   ro code  0x10053ea0     0x68  xcloseall.o [3]
  .text                   ro code  0x10053f08     0x64  BlueNRG1Gap.o [1]
  .text                   ro code  0x10053f6c     0x24  BlueNRG1Device.o [1]
  .text                   ro code  0x10053f90     0x1a  BlueNRG1Gap.o [1]
  .text                   ro code  0x10053faa     0x1a  BlueNRG1Gap.o [1]
  .text                   ro code  0x10053fc4     0x1a  BlueNRG1Gap.o [1]
  .text                   ro code  0x10053fde     0x1a  BlueNRG1Gap.o [1]
  .text                   ro code  0x10053ff8     0x12  SerialBase.o [1]
  i._GAP_Parse_Advertising_Report
                          ro code  0x1005400c     0x64  gap.o [5]
  i.aci_gap_proc_complete_event_push
                          ro code  0x10054070     0x64  gap.o [5]
  .constdata              const    0x100540d4     0x60  smp_scv42_isap.o [5]
  .rodata                 const    0x10054134     0x60  rtx_lib.o [1]
  i.GAP_Connection_Complete_Handler
                          ro code  0x10054194     0x60  gap.o [5]
  i.GAP_LL_Event_Handler_ISR
                          ro code  0x100541f4     0x5c  gap.o [5]
  i.GAP_Parse_Advertising_Report
                          ro code  0x10054250     0x10  gap.o [5]
  i.L2C_Rcv_Event_Handler_ISR
                          ro code  0x10054260     0x5a  l2cap.o [5]
  i.L2C_Connection_Complete_Handler
                          ro code  0x100542ba     0x24  l2cap.o [5]
  i.Gatt_Server_L2C_Handler_ISR
                          ro code  0x100542e0     0x48  gatt_server.o [5]
  i.L2C_Signal_Channel_Handler_ISR
                          ro code  0x10054328     0x24  l2cap.o [5]
  i.Acl_Disconnected_Peer
                          ro code  0x1005434c     0x54  acl.o [5]
  i.GATT_Connection_Complete_Handler
                          ro code  0x100543a0     0x48  gatt_server.o [5]
  i.L2C_Connection_Complete_Signal_Handler
                          ro code  0x100543e8     0x24  l2cap.o [5]
  i.L2CAP_Reset_To_Closed_State
                          ro code  0x1005440c     0x38  l2cap.o [5]
  .text                   ro code  0x10054444     0x56  fputc.o [3]
  .text                   ro code  0x1005449c     0x50  BlueNRG1Device.o [1]
  .text                   ro code  0x100544ec     0x1a  BlueNRG1Device.o [1]
  .text                   ro code  0x10054506     0x1a  GenericGattClient.o [1]
  .text                   ro code  0x10054520     0x1a  GenericGattClient.o [1]
  .text                   ro code  0x1005453a     0x1a  BlueNRG1Device.o [1]
  .rodata                 const    0x10054554     0x48  FATFileSystem.o [1]
  i.hci_le_enhanced_connection_complete_event_cb
                          ro code  0x1005459c     0x48  aci_events.o [5]
  i.hci_le_enhanced_connection_complete_event
                          ro code  0x100545e4      0x2  aci_events.o [5]
  .rodata                 const    0x100545e8     0x44  ATCmdParser.o [1]
  .rodata                 const    0x1005462c     0x44  BlueNRG1Device.o [1]
  i.smp____SC_hci_le_read_local_p256_public_key_complete_evt_hndl
                          ro code  0x10054670     0x44  smp_scv42_isap.o [5]
  i.smp____SC_is_Debug_Key_Usage_Forced
                          ro code  0x100546b4     0x14  smp_scv42_isap.o [5]
  i.hci_le_connection_complete_event_cb
                          ro code  0x100546c8     0x40  aci_events.o [5]
  .text                   ro code  0x10054708     0x3c  zero_init3.o [7]
  .text                   ro code  0x10054744     0x3c  packbits_init_single.o [7]
  i.aci_l2cap_connection_update_req_event_cb
                          ro code  0x10054780     0x30  aci_events.o [5]
  i.aci_l2cap_connection_update_req_event
                          ro code  0x100547b0      0x2  aci_events.o [5]
  .rodata                 const    0x100547b4     0x2c  BlueNRG1Device.o [1]
  .rodata                 const    0x100547e0     0x2c  BlueNRG1Device.o [1]
  .text                   ro code  0x1005480c     0x2c  Timeout.o [1]
  i.hci_le_connection_update_complete_event_cb
                          ro code  0x10054838     0x2c  aci_events.o [5]
  i.hci_le_connection_update_complete_event
                          ro code  0x10054864      0x2  aci_events.o [5]
  .text                   ro code  0x10054868     0x28  main.o [1]
  i.aci_att_prepare_write_resp_event_cb
                          ro code  0x10054890     0x28  aci_events.o [5]
  i.aci_att_prepare_write_resp_event
                          ro code  0x100548b8      0x2  aci_events.o [5]
  i.aci_gatt_attribute_modified_event_cb
                          ro code  0x100548bc     0x28  aci_events.o [5]
  i.aci_gatt_attribute_modified_event
                          ro code  0x100548e4      0x2  aci_events.o [5]
  i.hci_le_read_remote_used_features_complete_event_cb
                          ro code  0x100548e8     0x28  aci_events.o [5]
  i.hci_le_read_remote_used_features_complete_event
                          ro code  0x10054910      0x2  aci_events.o [5]
  i.smp____SC_hci_le_generate_dhkey_complete_evt_hndl
                          ro code  0x10054914     0x28  smp_scv42_isap.o [5]
  i.hci_disconnection_complete_event_int_cb
                          ro code  0x1005493c     0x26  aci_events.o [5]
  i.hci_le_connection_complete_event_int_cb
                          ro code  0x10054962     0x26  aci_events.o [5]
  i.hci_le_enhanced_connection_complete_event_int_cb
                          ro code  0x10054988     0x26  aci_events.o [5]
  i.aci_att_find_by_type_value_resp_event_cb
                          ro code  0x100549b0     0x24  aci_events.o [5]
  i.aci_att_find_by_type_value_resp_event
                          ro code  0x100549d4      0x2  aci_events.o [5]
  i.aci_att_find_info_resp_event_cb
                          ro code  0x100549d8     0x24  aci_events.o [5]
  i.aci_att_find_info_resp_event
                          ro code  0x100549fc      0x2  aci_events.o [5]
  i.aci_att_read_blob_resp_event_cb
                          ro code  0x10054a00     0x24  aci_events.o [5]
  i.aci_att_read_blob_resp_event
                          ro code  0x10054a24      0x2  aci_events.o [5]
  i.aci_att_read_by_group_type_resp_event_cb
                          ro code  0x10054a28     0x24  aci_events.o [5]
  i.aci_att_read_by_group_type_resp_event
                          ro code  0x10054a4c      0x2  aci_events.o [5]
  i.aci_att_read_by_type_resp_event_cb
                          ro code  0x10054a50     0x24  aci_events.o [5]
  i.aci_att_read_by_type_resp_event
                          ro code  0x10054a74      0x2  aci_events.o [5]
  i.aci_att_read_multiple_resp_event_cb
                          ro code  0x10054a78     0x24  aci_events.o [5]
  i.aci_att_read_multiple_resp_event
                          ro code  0x10054a9c      0x2  aci_events.o [5]
  i.aci_att_read_resp_event_cb
                          ro code  0x10054aa0     0x24  aci_events.o [5]
  i.aci_att_read_resp_event
                          ro code  0x10054ac4      0x2  aci_events.o [5]
  i.aci_att_write_resp_event_cb
                          ro code  0x10054ac8     0x24  aci_events.o [5]
  i.aci_att_write_resp_event
                          ro code  0x10054aec      0x2  aci_events.o [5]
  i.aci_gap_pairing_complete_event_cb
                          ro code  0x10054af0     0x24  aci_events.o [5]
  i.aci_gap_pairing_complete_event
                          ro code  0x10054b14      0x2  aci_events.o [5]
  i.aci_gap_proc_complete_event_cb
                          ro code  0x10054b18     0x24  aci_events.o [5]
  i.aci_gap_proc_complete_event
                          ro code  0x10054b3c      0x2  aci_events.o [5]
  i.aci_gatt_disc_read_char_by_uuid_resp_event_cb
                          ro code  0x10054b40     0x24  aci_events.o [5]
  i.aci_gatt_disc_read_char_by_uuid_resp_event
                          ro code  0x10054b64      0x2  aci_events.o [5]
  i.aci_gatt_error_resp_event_cb
                          ro code  0x10054b68     0x24  aci_events.o [5]
  i.aci_gatt_error_resp_event
                          ro code  0x10054b8c      0x2  aci_events.o [5]
  i.aci_gatt_indication_event_cb
                          ro code  0x10054b90     0x24  aci_events.o [5]
  i.aci_gatt_indication_event
                          ro code  0x10054bb4      0x2  aci_events.o [5]
  i.aci_gatt_notification_event_cb
                          ro code  0x10054bb8     0x24  aci_events.o [5]
  i.aci_gatt_notification_event
                          ro code  0x10054bdc      0x2  aci_events.o [5]
  i.aci_hal_scan_req_report_event_cb
                          ro code  0x10054be0     0x24  aci_events.o [5]
  i.aci_hal_scan_req_report_event
                          ro code  0x10054c04      0x2  aci_events.o [5]
  i.hci_le_generate_dhkey_complete_event_cb
                          ro code  0x10054c08     0x24  aci_events.o [5]
  i.hci_le_generate_dhkey_complete_event
                          ro code  0x10054c2c      0x2  aci_events.o [5]
  i.hci_le_long_term_key_request_event_cb
                          ro code  0x10054c30     0x24  aci_events.o [5]
  i.hci_le_long_term_key_request_event
                          ro code  0x10054c54      0x2  aci_events.o [5]
  i.hci_le_read_local_p256_public_key_complete_event_cb
                          ro code  0x10054c58     0x24  aci_events.o [5]
  i.hci_le_read_local_p256_public_key_complete_event
                          ro code  0x10054c7c      0x2  aci_events.o [5]
  i.hci_read_remote_version_information_complete_event_cb
                          ro code  0x10054c80     0x24  aci_events.o [5]
  i.hci_read_remote_version_information_complete_event
                          ro code  0x10054ca4      0x2  aci_events.o [5]
  .iar.init_table         const    0x10054ca8     0x58  - Linker created -
  .constdata              const    0x10054d00     0x20  rom_ll_timehandling.o [5]
  i.aci_att_exchange_mtu_resp_event_cb
                          ro code  0x10054d20     0x20  aci_events.o [5]
  i.aci_att_exchange_mtu_resp_event
                          ro code  0x10054d40      0x2  aci_events.o [5]
  i.aci_gap_device_found_event_cb
                          ro code  0x10054d44     0x20  aci_events.o [5]
  i.aci_gap_device_found_event
                          ro code  0x10054d64      0x2  aci_events.o [5]
  i.aci_gap_keypress_notification_event_cb
                          ro code  0x10054d68     0x20  aci_events.o [5]
  i.aci_gap_keypress_notification_event
                          ro code  0x10054d88      0x2  aci_events.o [5]
  i.aci_gap_numeric_comparison_value_event_cb
                          ro code  0x10054d8c     0x20  aci_events.o [5]
  i.aci_gap_numeric_comparison_value_event
                          ro code  0x10054dac      0x2  aci_events.o [5]
  i.aci_gatt_proc_complete_event_cb
                          ro code  0x10054db0     0x20  aci_events.o [5]
  i.aci_gatt_proc_complete_event
                          ro code  0x10054dd0      0x2  aci_events.o [5]
  i.aci_l2cap_connection_update_resp_event_cb
                          ro code  0x10054dd4     0x20  aci_events.o [5]
  i.aci_l2cap_connection_update_resp_event
                          ro code  0x10054df4      0x2  aci_events.o [5]
  i.aci_l2cap_proc_timeout_event_cb
                          ro code  0x10054df8     0x20  aci_events.o [5]
  i.aci_l2cap_proc_timeout_event
                          ro code  0x10054e18      0x2  aci_events.o [5]
  i.hci_disconnection_complete_event_cb
                          ro code  0x10054e1c     0x20  aci_events.o [5]
  i.hci_encryption_change_event_cb
                          ro code  0x10054e3c     0x20  aci_events.o [5]
  i.hci_encryption_change_event
                          ro code  0x10054e5c      0x2  aci_events.o [5]
  i.hci_encryption_key_refresh_complete_event_cb
                          ro code  0x10054e60     0x20  aci_events.o [5]
  i.hci_encryption_key_refresh_complete_event
                          ro code  0x10054e80      0x2  aci_events.o [5]
  i.hci_le_advertising_report_event_cb
                          ro code  0x10054e84     0x20  aci_events.o [5]
  i.hci_le_advertising_report_event
                          ro code  0x10054ea4      0x2  aci_events.o [5]
  i.hci_le_direct_advertising_report_event_cb
                          ro code  0x10054ea8     0x20  aci_events.o [5]
  i.hci_le_direct_advertising_report_event
                          ro code  0x10054ec8      0x2  aci_events.o [5]
  i.hci_le_advertising_report_event_int_cb
                          ro code  0x10054eca     0x1e  aci_events.o [5]
  i.hci_le_direct_advertising_report_event_int_cb
                          ro code  0x10054ee8     0x1e  aci_events.o [5]
  .rodata                 const    0x10054f08     0x1c  mbed_us_ticker_api.o [1]
  .text                   ro code  0x10054f24     0x1c  xsnprout.o [3]
  i.aci_att_exec_write_resp_event_cb
                          ro code  0x10054f40     0x1c  aci_events.o [5]
  i.aci_att_exec_write_resp_event
                          ro code  0x10054f5c      0x2  aci_events.o [5]
  i.aci_gap_addr_not_resolved_event_cb
                          ro code  0x10054f60     0x1c  aci_events.o [5]
  i.aci_gap_addr_not_resolved_event
                          ro code  0x10054f7c      0x2  aci_events.o [5]
  i.aci_gap_authorization_req_event_cb
                          ro code  0x10054f80     0x1c  aci_events.o [5]
  i.aci_gap_authorization_req_event
                          ro code  0x10054f9c      0x2  aci_events.o [5]
  i.aci_gap_bond_lost_event_cb
                          ro code  0x10054fa0     0x1c  aci_events.o [5]
  i.aci_gap_bond_lost_event
                          ro code  0x10054fbc      0x2  aci_events.o [5]
  i.aci_gap_limited_discoverable_event_cb
                          ro code  0x10054fc0     0x1c  aci_events.o [5]
  i.aci_gap_limited_discoverable_event
                          ro code  0x10054fdc      0x2  aci_events.o [5]
  i.aci_gap_pass_key_req_event_cb
                          ro code  0x10054fe0     0x1c  aci_events.o [5]
  i.aci_gap_pass_key_req_event
                          ro code  0x10054ffc      0x2  aci_events.o [5]
  i.aci_gap_slave_security_initiated_event_cb
                          ro code  0x10055000     0x1c  aci_events.o [5]
  i.aci_gap_slave_security_initiated_event
                          ro code  0x1005501c      0x2  aci_events.o [5]
  i.aci_gatt_proc_timeout_event_cb
                          ro code  0x10055020     0x1c  aci_events.o [5]
  i.aci_gatt_proc_timeout_event
                          ro code  0x1005503c      0x2  aci_events.o [5]
  i.hci_encryption_change_event_int_cb
                          ro code  0x1005503e     0x1a  aci_events.o [5]
  i.hci_encryption_key_refresh_complete_event_int_cb
                          ro code  0x10055058     0x1a  aci_events.o [5]
  i.hci_le_generate_dhkey_complete_event_int_cb
                          ro code  0x10055072     0x1a  aci_events.o [5]
  i.hci_le_read_local_p256_public_key_complete_event_int_cb
                          ro code  0x1005508c     0x1a  aci_events.o [5]
  .rodata                 const    0x100550a8     0x18  xprintflarge.o [3]
  .text                   ro code  0x100550c0     0x16  xprout.o [3]
  .text                   ro code  0x100550d8     0x10  putchar.o [3]
  i.aci_gatt_prepare_write_permit_req_event_cb
                          ro code  0x100550e8     0x16  aci_events.o [5]
  i.aci_gatt_prepare_write_permit_req_event
                          ro code  0x100550fe      0x2  aci_events.o [5]
  i.aci_l2cap_command_reject_event_cb
                          ro code  0x10055100     0x16  aci_events.o [5]
  i.aci_l2cap_command_reject_event
                          ro code  0x10055116      0x2  aci_events.o [5]
  i.hci_rx_acl_data_event_cb
                          ro code  0x10055118     0x16  aci_events.o [5]
  i.hci_rx_acl_data_event
                          ro code  0x1005512e      0x4  aci_events.o [5]
  .rodata                 const    0x10055134     0x14  SPI.o [1]
  .rodata                 const    0x10055148     0x14  Ticker.o [1]
  .rodata                 const    0x1005515c     0x14  Timeout.o [1]
  .rodata                 const    0x10055170     0x14  TimerEvent.o [1]
  i.aci_gatt_write_permit_req_event_cb
                          ro code  0x10055184     0x12  aci_events.o [5]
  i.aci_gatt_write_permit_req_event
                          ro code  0x10055196      0x2  aci_events.o [5]
  .rodata                 const    0x10055198     0x10  BlueNRG1Device.o [1]
  .rodata                 const    0x100551a8     0x10  BlueNRG1Device.o [1]
  .rodata                 const    0x100551b8     0x10  BlueNRG1Gap.o [1]
  .rodata                 const    0x100551c8     0x10  BlueNRG1Gap.o [1]
  .rodata                 const    0x100551d8     0x10  BlueNRG1Gap.o [1]
  .rodata                 const    0x100551e8     0x10  BlueNRG1Gap.o [1]
  .rodata                 const    0x100551f8     0x10  GenericGattClient.o [1]
  .rodata                 const    0x10055208     0x10  GenericGattClient.o [1]
  .text                   ro code  0x10055218     0x10  BlueNRG1Device.o [1]
  .text                   ro code  0x10055228     0x10  BlueNRG1Gap.o [1]
  .text                   ro code  0x10055238     0x10  BlueNRG1Gap.o [1]
  .text                   ro code  0x10055248     0x10  main.o [1]
  .text                   ro code  0x10055258     0x10  main.o [1]
  .text                   ro code  0x10055268     0x10  main.o [1]
  .text                   ro code  0x10055278     0x10  main.o [1]
  .text                   ro code  0x10055288     0x10  main.o [1]
  .text                   ro code  0x10055298     0x10  main.o [1]
  .text                   ro code  0x100552a8     0x10  main.o [1]
  .text                   ro code  0x100552b8     0x10  startup_bluenrg1.o [1]
  i.aci_gatt_read_multi_permit_req_event_cb
                          ro code  0x100552c8     0x10  aci_events.o [5]
  i.aci_gatt_read_multi_permit_req_event
                          ro code  0x100552d8      0x2  aci_events.o [5]
  i.aci_gatt_read_permit_req_event_cb
                          ro code  0x100552da     0x10  aci_events.o [5]
  i.aci_gatt_read_permit_req_event
                          ro code  0x100552ea      0x2  aci_events.o [5]
  i.aci_gatt_tx_pool_available_event_cb
                          ro code  0x100552ec      0xe  aci_events.o [5]
  i.aci_gatt_tx_pool_available_event
                          ro code  0x100552fa      0x2  aci_events.o [5]
  .rodata                 const    0x100552fc      0xc  EventQueue.o [1]
  .rodata                 const    0x10055308      0xc  main.o [1]
  .rodata                 const    0x10055314      0xc  utest_shim.o [1]
  .text                   ro code  0x10055320      0xc  EventQueue.o [1]
  .text                   ro code  0x1005532c      0xc  cexit.o [7]
  i.hci_le_long_term_key_request_event_int_cb
                          ro code  0x10055338      0xc  aci_events.o [5]
  i.aci_gatt_server_confirmation_event_cb
                          ro code  0x10055344      0xa  aci_events.o [5]
  i.aci_gatt_server_confirmation_event
                          ro code  0x1005534e      0x2  aci_events.o [5]
  i.hci_number_of_completed_packets_event_cb
[...]
                        0x1004b58b     0xa  Code  Gb  TimerEvent.o [1]
mbed::TimerEvent::remove()
                        0x1004b5c5     0xe  Code  Gb  TimerEvent.o [1]
mbed::TimerEvent::~TimerEvent() [subobject]
                        0x1004b565     0x4  Code  Gb  TimerEvent.o [1]
mbed_assert_internal    0x1004adc1    0x20  Code  Gb  mbed_assert.o [1]
mbed_die                0x100495e1    0xf4  Code  Wk  mbed_board.o [1]
mbed_error_printf       0x10048519    0x10  Code  Gb  mbed_board.o [1]
mbed_error_vfprintf     0x10048529    0x4a  Code  Gb  mbed_board.o [1]
mbed_heap_size          0x20004908     0x4  Data  Gb  mbed_retarget.o [1]
mbed_heap_start         0x20004904     0x4  Data  Gb  mbed_retarget.o [1]
mbed_main               0x10046ba1     0x2  Code  Wk  mbed_boot.o [1]
mbed_sdk_init           0x10047ff9     0x2  Code  Gb  mbed_overrides.o [1]
mbed_stack_isr_size     0x20004760     0x4  Data  Gb  mbed_boot.o [1]
mbed_stack_isr_start    0x2000475c     0x4  Data  Gb  mbed_boot.o [1]
mbed_start_main         0x10046969    0x3c  Code  Gb  mbed_boot.o [1]
mem_alloc_ctx_init      0x1004e025    0xa0  Code  Gb  mem_alloc.o [5]
mem_alloc_ctx_p         0x200002d8     0x4  Data  Gb  mem_alloc.o [5]
memcmp                  0x10044bc1    0x28  Code  Gb  memcmp.o [7]
memset                  0x1004c841    0x14  Code  Gb  memset.o [3]
microseconds_to_machine_time
                        0x100441c1     0x8  Code  Gb  routines_support.o [5]
modulo_37               0x10042b51    0x14  Code  Gb  rom_ll_routines_support.o [5]
mparams                 0x200048a0    0x18  Data  Lc  dlmalloc.o [3]
mtx                     0x200047a8    0x14  Data  Lc  xsyslock_mtx.o [3]
next_abi_dtor_rec       0x20004914     0x4  Data  Lc  cppinit.o [3]
nsar_init               0x1004ec89    0x14  Code  Gb  multi_master_time.o [5]
nsar_insertSlotListEntry
                        0x10050d31    0x18  Code  Lc  multi_master_time.o [5]
nsar_searchBestFreeSlot
                        0x10050d4d    0xa8  Code  Lc  multi_master_time.o [5]
nsar_updateBestFreeSlot
                        0x10050df9    0x22  Code  Lc  multi_master_time.o [5]
nsar_updateSlotListEntry
                        0x10050cc5    0x66  Code  Lc  multi_master_time.o [5]
obuf                    0x2000454c    0x50  Data  Lc  xfiles.o [3]
operator delete (void *)
                        0x1004874b     0xe  Code  Gb  mbed_retarget.o [1]
operator delete[] (void *)
                        0x10048759     0xe  Code  Gb  mbed_retarget.o [1]
operator new (unsigned int)
                        0x1004871d    0x16  Code  Gb  mbed_retarget.o [1]
operator new[] (unsigned int)
                        0x10048735    0x16  Code  Gb  mbed_retarget.o [1]
osDelay                 0x1004ad89    0x24  Code  Gb  rtx_delay.o [1]
osEventFlagsDelete      0x1004badd    0x32  Code  Gb  rtx_evflags.o [1]
osEventFlagsNew         0x1004b995    0x46  Code  Gb  rtx_evflags.o [1]
osEventFlagsSet         0x1004b9e9    0x70  Code  Gb  rtx_evflags.o [1]
osEventFlagsWait        0x1004ba59    0x84  Code  Gb  rtx_evflags.o [1]
osEventObs              0x200048e8     0x4  Data  Gb  rt_OsEventObserver.o [1]
osKernelGetState        0x100476f9    0x3c  Code  Gb  rtx_kernel.o [1]
osKernelInitialize      0x100476a9    0x36  Code  Gb  rtx_kernel.o [1]
osKernelStart           0x10047735    0x4e  Code  Gb  rtx_kernel.o [1]
osMessageQueueGet       0x10051425    0x9c  Code  Gb  rtx_msgqueue.o [1]
osMessageQueueNew       0x10051331    0x4e  Code  Gb  rtx_msgqueue.o [1]
osMessageQueuePut       0x10051381    0xa2  Code  Gb  rtx_msgqueue.o [1]
osMutexAcquire          0x10047b35    0x28  Code  Gb  rtx_mutex.o [1]
osMutexDelete           0x10047b91    0x24  Code  Gb  rtx_mutex.o [1]
osMutexNew              0x10047ae9    0x46  Code  Gb  rtx_mutex.o [1]
osMutexRelease          0x10047b5d    0x24  Code  Gb  rtx_mutex.o [1]
osRegisterForOsEvents::has_been_called
                        0x200048e4     0x1  Data  Lc  rt_OsEventObserver.o [1]
osRtxConfig             0x10053e38    0x68  Data  Gb  rtx_lib.o [1]
osRtxErrorNotify        0x1004801d    0x60  Code  Gb  mbed_rtx_handlers.o [1]
osRtxEventFlagsPostProcess
                        0x1004b71d    0x46  Code  Gb  rtx_evflags.o [1]
osRtxIdleThread         0x10048015     0x6  Code  Gb  mbed_rtx_handlers.o [1]
osRtxInfo               0x200003bc    0xa4  Data  Gb  rtx_kernel.o [1]
osRtxMemoryAlloc        0x1004844d    0x70  Code  Wk  rtx_memory.o [1]
osRtxMemoryFree         0x100484bd    0x4e  Code  Wk  rtx_memory.o [1]
osRtxMemoryInit         0x100487a9    0x3e  Code  Wk  rtx_memory.o [1]
osRtxMemoryPoolAlloc    0x100483c7    0x40  Code  Gb  rtx_mempool.o [1]
osRtxMemoryPoolFree     0x10048407    0x46  Code  Gb  rtx_mempool.o [1]
osRtxMemoryPoolInit     0x10048381    0x46  Code  Gb  rtx_mempool.o [1]
osRtxMessageQueuePostProcess
                        0x10050ec5    0xfe  Code  Gb  rtx_msgqueue.o [1]
osRtxMutexOwnerRelease  0x100477a9    0x4e  Code  Gb  rtx_mutex.o [1]
osRtxPendSV_Handler     0x1004c8d7    0x76  Code  Gb  rtx_system.o [1]
osRtxPostProcess        0x1004c94d    0x66  Code  Gb  rtx_system.o [1]
osRtxThreadBlock        0x10046e05    0x30  Code  Gb  rtx_thread.o [1]
osRtxThreadDelayRemove  0x10046c8d    0x66  Code  Gb  rtx_thread.o [1]
osRtxThreadDelayTick    0x10046cf3   0x10c  Code  Gb  rtx_thread.o [1]
osRtxThreadDispatch     0x10046e55    0x6a  Code  Gb  rtx_thread.o [1]
osRtxThreadFree         0x10047255    0x44  Code  Lc  rtx_thread.o [1]
osRtxThreadListGet      0x10046c25    0x1a  Code  Gb  rtx_thread.o [1]
osRtxThreadListPut      0x10046bf5    0x30  Code  Gb  rtx_thread.o [1]
osRtxThreadListRemove   0x10046c63    0x1a  Code  Gb  rtx_thread.o [1]
osRtxThreadListSort     0x10046c3f    0x24  Code  Gb  rtx_thread.o [1]
osRtxThreadPostProcess  0x10046f97    0x54  Code  Gb  rtx_thread.o [1]
osRtxThreadReadyPut     0x10046c7d    0x10  Code  Gb  rtx_thread.o [1]
osRtxThreadRegPtr       0x10046dff     0x6  Code  Gb  rtx_thread.o [1]
osRtxThreadStackCheck   0x1004740d    0x2c  Code  Wk  rtx_thread.o [1]
osRtxThreadSwitch       0x10046e35    0x18  Code  Gb  rtx_thread.o [1]
osRtxThreadWaitEnter    0x10046ef1    0xa6  Code  Gb  rtx_thread.o [1]
osRtxThreadWaitExit     0x10046ebf    0x32  Code  Gb  rtx_thread.o [1]
osRtxTick_Handler       0x1004c865    0x72  Code  Gb  rtx_system.o [1]
osRtxTimerThread        0x10052fad    0x54  Code  Wk  rtx_timer.o [1]
osRtxTimerTick          0x10052f4d    0x5a  Code  Gb  rtx_timer.o [1]
osRtxUserSVC            0x1005538c     0x4  Data  Wk  rtx_lib.o [1]
osThreadContextNew      0x1004734d    0x50  Code  Gb  rtx_thread.o [1]
osThreadExit            0x100473e5    0x16  Code  Gb  rtx_thread.o [1]
osThreadGetId           0x100473c1    0x24  Code  Gb  rtx_thread.o [1]
osThreadGetName         0x1004739d    0x24  Code  Gb  rtx_thread.o [1]
osThreadNew             0x10047341     0xa  Code  Gb  rtx_thread.o [1]
os_idle_thread_attr     0x10054134    0x24  Data  Lc  rtx_lib.o [1]
os_idle_thread_cb       0x200045ec    0x48  Data  Lc  rtx_lib.o [1]
os_idle_thread_stack    0x20003c48   0x200  Data  Lc  rtx_lib.o [1]
os_isr_queue            0x20004708    0x40  Data  Lc  rtx_lib.o [1]
os_timer_mq_attr        0x1005417c    0x18  Data  Lc  rtx_lib.o [1]
os_timer_mq_cb          0x200047f0    0x34  Data  Lc  rtx_lib.o [1]
os_timer_mq_data        0x2000459c    0x50  Data  Lc  rtx_lib.o [1]
os_timer_thread_attr    0x10054158    0x24  Data  Lc  rtx_lib.o [1]
os_timer_thread_cb      0x20004634    0x48  Data  Lc  rtx_lib.o [1]
os_timer_thread_stack   0x20003948   0x300  Data  Lc  rtx_lib.o [1]
ota_sw_activation       0x20000004     0x4  Data  Gb  system_bluenrg1.o [1]
ota_sw_activation_block$$Base
                        0x20000004           --   Gb  - Linker created -
ota_sw_activation_block$$Limit
                        0x20000008           --   Gb  - Linker created -
periodicCallback()      0x10047c65    0x50  Code  Gb  main.o [1]
pre_main                0x100469a5    0x32  Code  Gb  mbed_boot.o [1]
prepend_alloc           0x10045159   0x35e  Code  Lc  dlmalloc.o [3]
printMacAddress()       0x10047cb5    0x5a  Code  Gb  main.o [1]
printf                  0x100490c5    0x24  Code  Gb  printf.o [3]
putchar                 0x100550d9    0x10  Code  Gb  putchar.o [3]
rcon                    0x10052cdc    0x28  Data  Gb  crypto.o [5]
read_rssi               0x100431b9    0x68  Code  Gb  ll_routines.o [5]
remove                  0x100486cd    0x40  Code  Gb  mbed_retarget.o [1]
ret                     0x200046be     0x1  Data  Gb  btle.o [1]
rtos::Mutex::Mutex()    0x1004c161    0x4a  Code  Gb  Mutex.o [1]
rtos::Mutex::lock(unsigned int)
                        0x1004c1b1    0x16  Code  Gb  Mutex.o [1]
rtos::Mutex::unlock()   0x1004c1c7    0x10  Code  Gb  Mutex.o [1]
rtos::Thread::wait(unsigned int)
                        0x1004938d     0x8  Code  Gb  Thread.o [1]
rtos_idle_loop          0x10049369     0xa  Code  Gb  mbed_rtx_idle.o [1]
savedMSP                0x20000008     0x4  Data  Gb  system_bluenrg1.o [1]
savedMSP_block$$Base    0x20000008           --   Gb  - Linker created -
savedMSP_block$$Limit   0x2000000c           --   Gb  - Linker created -
scale                   0x1004a607    0x42  Code  Lc  xprintflarge.o [3]
scheduleBleEventsProcessing(BLE::OnEventsToProcessCallbackContext *)
                        0x10047e79    0x52  Code  Gb  main.o [1]
schedule_advertise_slot
                        0x100507f5    0x8c  Code  Gb  multi_master_time.o [5]
schedule_interrupt      0x1004c4fd    0x68  Code  Lc  mbed_ticker_api.o [1]
segment_holding         0x100450cd    0x1c  Code  Lc  dlmalloc.o [3]
serial_baud             0x100494dd     0x6  Code  Gb  serial_api.o [1]
serial_init             0x10049451    0x76  Code  Gb  serial_api.o [1]
serial_irq_ids          0x200048f0     0x4  Data  Lc  serial_api.o [1]
serial_putc             0x100494c7    0x16  Code  Gb  serial_api.o [1]
set_freq                0x1004e4f9    0x5e  Code  Gb  rom_ll_timehandling.o [5]
set_sca                 0x10044169    0x1c  Code  Gb  rom_ll_timehandling.o [5]
set_string              0x10042fa1    0x10  Code  Gb  hal.o [5]
signalEventsToProcess()
                        0x1004b195     0xc  Code  Gb  btle.o [1]
singleton_mutex_attr    0x2000474c    0x10  Data  Gb  mbed_boot.o [1]
singleton_mutex_id      0x20004764     0x4  Data  Gb  mbed_boot.o [1]
singleton_mutex_obj     0x20004768    0x1c  Data  Gb  mbed_boot.o [1]
slave_advance           0x10052571    0xf0  Code  Gb  routines_support.o [5]
sleep_manager_lock_deep_sleep
                        0x1004ad6f     0x2  Code  Gb  mbed_sleep_manager.o [1]
sleep_manager_unlock_deep_sleep
                        0x1004ad71     0x2  Code  Gb  mbed_sleep_manager.o [1]
smp_Add_To_Database     0x10052861   0x146  Code  Gb  sm_common.o [5]
smp_Find_Remote_Device_Index
                        0x10052b9d    0x3a  Code  Gb  sm_common.o [5]
smp_Keys_Distribution_Complete
                        0x100533e1    0x46  Code  Lc  sm_common.o [5]
smp_OOB_Clear_Remote_Data_Entry_by_Index
                        0x100534d1    0x1a  Code  Gb  sm_common.o [5]
smp_Pairing_Completed   0x10053429    0xa2  Code  Gb  sm_common.o [5]
smp____SC_hci_le_generate_dhkey_complete_evt_hndl
                        0x10054915    0x22  Code  Gb  smp_scv42_isap.o [5]
smp____SC_hci_le_read_local_p256_public_key_complete_evt_hndl
                        0x10054671    0x3c  Code  Gb  smp_scv42_isap.o [5]
smp____SC_initialize    0x1004e5ad    0x50  Code  Gb  smp_scv42_isap.o [5]
smp____SC_is_Debug_Key_Usage_Forced
                        0x100546b5    0x10  Code  Gb  smp_scv42_isap.o [5]
smp____SC_is_any_other_SC_Pairing_Ongoing
                        0x1004e575    0x34  Code  Gb  smp_scv42_isap.o [5]
smp____SC_submit_ECC_PK_generation_request
                        0x100534f1    0x16  Code  Gb  smp_scv42_isap.o [5]
stacklib_flash_data     0x10067000   0x800  Data  Lc  btle.o [1]
stacklib_stored_device_id_data
                        0x10067800    0x38  Data  Lc  btle.o [1]
start_timebase          0x10050c25    0x92  Code  Gb  multi_master_time.o [5]
std_mutex_file          0x20004200   0x118  Data  Lc  mbed_boot.o [1]
std_mutex_id_file       0x200041d8    0x28  Data  Lc  mbed_boot.o [1]
std_mutex_id_sys        0x20004318    0x14  Data  Lc  mbed_boot.o [1]
std_mutex_sys           0x2000432c    0x8c  Data  Lc  mbed_boot.o [1]
stdio_uart              0x200048cc    0x10  Data  Gb  serial_api.o [1]
stdio_uart_inited       0x2000490c     0x4  Data  Gb  serial_api.o [1]
strlen                  0x1004bb55    0x10  Code  Gb  strlen.o [7]
strncmp                 0x1004c235    0x2c  Code  Gb  strncmp.o [3]
svcRtxDelay             0x1004ad75    0x14  Code  Gb  rtx_delay.o [1]
svcRtxEventFlagsDelete  0x1004b921    0x72  Code  Gb  rtx_evflags.o [1]
svcRtxEventFlagsNew     0x1004b763    0x76  Code  Gb  rtx_evflags.o [1]
svcRtxEventFlagsSet     0x1004b7d9    0xa2  Code  Gb  rtx_evflags.o [1]
svcRtxEventFlagsWait    0x1004b87b    0xa6  Code  Gb  rtx_evflags.o [1]
svcRtxKernelGetState    0x100475e9     0xe  Code  Gb  rtx_kernel.o [1]
svcRtxKernelInitialize  0x10047461   0x17a  Code  Gb  rtx_kernel.o [1]
svcRtxKernelStart       0x100475f7    0xa6  Code  Gb  rtx_kernel.o [1]
svcRtxMessageQueueGet   0x1005121b   0x106  Code  Gb  rtx_msgqueue.o [1]
svcRtxMessageQueueNew   0x10050fc3   0x16e  Code  Gb  rtx_msgqueue.o [1]
svcRtxMessageQueuePut   0x10051131    0xea  Code  Gb  rtx_msgqueue.o [1]
svcRtxMutexAcquire      0x10047873    0xca  Code  Gb  rtx_mutex.o [1]
svcRtxMutexDelete       0x10047a2f    0xba  Code  Gb  rtx_mutex.o [1]
svcRtxMutexNew          0x100477f7    0x7c  Code  Gb  rtx_mutex.o [1]
svcRtxMutexRelease      0x1004793d    0xdc  Code  Gb  rtx_mutex.o [1]
svcRtxThreadExit        0x10047299    0xa0  Code  Gb  rtx_thread.o [1]
svcRtxThreadGetId       0x10047225    0x10  Code  Gb  rtx_thread.o [1]
svcRtxThreadGetName     0x100471fb    0x2a  Code  Gb  rtx_thread.o [1]
svcRtxThreadNew         0x10046ff5   0x206  Code  Gb  rtx_thread.o [1]
swap_char               0x10044155     0xa  Code  Lc  multi_master_time.o [5]
swap_short_int          0x1004415f     0xa  Code  Lc  multi_master_time.o [5]
sys_alloc               0x100454c1   0x3e8  Code  Lc  dlmalloc.o [3]
syslock_o               0x20004784     0x4  Data  Lc  xsyslock_mtx.o [3]
system_time_trans       0x10043149     0xa  Code  Gb  rom_ll_timehandling.o [5]
system_time_trans_ext   0x100441c9    0x26  Code  Gb  rom_ll_timehandling.o [5]
terminate_hook          0x20004910     0x4  Data  Lc  Thread.o [1]
thread_terminate_hook   0x10049379    0x10  Code  Gb  Thread.o [1]
ticker_insert_event_us  0x1004c575    0x52  Code  Gb  mbed_ticker_api.o [1]
ticker_read             0x1004c5fb     0x4  Code  Gb  mbed_ticker_api.o [1]
ticker_read_us          0x1004c5ff     0x2  Code  Gb  mbed_ticker_api.o [1]
ticker_remove_event     0x1004c5c7    0x34  Code  Gb  mbed_ticker_api.o [1]
ticker_set_handler      0x1004c565    0x10  Code  Gb  mbed_ticker_api.o [1]
time_offset1            0x10044193     0xe  Code  Gb  rom_ll_timehandling.o [5]
time_offset2            0x100441b1     0xc  Code  Gb  rom_ll_timehandling.o [5]
timebase_start_connect  0x100440e1    0x36  Code  Gb  multi_master_time.o [5]
tmalloc_large           0x100458b5   0x3ca  Code  Lc  dlmalloc.o [3]
tmalloc_small           0x10045c85   0x230  Code  Lc  dlmalloc.o [3]
touch_it                0x20000560     0x1  Data  Gb  rom_global_var.o [5]
unpack_channel_map      0x1004289f    0x38  Code  Gb  rom_ll_isr_routines.o [5]
unpack_update_request   0x10042859    0x46  Code  Gb  rom_ll_isr_routines.o [5]
updateSensorValue()     0x10047c25    0x40  Code  Gb  main.o [1]
update_present_time     0x1004c395    0xf4  Code  Lc  mbed_ticker_api.o [1]
us_data                 0x1004c264     0x8  Data  Lc  mbed_us_ticker_api.o [1]
us_interface            0x10054f08    0x1c  Data  Lc  mbed_us_ticker_api.o [1]
us_ticker_clear_interrupt
                        0x100537fd     0x2  Code  Gb  us_ticker_api.o [1]
us_ticker_disable_interrupt
                        0x100537e3     0xc  Code  Gb  us_ticker_api.o [1]
us_ticker_fire_interrupt
                        0x100537ff     0x2  Code  Gb  us_ticker_api.o [1]
us_ticker_get_info      0x10055375     0x8  Code  Wk  mbed_retarget.o [1]
us_ticker_get_info::info
                        0x1005535c     0x8  Data  Lc  mbed_retarget.o [1]
us_ticker_init          0x10053763    0x5c  Code  Gb  us_ticker_api.o [1]
us_ticker_read          0x100537bf    0x18  Code  Gb  us_ticker_api.o [1]
us_ticker_set_interrupt
                        0x100537d7     0xc  Code  Gb  us_ticker_api.o [1]
uuid16_list             0x10047fc0     0x2  Data  Lc  main.o [1]
void events::EventQueue::function_call<mbed::Callback<void ()>>(void *)
                        0x10054869    0x28  Code  Gb  main.o [1]
void events::EventQueue::function_call<void (*)()>(void *)
                        0x1005536d     0x8  Code  Gb  main.o [1]
void events::EventQueue::function_dtor<mbed::Callback<void ()>>(void *)
                        0x10055259    0x10  Code  Gb  main.o [1]
void events::EventQueue::function_dtor<void (*)()>(void *)
                        0x10048013     0x2  Code  Gb  main.o [1]
void mbed::Callback<void ()>::function_call<mbed::Callback<void ()>::method_context<BLE, void (BLE::*)()>>(void const *)
                        0x10041cfb    0x1e  Code  Gb  main.o [1]
void mbed::Callback<void ()>::function_call<void (*)()>(void const *)
                        0x1005537d     0x8  Code  Gb  utest_shim.o [1]
void mbed::Callback<void ()>::function_dtor<mbed::Callback<void ()>::method_context<BLE, void (BLE::*)()>>(void *)
                        0x10046ba3     0x2  Code  Gb  main.o [1]
void mbed::Callback<void ()>::function_dtor<void (*)()>(void *)
                        0x1004ad73     0x2  Code  Gb  utest_shim.o [1]
void mbed::Callback<void ()>::function_move<mbed::Callback<void ()>::method_context<BLE, void (BLE::*)()>>(void *, void const *)
                        0x10055249    0x10  Code  Gb  main.o [1]
void mbed::Callback<void ()>::function_move<void (*)()>(void *, void const *)
                        0x1004476f     0xa  Code  Gb  utest_shim.o [1]
void mbed::Callback<void ()>::generate<mbed::Callback<void ()>::method_context<BLE, void (BLE::*)()>>(mbed::Callback<void ()>::method_context<BLE, void (BLE::*)()> const &)::ops
                        0x10055308     0xc  Data  Gb  main.o [1]
void mbed::Callback<void ()>::generate<void (*)()>(void (*)() const &)::ops
                        0x10055314     0xc  Data  Gb  utest_shim.o [1]
void mbed::Callback<void (int)>::function_call<void (*)(int)>(void const *, int)
                        0x10055321     0xc  Code  Gb  EventQueue.o [1]
void mbed::Callback<void (int)>::function_dtor<void (*)(int)>(void *)
                        0x10044d07     0x2  Code  Gb  EventQueue.o [1]
void mbed::Callback<void (int)>::function_move<void (*)(int)>(void *, void const *)
                        0x10044437     0xa  Code  Gb  EventQueue.o [1]
void mbed::Callback<void (int)>::generate<void (*)(int)>(void (*)(int) const &)::ops
                        0x100552fc     0xc  Data  Gb  EventQueue.o [1]
vsnprintf               0x10049415    0x3c  Code  Gb  vsnprint.o [3]
wait_ms                 0x1004b041     0xe  Code  Gb  mbed_wait_api_rtos.o [1]
wait_us                 0x1004b04f     0x2  Code  Gb  mbed_wait_api_rtos.o [1]
wakeupFromSleepFlag     0x2000000c     0x1  Data  Gb  system_bluenrg1.o [1]
wakeupFromSleepFlag_block$$Base
                        0x2000000c           --   Gb  - Linker created -
wakeupFromSleepFlag_block$$Limit
                        0x20000010           --   Gb  - Linker created -


[1] = C:\Users\Gianluca\Documents\mbed\Heart\BUILD\Obj
[2] = command line
[3] = dl6M_tlf.a
[4] = dlpp6M_tl_fc.a
[5] = libbluenrg1_stack.a
[6] = m6M_tl.a
[7] = rt6M_tl.a

  84 566 bytes of readonly  code memory
   4 667 bytes of readonly  data memory
  24 178 bytes of readwrite data memory

Errors: none
Warnings: none
