###############################################################################
#
# IAR ELF Linker V7.70.1.11437/W32 for ARM                17/Apr/2018  16:06:31
# Copyright 2007-2016 IAR Systems AB.
#
#    Output file  =  C:\Users\Gianluca\Documents\mbed\Heart\BUILD\Exe\name.out
#    Map file     =  C:\Users\Gianluca\Documents\mbed\Heart\BUILD\List\name.map
#    Command line =  
#        C:\Users\Gianluca\Documents\mbed\Heart\BUILD\Obj\aes.o
#        C:\Users\Gianluca\Documents\mbed\Heart\BUILD\Obj\aesni.o
#        C:\Users\Gianluca\Documents\mbed\Heart\BUILD\Obj\AnalogIn.o
#        C:\Users\Gianluca\Documents\mbed\Heart\BUILD\Obj\arc4.o
#        C:\Users\Gianluca\Documents\mbed\Heart\BUILD\Obj\asn1parse.o
#        C:\Users\Gianluca\Documents\mbed\Heart\BUILD\Obj\asn1write.o
#        C:\Users\Gianluca\Documents\mbed\Heart\BUILD\Obj\ATCmdParser.o
#        C:\Users\Gianluca\Documents\mbed\Heart\BUILD\Obj\base64.o
#        C:\Users\Gianluca\Documents\mbed\Heart\BUILD\Obj\bignum.o
#        C:\Users\Gianluca\Documents\mbed\Heart\BUILD\Obj\BLE.o
#        C:\Users\Gianluca\Documents\mbed\Heart\BUILD\Obj\ble_payload.o
#        C:\Users\Gianluca\Documents\mbed\Heart\BUILD\Obj\ble_utils.o
#        C:\Users\Gianluca\Documents\mbed\Heart\BUILD\Obj\BLEInstanceBase.o
#        C:\Users\Gianluca\Documents\mbed\Heart\BUILD\Obj\blowfish.o
#        C:\Users\Gianluca\Documents\mbed\Heart\BUILD\Obj\BlueNRG1_adc.o
#        C:\Users\Gianluca\Documents\mbed\Heart\BUILD\Obj\BlueNRG1_dma.o
#        C:\Users\Gianluca\Documents\mbed\Heart\BUILD\Obj\BlueNRG1_flash.o
#        C:\Users\Gianluca\Documents\mbed\Heart\BUILD\Obj\BlueNRG1_gpio.o
#        C:\Users\Gianluca\Documents\mbed\Heart\BUILD\Obj\BlueNRG1_i2c.o
#        C:\Users\Gianluca\Documents\mbed\Heart\BUILD\Obj\BlueNRG1_it.o
#        C:\Users\Gianluca\Documents\mbed\Heart\BUILD\Obj\BlueNRG1_mft.o
#        C:\Users\Gianluca\Documents\mbed\Heart\BUILD\Obj\BlueNRG1_pka.o
#        C:\Users\Gianluca\Documents\mbed\Heart\BUILD\Obj\BlueNRG1_rng.o
#        C:\Users\Gianluca\Documents\mbed\Heart\BUILD\Obj\BlueNRG1_rtc.o
#        C:\Users\Gianluca\Documents\mbed\Heart\BUILD\Obj\BlueNRG1_spi.o
#        C:\Users\Gianluca\Documents\mbed\Heart\BUILD\Obj\BlueNRG1_sysCtrl.o
#        C:\Users\Gianluca\Documents\mbed\Heart\BUILD\Obj\BlueNRG1_uart.o
#        C:\Users\Gianluca\Documents\mbed\Heart\BUILD\Obj\BlueNRG1_wdg.o
#        C:\Users\Gianluca\Documents\mbed\Heart\BUILD\Obj\BlueNRG1Device.o
#        C:\Users\Gianluca\Documents\mbed\Heart\BUILD\Obj\BlueNRG1Gap.o
#        C:\Users\Gianluca\Documents\mbed\Heart\BUILD\Obj\btle.o
#        C:\Users\Gianluca\Documents\mbed\Heart\BUILD\Obj\BusIn.o
#        C:\Users\Gianluca\Documents\mbed\Heart\BUILD\Obj\BusInOut.o
#        C:\Users\Gianluca\Documents\mbed\Heart\BUILD\Obj\BusOut.o
#        C:\Users\Gianluca\Documents\mbed\Heart\BUILD\Obj\CallChain.o
#        C:\Users\Gianluca\Documents\mbed\Heart\BUILD\Obj\camellia.o
#        C:\Users\Gianluca\Documents\mbed\Heart\BUILD\Obj\CAN.o
#        C:\Users\Gianluca\Documents\mbed\Heart\BUILD\Obj\ccm.o
#        C:\Users\Gianluca\Documents\mbed\Heart\BUILD\Obj\ccsbcs.o
#        C:\Users\Gianluca\Documents\mbed\Heart\BUILD\Obj\certs.o
#        C:\Users\Gianluca\Documents\mbed\Heart\BUILD\Obj\ChainingBlockDevice.o
#        C:\Users\Gianluca\Documents\mbed\Heart\BUILD\Obj\cipher.o
#        C:\Users\Gianluca\Documents\mbed\Heart\BUILD\Obj\cipher_wrap.o
#        C:\Users\Gianluca\Documents\mbed\Heart\BUILD\Obj\cmac.o
#        C:\Users\Gianluca\Documents\mbed\Heart\BUILD\Obj\cmain.o
#        C:\Users\Gianluca\Documents\mbed\Heart\BUILD\Obj\cmsis_nvic.o
#        C:\Users\Gianluca\Documents\mbed\Heart\BUILD\Obj\cmsis_os1.o
#        C:\Users\Gianluca\Documents\mbed\Heart\BUILD\Obj\ConditionVariable.o
#        C:\Users\Gianluca\Documents\mbed\Heart\BUILD\Obj\ctr_drbg.o
#        C:\Users\Gianluca\Documents\mbed\Heart\BUILD\Obj\debug.o
#        C:\Users\Gianluca\Documents\mbed\Heart\BUILD\Obj\des.o
#        C:\Users\Gianluca\Documents\mbed\Heart\BUILD\Obj\DFUService.o
#        C:\Users\Gianluca\Documents\mbed\Heart\BUILD\Obj\dhm.o
#        C:\Users\Gianluca\Documents\mbed\Heart\BUILD\Obj\Dir.o
#        C:\Users\Gianluca\Documents\mbed\Heart\BUILD\Obj\DiscoveredCharacteristic.o
#        C:\Users\Gianluca\Documents\mbed\Heart\BUILD\Obj\ecdh.o
#        C:\Users\Gianluca\Documents\mbed\Heart\BUILD\Obj\ecdsa.o
#        C:\Users\Gianluca\Documents\mbed\Heart\BUILD\Obj\ecjpake.o
#        C:\Users\Gianluca\Documents\mbed\Heart\BUILD\Obj\ecp.o
#        C:\Users\Gianluca\Documents\mbed\Heart\BUILD\Obj\ecp_curves.o
#        C:\Users\Gianluca\Documents\mbed\Heart\BUILD\Obj\entropy.o
#        C:\Users\Gianluca\Documents\mbed\Heart\BUILD\Obj\entropy_poll.o
#        C:\Users\Gianluca\Documents\mbed\Heart\BUILD\Obj\equeue.o
#        C:\Users\Gianluca\Documents\mbed\Heart\BUILD\Obj\equeue_mbed.o
#        C:\Users\Gianluca\Documents\mbed\Heart\BUILD\Obj\equeue_posix.o
#        C:\Users\Gianluca\Documents\mbed\Heart\BUILD\Obj\error.o
#        C:\Users\Gianluca\Documents\mbed\Heart\BUILD\Obj\Ethernet.o
#        C:\Users\Gianluca\Documents\mbed\Heart\BUILD\Obj\EventFlags.o
#        C:\Users\Gianluca\Documents\mbed\Heart\BUILD\Obj\EventQueue.o
#        C:\Users\Gianluca\Documents\mbed\Heart\BUILD\Obj\FATFileSystem.o
#        C:\Users\Gianluca\Documents\mbed\Heart\BUILD\Obj\ff.o
#        C:\Users\Gianluca\Documents\mbed\Heart\BUILD\Obj\File.o
#        C:\Users\Gianluca\Documents\mbed\Heart\BUILD\Obj\FileBase.o
#        C:\Users\Gianluca\Documents\mbed\Heart\BUILD\Obj\FileHandle.o
#        C:\Users\Gianluca\Documents\mbed\Heart\BUILD\Obj\FilePath.o
#        C:\Users\Gianluca\Documents\mbed\Heart\BUILD\Obj\FileSystem.o
#        C:\Users\Gianluca\Documents\mbed\Heart\BUILD\Obj\FileSystemHandle.o
#        C:\Users\Gianluca\Documents\mbed\Heart\BUILD\Obj\FlashIAP.o
#        C:\Users\Gianluca\Documents\mbed\Heart\BUILD\Obj\GapScanningParams.o
#        C:\Users\Gianluca\Documents\mbed\Heart\BUILD\Obj\gcm.o
#        C:\Users\Gianluca\Documents\mbed\Heart\BUILD\Obj\GenericGattClient.o
#        C:\Users\Gianluca\Documents\mbed\Heart\BUILD\Obj\gpio_api.o
#        C:\Users\Gianluca\Documents\mbed\Heart\BUILD\Obj\greentea_metrics.o
#        C:\Users\Gianluca\Documents\mbed\Heart\BUILD\Obj\greentea_serial.o
#        C:\Users\Gianluca\Documents\mbed\Heart\BUILD\Obj\greentea_test_env.o
#        C:\Users\Gianluca\Documents\mbed\Heart\BUILD\Obj\havege.o
#        C:\Users\Gianluca\Documents\mbed\Heart\BUILD\Obj\HeapBlockDevice.o
#        C:\Users\Gianluca\Documents\mbed\Heart\BUILD\Obj\hmac_drbg.o
#        C:\Users\Gianluca\Documents\mbed\Heart\BUILD\Obj\I2C.o
#        C:\Users\Gianluca\Documents\mbed\Heart\BUILD\Obj\I2CSlave.o
#        C:\Users\Gianluca\Documents\mbed\Heart\BUILD\Obj\InterruptIn.o
#        C:\Users\Gianluca\Documents\mbed\Heart\BUILD\Obj\InterruptManager.o
#        C:\Users\Gianluca\Documents\mbed\Heart\BUILD\Obj\irq_cm0.o
#        C:\Users\Gianluca\Documents\mbed\Heart\Bluetooth_LE\library\libbluenrg1_stack.a
#        C:\Users\Gianluca\Documents\mbed\Heart\BUILD\Obj\LocalFileSystem.o
#        C:\Users\Gianluca\Documents\mbed\Heart\BUILD\Obj\main.o
#        C:\Users\Gianluca\Documents\mbed\Heart\BUILD\Obj\mbed-utest-shim.o
#        C:\Users\Gianluca\Documents\mbed\Heart\BUILD\Obj\mbed_alloc_wrappers.o
#        C:\Users\Gianluca\Documents\mbed\Heart\BUILD\Obj\mbed_application.o
#        C:\Users\Gianluca\Documents\mbed\Heart\BUILD\Obj\mbed_assert.o
#        C:\Users\Gianluca\Documents\mbed\Heart\BUILD\Obj\mbed_board.o
#        C:\Users\Gianluca\Documents\mbed\Heart\BUILD\Obj\mbed_boot.o
#        C:\Users\Gianluca\Documents\mbed\Heart\BUILD\Obj\mbed_critical.o
#        C:\Users\Gianluca\Documents\mbed\Heart\BUILD\Obj\mbed_error.o
#        C:\Users\Gianluca\Documents\mbed\Heart\BUILD\Obj\mbed_flash_api.o
#        C:\Users\Gianluca\Documents\mbed\Heart\BUILD\Obj\mbed_gpio.o
#        C:\Users\Gianluca\Documents\mbed\Heart\BUILD\Obj\mbed_interface.o
#        C:\Users\Gianluca\Documents\mbed\Heart\BUILD\Obj\mbed_lp_ticker_api.o
#        C:\Users\Gianluca\Documents\mbed\Heart\BUILD\Obj\mbed_mem_trace.o
#        C:\Users\Gianluca\Documents\mbed\Heart\BUILD\Obj\mbed_mktime.o
#        C:\Users\Gianluca\Documents\mbed\Heart\BUILD\Obj\mbed_overrides.o
#        C:\Users\Gianluca\Documents\mbed\Heart\BUILD\Obj\mbed_pinmap_common.o
#        C:\Users\Gianluca\Documents\mbed\Heart\BUILD\Obj\mbed_poll.o
#        C:\Users\Gianluca\Documents\mbed\Heart\BUILD\Obj\mbed_retarget.o
#        C:\Users\Gianluca\Documents\mbed\Heart\BUILD\Obj\mbed_rtc_time.o
#        C:\Users\Gianluca\Documents\mbed\Heart\BUILD\Obj\mbed_rtx_handlers.o
#        C:\Users\Gianluca\Documents\mbed\Heart\BUILD\Obj\mbed_rtx_idle.o
#        C:\Users\Gianluca\Documents\mbed\Heart\BUILD\Obj\mbed_sdk_boot.o
#        C:\Users\Gianluca\Documents\mbed\Heart\BUILD\Obj\mbed_semihost_api.o
#        C:\Users\Gianluca\Documents\mbed\Heart\BUILD\Obj\mbed_shared_queues.o
#        C:\Users\Gianluca\Documents\mbed\Heart\BUILD\Obj\mbed_sleep_manager.o
#        C:\Users\Gianluca\Documents\mbed\Heart\BUILD\Obj\mbed_stats.o
#        C:\Users\Gianluca\Documents\mbed\Heart\BUILD\Obj\mbed_ticker_api.o
#        C:\Users\Gianluca\Documents\mbed\Heart\BUILD\Obj\mbed_trng.o
#        C:\Users\Gianluca\Documents\mbed\Heart\BUILD\Obj\mbed_us_ticker_api.o
#        C:\Users\Gianluca\Documents\mbed\Heart\BUILD\Obj\mbed_wait_api_no_rtos.o
#        C:\Users\Gianluca\Documents\mbed\Heart\BUILD\Obj\mbed_wait_api_rtos.o
#        C:\Users\Gianluca\Documents\mbed\Heart\BUILD\Obj\MBRBlockDevice.o
#        C:\Users\Gianluca\Documents\mbed\Heart\BUILD\Obj\md.o
#        C:\Users\Gianluca\Documents\mbed\Heart\BUILD\Obj\md2.o
#        C:\Users\Gianluca\Documents\mbed\Heart\BUILD\Obj\md4.o
#        C:\Users\Gianluca\Documents\mbed\Heart\BUILD\Obj\md5.o
#        C:\Users\Gianluca\Documents\mbed\Heart\BUILD\Obj\md_wrap.o
#        C:\Users\Gianluca\Documents\mbed\Heart\BUILD\Obj\memory_buffer_alloc.o
#        C:\Users\Gianluca\Documents\mbed\Heart\BUILD\Obj\misc.o
#        C:\Users\Gianluca\Documents\mbed\Heart\BUILD\Obj\Mutex.o
#        C:\Users\Gianluca\Documents\mbed\Heart\BUILD\Obj\net_sockets.o
#        C:\Users\Gianluca\Documents\mbed\Heart\BUILD\Obj\NetworkInterface.o
#        C:\Users\Gianluca\Documents\mbed\Heart\BUILD\Obj\NetworkStack.o
#        C:\Users\Gianluca\Documents\mbed\Heart\BUILD\Obj\nsapi_dns.o
#        C:\Users\Gianluca\Documents\mbed\Heart\BUILD\Obj\oid.o
#        C:\Users\Gianluca\Documents\mbed\Heart\BUILD\Obj\OnboardCellularInterface.o
#        C:\Users\Gianluca\Documents\mbed\Heart\BUILD\Obj\os_systick.o
#        C:\Users\Gianluca\Documents\mbed\Heart\BUILD\Obj\os_tick_ptim.o
#        C:\Users\Gianluca\Documents\mbed\Heart\BUILD\Obj\osal.o
#        C:\Users\Gianluca\Documents\mbed\Heart\BUILD\Obj\padlock.o
#        C:\Users\Gianluca\Documents\mbed\Heart\BUILD\Obj\pem.o
#        C:\Users\Gianluca\Documents\mbed\Heart\BUILD\Obj\pin_device.o
#        C:\Users\Gianluca\Documents\mbed\Heart\BUILD\Obj\pinmap.o
#        C:\Users\Gianluca\Documents\mbed\Heart\BUILD\Obj\pk.o
#        C:\Users\Gianluca\Documents\mbed\Heart\BUILD\Obj\pk_wrap.o
#        C:\Users\Gianluca\Documents\mbed\Heart\BUILD\Obj\pkcs11.o
#        C:\Users\Gianluca\Documents\mbed\Heart\BUILD\Obj\pkcs12.o
#        C:\Users\Gianluca\Documents\mbed\Heart\BUILD\Obj\pkcs5.o
#        C:\Users\Gianluca\Documents\mbed\Heart\BUILD\Obj\pkparse.o
#        C:\Users\Gianluca\Documents\mbed\Heart\BUILD\Obj\pkwrite.o
#        C:\Users\Gianluca\Documents\mbed\Heart\BUILD\Obj\platform.o
#        C:\Users\Gianluca\Documents\mbed\Heart\BUILD\Obj\PPPCellularInterface.o
#        C:\Users\Gianluca\Documents\mbed\Heart\BUILD\Obj\ProfilingBlockDevice.o
#        C:\Users\Gianluca\Documents\mbed\Heart\BUILD\Obj\RawSerial.o
#        C:\Users\Gianluca\Documents\mbed\Heart\BUILD\Obj\ripemd160.o
#        C:\Users\Gianluca\Documents\mbed\Heart\BUILD\Obj\rsa.o
#        C:\Users\Gianluca\Documents\mbed\Heart\BUILD\Obj\rt_OsEventObserver.o
#        C:\Users\Gianluca\Documents\mbed\Heart\BUILD\Obj\RtosTimer.o
#        C:\Users\Gianluca\Documents\mbed\Heart\BUILD\Obj\RTX_Config.o
#        C:\Users\Gianluca\Documents\mbed\Heart\BUILD\Obj\rtx_delay.o
#        C:\Users\Gianluca\Documents\mbed\Heart\BUILD\Obj\rtx_evflags.o
#        C:\Users\Gianluca\Documents\mbed\Heart\BUILD\Obj\rtx_evr.o
#        C:\Users\Gianluca\Documents\mbed\Heart\BUILD\Obj\rtx_kernel.o
#        C:\Users\Gianluca\Documents\mbed\Heart\BUILD\Obj\rtx_lib.o
#        C:\Users\Gianluca\Documents\mbed\Heart\BUILD\Obj\rtx_memory.o
#        C:\Users\Gianluca\Documents\mbed\Heart\BUILD\Obj\rtx_mempool.o
#        C:\Users\Gianluca\Documents\mbed\Heart\BUILD\Obj\rtx_msgqueue.o
#        C:\Users\Gianluca\Documents\mbed\Heart\BUILD\Obj\rtx_mutex.o
#        C:\Users\Gianluca\Documents\mbed\Heart\BUILD\Obj\rtx_semaphore.o
#        C:\Users\Gianluca\Documents\mbed\Heart\BUILD\Obj\rtx_system.o
#        C:\Users\Gianluca\Documents\mbed\Heart\BUILD\Obj\rtx_thread.o
#        C:\Users\Gianluca\Documents\mbed\Heart\BUILD\Obj\rtx_timer.o
#        C:\Users\Gianluca\Documents\mbed\Heart\BUILD\Obj\Semaphore.o
#        C:\Users\Gianluca\Documents\mbed\Heart\BUILD\Obj\Serial.o
#        C:\Users\Gianluca\Documents\mbed\Heart\BUILD\Obj\serial_api.o
#        C:\Users\Gianluca\Documents\mbed\Heart\BUILD\Obj\SerialBase.o
#        C:\Users\Gianluca\Documents\mbed\Heart\BUILD\Obj\sha1.o
#        C:\Users\Gianluca\Documents\mbed\Heart\BUILD\Obj\sha256.o
#        C:\Users\Gianluca\Documents\mbed\Heart\BUILD\Obj\sha512.o
#        C:\Users\Gianluca\Documents\mbed\Heart\BUILD\Obj\SlicingBlockDevice.o
#        C:\Users\Gianluca\Documents\mbed\Heart\BUILD\Obj\Socket.o
#        C:\Users\Gianluca\Documents\mbed\Heart\BUILD\Obj\SocketAddress.o
#        C:\Users\Gianluca\Documents\mbed\Heart\BUILD\Obj\SPI.o
#        C:\Users\Gianluca\Documents\mbed\Heart\BUILD\Obj\spi_api.o
#        C:\Users\Gianluca\Documents\mbed\Heart\BUILD\Obj\SPISlave.o
#        C:\Users\Gianluca\Documents\mbed\Heart\BUILD\Obj\ssl_cache.o
#        C:\Users\Gianluca\Documents\mbed\Heart\BUILD\Obj\ssl_ciphersuites.o
#        C:\Users\Gianluca\Documents\mbed\Heart\BUILD\Obj\ssl_cli.o
#        C:\Users\Gianluca\Documents\mbed\Heart\BUILD\Obj\ssl_cookie.o
#        C:\Users\Gianluca\Documents\mbed\Heart\BUILD\Obj\ssl_srv.o
#        C:\Users\Gianluca\Documents\mbed\Heart\BUILD\Obj\ssl_ticket.o
#        C:\Users\Gianluca\Documents\mbed\Heart\BUILD\Obj\ssl_tls.o
#        C:\Users\Gianluca\Documents\mbed\Heart\BUILD\Obj\startup_bluenrg1.o
#        C:\Users\Gianluca\Documents\mbed\Heart\BUILD\Obj\Stream.o
#        C:\Users\Gianluca\Documents\mbed\Heart\BUILD\Obj\system_bluenrg1.o
#        C:\Users\Gianluca\Documents\mbed\Heart\BUILD\Obj\TCPServer.o
#        C:\Users\Gianluca\Documents\mbed\Heart\BUILD\Obj\TCPSocket.o
#        C:\Users\Gianluca\Documents\mbed\Heart\BUILD\Obj\Thread.o
#        C:\Users\Gianluca\Documents\mbed\Heart\BUILD\Obj\threading.o
#        C:\Users\Gianluca\Documents\mbed\Heart\BUILD\Obj\Ticker.o
#        C:\Users\Gianluca\Documents\mbed\Heart\BUILD\Obj\Timeout.o
#        C:\Users\Gianluca\Documents\mbed\Heart\BUILD\Obj\Timer.o
#        C:\Users\Gianluca\Documents\mbed\Heart\BUILD\Obj\TimerEvent.o
#        C:\Users\Gianluca\Documents\mbed\Heart\BUILD\Obj\timing.o
#        C:\Users\Gianluca\Documents\mbed\Heart\BUILD\Obj\UARTCellularInterface.o
#        C:\Users\Gianluca\Documents\mbed\Heart\BUILD\Obj\UARTSerial.o
#        C:\Users\Gianluca\Documents\mbed\Heart\BUILD\Obj\UARTService.o
#        C:\Users\Gianluca\Documents\mbed\Heart\BUILD\Obj\UDPSocket.o
#        C:\Users\Gianluca\Documents\mbed\Heart\BUILD\Obj\unity.o
#        C:\Users\Gianluca\Documents\mbed\Heart\BUILD\Obj\unity_handler.o
#        C:\Users\Gianluca\Documents\mbed\Heart\BUILD\Obj\URIBeaconConfigService.o
#        C:\Users\Gianluca\Documents\mbed\Heart\BUILD\Obj\us_ticker_api.o
#        C:\Users\Gianluca\Documents\mbed\Heart\BUILD\Obj\utest_case.o
#        C:\Users\Gianluca\Documents\mbed\Heart\BUILD\Obj\utest_default_handlers.o
#        C:\Users\Gianluca\Documents\mbed\Heart\BUILD\Obj\utest_greentea_handlers.o
#        C:\Users\Gianluca\Documents\mbed\Heart\BUILD\Obj\utest_harness.o
#        C:\Users\Gianluca\Documents\mbed\Heart\BUILD\Obj\utest_shim.o
#        C:\Users\Gianluca\Documents\mbed\Heart\BUILD\Obj\utest_stack_trace.o
#        C:\Users\Gianluca\Documents\mbed\Heart\BUILD\Obj\utest_types.o
#        C:\Users\Gianluca\Documents\mbed\Heart\BUILD\Obj\version.o
#        C:\Users\Gianluca\Documents\mbed\Heart\BUILD\Obj\version_features.o
#        C:\Users\Gianluca\Documents\mbed\Heart\BUILD\Obj\WiFiAccessPoint.o
#        C:\Users\Gianluca\Documents\mbed\Heart\BUILD\Obj\x509.o
#        C:\Users\Gianluca\Documents\mbed\Heart\BUILD\Obj\x509_create.o
#        C:\Users\Gianluca\Documents\mbed\Heart\BUILD\Obj\x509_crl.o
#        C:\Users\Gianluca\Documents\mbed\Heart\BUILD\Obj\x509_crt.o
#        C:\Users\Gianluca\Documents\mbed\Heart\BUILD\Obj\x509_csr.o
#        C:\Users\Gianluca\Documents\mbed\Heart\BUILD\Obj\x509write_crt.o
#        C:\Users\Gianluca\Documents\mbed\Heart\BUILD\Obj\x509write_csr.o
#        C:\Users\Gianluca\Documents\mbed\Heart\BUILD\Obj\xtea.o -o
#        C:\Users\Gianluca\Documents\mbed\Heart\BUILD\Exe\name.out --redirect
#        _Printf=_PrintfLarge --redirect _Scanf=_ScanfFull --map
#        C:\Users\Gianluca\Documents\mbed\Heart\BUILD\List\name.map --config
#        C:\Users\Gianluca\Documents\mbed\Heart\.\mbed-os\targets\TARGET_STMBLUE\TARGET_BLUENRG1\TARGET_STEVAL_IDB007V1\device\TOOLCHAIN_IAR\BLUENRG1.icf
#        --skip_dynamic_initialization --threaded_lib --entry
#        __iar_program_start --no_exceptions --vfe
#
###############################################################################

*******************************************************************************
*** RUNTIME MODEL ATTRIBUTES
***

CppFlavor                     = *
__CPP_Exceptions              = Disabled
__CPP_Language                = C++
__Heap_Handler                = DLMalloc
__SystemLibrary               = DLib
__dlib_dynamic_initialization = postponed
__dlib_has_iterator_debugging = 0
__dlib_jmp_buf_num_elements   = 8


*******************************************************************************
*** PLACEMENT SUMMARY
***

"A0":  place at start of [0x10067000-0x10067fff] {
          block BLOCK_STACKLIB_FLASH_DATA };
"A1":  place at 0x200000c0 { block BLUE };
"A3":  place at start of [0x10040000-0x10066fff] { ro section .intvec };
"A4":  place at 0x20000004 { block ota_sw_activation_block };
"A5":  place at 0x20000008 { block savedMSP_block };
"A6":  place at 0x2000000c { block wakeupFromSleepFlag_block };
"A7":  place at 0x20000010 { block app_base_block };
"A8":  place at 0x20000030 { block Blue_Flag_Ram_block };
"P2":  place in [from 0x10040000 to 0x10066fff] { ro };
"P3":  place in [from 0x200000c0 to 0x20005fff] { rw };
"A10": place at end of [0x200000c0-0x20005fff] { block CSTACK, block HEAP };
initialize by copy { rw };
 { section .bss.__blue_RAM };
 { section .intvec };
 { section .ota_sw_activation };
 { section .savedMSP };
 { section .wakeupFromSleepFlag };
 { section .app_base };
 { section .__blueflag_RAM };

  Section                 Kind        Address    Size  Object
  -------                 ----        -------    ----  ------
"A3":                                            0xc0
  .intvec                 ro code  0x10040000    0xc0  startup_bluenrg1.o [1]
                                 - 0x100400c0    0xc0

"P2":                                          0xa6e1
  .text                   ro code  0x100400c0  0x16b8  dlmalloc.o [3]
  .text                   ro code  0x10041778     0xa  abort.o [3]
  .text                   ro code  0x10041782    0x1e  main.o [1]
  .text                   ro code  0x100417a0    0x2c  xgetmemchunk.o [3]
  .text                   ro code  0x100417cc    0x5c  ABImemcpy.o [7]
  .text                   ro code  0x10041828    0x3c  xsyslock.o [3]
  .text                   ro code  0x10041864     0xc  XXexit.o [7]
  .text                   ro code  0x10041870   0x164  xsyslock_mtx.o [3]
  .text                   ro code  0x100419d4   0x23a  mbed_boot.o [1]
  .text                   ro code  0x10041c0e     0xa  BlueNRG1Gap.o [1]
  .text                   ro code  0x10041c18   0x894  rtx_thread.o [1]
  .text                   ro code  0x100424ac    0x28  mbed_error.o [1]
  .text                   ro code  0x100424d4   0x348  rtx_kernel.o [1]
  .text                   ro code  0x1004281c   0x420  rtx_mutex.o [1]
  .text                   ro code  0x10042c3c    0x1c  dynamic_init.o [7]
  .text                   ro code  0x10042c58   0x3e4  main.o [1]
  .text                   ro code  0x1004303c     0x4  low_level_init.o [3]
  .text                   ro code  0x10043040    0x28  data_init.o [7]
  .text                   ro code  0x10043068     0x2  mbed_overrides.o [1]
  .text                   ro code  0x1004306a     0x2  rtx_evr.o [1]
  .text                   ro code  0x1004306c     0x2  rtx_evr.o [1]
  .text                   ro code  0x1004306e     0x2  rtx_evr.o [1]
  .text                   ro code  0x10043070     0x2  rtx_evr.o [1]
  .text                   ro code  0x10043072     0x2  rtx_evr.o [1]
  .text                   ro code  0x10043074     0x2  rtx_evr.o [1]
  .text                   ro code  0x10043076     0x2  rtx_evr.o [1]
  .text                   ro code  0x10043078     0x2  rtx_evr.o [1]
  .text                   ro code  0x1004307a     0x2  rtx_evr.o [1]
  .text                   ro code  0x1004307c     0x2  rtx_evr.o [1]
  .text                   ro code  0x1004307e     0x2  rtx_evr.o [1]
  .text                   ro code  0x10043080     0x2  rtx_evr.o [1]
  .text                   ro code  0x10043082     0xa  EventQueue.o [1]
  .text                   ro code  0x1004308c   0x36c  mbed_rtx_handlers.o [1]
  .text                   ro code  0x100433f8    0xcc  rtx_mempool.o [1]
  .text                   ro code  0x100434c4    0x70  rtx_memory.o [1]
  .text                   ro code  0x10043534    0x4e  rtx_memory.o [1]
  .text                   ro code  0x10043582     0xa  utest_shim.o [1]
  .text                   ro code  0x1004358c    0x58  ABImemset.o [7]
  .text                   ro code  0x100435e4     0x2  rtx_evr.o [1]
  .text                   ro code  0x100435e6     0x2  rtx_evr.o [1]
  .text                   ro code  0x100435e8     0x2  rtx_evr.o [1]
  .text                   ro code  0x100435ea     0x2  rtx_evr.o [1]
  .text                   ro code  0x100435ec     0x2  rtx_evr.o [1]
  .text                   ro code  0x100435ee     0x2  rtx_evr.o [1]
  .text                   ro code  0x100435f0    0x64  mbed_board.o [1]
  .text                   ro code  0x10043654   0x22c  mbed_retarget.o [1]
  .text                   ro code  0x10043880    0x3e  rtx_memory.o [1]
  .text                   ro code  0x100438be     0x2  rtx_evr.o [1]
  .text                   ro code  0x100438c0     0x2  rtx_evr.o [1]
  .text                   ro code  0x100438c2     0x2  EventQueue.o [1]
  .text                   ro code  0x100438c4    0x4c  os_systick.o [1]
  .text                   ro code  0x10043910     0x6  os_systick.o [1]
  .text                   ro code  0x10043916     0x2  GenericGattClient.o [1]
  .text                   ro code  0x10043918    0x30  os_systick.o [1]
  .text                   ro code  0x10043948     0x2  rtx_evr.o [1]
  .text                   ro code  0x1004394a     0x2  rtx_evr.o [1]
  .text                   ro code  0x1004394c     0x2  rtx_evr.o [1]
  .text                   ro code  0x1004394e     0x2  rtx_evr.o [1]
  .text                   ro code  0x10043950     0x2  rtx_evr.o [1]
  .text                   ro code  0x10043952     0x2  rtx_evr.o [1]
  .text                   ro code  0x10043954     0x2  rtx_evr.o [1]
  .text                   ro code  0x10043956     0x2  rtx_evr.o [1]
  .text                   ro code  0x10043958     0x2  rtx_evr.o [1]
  .text                   ro code  0x1004395a     0x2  rtx_evr.o [1]
  .text                   ro code  0x1004395c     0x2  rtx_evr.o [1]
  .text                   ro code  0x1004395e     0x2  rtx_evr.o [1]
  .text                   ro code  0x10043960     0x2  rtx_evr.o [1]
  .text                   ro code  0x10043962     0x2  main.o [1]
  .text                   ro code  0x10043964    0xa4  cppinit.o [3]
  .text                   ro code  0x10043a08    0x6a  mbed_gpio.o [1]
  .text                   ro code  0x10043a72     0x2  main.o [1]
  .text                   ro code  0x10043a74    0x4e  EventQueue.o [1]
  .text                   ro code  0x10043ac2    0x46  cxxabi.o [4]
  .text                   ro code  0x10043b08   0x1a4  BLE.o [1]
  .text                   ro code  0x10043cac    0x1a  main.o [1]
  .text                   ro code  0x10043cc6    0x1e  main.o [1]
  .text                   ro code  0x10043ce4    0x8c  gpio_api.o [1]
  .text                   ro code  0x10043d70   0x42a  equeue.o [1]
  .text                   ro code  0x1004419a     0x2  startup_bluenrg1.o [1]
  .text                   ro code  0x1004419c    0x24  printf.o [3]
  .text                   ro code  0x100441c0    0x20  main.o [1]
  .text                   ro code  0x100441e0    0x16  main.o [1]
  .text                   ro code  0x100441f6     0x2  startup_bluenrg1.o [1]
  .text                   ro code  0x100441f8   0x118  main.o [1]
  .text                   ro code  0x10044310    0x30  main.o [1]
  .text                   ro code  0x10044340    0x4c  main.o [1]
  .text                   ro code  0x1004438c    0xe0  I32DivModFast.o [7]
  .text                   ro code  0x1004446c    0x30  main.o [1]
  .text                   ro code  0x1004449c    0x18  Ticker.o [1]
  .text                   ro code  0x100444b4    0x20  main.o [1]
  .text                   ro code  0x100444d4    0x20  main.o [1]
  .text                   ro code  0x100444f4    0x16  main.o [1]
  .text                   ro code  0x1004450a     0x2  startup_bluenrg1.o [1]
  .text                   ro code  0x1004450c    0x24  mbed_rtx_idle.o [1]
  .text                   ro code  0x10044530    0x1c  Thread.o [1]
  .text                   ro code  0x1004454c     0x2  rtx_evr.o [1]
  .text                   ro code  0x1004454e     0x2  rtx_evr.o [1]
  .text                   ro code  0x10044550     0x2  rtx_evr.o [1]
  .text                   ro code  0x10044552     0x2  rtx_evr.o [1]
  .text                   ro code  0x10044554     0x2  rtx_evr.o [1]
  .text                   ro code  0x10044556     0x2  startup_bluenrg1.o [1]
  .text                   ro code  0x10044558    0x74  mbed_critical.o [1]
  .text                   ro code  0x100445cc    0x3c  vsnprint.o [3]
  .text                   ro code  0x10044608    0xdc  serial_api.o [1]
  .text                   ro code  0x100446e4    0x40  mbed_critical.o [1]
  .text                   ro code  0x10044724    0x10  errno.o [3]
  .text                   ro code  0x10044734    0x64  FilePath.o [1]
  .text                   ro code  0x10044798    0xf4  mbed_board.o [1]
  .text                   ro code  0x1004488c     0x2  rtx_evr.o [1]
  .text                   ro code  0x1004488e     0x2  startup_bluenrg1.o [1]
  .text                   ro code  0x10044890    0x30  EventQueue.o [1]
  .text                   ro code  0x100448c0   0x12c  BlueNRG1Device.o [1]
  .text                   ro code  0x100449ec    0x2a  cxxabiguard.o [4]
  .text                   ro code  0x10044a16     0x2  startup_bluenrg1.o [1]
  .text                   ro code  0x10044a18    0xca  BlueNRG1_gpio.o [1]
  .text                   ro code  0x10044ae2     0x2  startup_bluenrg1.o [1]
  .text                   ro code  0x10044ae4    0x18  BlueNRG1_sysCtrl.o [1]
  .text                   ro code  0x10044afc     0xc  pin_device.o [1]
  .text                   ro code  0x10044b08   0x168  equeue_mbed.o [1]
  .text                   ro code  0x10044c70  0x10de  xprintflarge.o [3]
  .text                   ro code  0x10045d4e     0x2  startup_bluenrg1.o [1]
  .text                   ro code  0x10045d50    0x20  main.o [1]
  .text                   ro code  0x10045d70    0x20  main.o [1]
  .text                   ro code  0x10045d90    0x2e  main.o [1]
  .text                   ro code  0x10045dbe    0x1a  main.o [1]
  .text                   ro code  0x10045dd8    0xc6  main.o [1]
  .text                   ro code  0x10045e9e    0x50  main.o [1]
  .text                   ro code  0x10045eee     0x2  startup_bluenrg1.o [1]
  .text                   ro code  0x10045ef0     0x2  IntDivZer.o [7]
  .text                   ro code  0x10045ef2     0x8  main.o [1]
  .text                   ro code  0x10045efa     0x4  mbed_sleep_manager.o [1]
  .text                   ro code  0x10045efe     0x2  startup_bluenrg1.o [1]
  .text                   ro code  0x10045f00    0x4c  rtx_delay.o [1]
  .text                   ro code  0x10045f4c    0x54  mbed_assert.o [1]
  .text                   ro code  0x10045fa0   0x1c8  BlueNRG1_uart.o [1]
  .text                   ro code  0x10046168     0x2  xtls.o [3]
  .text                   ro code  0x1004616a     0x2  startup_bluenrg1.o [1]
  .text                   ro code  0x1004616c    0x60  FileBase.o [1]
  .text                   ro code  0x100461cc    0x52  mbed_wait_api_rtos.o [1]
  .text                   ro code  0x1004621e     0x2  BLEInstanceBase.o [1]
  .text                   ro code  0x10046220    0x8c  btle.o [1]
  .text                   ro code  0x100462ac    0x64  BlueNRG1Device.o [1]
  .text                   ro code  0x10046310    0x3c  BlueNRG1Device.o [1]
  .text                   ro code  0x1004634c    0xdc  Timer.o [1]
  .text                   ro code  0x10046428    0x56  TimerEvent.o [1]
  .text                   ro code  0x1004647e     0x2  startup_bluenrg1.o [1]
  .text                   ro code  0x10046480    0x30  utest_shim.o [1]
  .text                   ro code  0x100464b0    0x62  Ticker.o [1]
  .text                   ro code  0x10046512     0x2  startup_bluenrg1.o [1]
  .text                   ro code  0x10046514   0x458  rtx_evflags.o [1]
  .text                   ro code  0x1004696c    0x1c  xmbtowc.o [3]
  .text                   ro code  0x10046988    0x14  strchr.o [7]
  .text                   ro code  0x1004699c    0x10  strlen.o [7]
  .text                   ro code  0x100469ac    0x18  memchr.o [7]
  .text                   ro code  0x100469c4     0xa  xmbcurmax.o [3]
  .text                   ro code  0x100469ce    0x18  xwctomb.o [3]
  .text                   ro code  0x100469e6    0x6a  I64DivMod.o [7]
  .text                   ro code  0x10046a50   0x184  DblMul.o [6]
  .text                   ro code  0x10046bd4    0x32  DblCmpLe.o [6]
  .text                   ro code  0x10046c06    0xc2  DblDiv.o [6]
  .text                   ro code  0x10046cc8    0x2e  DblToI32.o [6]
  .text                   ro code  0x10046cf6     0x2  startup_bluenrg1.o [1]
  .text                   ro code  0x10046cf8    0x20  I32ToDbl.o [6]
  .text                   ro code  0x10046d18   0x1a8  DblAddSub.o [6]
  .text                   ro code  0x10046ec0    0x68  localeconv.o [3]
  .text                   ro code  0x10046f28    0x20  div.o [3]
  .text                   ro code  0x10046f48     0x2  rtx_evr.o [1]
  .text                   ro code  0x10046f4a     0x2  utest_shim.o [1]
  .text                   ro code  0x10046f4c    0x50  SPI.o [1]
  .text                   ro code  0x10046f9c    0xd4  Mutex.o [1]
  .text                   ro code  0x10047070    0x2c  strncmp.o [3]
  .text                   ro code  0x1004709c     0xc  mbed_us_ticker_api.o [1]
  .text                   ro code  0x100470a8   0x3a8  mbed_ticker_api.o [1]
  i.BlueNRG_Stack_Initialization
                          ro code  0x10047450    0x30  bluenrg_main_func.o [5]
  .text                   ro code  0x10047480    0x24  BlueNRG1Device.o [1]
  .text                   ro code  0x100474a4    0xc8  BlueNRG1Device.o [1]
  .text                   ro code  0x1004756c    0x14  memset.o [3]
  .text                   ro code  0x10047580     0x2  rtx_evr.o [1]
  .text                   ro code  0x10047582     0x2  rtx_evr.o [1]
  .text                   ro code  0x10047584     0x2  rtx_evr.o [1]
  .text                   ro code  0x10047586     0x2  rtx_evr.o [1]
  .text                   ro code  0x10047588     0x2  rtx_evr.o [1]
  .text                   ro code  0x1004758a     0x2  rtx_evr.o [1]
  .text                   ro code  0x1004758c     0x2  rtx_evr.o [1]
  .text                   ro code  0x1004758e     0x2  rtx_evr.o [1]
  .text                   ro code  0x10047590   0x160  rtx_system.o [1]
  .text                   ro code  0x100476f0     0x2  rtx_evr.o [1]
  .text                   ro code  0x100476f2     0x2  rtx_evr.o [1]
  .text                   ro code  0x100476f4    0x14  setlocale.o [3]
  .text                   ro code  0x10047708    0x50  xencoding_sb.o [3]
  .text                   ro code  0x10047758     0x2  I64DivZer.o [7]
  .text                   ro code  0x1004775c    0x22  I64Shl.o [7]
  .text                   ro code  0x10047780    0x32  I64Mul.o [7]
  .text                   ro code  0x100477b2    0x20  osal.o [1]
  i.BlueNRG_Stack_Initialize_RAM_check
                          ro code  0x100477d4    0x64  bluenrg_main_func.o [5]
  i._BlueNRG_Stack_Initialization
                          ro code  0x10047838    0x94  bluenrg_main_func.o [5]
  .text                   ro code  0x100478cc    0x1a  BlueNRG1Device.o [1]
  .text                   ro code  0x100478e8    0x60  GapScanningParams.o [1]
  .text                   ro code  0x10047948    0x24  BlueNRG1Device.o [1]
  .text                   ro code  0x1004796c    0x24  BlueNRG1Device.o [1]
  .text                   ro code  0x10047990    0x10  BlueNRG1Device.o [1]
  .text                   ro code  0x100479a0     0xc  os_systick.o [1]
  i.Dynamic_allocator     ro code  0x100479ac   0x270  mem_alloc.o [5]
  i.Dynamic_allocator_noRet
                          ro code  0x10047c1c     0x2  mem_alloc.o [5]
  i.BlueNRG_Stack_Initialize_RAM
                          ro code  0x10047c20    0x2c  bluenrg_main_func.o [5]
  .text                   ro code  0x10047c4c    0x16  BlueNRG1_pka.o [1]
  i.BlueNRG_Stack_Initialize_ConfigData
                          ro code  0x10047c64    0x48  bluenrg_main_func.o [5]
  i.BlueNRG_Stack_Initialize_Layers
                          ro code  0x10047cac    0x8c  bluenrg_main_func.o [5]
  i.HAL_Set_TX_Power_Level
                          ro code  0x10047d38    0x44  hal.o [5]
  i.PRIVWHIT_vInit_Struct
                          ro code  0x10047d7c    0x78  ll_privacy.o [5]
  i.BlueNRG_Stack_Perform_Crystal_Check
                          ro code  0x10047df4    0xb8  bluenrg_main_func.o [5]
  i.Mem_assign            ro code  0x10047eac    0x16  mem_alloc.o [5]
  i.mem_alloc_ctx_init    ro code  0x10047ec4    0xa8  mem_alloc.o [5]
  i.hal_get_hw_version    ro code  0x10047f6c    0x20  hal.o [5]
  i.Timer_Init            ro code  0x10047f8c    0x34  host_timer.o [5]
  i.LL_Init               ro code  0x10047fc0   0x180  rom_ll_ll_routines.o [5]
  i.PM_Init               ro code  0x10048140    0x70  pm.o [5]
  i.Acl_Init              ro code  0x100481b0    0x34  acl.o [5]
  i.L2C_Init              ro code  0x100481e4    0x44  l2cap.o [5]
  i.SMP_Init              ro code  0x10048228    0x70  sm_common.o [5]
  i.GAP_Init_Context      ro code  0x10048298    0x14  gap.o [5]
  i.HCI_Init              ro code  0x100482ac    0x54  hci.o [5]
  i.HAL_Init              ro code  0x10048300    0x18  hal.o [5]
  i.Events_Process_init   ro code  0x10048318    0x50  aci_events.o [5]
  i.HAL_VTimerGetCurrentTime_sysT32
                          ro code  0x10048368    0x12  host_timer.o [5]
  i.BlueNRG_Start_Crystal_Measurement
                          ro code  0x1004837c    0x1c  bluenrg_main_func.o [5]
  i.set_freq              ro code  0x10048398    0x7c  rom_ll_timehandling.o [5]
  i.List_Circular_Insert_Tail
                          ro code  0x10048414     0xe  rom_list.o [5]
  i.LL_Rcv_ACL_Data       ro code  0x10048424    0x30  rom_ll_ll_routines.o [5]
  i.Blue_Init_Global      ro code  0x10048454    0x8c  routines_support.o [5]
  i.LL_LE_Clear_White_List
                          ro code  0x100484e0    0x20  ll_privacy.o [5]
  i.nsar_init             ro code  0x10048500    0x18  multi_master_time.o [5]
  i.PM_Eng_Config         ro code  0x10048518    0x18  pm.o [5]
  i.acl_list_init         ro code  0x10048530    0x12  acl_list.o [5]
  i.acl_list_insert_tail  ro code  0x10048542    0x20  acl_list.o [5]
  i.smp____SC_initialize  ro code  0x10048564    0x58  smp_scv42_isap.o [5]
  i.hal_radio_activity_state_init
                          ro code  0x100485bc    0x1c  hal.o [5]
  i.fifoCtrl_init         ro code  0x100485d8     0xa  aci_events.o [5]
  i.Timer_sysTime32_convMachineTime
                          ro code  0x100485e4    0x20  host_timer.o [5]
  i.machine_time_trans    ro code  0x10048604    0x20  rom_ll_timehandling.o [5]
  i.Blue_Set_Radio_Config_Data
                          ro code  0x10048624    0x24  rom_ll_routines_support.o [5]
  i.PM_Get_Fragments_Count
                          ro code  0x10048648    0x12  pm.o [5]
  i.system_time_trans     ro code  0x1004865a     0xa  rom_ll_timehandling.o [5]
  i.char_copy             ro code  0x10048664    0x12  hal.o [5]
  i.system_time_trans_ext
                          ro code  0x10048678    0x2c  rom_ll_timehandling.o [5]
  .text                   ro code  0x100486a4   0x6b0  rtx_msgqueue.o [1]
  .text                   ro code  0x10048d54     0x2  rtx_evr.o [1]
  .text                   ro code  0x10048d56     0x2  rtx_evr.o [1]
  .text                   ro code  0x10048d58     0x2  rtx_evr.o [1]
  .text                   ro code  0x10048d5a     0x2  rtx_evr.o [1]
  .text                   ro code  0x10048d5c     0x2  rtx_evr.o [1]
  .text                   ro code  0x10048d5e     0x2  rtx_evr.o [1]
  .text                   ro code  0x10048d60     0x2  rtx_evr.o [1]
  .text                   ro code  0x10048d62     0x2  rtx_evr.o [1]
  .text                   ro code  0x10048d64     0x2  rtx_evr.o [1]
  .text                   ro code  0x10048d66     0x2  rtx_evr.o [1]
  .text                   ro code  0x10048d68     0x2  rtx_evr.o [1]
  .text                   ro code  0x10048d6c   0x368  BlueNRG1Gap.o [1]
  .text                   ro code  0x100490d4    0xda  ble_utils.o [1]
  i.aci_hal_set_tx_power_level
                          ro code  0x100491ae     0x8  bluenrg_hal_aci.o [5]
  i.hci_le_set_scan_response_data
                          ro code  0x100491b6    0x16  hci.o [5]
  i.hci_le_set_advertising_data
                          ro code  0x100491cc    0x16  hci.o [5]
  i.LL_Set_Scan_Resp_Data
                          ro code  0x100491e4    0x60  rom_ll_ll_routines.o [5]
  i.LL_Set_Adv_Data       ro code  0x10049244    0x74  rom_ll_ll_routines.o [5]
  .text                   ro code  0x100492b8   0x1d8  system_bluenrg1.o [1]
  .rodata                 const    0x10049490   0x170  mbed_rtx_handlers.o [1]
  .text                   ro code  0x10049600    0xfa  BlueNRG1_mft.o [1]
  .text                   ro code  0x100496fc    0xf0  rtx_timer.o [1]
  .text                   ro code  0x100497ec     0x2  rtx_evr.o [1]
  .text                   ro code  0x100497f0    0xe0  xfspos.o [3]
  .text                   ro code  0x100498d0    0xb4  fflush.o [3]
  .text                   ro code  0x10049984     0xc  xfgpos.o [3]
  .text                   ro code  0x10049990    0xc4  us_ticker_api.o [1]
  .text                   ro code  0x10049a54    0x78  misc.o [1]
  .text                   ro code  0x10049acc    0xc0  xfwprep.o [3]
  .text                   ro code  0x10049b8c    0x22  fseek.o [3]
  .text                   ro code  0x10049bb0    0x98  irq_cm0.o [1]
  .text                   ro code  0x10049c48    0x98  xfofind.o [3]
  .rodata                 const    0x10049ce0    0x8c  BlueNRG1Device.o [1]
  .rodata                 const    0x10049d6c    0x8c  BlueNRG1Gap.o [1]
  .rodata                 const    0x10049df8    0x84  mbed_critical.o [1]
  .text                   ro code  0x10049e7c    0x7e  fclose.o [3]
  .rodata                 const    0x10049efc    0x68  rtx_lib.o [1]
  .text                   ro code  0x10049f64    0x68  xcloseall.o [3]
  .constdata              const    0x10049fcc    0x60  smp_scv42_isap.o [5]
  .rodata                 const    0x1004a02c    0x60  rtx_lib.o [1]
  .text                   ro code  0x1004a08c    0x56  fputc.o [3]
  .text                   ro code  0x1004a0e4    0x54  BlueNRG1Device.o [1]
  .text                   ro code  0x1004a138    0x1a  BlueNRG1Device.o [1]
  .text                   ro code  0x1004a152    0x1a  BlueNRG1Device.o [1]
  .text                   ro code  0x1004a16c    0x1a  BlueNRG1Device.o [1]
  .text                   ro code  0x1004a186    0x1a  BlueNRG1Device.o [1]
  .rodata                 const    0x1004a1a0    0x48  FATFileSystem.o [1]
  .text                   ro code  0x1004a1e8    0x48  BlueNRG1Device.o [1]
  .text                   ro code  0x1004a230    0x18  BlueNRG1Device.o [1]
  .text                   ro code  0x1004a248    0x1a  GenericGattClient.o [1]
  .text                   ro code  0x1004a262    0x1a  GenericGattClient.o [1]
  .text                   ro code  0x1004a27c    0x1a  BlueNRG1Device.o [1]
  .text                   ro code  0x1004a296    0x1a  BlueNRG1Device.o [1]
  .rodata                 const    0x1004a2b0    0x44  ATCmdParser.o [1]
  .rodata                 const    0x1004a2f4    0x44  BlueNRG1Device.o [1]
  .text                   ro code  0x1004a338    0x3c  zero_init3.o [7]
  .text                   ro code  0x1004a374    0x3c  packbits_init_single.o [7]
  .rodata                 const    0x1004a3b0    0x2c  BlueNRG1Device.o [1]
  .rodata                 const    0x1004a3dc    0x2c  BlueNRG1Device.o [1]
  .text                   ro code  0x1004a408    0x28  main.o [1]
  .iar.init_table         const    0x1004a430    0x58  - Linker created -
  .rodata                 const    0x1004a488    0x1c  mbed_us_ticker_api.o [1]
  .text                   ro code  0x1004a4a4    0x1c  xsnprout.o [3]
  .rodata                 const    0x1004a4c0    0x18  xprintflarge.o [3]
  .text                   ro code  0x1004a4d8    0x16  xprout.o [3]
  .text                   ro code  0x1004a4f0    0x10  putchar.o [3]
  .rodata                 const    0x1004a500    0x14  SPI.o [1]
  .rodata                 const    0x1004a514    0x14  Ticker.o [1]
  .rodata                 const    0x1004a528    0x14  TimerEvent.o [1]
  .rodata                 const    0x1004a53c    0x10  BlueNRG1Device.o [1]
  .rodata                 const    0x1004a54c    0x10  BlueNRG1Device.o [1]
  .rodata                 const    0x1004a55c    0x10  BlueNRG1Device.o [1]
  .rodata                 const    0x1004a56c    0x10  BlueNRG1Device.o [1]
  .rodata                 const    0x1004a57c    0x10  BlueNRG1Device.o [1]
  .rodata                 const    0x1004a58c    0x10  BlueNRG1Device.o [1]
  .rodata                 const    0x1004a59c    0x10  GenericGattClient.o [1]
  .rodata                 const    0x1004a5ac    0x10  GenericGattClient.o [1]
  .text                   ro code  0x1004a5bc    0x10  BlueNRG1Device.o [1]
  .text                   ro code  0x1004a5cc    0x10  BlueNRG1Gap.o [1]
  .text                   ro code  0x1004a5dc    0x10  BlueNRG1Gap.o [1]
  .text                   ro code  0x1004a5ec    0x10  main.o [1]
  .text                   ro code  0x1004a5fc    0x10  main.o [1]
  .text                   ro code  0x1004a60c    0x10  main.o [1]
  .text                   ro code  0x1004a61c    0x10  main.o [1]
  .text                   ro code  0x1004a62c    0x10  main.o [1]
  .text                   ro code  0x1004a63c    0x10  main.o [1]
  .text                   ro code  0x1004a64c    0x10  main.o [1]
  .text                   ro code  0x1004a65c    0x10  startup_bluenrg1.o [1]
  .rodata                 const    0x1004a66c     0xc  EventQueue.o [1]
  .rodata                 const    0x1004a678     0xc  main.o [1]
  .rodata                 const    0x1004a684     0xc  utest_shim.o [1]
  .text                   ro code  0x1004a690     0xc  EventQueue.o [1]
  .text                   ro code  0x1004a69c     0xc  cexit.o [7]
  .rodata                 const    0x1004a6a8     0x8  mbed_retarget.o [1]
  .rodata                 const    0x1004a6b0     0x8  UDPSocket.o [1]
  .text                   ro code  0x1004a6b8     0x8  main.o [1]
  .text                   ro code  0x1004a6c0     0x8  mbed_retarget.o [1]
  .text                   ro code  0x1004a6c8     0x8  utest_shim.o [1]
  .text                   ro code  0x1004a6d0     0x8  xpurevirtual.o [3]
  .rodata                 const    0x1004a6d8     0x4  rtx_lib.o [1]
  .text                   ro code  0x1004a6dc     0x4  BlueNRG1_it.o [1]
  .text                   ro code  0x1004a6e0     0x4  BlueNRG1Device.o [1]
  .text                   ro code  0x1004a6e4     0x4  BlueNRG1Device.o [1]
  .text                   ro code  0x1004a6e8     0x4  BlueNRG1Gap.o [1]
  .text                   ro code  0x1004a6ec     0x4  BlueNRG1Gap.o [1]
  .text                   ro code  0x1004a6f0     0x4  BlueNRG1Gap.o [1]
  SHT$$PREINIT_ARRAY               0x1004a6f4     0x0  <Block>
  SHT$$INIT_ARRAY                  0x1004a6f4     0x4  <Block>
    .init_array           const    0x1004a6f4     0x4  main.o [1]
  .text                   ro code  0x1004a6f8     0x0  cstart_call_dtors.o [7]
  .text                   ro code  0x1004a6f8     0x0  cstart_closeall.o [7]
  .text                   ro code  0x1004a6f8     0x0  cstart_clearlocks.o [7]
  .rodata                 const    0x1004a6f8     0x0  zero_init3.o [7]
  .rodata                 const    0x1004a6f8     0x0  packbits_init_single.o [7]
  Initializer bytes       const    0x1004a6f8    0x9a  <for P3-1>
  Initializer bytes       const    0x1004a792     0xa  <for BLUE-1>
  Initializer bytes       const    0x1004a79c     0x5  <for app_base_block-1>
                                 - 0x1004a7a1  0xa6e1

"A0":                                           0x838
  BLOCK_STACKLIB_FLASH_DATA
                                   0x10067000   0x838  <Block>
    .noinit.stacklib_flash_data
                          uninit   0x10067000   0x800  btle.o [1]
    .noinit.stacklib_stored_device_id_data
                          uninit   0x10067800    0x38  btle.o [1]
                                 - 0x10067838   0x838

"A4":                                             0x4
  ota_sw_activation_block
                                   0x20000004     0x4  <Block>
    .ota_sw_activation    uninit   0x20000004     0x4  system_bluenrg1.o [1]
                                 - 0x20000008     0x4

"A5":                                             0x4
  savedMSP_block                   0x20000008     0x4  <Block>
    .savedMSP             zero     0x20000008     0x4  system_bluenrg1.o [1]
                                 - 0x2000000c     0x4

"A6":                                             0x4
  wakeupFromSleepFlag_block
                                   0x2000000c     0x4  <Block>
    .wakeupFromSleepFlag  zero     0x2000000c     0x1  system_bluenrg1.o [1]
                                 - 0x20000010     0x4

"A7":                                             0x4
  app_base_block                   0x20000010     0x4  <Block>
    app_base_block-1               0x20000010     0x4  <Init block>
      .app_base           inited   0x20000010     0x4  system_bluenrg1.o [1]
                                 - 0x20000014     0x4

"A8":                                             0x4
  Blue_Flag_Ram_block              0x20000030     0x4  <Block>
    .__blueflag_RAM       zero     0x20000030     0x4  system_bluenrg1.o [1]
                                 - 0x20000034     0x4

"A1":                                           0x20c
  BLUE                             0x200000c0   0x20c  <Block>
    BLUE-1                         0x200000c0   0x20c  <Init block>
      .bss.__blue_RAM     inited   0x200000c0   0x20c  system_bluenrg1.o [1]
                                 - 0x200002cc   0x20c

"P3", part 1 of 3:                              0x294
  P3-1                             0x200002cc   0x294  <Init block>
    .data                 inited   0x200002cc     0x8  main.o [1]
    .data                 inited   0x200002d4     0x4  mbed_rtx_idle.o [1]
    .data                 inited   0x200002d8     0x4  mem_alloc.o [5]
    .data                 inited   0x200002dc    0x40  xfiles.o [3]
    .data                 inited   0x2000031c    0x40  xfiles.o [3]
    .data                 inited   0x2000035c    0x40  xfiles.o [3]
    .data                 inited   0x2000039c    0x20  xfiles.o [3]
    .data.os              inited   0x200003bc    0xa4  rtx_kernel.o [1]
    __DLIB_PERTHREAD      inited   0x20000460     0x4  errno.o [3]
    __DLIB_PERTHREAD      inited   0x20000464    0x74  setlocale.o [3]
    __DLIB_PERTHREAD      inited   0x200004d8    0x88  localeconv.o [3]
                                 - 0x20000560   0x294

"P3", part 2 of 3:                             0x1d8c
  .noinit                 uninit   0x20000560  0x1bd0  btle.o [1]
  .iar.dynexit                     0x20002130   0x1bc  <Block>
    .iar.dynexit          uninit   0x20002130     0xc  cppinit.o [3]
    .iar.dynexit          uninit   0x2000213c   0x1b0  <Block tail>
                                 - 0x200022ec  0x1d8c

"P3", part 3 of 3:                             0x2570
  .bss                    zero     0x200022f0  0x1070  mbed_boot.o [1]
  .bss                    zero     0x20003360   0x5e8  ll_privacy.o [5]
  .bss.os.thread.stack    zero     0x20003948   0x300  rtx_lib.o [1]
  .bss.os.thread.stack    zero     0x20003c48   0x200  rtx_lib.o [1]
  .bss                    zero     0x20003e48   0x1d8  dlmalloc.o [3]
  .bss                    zero     0x20004020   0x140  mbed_boot.o [1]
  .bss                    zero     0x20004160   0x100  BlueNRG1Device.o [1]
  .bss                    zero     0x20004260    0xa0  mbed_boot.o [1]
  .bss                    zero     0x20004300    0x74  BlueNRG1Device.o [1]
  .bss                    zero     0x20004374    0x68  main.o [1]
  .bss                    zero     0x200043dc    0x68  mbed_retarget.o [1]
  .bss                    zero     0x20004444    0x50  xfiles.o [3]
  .bss                    zero     0x20004494    0x50  xfiles.o [3]
  .bss.os.msgqueue.mem    zero     0x200044e4    0x50  rtx_lib.o [1]
  .bss.os.thread.cb       zero     0x20004534    0x48  rtx_lib.o [1]
  .bss.os.thread.cb       zero     0x2000457c    0x48  rtx_lib.o [1]
  .bss                    zero     0x200045c4    0x41  equeue_mbed.o [1]
  .bss                    zero     0x20004605     0x1  btle.o [1]
  .bss                    zero     0x20004606     0x1  mbed_error.o [1]
  .bss                    zero     0x20004607     0x1  os_systick.o [1]
  .bss                    zero     0x20004608    0x40  mbed_us_ticker_api.o [1]
  .bss.os                 zero     0x20004648    0x40  rtx_lib.o [1]
  .bss                    zero     0x20004688    0x3c  mbed_boot.o [1]
  .bss                    zero     0x200046c4    0x38  xsyslock_mtx.o [3]
  .bss                    zero     0x200046fc    0x34  mem_alloc.o [5]
  .bss.os.msgqueue.cb     zero     0x20004730    0x34  rtx_lib.o [1]
  .bss                    zero     0x20004764    0x2c  BLE.o [1]
  .bss                    zero     0x20004790    0x2c  FileBase.o [1]
  .bss                    zero     0x200047bc    0x24  equeue_mbed.o [1]
  .bss                    zero     0x200047e0    0x18  dlmalloc.o [3]
  .bss                    zero     0x200047f8    0x14  BlueNRG1Device.o [1]
  .bss                    zero     0x2000480c    0x10  serial_api.o [1]
  .bss                    zero     0x2000481c     0x8  mbed_critical.o [1]
  .bss                    zero     0x20004824     0x8  rt_OsEventObserver.o [1]
  .bss                    zero     0x2000482c     0x8  serial_api.o [1]
  .bss                    zero     0x20004834     0x8  us_ticker_api.o [1]
  .bss                    zero     0x2000483c     0x4  BlueNRG1Device.o [1]
  .bss                    zero     0x20004840     0x4  BlueNRG1Device.o [1]
  .bss                    zero     0x20004844     0x4  mbed_retarget.o [1]
  .bss                    zero     0x20004848     0x4  mbed_retarget.o [1]
  .bss                    zero     0x2000484c     0x4  serial_api.o [1]
  .bss                    zero     0x20004850     0x4  Thread.o [1]
  .bss                    zero     0x20004854     0x4  cppinit.o [3]
  .bss                    zero     0x20004858     0x4  cppinit.o [3]
  .bss                    zero     0x2000485c     0x4  xgetmemchunk.o [3]
                                 - 0x20004860  0x2570

"A10":                                         0x1700
  CSTACK                           0x20004900   0xc00  <Block>
    CSTACK                uninit   0x20004900   0xc00  <Block tail>
  HEAP                             0x20005500   0xb00  <Block>
    HEAP                  uninit   0x20005500   0xb00  <Block tail>
                                 - 0x20006000  0x1700


*******************************************************************************
*** INIT TABLE
***

          Address     Size
          -------     ----
Zero (__iar_zero_init3)
    4 destination ranges, total size 0x2579:
          0x20000008     0x4
          0x2000000c     0x1
          0x20000030     0x4
          0x200022f0  0x2570

Copy/packbits (__iar_packbits_init_single3)
    1 source range, total size 0xa (1% of destination):
          0x1004a792     0xa
    1 destination range, total size 0x20c:
          0x200000c0   0x20c

Copy/packbits (__iar_packbits_init_single3)
    1 source range, total size 0x5 (125% of destination):
          0x1004a79c     0x5
    1 destination range, total size 0x4:
          0x20000010     0x4

Copy/packbits (__iar_packbits_init_single3)
    1 source range, total size 0x9a (23% of destination):
          0x1004a6f8    0x9a
    1 destination range, total size 0x294:
          0x200002cc   0x294



*******************************************************************************
*** MODULE SUMMARY
***

    Module                     ro code  ro data  rw data
    ------                     -------  -------  -------
C:\Users\Gianluca\Documents\mbed\Heart\BUILD\Obj: [1]
    ATCmdParser.o                            68
    BLE.o                          420                44
    BLEInstanceBase.o                2
    BlueNRG1Device.o             1 170      392      400
    BlueNRG1Gap.o                  926      140
    BlueNRG1_gpio.o                202
    BlueNRG1_it.o                    4
    BlueNRG1_mft.o                 250
    BlueNRG1_pka.o                  22
    BlueNRG1_sysCtrl.o              24
    BlueNRG1_uart.o                456
    EventQueue.o                   150       12
    FATFileSystem.o                          72
    FileBase.o                      96                44
    FilePath.o                     100
    GapScanningParams.o             96
    GenericGattClient.o             54       32
    Mutex.o                        212
    SPI.o                           80       20
    Thread.o                        28                 4
    Ticker.o                       122       20
    Timer.o                        220
    TimerEvent.o                    86       20
    UDPSocket.o                               8
    ble_utils.o                    218
    btle.o                         140    2 104    7 121
    equeue.o                     1 066
    equeue_mbed.o                  360               101
    gpio_api.o                     140
    irq_cm0.o                      152
    main.o                       2 260       17      112
    mbed_assert.o                   84
    mbed_board.o                   344
    mbed_boot.o                    570             4 748
    mbed_critical.o                180      132        8
    mbed_error.o                    40                 1
    mbed_gpio.o                    106
    mbed_overrides.o                 2
    mbed_retarget.o                564        8      112
    mbed_rtx_handlers.o            876      368
    mbed_rtx_idle.o                 36        1        4
    mbed_sleep_manager.o             4
    mbed_ticker_api.o              936
    mbed_us_ticker_api.o            12       28       64
    mbed_wait_api_rtos.o            82
    misc.o                         120
    os_systick.o                   142                 1
    osal.o                          32
    pin_device.o                    12
    rt_OsEventObserver.o                               8
    rtx_delay.o                     76
    rtx_evflags.o                1 112
    rtx_evr.o                      124
    rtx_kernel.o                   840       38      164
    rtx_lib.o                               204    1 620
    rtx_memory.o                   252
    rtx_mempool.o                  204
    rtx_msgqueue.o               1 712
    rtx_mutex.o                  1 056
    rtx_system.o                   352
    rtx_thread.o                 2 196
    rtx_timer.o                    240
    serial_api.o                   220                28
    startup_bluenrg1.o             236
    system_bluenrg1.o              472       15      541
    us_ticker_api.o                196                 8
    utest_shim.o                    68       12
    ----------------------------------------------------
    Total:                      22 554    3 711   15 133

command line: [2]
    ----------------------------------------------------
    Total:

dl6M_tlf.a: [3]
    abort.o                         10
    cppinit.o                      164                20
    div.o                           32
    dlmalloc.o                   5 816               496
    errno.o                         16        1        4
    fclose.o                       126
    fflush.o                       180
    fputc.o                         86
    fseek.o                         34
    localeconv.o                   104       32      136
    low_level_init.o                 4
    memset.o                        20
    printf.o                        36
    putchar.o                       16
    setlocale.o                     20       27      116
    strncmp.o                       44
    vsnprint.o                      60
    xcloseall.o                    104
    xencoding_sb.o                  80
    xfgpos.o                        12
    xfiles.o                                 53      384
    xfofind.o                      152
    xfspos.o                       224
    xfwprep.o                      192
    xgetmemchunk.o                  44                 4
    xmbcurmax.o                     10
    xmbtowc.o                       28
    xprintflarge.o               4 318       24
    xprout.o                        22
    xpurevirtual.o                   8
    xsnprout.o                      28
    xsyslock.o                      60
    xsyslock_mtx.o                 356                56
    xtls.o                           2
    xwctomb.o                       24
    ----------------------------------------------------
    Total:                      12 432      137    1 216

dlpp6M_tl_fc.a: [4]
    cxxabi.o                        70
    cxxabiguard.o                   42
    ----------------------------------------------------
    Total:                         112

libbluenrg1_stack.a: [5]
    aci_events.o                    90
    acl.o                           52
    acl_list.o                      50
    bluenrg_hal_aci.o                8
    bluenrg_main_func.o            764
    gap.o                           20
    hal.o                          170
    hci.o                          128
    host_timer.o                   102
    l2cap.o                         68
    ll_privacy.o                   152             1 512
    mem_alloc.o                    816        1       56
    multi_master_time.o             24
    pm.o                           154
    rom_list.o                      14
    rom_ll_ll_routines.o           644
    rom_ll_routines_support.o       36
    rom_ll_timehandling.o          210
    routines_support.o             140
    sm_common.o                    112
    smp_scv42_isap.o                88       96
    ----------------------------------------------------
    Total:                       3 842       97    1 568

m6M_tl.a: [6]
    DblAddSub.o                    424
    DblCmpLe.o                      50
    DblDiv.o                       194
    DblMul.o                       388
    DblToI32.o                      46
    I32ToDbl.o                      32
    ----------------------------------------------------
    Total:                       1 134

rt6M_tl.a: [7]
    ABImemcpy.o                     92
    ABImemset.o                     88
    I32DivModFast.o                224
    I64DivMod.o                    106
    I64DivZer.o                      2
    I64Mul.o                        50
    I64Shl.o                        34
    IntDivZer.o                      2
    XXexit.o                        12
    cexit.o                         12
    cstart_call_dtors.o
    cstart_clearlocks.o
    cstart_closeall.o
    data_init.o                     40
    dynamic_init.o                  28
    memchr.o                        24
    packbits_init_single.o          60
    strchr.o                        20
    strlen.o                        16
    zero_init3.o                    60
    ----------------------------------------------------
    Total:                         870

    Gaps                            38        2
    Linker created                           88    6 320
--------------------------------------------------------
    Grand Total:                40 982    4 035   24 237


*******************************************************************************
*** ENTRY LIST
***

Entry                      Address    Size  Type      Object
-----                      -------    ----  ----      ------
.iar.dynexit$$Base      0x20002130           --   Gb  - Linker created -
.iar.dynexit$$Limit     0x200022ec           --   Gb  - Linker created -
.iar.init_table$$Base   0x1004a430           --   Gb  - Linker created -
.iar.init_table$$Limit  0x1004a488           --   Gb  - Linker created -
Acl_Init                0x100481b1    0x2c  Code  Gb  acl.o [5]
BLE::BLE(unsigned int)::transportInstances
                        0x2000478c     0x4  Data  Lc  BLE.o [1]
BLE::Instance(unsigned int)
                        0x10043b2d    0xb0  Code  Gb  BLE.o [1]
BLE::Instance(unsigned int)::badSingleton
                        0x20004764    0x20  Data  Lc  BLE.o [1]
BLE::Instance(unsigned int)::singletons
                        0x20004784     0x4  Data  Lc  BLE.o [1]
BLE::Instance(unsigned int)::static guard for badSingleton
                        0x20004788     0x4  Data  Lc  BLE.o [1]
BLE::gap()              0x10043be5     0x4  Code  Gb  BLE.o [1]
BLE::gap() const        0x10043be1     0x4  Code  Gb  BLE.o [1]
BLE::gattServer()       0x10043c01     0x4  Code  Gb  BLE.o [1]
BLE::initImplementation(FunctionPointerWithContext<BLE::InitializationCompleteCallbackContext *>)
                        0x10043b09    0x24  Code  Gb  BLE.o [1]
BLE::onEventsToProcess(FunctionPointerWithContext<BLE::OnEventsToProcessCallbackContext *> const &)
                        0x10043c41    0x36  Code  Gb  BLE.o [1]
BLE::processEvents()    0x10043c1d    0x24  Code  Gb  BLE.o [1]
BLEInstanceBase::~BLEInstanceBase() [subobject]
                        0x1004621f     0x2  Code  Gb  BLEInstanceBase.o [1]
BLOCK_STACKLIB_FLASH_DATA$$Base
                        0x10067000           --   Gb  - Linker created -
BLOCK_STACKLIB_FLASH_DATA$$Limit
                        0x10067838           --   Gb  - Linker created -
BLUE$$Base              0x200000c0           --   Gb  - Linker created -
BLUE$$Limit             0x200002cc           --   Gb  - Linker created -
BlueNRG1Device::Instance(unsigned int)
                        0x100448cb    0x2c  Code  Gb  BlueNRG1Device.o [1]
BlueNRG1Device::getGap()
                        0x100449b1     0x8  Code  Gb  BlueNRG1Device.o [1]
BlueNRG1Device::getGattServer()
                        0x10044969    0x2c  Code  Gb  BlueNRG1Device.o [1]
BlueNRG1Device::init(unsigned int, FunctionPointerWithContext<BLE::InitializationCompleteCallbackContext *>)
                        0x10044905    0x58  Code  Gb  BlueNRG1Device.o [1]
BlueNRG1Device::processEvents()
                        0x1004495d     0xc  Code  Gb  BlueNRG1Device.o [1]
BlueNRG1Device::~BlueNRG1Device()
                        0x100448f7     0x2  Code  Gb  BlueNRG1Device.o [1]
BlueNRG1Gap::BlueNRG1Gap()
                        0x100474a5    0xc8  Code  Gb  BlueNRG1Device.o [1]
BlueNRG1Gap::getInstance()
                        0x10046311    0x3c  Code  Gb  BlueNRG1Device.o [1]
BlueNRG1Gap::getInstance()::m_instance
                        0x20004160   0x100  Data  Gb  BlueNRG1Device.o [1]
BlueNRG1Gap::setAdvertisingData(GapAdvertisingData const &, GapAdvertisingData const &)
                        0x10048d6d   0x1c0  Code  Gb  BlueNRG1Gap.o [1]
BlueNRG1Gap::startAdvertising(GapAdvertisingParams const &)
                        0x10048f31     0xe  Code  Gb  BlueNRG1Gap.o [1]
BlueNRG1Gap::~BlueNRG1Gap()
                        0x1004a0e5    0x54  Code  Gb  BlueNRG1Device.o [1]
BlueNRG1GattServer::BlueNRG1GattServer()
                        0x100462ad    0x64  Code  Gb  BlueNRG1Device.o [1]
BlueNRG1GattServer::getInstance()::m_instance
                        0x20004300    0x74  Data  Gb  BlueNRG1Device.o [1]
BlueNRG1GattServer::~BlueNRG1GattServer()
                        0x1004a1e9    0x48  Code  Gb  BlueNRG1Device.o [1]
BlueNRG1_stackInit()    0x10046221    0x1e  Code  Gb  btle.o [1]
BlueNRG_Stack_Init_params
                        0x10046278    0x34  Data  Lc  btle.o [1]
BlueNRG_Stack_Initialization
                        0x10047451    0x2c  Code  Gb  bluenrg_main_func.o [5]
BlueNRG_Stack_Initialize_ConfigData
                        0x10047c65    0x40  Code  Gb  bluenrg_main_func.o [5]
BlueNRG_Stack_Initialize_Layers
                        0x10047cad    0x7e  Code  Gb  bluenrg_main_func.o [5]
BlueNRG_Stack_Initialize_RAM
                        0x10047c21    0x26  Code  Gb  bluenrg_main_func.o [5]
BlueNRG_Stack_Initialize_RAM_check
                        0x100477d5    0x5a  Code  Gb  bluenrg_main_func.o [5]
BlueNRG_Stack_Perform_Crystal_Check
                        0x10047df5    0xa8  Code  Lc  bluenrg_main_func.o [5]
BlueNRG_Start_Crystal_Measurement
                        0x1004837d    0x12  Code  Gb  bluenrg_main_func.o [5]
Blue_Flag_Ram_block$$Base
                        0x20000030           --   Gb  - Linker created -
Blue_Flag_Ram_block$$Limit
                        0x20000034           --   Gb  - Linker created -
Blue_Init_Global        0x10048455    0x84  Code  Gb  routines_support.o [5]
Blue_Set_Radio_Config_Data
                        0x10048625    0x1c  Code  Gb  rom_ll_routines_support.o [5]
CSTACK$$Base            0x20004900           --   Gb  - Linker created -
CSTACK$$Length          0x00000c00           --   Gb  - Linker created -
CSTACK$$Limit           0x20005500           --   Gb  - Linker created -
CallChainOfFunctionPointersWithContext<Gap const *>::clear()
                        0x1004a139    0x1a  Code  Gb  BlueNRG1Device.o [1]
CallChainOfFunctionPointersWithContext<Gap::ConnectionCallbackParams_t const *>::clear()
                        0x1004a16d    0x1a  Code  Gb  BlueNRG1Device.o [1]
CallChainOfFunctionPointersWithContext<Gap::DisconnectionCallbackParams_t const *>::clear()
                        0x1004a153    0x1a  Code  Gb  BlueNRG1Device.o [1]
CallChainOfFunctionPointersWithContext<Gap::TimeoutSource_t>::clear()
                        0x1004a187    0x1a  Code  Gb  BlueNRG1Device.o [1]
CallChainOfFunctionPointersWithContext<GattReadCallbackParams const *>::clear()
                        0x1004a249    0x1a  Code  Gb  GenericGattClient.o [1]
CallChainOfFunctionPointersWithContext<GattServer const *>::clear()
                        0x1004a297    0x1a  Code  Gb  BlueNRG1Device.o [1]
CallChainOfFunctionPointersWithContext<GattServer const *>::~CallChainOfFunctionPointersWithContext()
                        0x1004a231    0x18  Code  Gb  BlueNRG1Device.o [1]
CallChainOfFunctionPointersWithContext<GattWriteCallbackParams const *>::clear()
                        0x1004a263    0x1a  Code  Gb  GenericGattClient.o [1]
CallChainOfFunctionPointersWithContext<unsigned int>::clear()
                        0x1004a27d    0x1a  Code  Gb  BlueNRG1Device.o [1]
DEVICE_NAME             0x1004302c     0x4  Data  Lc  main.o [1]
DeviceConfiguration     0x100492f1    0xa4  Code  Gb  system_bluenrg1.o [1]
DtorRecArray            0x20002130     0xc  Data  Lc  cppinit.o [3]
Dynamic_allocator       0x100479ad   0x266  Code  Gb  mem_alloc.o [5]
Dynamic_allocator_noRet
                        0x10047c1d     0x2  Code  Gb  mem_alloc.o [5]
EventFlagsCheck         0x10046515    0x50  Code  Lc  rtx_evflags.o [1]
Events_Process_init     0x10048319    0x4a  Code  Gb  aci_events.o [5]
EvrRtxEventFlagsCreated
                        0x10047583     0x2  Code  Wk  rtx_evr.o [1]
EvrRtxEventFlagsDelete  0x100476f3     0x2  Code  Wk  rtx_evr.o [1]
EvrRtxEventFlagsDestroyed
                        0x1004758b     0x2  Code  Wk  rtx_evr.o [1]
EvrRtxEventFlagsError   0x10043259    0x44  Code  Gb  mbed_rtx_handlers.o [1]
EvrRtxEventFlagsNew     0x1004758d     0x2  Code  Wk  rtx_evr.o [1]
EvrRtxEventFlagsSet     0x1004758f     0x2  Code  Wk  rtx_evr.o [1]
EvrRtxEventFlagsSetDone
                        0x10047585     0x2  Code  Wk  rtx_evr.o [1]
EvrRtxEventFlagsWait    0x100476f1     0x2  Code  Wk  rtx_evr.o [1]
EvrRtxEventFlagsWaitCompleted
                        0x10047581     0x2  Code  Wk  rtx_evr.o [1]
EvrRtxEventFlagsWaitNotCompleted
                        0x10047589     0x2  Code  Wk  rtx_evr.o [1]
EvrRtxEventFlagsWaitPending
                        0x10047587     0x2  Code  Wk  rtx_evr.o [1]
EvrRtxEventFlagsWaitTimeout
                        0x1004306f     0x2  Code  Wk  rtx_evr.o [1]
EvrRtxKernelError       0x100431a1    0x40  Code  Gb  mbed_rtx_handlers.o [1]
EvrRtxKernelGetState    0x100438c1     0x2  Code  Wk  rtx_evr.o [1]
EvrRtxKernelInitialize  0x1004394b     0x2  Code  Wk  rtx_evr.o [1]
EvrRtxKernelInitializeCompleted
                        0x100438bf     0x2  Code  Wk  rtx_evr.o [1]
EvrRtxKernelStart       0x1004394d     0x2  Code  Wk  rtx_evr.o [1]
EvrRtxKernelStarted     0x10043949     0x2  Code  Wk  rtx_evr.o [1]
EvrRtxMemoryAlloc       0x10044553     0x2  Code  Wk  rtx_evr.o [1]
EvrRtxMemoryBlockAlloc  0x1004454f     0x2  Code  Wk  rtx_evr.o [1]
EvrRtxMemoryBlockFree   0x10044551     0x2  Code  Wk  rtx_evr.o [1]
EvrRtxMemoryBlockInit   0x1004454d     0x2  Code  Wk  rtx_evr.o [1]
EvrRtxMemoryFree        0x10044555     0x2  Code  Wk  rtx_evr.o [1]
EvrRtxMemoryInit        0x1004488d     0x2  Code  Wk  rtx_evr.o [1]
EvrRtxMemoryPoolAllocTimeout
                        0x10043075     0x2  Code  Wk  rtx_evr.o [1]
EvrRtxMessageQueueCreated
                        0x10048d59     0x2  Code  Wk  rtx_evr.o [1]
EvrRtxMessageQueueError
                        0x10043391    0x10  Code  Gb  mbed_rtx_handlers.o [1]
EvrRtxMessageQueueGet   0x10048d69     0x2  Code  Wk  rtx_evr.o [1]
EvrRtxMessageQueueGetPending
                        0x10048d5f     0x2  Code  Wk  rtx_evr.o [1]
EvrRtxMessageQueueGetTimeout
                        0x10043077     0x2  Code  Wk  rtx_evr.o [1]
EvrRtxMessageQueueInsertPending
                        0x10048d67     0x2  Code  Wk  rtx_evr.o [1]
EvrRtxMessageQueueInserted
                        0x10048d55     0x2  Code  Wk  rtx_evr.o [1]
EvrRtxMessageQueueNew   0x10048d63     0x2  Code  Wk  rtx_evr.o [1]
EvrRtxMessageQueueNotInserted
                        0x10048d5d     0x2  Code  Wk  rtx_evr.o [1]
EvrRtxMessageQueueNotRetrieved
                        0x10048d61     0x2  Code  Wk  rtx_evr.o [1]
EvrRtxMessageQueuePut   0x10048d65     0x2  Code  Wk  rtx_evr.o [1]
EvrRtxMessageQueuePutPending
                        0x10048d5b     0x2  Code  Wk  rtx_evr.o [1]
EvrRtxMessageQueuePutTimeout
                        0x10043079     0x2  Code  Wk  rtx_evr.o [1]
EvrRtxMessageQueueRetrieved
                        0x10048d57     0x2  Code  Wk  rtx_evr.o [1]
EvrRtxMutexAcquire      0x1004395d     0x2  Code  Wk  rtx_evr.o [1]
EvrRtxMutexAcquirePending
                        0x10043955     0x2  Code  Wk  rtx_evr.o [1]
EvrRtxMutexAcquireTimeout
                        0x10043071     0x2  Code  Wk  rtx_evr.o [1]
EvrRtxMutexAcquired     0x10043951     0x2  Code  Wk  rtx_evr.o [1]
EvrRtxMutexCreated      0x10043953     0x2  Code  Wk  rtx_evr.o [1]
EvrRtxMutexDelete       0x10043961     0x2  Code  Wk  rtx_evr.o [1]
EvrRtxMutexDestroyed    0x10043959     0x2  Code  Wk  rtx_evr.o [1]
EvrRtxMutexError        0x1004329d    0x44  Code  Gb  mbed_rtx_handlers.o [1]
EvrRtxMutexNew          0x1004395b     0x2  Code  Wk  rtx_evr.o [1]
EvrRtxMutexNotAcquired  0x10043957     0x2  Code  Wk  rtx_evr.o [1]
EvrRtxMutexRelease      0x1004395f     0x2  Code  Wk  rtx_evr.o [1]
EvrRtxMutexReleased     0x1004394f     0x2  Code  Wk  rtx_evr.o [1]
EvrRtxSemaphoreAcquireTimeout
                        0x10043073     0x2  Code  Wk  rtx_evr.o [1]
EvrRtxThreadBlocked     0x1004307f     0x2  Code  Wk  rtx_evr.o [1]
EvrRtxThreadCreated     0x100435e5     0x2  Code  Wk  rtx_evr.o [1]
EvrRtxThreadDelay       0x10046f49     0x2  Code  Wk  rtx_evr.o [1]
EvrRtxThreadDelayCompleted
                        0x1004306b     0x2  Code  Wk  rtx_evr.o [1]
EvrRtxThreadDestroyed   0x100435ed     0x2  Code  Wk  rtx_evr.o [1]
EvrRtxThreadError       0x100431f9    0x44  Code  Gb  mbed_rtx_handlers.o [1]
EvrRtxThreadExit        0x100433a1     0xc  Code  Gb  mbed_rtx_handlers.o [1]
EvrRtxThreadFlagsWaitCompleted
                        0x10043081     0x2  Code  Wk  rtx_evr.o [1]
EvrRtxThreadFlagsWaitTimeout
                        0x1004306d     0x2  Code  Wk  rtx_evr.o [1]
EvrRtxThreadGetId       0x100435e9     0x2  Code  Wk  rtx_evr.o [1]
EvrRtxThreadGetName     0x100435e7     0x2  Code  Wk  rtx_evr.o [1]
EvrRtxThreadJoined      0x100435eb     0x2  Code  Wk  rtx_evr.o [1]
EvrRtxThreadNew         0x100435ef     0x2  Code  Wk  rtx_evr.o [1]
EvrRtxThreadSwitch      0x1004307d     0x2  Code  Wk  rtx_evr.o [1]
EvrRtxThreadUnblocked   0x1004307b     0x2  Code  Wk  rtx_evr.o [1]
EvrRtxTimerCallback     0x100497ed     0x2  Code  Wk  rtx_evr.o [1]
FunctionPointerWithContext<BLE::InitializationCompleteCallbackContext *>::FunctionPointerWithContext(const FunctionPointerWithContext<BLE::InitializationCompleteCallbackContext *>&)
                        0x100444f5    0x16  Code  Gb  main.o [1]
FunctionPointerWithContext<BLE::InitializationCompleteCallbackContext *>::FunctionPointerWithContext(void (*)(BLE::InitializationCompleteCallbackContext *))
                        0x100444d5    0x20  Code  Gb  main.o [1]
FunctionPointerWithContext<BLE::InitializationCompleteCallbackContext *>::functioncaller(const FunctionPointerWithContext<BLE::InitializationCompleteCallbackContext *>*, BLE::InitializationCompleteCallbackContext *)
                        0x1004a64d    0x10  Code  Gb  main.o [1]
FunctionPointerWithContext<BLE::OnEventsToProcessCallbackContext *>::FunctionPointerWithContext(void (*)(BLE::OnEventsToProcessCallbackContext *))
                        0x100444b5    0x20  Code  Gb  main.o [1]
FunctionPointerWithContext<BLE::OnEventsToProcessCallbackContext *>::functioncaller(const FunctionPointerWithContext<BLE::OnEventsToProcessCallbackContext *>*, BLE::OnEventsToProcessCallbackContext *)
                        0x1004a63d    0x10  Code  Gb  main.o [1]
FunctionPointerWithContext<Gap::AdvertisementCallbackParams_t const *>::FunctionPointerWithContext(void (*)(Gap::AdvertisementCallbackParams_t const *))
                        0x1004796d    0x24  Code  Gb  BlueNRG1Device.o [1]
FunctionPointerWithContext<Gap::AdvertisementCallbackParams_t const *>::functioncaller(const FunctionPointerWithContext<Gap::AdvertisementCallbackParams_t const *>*, Gap::AdvertisementCallbackParams_t const *)
                        0x1004a5dd    0x10  Code  Gb  BlueNRG1Gap.o [1]
FunctionPointerWithContext<Gap::DisconnectionCallbackParams_t const *>::FunctionPointerWithContext(const FunctionPointerWithContext<Gap::DisconnectionCallbackParams_t const *>&)
                        0x100441e1    0x16  Code  Gb  main.o [1]
FunctionPointerWithContext<Gap::DisconnectionCallbackParams_t const *>::FunctionPointerWithContext(void (*)(Gap::DisconnectionCallbackParams_t const *))
                        0x100441c1    0x20  Code  Gb  main.o [1]
FunctionPointerWithContext<Gap::DisconnectionCallbackParams_t const *>::functioncaller(const FunctionPointerWithContext<Gap::DisconnectionCallbackParams_t const *>*, Gap::DisconnectionCallbackParams_t const *)
                        0x1004a60d    0x10  Code  Gb  main.o [1]
FunctionPointerWithContext<GattReadAuthCallbackParams *>::FunctionPointerWithContext(void (*)(GattReadAuthCallbackParams *))
                        0x10045d51    0x20  Code  Gb  main.o [1]
FunctionPointerWithContext<GattReadAuthCallbackParams *>::functioncaller(const FunctionPointerWithContext<GattReadAuthCallbackParams *>*, GattReadAuthCallbackParams *)
                        0x1004a61d    0x10  Code  Gb  main.o [1]
FunctionPointerWithContext<GattWriteAuthCallbackParams *>::FunctionPointerWithContext(void (*)(GattWriteAuthCallbackParams *))
                        0x10045d71    0x20  Code  Gb  main.o [1]
FunctionPointerWithContext<GattWriteAuthCallbackParams *>::functioncaller(const FunctionPointerWithContext<GattWriteAuthCallbackParams *>*, GattWriteAuthCallbackParams *)
                        0x1004a62d    0x10  Code  Gb  main.o [1]
FunctionPointerWithContext<bool>::FunctionPointerWithContext(void (*)(bool))
                        0x10047949    0x24  Code  Gb  BlueNRG1Device.o [1]
FunctionPointerWithContext<bool>::functioncaller(const FunctionPointerWithContext<bool>*, bool)
                        0x1004a5cd    0x10  Code  Gb  BlueNRG1Gap.o [1]
FunctionPointerWithContext<unsigned short>::FunctionPointerWithContext(void (*)(unsigned short))
                        0x10047481    0x24  Code  Gb  BlueNRG1Device.o [1]
FunctionPointerWithContext<unsigned short>::functioncaller(const FunctionPointerWithContext<unsigned short>*, unsigned short)
                        0x1004a5bd    0x10  Code  Gb  BlueNRG1Device.o [1]
GAP_Init_Context        0x10048299     0xe  Code  Gb  gap.o [5]
GPIO_Init               0x10044a19    0x9e  Code  Gb  BlueNRG1_gpio.o [1]
GPIO_ReadBit            0x10044ab7     0x6  Code  Gb  BlueNRG1_gpio.o [1]
GPIO_WriteBit           0x10044abd     0xe  Code  Gb  BlueNRG1_gpio.o [1]
Gap::accumulateAdvertisingPayload(GapAdvertisingData::DataType_t, unsigned char const *, unsigned char)
                        0x10044341    0x4c  Code  Gb  main.o [1]
Gap::getAddress(BLEProtocol::AddressType::Type *, unsigned char *)
                        0x1004a6e9     0x4  Code  Gb  BlueNRG1Gap.o [1]
Gap::getMinAdvertisingInterval() const
                        0x1004a6ed     0x4  Code  Gb  BlueNRG1Gap.o [1]
Gap::setAppearance(GapAdvertisingData::Appearance_t)
                        0x1004a6f1     0x4  Code  Gb  BlueNRG1Gap.o [1]
Gap::startAdvertising()
                        0x10043cad    0x1a  Code  Gb  main.o [1]
[...]
initialize              0x100470a9    0xde  Code  Lc  mbed_ticker_api.o [1]
initlocks               0x100418e3    0x6c  Code  Lc  xsyslock_mtx.o [3]
interrupt_enable_counter
                        0x20004820     0x4  Data  Lc  mbed_critical.o [1]
irq_handler             0x2000482c     0x4  Data  Lc  serial_api.o [1]
led1                    0x20004374     0x8  Data  Gb  main.o [1]
localeconv              0x10046ef3    0x18  Code  Gb  localeconv.o [3]
low_level_init_needed   0x20004688     0x1  Data  Lc  mbed_boot.o [1]
machine_time_trans      0x10048605    0x1c  Code  Gb  rom_ll_timehandling.o [5]
main                    0x10042f4d    0x82  Code  Gb  main.o [1]
mbed::Callback<void ()>::Callback(const mbed::Callback<void ()>&)
                        0x1004449d    0x18  Code  Gb  Ticker.o [1]
mbed::Callback<void ()>::Callback(void (*)())
                        0x10046481    0x30  Code  Gb  utest_shim.o [1]
mbed::Callback<void ()>::Callback<BLE, BLE>(BLE *, void (BLE::*)())
                        0x1004446d    0x30  Code  Gb  main.o [1]
mbed::Callback<void ()>::call() const::string
                        0x1004a6b0     0x8  Data  Gb  UDPSocket.o [1]
mbed::Callback<void ()>::call() const::string (instance 2)
                        0x1004a2b0    0x44  Data  Gb  ATCmdParser.o [1]
mbed::Callback<void ()>::method_context<BLE, void (BLE::*)()>::method_context(BLE *, void (BLE::*)())
                        0x10045ef3     0x8  Code  Gb  main.o [1]
mbed::Callback<void (int)>::Callback(void (*)(int))
                        0x10044891    0x30  Code  Gb  EventQueue.o [1]
mbed::FileBase::_head   0x20004790     0x4  Data  Gb  FileBase.o [1]
mbed::FileBase::_mutex  0x20004794    0x28  Data  Gb  FileBase.o [1]
mbed::FileBase::getPathType()
                        0x100461c9     0x4  Code  Gb  FileBase.o [1]
mbed::FileBase::lookup(char const *, unsigned int)
                        0x1004616d    0x58  Code  Gb  FileBase.o [1]
mbed::FilePath::FilePath(char const *)
                        0x10044735    0x40  Code  Gb  FilePath.o [1]
mbed::FilePath::fileName()
                        0x10044775     0x4  Code  Gb  FilePath.o [1]
mbed::FilePath::fileSystem()
                        0x10044779    0x20  Code  Gb  FilePath.o [1]
mbed::Ticker::handler()
                        0x100464e9    0x2a  Code  Gb  Ticker.o [1]
mbed::Ticker::setup(unsigned long long)
                        0x100464b1    0x38  Code  Gb  Ticker.o [1]
mbed::Timer::Timer()    0x1004634d    0x2a  Code  Gb  Timer.o [1]
mbed::Timer::read_ms()  0x100463a5    0x30  Code  Gb  Timer.o [1]
mbed::Timer::reset()    0x10046405    0x24  Code  Gb  Timer.o [1]
mbed::Timer::slicetime()
                        0x100463d5    0x30  Code  Gb  Timer.o [1]
mbed::Timer::start()    0x10046377    0x2e  Code  Gb  Timer.o [1]
mbed::TimerEvent::TimerEvent() [subobject]
                        0x10046429     0x4  Code  Gb  TimerEvent.o [1]
mbed::TimerEvent::insert_absolute(unsigned long long)
                        0x10046461    0x10  Code  Gb  TimerEvent.o [1]
mbed::TimerEvent::irq(unsigned int)
                        0x1004644f     0xa  Code  Gb  TimerEvent.o [1]
mbed::TimerEvent::remove()
                        0x10046471     0xe  Code  Gb  TimerEvent.o [1]
mbed_assert_internal    0x10045f4d    0x20  Code  Gb  mbed_assert.o [1]
mbed_die                0x10044799    0xf4  Code  Wk  mbed_board.o [1]
mbed_error_printf       0x100435f1    0x10  Code  Gb  mbed_board.o [1]
mbed_error_vfprintf     0x10043601    0x4a  Code  Gb  mbed_board.o [1]
mbed_heap_size          0x20004848     0x4  Data  Gb  mbed_retarget.o [1]
mbed_heap_start         0x20004844     0x4  Data  Gb  mbed_retarget.o [1]
mbed_main               0x10041c0d     0x2  Code  Wk  mbed_boot.o [1]
mbed_sdk_init           0x10043069     0x2  Code  Gb  mbed_overrides.o [1]
mbed_stack_isr_size     0x200046a0     0x4  Data  Gb  mbed_boot.o [1]
mbed_stack_isr_start    0x2000469c     0x4  Data  Gb  mbed_boot.o [1]
mbed_start_main         0x100419d5    0x3c  Code  Gb  mbed_boot.o [1]
mem_alloc_ctx_init      0x10047ec5    0xa0  Code  Gb  mem_alloc.o [5]
mem_alloc_ctx_p         0x200002d8     0x4  Data  Gb  mem_alloc.o [5]
memset                  0x1004756d    0x14  Code  Gb  memset.o [3]
mparams                 0x200047e0    0x18  Data  Lc  dlmalloc.o [3]
mtx                     0x200046e8    0x14  Data  Lc  xsyslock_mtx.o [3]
next_abi_dtor_rec       0x20004854     0x4  Data  Lc  cppinit.o [3]
nsar_init               0x10048501    0x14  Code  Gb  multi_master_time.o [5]
obuf                    0x20004494    0x50  Data  Lc  xfiles.o [3]
operator delete (void *)
                        0x10043823     0xe  Code  Gb  mbed_retarget.o [1]
operator delete[] (void *)
                        0x10043831     0xe  Code  Gb  mbed_retarget.o [1]
operator new (unsigned int)
                        0x100437f5    0x16  Code  Gb  mbed_retarget.o [1]
operator new[] (unsigned int)
                        0x1004380d    0x16  Code  Gb  mbed_retarget.o [1]
osDelay                 0x10045f15    0x24  Code  Gb  rtx_delay.o [1]
osEventFlagsDelete      0x10046925    0x32  Code  Gb  rtx_evflags.o [1]
osEventFlagsNew         0x100467dd    0x46  Code  Gb  rtx_evflags.o [1]
osEventFlagsSet         0x10046831    0x70  Code  Gb  rtx_evflags.o [1]
osEventFlagsWait        0x100468a1    0x84  Code  Gb  rtx_evflags.o [1]
osEventObs              0x20004828     0x4  Data  Gb  rt_OsEventObserver.o [1]
osKernelGetState        0x1004276d    0x3c  Code  Gb  rtx_kernel.o [1]
osKernelInitialize      0x1004271d    0x36  Code  Gb  rtx_kernel.o [1]
osKernelStart           0x100427a9    0x4e  Code  Gb  rtx_kernel.o [1]
osMessageQueueGet       0x10048cad    0x9c  Code  Gb  rtx_msgqueue.o [1]
osMessageQueueNew       0x10048bb9    0x4e  Code  Gb  rtx_msgqueue.o [1]
osMessageQueuePut       0x10048c09    0xa2  Code  Gb  rtx_msgqueue.o [1]
osMutexAcquire          0x10042ba9    0x28  Code  Gb  rtx_mutex.o [1]
osMutexDelete           0x10042c05    0x24  Code  Gb  rtx_mutex.o [1]
osMutexNew              0x10042b5d    0x46  Code  Gb  rtx_mutex.o [1]
osMutexRelease          0x10042bd1    0x24  Code  Gb  rtx_mutex.o [1]
osRegisterForOsEvents::has_been_called
                        0x20004824     0x1  Data  Lc  rt_OsEventObserver.o [1]
osRtxConfig             0x10049efc    0x68  Data  Gb  rtx_lib.o [1]
osRtxErrorNotify        0x10043095    0x60  Code  Gb  mbed_rtx_handlers.o [1]
osRtxEventFlagsPostProcess
                        0x10046565    0x46  Code  Gb  rtx_evflags.o [1]
osRtxIdleThread         0x1004308d     0x6  Code  Gb  mbed_rtx_handlers.o [1]
osRtxInfo               0x200003bc    0xa4  Data  Gb  rtx_kernel.o [1]
osRtxMemoryAlloc        0x100434c5    0x70  Code  Wk  rtx_memory.o [1]
osRtxMemoryFree         0x10043535    0x4e  Code  Wk  rtx_memory.o [1]
osRtxMemoryInit         0x10043881    0x3e  Code  Wk  rtx_memory.o [1]
osRtxMemoryPoolAlloc    0x1004343f    0x40  Code  Gb  rtx_mempool.o [1]
osRtxMemoryPoolFree     0x1004347f    0x46  Code  Gb  rtx_mempool.o [1]
osRtxMemoryPoolInit     0x100433f9    0x46  Code  Gb  rtx_mempool.o [1]
osRtxMessageQueuePostProcess
                        0x1004874d    0xfe  Code  Gb  rtx_msgqueue.o [1]
osRtxMutexOwnerRelease  0x1004281d    0x4e  Code  Gb  rtx_mutex.o [1]
osRtxPendSV_Handler     0x10047603    0x76  Code  Gb  rtx_system.o [1]
osRtxPostProcess        0x10047679    0x66  Code  Gb  rtx_system.o [1]
osRtxThreadBlock        0x10041e79    0x30  Code  Gb  rtx_thread.o [1]
osRtxThreadDelayRemove  0x10041d01    0x66  Code  Gb  rtx_thread.o [1]
osRtxThreadDelayTick    0x10041d67   0x10c  Code  Gb  rtx_thread.o [1]
osRtxThreadDispatch     0x10041ec9    0x6a  Code  Gb  rtx_thread.o [1]
osRtxThreadFree         0x100422c9    0x44  Code  Lc  rtx_thread.o [1]
osRtxThreadListGet      0x10041c99    0x1a  Code  Gb  rtx_thread.o [1]
osRtxThreadListPut      0x10041c69    0x30  Code  Gb  rtx_thread.o [1]
osRtxThreadListRemove   0x10041cd7    0x1a  Code  Gb  rtx_thread.o [1]
osRtxThreadListSort     0x10041cb3    0x24  Code  Gb  rtx_thread.o [1]
osRtxThreadPostProcess  0x1004200b    0x54  Code  Gb  rtx_thread.o [1]
osRtxThreadReadyPut     0x10041cf1    0x10  Code  Gb  rtx_thread.o [1]
osRtxThreadRegPtr       0x10041e73     0x6  Code  Gb  rtx_thread.o [1]
osRtxThreadStackCheck   0x10042481    0x2c  Code  Wk  rtx_thread.o [1]
osRtxThreadSwitch       0x10041ea9    0x18  Code  Gb  rtx_thread.o [1]
osRtxThreadWaitEnter    0x10041f65    0xa6  Code  Gb  rtx_thread.o [1]
osRtxThreadWaitExit     0x10041f33    0x32  Code  Gb  rtx_thread.o [1]
osRtxTick_Handler       0x10047591    0x72  Code  Gb  rtx_system.o [1]
osRtxTimerThread        0x10049799    0x54  Code  Wk  rtx_timer.o [1]
osRtxTimerTick          0x10049739    0x5a  Code  Gb  rtx_timer.o [1]
osRtxUserSVC            0x1004a6d8     0x4  Data  Wk  rtx_lib.o [1]
osThreadContextNew      0x100423c1    0x50  Code  Gb  rtx_thread.o [1]
osThreadExit            0x10042459    0x16  Code  Gb  rtx_thread.o [1]
osThreadGetId           0x10042435    0x24  Code  Gb  rtx_thread.o [1]
osThreadGetName         0x10042411    0x24  Code  Gb  rtx_thread.o [1]
osThreadNew             0x100423b5     0xa  Code  Gb  rtx_thread.o [1]
os_idle_thread_attr     0x1004a02c    0x24  Data  Lc  rtx_lib.o [1]
os_idle_thread_cb       0x20004534    0x48  Data  Lc  rtx_lib.o [1]
os_idle_thread_stack    0x20003c48   0x200  Data  Lc  rtx_lib.o [1]
os_isr_queue            0x20004648    0x40  Data  Lc  rtx_lib.o [1]
os_timer_mq_attr        0x1004a074    0x18  Data  Lc  rtx_lib.o [1]
os_timer_mq_cb          0x20004730    0x34  Data  Lc  rtx_lib.o [1]
os_timer_mq_data        0x200044e4    0x50  Data  Lc  rtx_lib.o [1]
os_timer_thread_attr    0x1004a050    0x24  Data  Lc  rtx_lib.o [1]
os_timer_thread_cb      0x2000457c    0x48  Data  Lc  rtx_lib.o [1]
os_timer_thread_stack   0x20003948   0x300  Data  Lc  rtx_lib.o [1]
ota_sw_activation       0x20000004     0x4  Data  Gb  system_bluenrg1.o [1]
ota_sw_activation_block$$Base
                        0x20000004           --   Gb  - Linker created -
ota_sw_activation_block$$Limit
                        0x20000008           --   Gb  - Linker created -
periodicCallback()      0x10042cd9    0x50  Code  Gb  main.o [1]
pre_main                0x10041a11    0x32  Code  Gb  mbed_boot.o [1]
prepend_alloc           0x1004014d   0x35e  Code  Lc  dlmalloc.o [3]
printMacAddress()       0x10042d29    0x5a  Code  Gb  main.o [1]
printf                  0x1004419d    0x24  Code  Gb  printf.o [3]
putchar                 0x1004a4f1    0x10  Code  Gb  putchar.o [3]
remove                  0x100437a5    0x40  Code  Gb  mbed_retarget.o [1]
ret                     0x20004605     0x1  Data  Gb  btle.o [1]
rtos::Mutex::Mutex()    0x10046f9d    0x4a  Code  Gb  Mutex.o [1]
rtos::Mutex::lock(unsigned int)
                        0x10046fed    0x16  Code  Gb  Mutex.o [1]
rtos::Mutex::unlock()   0x10047003    0x10  Code  Gb  Mutex.o [1]
rtos::Thread::wait(unsigned int)
                        0x10044545     0x8  Code  Gb  Thread.o [1]
rtos_idle_loop          0x10044521     0xa  Code  Gb  mbed_rtx_idle.o [1]
savedMSP                0x20000008     0x4  Data  Gb  system_bluenrg1.o [1]
savedMSP_block$$Base    0x20000008           --   Gb  - Linker created -
savedMSP_block$$Limit   0x2000000c           --   Gb  - Linker created -
scale                   0x1004578f    0x42  Code  Lc  xprintflarge.o [3]
scheduleBleEventsProcessing(BLE::OnEventsToProcessCallbackContext *)
                        0x10042eed    0x52  Code  Gb  main.o [1]
schedule_interrupt      0x10047339    0x68  Code  Lc  mbed_ticker_api.o [1]
segment_holding         0x100400c1    0x1c  Code  Lc  dlmalloc.o [3]
serial_baud             0x10044695     0x6  Code  Gb  serial_api.o [1]
serial_init             0x10044609    0x76  Code  Gb  serial_api.o [1]
serial_irq_ids          0x20004830     0x4  Data  Lc  serial_api.o [1]
serial_putc             0x1004467f    0x16  Code  Gb  serial_api.o [1]
set_freq                0x10048399    0x5e  Code  Gb  rom_ll_timehandling.o [5]
singleton_mutex_attr    0x2000468c    0x10  Data  Gb  mbed_boot.o [1]
singleton_mutex_id      0x200046a4     0x4  Data  Gb  mbed_boot.o [1]
singleton_mutex_obj     0x200046a8    0x1c  Data  Gb  mbed_boot.o [1]
sleep_manager_lock_deep_sleep
                        0x10045efb     0x2  Code  Gb  mbed_sleep_manager.o [1]
sleep_manager_unlock_deep_sleep
                        0x10045efd     0x2  Code  Gb  mbed_sleep_manager.o [1]
smp____SC_initialize    0x10048565    0x50  Code  Gb  smp_scv42_isap.o [5]
stacklib_flash_data     0x10067000   0x800  Data  Lc  btle.o [1]
stacklib_stored_device_id_data
                        0x10067800    0x38  Data  Lc  btle.o [1]
std_mutex_file          0x20004048   0x118  Data  Lc  mbed_boot.o [1]
std_mutex_id_file       0x20004020    0x28  Data  Lc  mbed_boot.o [1]
std_mutex_id_sys        0x20004260    0x14  Data  Lc  mbed_boot.o [1]
std_mutex_sys           0x20004274    0x8c  Data  Lc  mbed_boot.o [1]
stdio_uart              0x2000480c    0x10  Data  Gb  serial_api.o [1]
stdio_uart_inited       0x2000484c     0x4  Data  Gb  serial_api.o [1]
strlen                  0x1004699d    0x10  Code  Gb  strlen.o [7]
strncmp                 0x10047071    0x2c  Code  Gb  strncmp.o [3]
svcRtxDelay             0x10045f01    0x14  Code  Gb  rtx_delay.o [1]
svcRtxEventFlagsDelete  0x10046769    0x72  Code  Gb  rtx_evflags.o [1]
svcRtxEventFlagsNew     0x100465ab    0x76  Code  Gb  rtx_evflags.o [1]
svcRtxEventFlagsSet     0x10046621    0xa2  Code  Gb  rtx_evflags.o [1]
svcRtxEventFlagsWait    0x100466c3    0xa6  Code  Gb  rtx_evflags.o [1]
svcRtxKernelGetState    0x1004265d     0xe  Code  Gb  rtx_kernel.o [1]
svcRtxKernelInitialize  0x100424d5   0x17a  Code  Gb  rtx_kernel.o [1]
svcRtxKernelStart       0x1004266b    0xa6  Code  Gb  rtx_kernel.o [1]
svcRtxMessageQueueGet   0x10048aa3   0x106  Code  Gb  rtx_msgqueue.o [1]
svcRtxMessageQueueNew   0x1004884b   0x16e  Code  Gb  rtx_msgqueue.o [1]
svcRtxMessageQueuePut   0x100489b9    0xea  Code  Gb  rtx_msgqueue.o [1]
svcRtxMutexAcquire      0x100428e7    0xca  Code  Gb  rtx_mutex.o [1]
svcRtxMutexDelete       0x10042aa3    0xba  Code  Gb  rtx_mutex.o [1]
svcRtxMutexNew          0x1004286b    0x7c  Code  Gb  rtx_mutex.o [1]
svcRtxMutexRelease      0x100429b1    0xdc  Code  Gb  rtx_mutex.o [1]
svcRtxThreadExit        0x1004230d    0xa0  Code  Gb  rtx_thread.o [1]
svcRtxThreadGetId       0x10042299    0x10  Code  Gb  rtx_thread.o [1]
svcRtxThreadGetName     0x1004226f    0x2a  Code  Gb  rtx_thread.o [1]
svcRtxThreadNew         0x10042069   0x206  Code  Gb  rtx_thread.o [1]
sys_alloc               0x100404b5   0x3e8  Code  Lc  dlmalloc.o [3]
syslock_o               0x200046c4     0x4  Data  Lc  xsyslock_mtx.o [3]
system_time_trans       0x1004865b     0xa  Code  Gb  rom_ll_timehandling.o [5]
system_time_trans_ext   0x10048679    0x26  Code  Gb  rom_ll_timehandling.o [5]
terminate_hook          0x20004850     0x4  Data  Lc  Thread.o [1]
thread_terminate_hook   0x10044531    0x10  Code  Gb  Thread.o [1]
ticker_insert_event_us  0x100473b1    0x52  Code  Gb  mbed_ticker_api.o [1]
ticker_read             0x10047437     0x4  Code  Gb  mbed_ticker_api.o [1]
ticker_read_us          0x1004743b     0x2  Code  Gb  mbed_ticker_api.o [1]
ticker_remove_event     0x10047403    0x34  Code  Gb  mbed_ticker_api.o [1]
ticker_set_handler      0x100473a1    0x10  Code  Gb  mbed_ticker_api.o [1]
tmalloc_large           0x100408a9   0x3ca  Code  Lc  dlmalloc.o [3]
tmalloc_small           0x10040c79   0x230  Code  Lc  dlmalloc.o [3]
updateSensorValue()     0x10042c99    0x40  Code  Gb  main.o [1]
update_present_time     0x100471d1    0xf4  Code  Lc  mbed_ticker_api.o [1]
us_data                 0x100470a0     0x8  Data  Lc  mbed_us_ticker_api.o [1]
us_interface            0x1004a488    0x1c  Data  Lc  mbed_us_ticker_api.o [1]
us_ticker_clear_interrupt
                        0x10049a51     0x2  Code  Gb  us_ticker_api.o [1]
us_ticker_disable_interrupt
                        0x10049a37     0xc  Code  Gb  us_ticker_api.o [1]
us_ticker_fire_interrupt
                        0x10049a53     0x2  Code  Gb  us_ticker_api.o [1]
us_ticker_get_info      0x1004a6c1     0x8  Code  Wk  mbed_retarget.o [1]
us_ticker_get_info::info
                        0x1004a6a8     0x8  Data  Lc  mbed_retarget.o [1]
us_ticker_init          0x100499b7    0x5c  Code  Gb  us_ticker_api.o [1]
us_ticker_read          0x10049a13    0x18  Code  Gb  us_ticker_api.o [1]
us_ticker_set_interrupt
                        0x10049a2b     0xc  Code  Gb  us_ticker_api.o [1]
uuid16_list             0x10043030     0x2  Data  Lc  main.o [1]
void events::EventQueue::function_call<mbed::Callback<void ()>>(void *)
                        0x1004a409    0x28  Code  Gb  main.o [1]
void events::EventQueue::function_call<void (*)()>(void *)
                        0x1004a6b9     0x8  Code  Gb  main.o [1]
void events::EventQueue::function_dtor<mbed::Callback<void ()>>(void *)
                        0x1004a5fd    0x10  Code  Gb  main.o [1]
void events::EventQueue::function_dtor<void (*)()>(void *)
                        0x10043a73     0x2  Code  Gb  main.o [1]
void mbed::Callback<void ()>::function_call<mbed::Callback<void ()>::method_context<BLE, void (BLE::*)()>>(void const *)
                        0x10041783    0x1e  Code  Gb  main.o [1]
void mbed::Callback<void ()>::function_call<void (*)()>(void const *)
                        0x1004a6c9     0x8  Code  Gb  utest_shim.o [1]
void mbed::Callback<void ()>::function_dtor<mbed::Callback<void ()>::method_context<BLE, void (BLE::*)()>>(void *)
                        0x10043963     0x2  Code  Gb  main.o [1]
void mbed::Callback<void ()>::function_dtor<void (*)()>(void *)
                        0x10046f4b     0x2  Code  Gb  utest_shim.o [1]
void mbed::Callback<void ()>::function_move<mbed::Callback<void ()>::method_context<BLE, void (BLE::*)()>>(void *, void const *)
                        0x1004a5ed    0x10  Code  Gb  main.o [1]
void mbed::Callback<void ()>::function_move<void (*)()>(void *, void const *)
                        0x10043583     0xa  Code  Gb  utest_shim.o [1]
void mbed::Callback<void ()>::generate<mbed::Callback<void ()>::method_context<BLE, void (BLE::*)()>>(mbed::Callback<void ()>::method_context<BLE, void (BLE::*)()> const &)::ops
                        0x1004a678     0xc  Data  Gb  main.o [1]
void mbed::Callback<void ()>::generate<void (*)()>(void (*)() const &)::ops
                        0x1004a684     0xc  Data  Gb  utest_shim.o [1]
void mbed::Callback<void (int)>::function_call<void (*)(int)>(void const *, int)
                        0x1004a691     0xc  Code  Gb  EventQueue.o [1]
void mbed::Callback<void (int)>::function_dtor<void (*)(int)>(void *)
                        0x100438c3     0x2  Code  Gb  EventQueue.o [1]
void mbed::Callback<void (int)>::function_move<void (*)(int)>(void *, void const *)
                        0x10043083     0xa  Code  Gb  EventQueue.o [1]
void mbed::Callback<void (int)>::generate<void (*)(int)>(void (*)(int) const &)::ops
                        0x1004a66c     0xc  Data  Gb  EventQueue.o [1]
vsnprintf               0x100445cd    0x3c  Code  Gb  vsnprint.o [3]
wait_ms                 0x100461cd     0xe  Code  Gb  mbed_wait_api_rtos.o [1]
wait_us                 0x100461db     0x2  Code  Gb  mbed_wait_api_rtos.o [1]
wakeupFromSleepFlag     0x2000000c     0x1  Data  Gb  system_bluenrg1.o [1]
wakeupFromSleepFlag_block$$Base
                        0x2000000c           --   Gb  - Linker created -
wakeupFromSleepFlag_block$$Limit
                        0x20000010           --   Gb  - Linker created -


[1] = C:\Users\Gianluca\Documents\mbed\Heart\BUILD\Obj
[2] = command line
[3] = dl6M_tlf.a
[4] = dlpp6M_tl_fc.a
[5] = libbluenrg1_stack.a
[6] = m6M_tl.a
[7] = rt6M_tl.a

  40 982 bytes of readonly  code memory
   4 035 bytes of readonly  data memory
  24 237 bytes of readwrite data memory

Errors: none
Warnings: none
