###############################################################################
#
# IAR ELF Linker V7.70.1.11437/W32 for ARM                14/May/2018  15:35:13
# Copyright 2007-2016 IAR Systems AB.
#
#    Output file  =  C:\Users\Gianluca\Documents\mbed\Heart\BUILD\Exe\name.out
#    Map file     =  C:\Users\Gianluca\Documents\mbed\Heart\BUILD\List\name.map
#    Command line =  
#        C:\Users\Gianluca\Documents\mbed\Heart\BUILD\Obj\aes.o
#        C:\Users\Gianluca\Documents\mbed\Heart\BUILD\Obj\aesni.o
#        C:\Users\Gianluca\Documents\mbed\Heart\BUILD\Obj\AnalogIn.o
#        C:\Users\Gianluca\Documents\mbed\Heart\BUILD\Obj\arc4.o
#        C:\Users\Gianluca\Documents\mbed\Heart\BUILD\Obj\asn1parse.o
#        C:\Users\Gianluca\Documents\mbed\Heart\BUILD\Obj\asn1write.o
#        C:\Users\Gianluca\Documents\mbed\Heart\BUILD\Obj\ATCmdParser.o
#        C:\Users\Gianluca\Documents\mbed\Heart\BUILD\Obj\base64.o
#        C:\Users\Gianluca\Documents\mbed\Heart\BUILD\Obj\bignum.o
#        C:\Users\Gianluca\Documents\mbed\Heart\BUILD\Obj\BLE.o
#        C:\Users\Gianluca\Documents\mbed\Heart\BUILD\Obj\ble_payload.o
#        C:\Users\Gianluca\Documents\mbed\Heart\BUILD\Obj\ble_utils.o
#        C:\Users\Gianluca\Documents\mbed\Heart\BUILD\Obj\BLEInstanceBase.o
#        C:\Users\Gianluca\Documents\mbed\Heart\BUILD\Obj\blowfish.o
#        C:\Users\Gianluca\Documents\mbed\Heart\BUILD\Obj\BlueNRG1_adc.o
#        C:\Users\Gianluca\Documents\mbed\Heart\BUILD\Obj\BlueNRG1_ble.o
#        C:\Users\Gianluca\Documents\mbed\Heart\BUILD\Obj\BlueNRG1_dma.o
#        C:\Users\Gianluca\Documents\mbed\Heart\BUILD\Obj\BlueNRG1_flash.o
#        C:\Users\Gianluca\Documents\mbed\Heart\BUILD\Obj\BlueNRG1_gpio.o
#        C:\Users\Gianluca\Documents\mbed\Heart\BUILD\Obj\BlueNRG1_i2c.o
#        C:\Users\Gianluca\Documents\mbed\Heart\BUILD\Obj\BlueNRG1_it.o
#        C:\Users\Gianluca\Documents\mbed\Heart\BUILD\Obj\BlueNRG1_mft.o
#        C:\Users\Gianluca\Documents\mbed\Heart\BUILD\Obj\BlueNRG1_pka.o
#        C:\Users\Gianluca\Documents\mbed\Heart\BUILD\Obj\BlueNRG1_rng.o
#        C:\Users\Gianluca\Documents\mbed\Heart\BUILD\Obj\BlueNRG1_rtc.o
#        C:\Users\Gianluca\Documents\mbed\Heart\BUILD\Obj\BlueNRG1_spi.o
#        C:\Users\Gianluca\Documents\mbed\Heart\BUILD\Obj\BlueNRG1_sysCtrl.o
#        C:\Users\Gianluca\Documents\mbed\Heart\BUILD\Obj\BlueNRG1_uart.o
#        C:\Users\Gianluca\Documents\mbed\Heart\BUILD\Obj\BlueNRG1_wdg.o
#        C:\Users\Gianluca\Documents\mbed\Heart\BUILD\Obj\BlueNRG1Device.o
#        C:\Users\Gianluca\Documents\mbed\Heart\BUILD\Obj\BlueNRG1DiscoveredCharacteristic.o
#        C:\Users\Gianluca\Documents\mbed\Heart\BUILD\Obj\BlueNRG1Gap.o
#        C:\Users\Gianluca\Documents\mbed\Heart\BUILD\Obj\BlueNRG1GattClient.o
#        C:\Users\Gianluca\Documents\mbed\Heart\BUILD\Obj\BlueNRG1GattConnectionClient.o
#        C:\Users\Gianluca\Documents\mbed\Heart\BUILD\Obj\BlueNRG1GattServer.o
#        C:\Users\Gianluca\Documents\mbed\Heart\BUILD\Obj\btle.o
#        C:\Users\Gianluca\Documents\mbed\Heart\BUILD\Obj\BusIn.o
#        C:\Users\Gianluca\Documents\mbed\Heart\BUILD\Obj\BusInOut.o
#        C:\Users\Gianluca\Documents\mbed\Heart\BUILD\Obj\BusOut.o
#        C:\Users\Gianluca\Documents\mbed\Heart\BUILD\Obj\CallChain.o
#        C:\Users\Gianluca\Documents\mbed\Heart\BUILD\Obj\camellia.o
#        C:\Users\Gianluca\Documents\mbed\Heart\BUILD\Obj\CAN.o
#        C:\Users\Gianluca\Documents\mbed\Heart\BUILD\Obj\ccm.o
#        C:\Users\Gianluca\Documents\mbed\Heart\BUILD\Obj\ccsbcs.o
#        C:\Users\Gianluca\Documents\mbed\Heart\BUILD\Obj\certs.o
#        C:\Users\Gianluca\Documents\mbed\Heart\BUILD\Obj\ChainingBlockDevice.o
#        C:\Users\Gianluca\Documents\mbed\Heart\BUILD\Obj\cipher.o
#        C:\Users\Gianluca\Documents\mbed\Heart\BUILD\Obj\cipher_wrap.o
#        C:\Users\Gianluca\Documents\mbed\Heart\BUILD\Obj\cmac.o
#        C:\Users\Gianluca\Documents\mbed\Heart\BUILD\Obj\cmain.o
#        C:\Users\Gianluca\Documents\mbed\Heart\BUILD\Obj\cmsis_nvic.o
#        C:\Users\Gianluca\Documents\mbed\Heart\BUILD\Obj\cmsis_os1.o
#        C:\Users\Gianluca\Documents\mbed\Heart\BUILD\Obj\ConditionVariable.o
#        C:\Users\Gianluca\Documents\mbed\Heart\BUILD\Obj\ctr_drbg.o
#        C:\Users\Gianluca\Documents\mbed\Heart\BUILD\Obj\debug.o
#        C:\Users\Gianluca\Documents\mbed\Heart\BUILD\Obj\des.o
#        C:\Users\Gianluca\Documents\mbed\Heart\BUILD\Obj\DFUService.o
#        C:\Users\Gianluca\Documents\mbed\Heart\BUILD\Obj\dhm.o
#        C:\Users\Gianluca\Documents\mbed\Heart\BUILD\Obj\Dir.o
#        C:\Users\Gianluca\Documents\mbed\Heart\BUILD\Obj\DiscoveredCharacteristic.o
#        C:\Users\Gianluca\Documents\mbed\Heart\BUILD\Obj\ecdh.o
#        C:\Users\Gianluca\Documents\mbed\Heart\BUILD\Obj\ecdsa.o
#        C:\Users\Gianluca\Documents\mbed\Heart\BUILD\Obj\ecjpake.o
#        C:\Users\Gianluca\Documents\mbed\Heart\BUILD\Obj\ecp.o
#        C:\Users\Gianluca\Documents\mbed\Heart\BUILD\Obj\ecp_curves.o
#        C:\Users\Gianluca\Documents\mbed\Heart\BUILD\Obj\entropy.o
#        C:\Users\Gianluca\Documents\mbed\Heart\BUILD\Obj\entropy_poll.o
#        C:\Users\Gianluca\Documents\mbed\Heart\BUILD\Obj\equeue.o
#        C:\Users\Gianluca\Documents\mbed\Heart\BUILD\Obj\equeue_mbed.o
#        C:\Users\Gianluca\Documents\mbed\Heart\BUILD\Obj\equeue_posix.o
#        C:\Users\Gianluca\Documents\mbed\Heart\BUILD\Obj\error.o
#        C:\Users\Gianluca\Documents\mbed\Heart\BUILD\Obj\Ethernet.o
#        C:\Users\Gianluca\Documents\mbed\Heart\BUILD\Obj\EventFlags.o
#        C:\Users\Gianluca\Documents\mbed\Heart\BUILD\Obj\EventQueue.o
#        C:\Users\Gianluca\Documents\mbed\Heart\BUILD\Obj\FATFileSystem.o
#        C:\Users\Gianluca\Documents\mbed\Heart\BUILD\Obj\ff.o
#        C:\Users\Gianluca\Documents\mbed\Heart\BUILD\Obj\File.o
#        C:\Users\Gianluca\Documents\mbed\Heart\BUILD\Obj\FileBase.o
#        C:\Users\Gianluca\Documents\mbed\Heart\BUILD\Obj\FileHandle.o
#        C:\Users\Gianluca\Documents\mbed\Heart\BUILD\Obj\FilePath.o
#        C:\Users\Gianluca\Documents\mbed\Heart\BUILD\Obj\FileSystem.o
#        C:\Users\Gianluca\Documents\mbed\Heart\BUILD\Obj\FileSystemHandle.o
#        C:\Users\Gianluca\Documents\mbed\Heart\BUILD\Obj\FlashIAP.o
#        C:\Users\Gianluca\Documents\mbed\Heart\BUILD\Obj\GapScanningParams.o
#        C:\Users\Gianluca\Documents\mbed\Heart\BUILD\Obj\gcm.o
#        C:\Users\Gianluca\Documents\mbed\Heart\BUILD\Obj\GenericGattClient.o
#        C:\Users\Gianluca\Documents\mbed\Heart\BUILD\Obj\gpio_api.o
#        C:\Users\Gianluca\Documents\mbed\Heart\BUILD\Obj\greentea_metrics.o
#        C:\Users\Gianluca\Documents\mbed\Heart\BUILD\Obj\greentea_serial.o
#        C:\Users\Gianluca\Documents\mbed\Heart\BUILD\Obj\greentea_test_env.o
#        C:\Users\Gianluca\Documents\mbed\Heart\BUILD\Obj\havege.o
#        C:\Users\Gianluca\Documents\mbed\Heart\BUILD\Obj\HeapBlockDevice.o
#        C:\Users\Gianluca\Documents\mbed\Heart\BUILD\Obj\hmac_drbg.o
#        C:\Users\Gianluca\Documents\mbed\Heart\BUILD\Obj\I2C.o
#        C:\Users\Gianluca\Documents\mbed\Heart\BUILD\Obj\I2CSlave.o
#        C:\Users\Gianluca\Documents\mbed\Heart\BUILD\Obj\InterruptIn.o
#        C:\Users\Gianluca\Documents\mbed\Heart\BUILD\Obj\InterruptManager.o
#        C:\Users\Gianluca\Documents\mbed\Heart\BUILD\Obj\irq_cm0.o
#        C:\Users\Gianluca\Documents\mbed\Heart\Bluetooth_LE\library\libbluenrg1_stack.a
#        C:\Users\Gianluca\Documents\mbed\Heart\BUILD\Obj\LocalFileSystem.o
#        C:\Users\Gianluca\Documents\mbed\Heart\BUILD\Obj\main.o
#        C:\Users\Gianluca\Documents\mbed\Heart\BUILD\Obj\mbed-utest-shim.o
#        C:\Users\Gianluca\Documents\mbed\Heart\BUILD\Obj\mbed_alloc_wrappers.o
#        C:\Users\Gianluca\Documents\mbed\Heart\BUILD\Obj\mbed_application.o
#        C:\Users\Gianluca\Documents\mbed\Heart\BUILD\Obj\mbed_assert.o
#        C:\Users\Gianluca\Documents\mbed\Heart\BUILD\Obj\mbed_board.o
#        C:\Users\Gianluca\Documents\mbed\Heart\BUILD\Obj\mbed_boot.o
#        C:\Users\Gianluca\Documents\mbed\Heart\BUILD\Obj\mbed_critical.o
#        C:\Users\Gianluca\Documents\mbed\Heart\BUILD\Obj\mbed_error.o
#        C:\Users\Gianluca\Documents\mbed\Heart\BUILD\Obj\mbed_flash_api.o
#        C:\Users\Gianluca\Documents\mbed\Heart\BUILD\Obj\mbed_gpio.o
#        C:\Users\Gianluca\Documents\mbed\Heart\BUILD\Obj\mbed_interface.o
#        C:\Users\Gianluca\Documents\mbed\Heart\BUILD\Obj\mbed_lp_ticker_api.o
#        C:\Users\Gianluca\Documents\mbed\Heart\BUILD\Obj\mbed_mem_trace.o
#        C:\Users\Gianluca\Documents\mbed\Heart\BUILD\Obj\mbed_mktime.o
#        C:\Users\Gianluca\Documents\mbed\Heart\BUILD\Obj\mbed_overrides.o
#        C:\Users\Gianluca\Documents\mbed\Heart\BUILD\Obj\mbed_pinmap_common.o
#        C:\Users\Gianluca\Documents\mbed\Heart\BUILD\Obj\mbed_poll.o
#        C:\Users\Gianluca\Documents\mbed\Heart\BUILD\Obj\mbed_retarget.o
#        C:\Users\Gianluca\Documents\mbed\Heart\BUILD\Obj\mbed_rtc_time.o
#        C:\Users\Gianluca\Documents\mbed\Heart\BUILD\Obj\mbed_rtx_handlers.o
#        C:\Users\Gianluca\Documents\mbed\Heart\BUILD\Obj\mbed_rtx_idle.o
#        C:\Users\Gianluca\Documents\mbed\Heart\BUILD\Obj\mbed_sdk_boot.o
#        C:\Users\Gianluca\Documents\mbed\Heart\BUILD\Obj\mbed_semihost_api.o
#        C:\Users\Gianluca\Documents\mbed\Heart\BUILD\Obj\mbed_shared_queues.o
#        C:\Users\Gianluca\Documents\mbed\Heart\BUILD\Obj\mbed_sleep_manager.o
#        C:\Users\Gianluca\Documents\mbed\Heart\BUILD\Obj\mbed_stats.o
#        C:\Users\Gianluca\Documents\mbed\Heart\BUILD\Obj\mbed_ticker_api.o
#        C:\Users\Gianluca\Documents\mbed\Heart\BUILD\Obj\mbed_trng.o
#        C:\Users\Gianluca\Documents\mbed\Heart\BUILD\Obj\mbed_us_ticker_api.o
#        C:\Users\Gianluca\Documents\mbed\Heart\BUILD\Obj\mbed_wait_api_no_rtos.o
#        C:\Users\Gianluca\Documents\mbed\Heart\BUILD\Obj\mbed_wait_api_rtos.o
#        C:\Users\Gianluca\Documents\mbed\Heart\BUILD\Obj\MBRBlockDevice.o
#        C:\Users\Gianluca\Documents\mbed\Heart\BUILD\Obj\md.o
#        C:\Users\Gianluca\Documents\mbed\Heart\BUILD\Obj\md2.o
#        C:\Users\Gianluca\Documents\mbed\Heart\BUILD\Obj\md4.o
#        C:\Users\Gianluca\Documents\mbed\Heart\BUILD\Obj\md5.o
#        C:\Users\Gianluca\Documents\mbed\Heart\BUILD\Obj\md_wrap.o
#        C:\Users\Gianluca\Documents\mbed\Heart\BUILD\Obj\memory_buffer_alloc.o
#        C:\Users\Gianluca\Documents\mbed\Heart\BUILD\Obj\misc.o
#        C:\Users\Gianluca\Documents\mbed\Heart\BUILD\Obj\Mutex.o
#        C:\Users\Gianluca\Documents\mbed\Heart\BUILD\Obj\net_sockets.o
#        C:\Users\Gianluca\Documents\mbed\Heart\BUILD\Obj\NetworkInterface.o
#        C:\Users\Gianluca\Documents\mbed\Heart\BUILD\Obj\NetworkStack.o
#        C:\Users\Gianluca\Documents\mbed\Heart\BUILD\Obj\nsapi_dns.o
#        C:\Users\Gianluca\Documents\mbed\Heart\BUILD\Obj\oid.o
#        C:\Users\Gianluca\Documents\mbed\Heart\BUILD\Obj\OnboardCellularInterface.o
#        C:\Users\Gianluca\Documents\mbed\Heart\BUILD\Obj\os_systick.o
#        C:\Users\Gianluca\Documents\mbed\Heart\BUILD\Obj\os_tick_ptim.o
#        C:\Users\Gianluca\Documents\mbed\Heart\BUILD\Obj\osal.o
#        C:\Users\Gianluca\Documents\mbed\Heart\BUILD\Obj\padlock.o
#        C:\Users\Gianluca\Documents\mbed\Heart\BUILD\Obj\pem.o
#        C:\Users\Gianluca\Documents\mbed\Heart\BUILD\Obj\pin_device.o
#        C:\Users\Gianluca\Documents\mbed\Heart\BUILD\Obj\pinmap.o
#        C:\Users\Gianluca\Documents\mbed\Heart\BUILD\Obj\pk.o
#        C:\Users\Gianluca\Documents\mbed\Heart\BUILD\Obj\pk_wrap.o
#        C:\Users\Gianluca\Documents\mbed\Heart\BUILD\Obj\pkcs11.o
#        C:\Users\Gianluca\Documents\mbed\Heart\BUILD\Obj\pkcs12.o
#        C:\Users\Gianluca\Documents\mbed\Heart\BUILD\Obj\pkcs5.o
#        C:\Users\Gianluca\Documents\mbed\Heart\BUILD\Obj\pkparse.o
#        C:\Users\Gianluca\Documents\mbed\Heart\BUILD\Obj\pkwrite.o
#        C:\Users\Gianluca\Documents\mbed\Heart\BUILD\Obj\platform.o
#        C:\Users\Gianluca\Documents\mbed\Heart\BUILD\Obj\PPPCellularInterface.o
#        C:\Users\Gianluca\Documents\mbed\Heart\BUILD\Obj\ProfilingBlockDevice.o
#        C:\Users\Gianluca\Documents\mbed\Heart\BUILD\Obj\RawSerial.o
#        C:\Users\Gianluca\Documents\mbed\Heart\BUILD\Obj\ripemd160.o
#        C:\Users\Gianluca\Documents\mbed\Heart\BUILD\Obj\rsa.o
#        C:\Users\Gianluca\Documents\mbed\Heart\BUILD\Obj\rt_OsEventObserver.o
#        C:\Users\Gianluca\Documents\mbed\Heart\BUILD\Obj\RtosTimer.o
#        C:\Users\Gianluca\Documents\mbed\Heart\BUILD\Obj\RTX_Config.o
#        C:\Users\Gianluca\Documents\mbed\Heart\BUILD\Obj\rtx_delay.o
#        C:\Users\Gianluca\Documents\mbed\Heart\BUILD\Obj\rtx_evflags.o
#        C:\Users\Gianluca\Documents\mbed\Heart\BUILD\Obj\rtx_evr.o
#        C:\Users\Gianluca\Documents\mbed\Heart\BUILD\Obj\rtx_kernel.o
#        C:\Users\Gianluca\Documents\mbed\Heart\BUILD\Obj\rtx_lib.o
#        C:\Users\Gianluca\Documents\mbed\Heart\BUILD\Obj\rtx_memory.o
#        C:\Users\Gianluca\Documents\mbed\Heart\BUILD\Obj\rtx_mempool.o
#        C:\Users\Gianluca\Documents\mbed\Heart\BUILD\Obj\rtx_msgqueue.o
#        C:\Users\Gianluca\Documents\mbed\Heart\BUILD\Obj\rtx_mutex.o
#        C:\Users\Gianluca\Documents\mbed\Heart\BUILD\Obj\rtx_semaphore.o
#        C:\Users\Gianluca\Documents\mbed\Heart\BUILD\Obj\rtx_system.o
#        C:\Users\Gianluca\Documents\mbed\Heart\BUILD\Obj\rtx_thread.o
#        C:\Users\Gianluca\Documents\mbed\Heart\BUILD\Obj\rtx_timer.o
#        C:\Users\Gianluca\Documents\mbed\Heart\BUILD\Obj\Semaphore.o
#        C:\Users\Gianluca\Documents\mbed\Heart\BUILD\Obj\Serial.o
#        C:\Users\Gianluca\Documents\mbed\Heart\BUILD\Obj\serial_api.o
#        C:\Users\Gianluca\Documents\mbed\Heart\BUILD\Obj\SerialBase.o
#        C:\Users\Gianluca\Documents\mbed\Heart\BUILD\Obj\sha1.o
#        C:\Users\Gianluca\Documents\mbed\Heart\BUILD\Obj\sha256.o
#        C:\Users\Gianluca\Documents\mbed\Heart\BUILD\Obj\sha512.o
#        C:\Users\Gianluca\Documents\mbed\Heart\BUILD\Obj\SlicingBlockDevice.o
#        C:\Users\Gianluca\Documents\mbed\Heart\BUILD\Obj\Socket.o
#        C:\Users\Gianluca\Documents\mbed\Heart\BUILD\Obj\SocketAddress.o
#        C:\Users\Gianluca\Documents\mbed\Heart\BUILD\Obj\SPI.o
#        C:\Users\Gianluca\Documents\mbed\Heart\BUILD\Obj\spi_api.o
#        C:\Users\Gianluca\Documents\mbed\Heart\BUILD\Obj\SPISlave.o
#        C:\Users\Gianluca\Documents\mbed\Heart\BUILD\Obj\ssl_cache.o
#        C:\Users\Gianluca\Documents\mbed\Heart\BUILD\Obj\ssl_ciphersuites.o
#        C:\Users\Gianluca\Documents\mbed\Heart\BUILD\Obj\ssl_cli.o
#        C:\Users\Gianluca\Documents\mbed\Heart\BUILD\Obj\ssl_cookie.o
#        C:\Users\Gianluca\Documents\mbed\Heart\BUILD\Obj\ssl_srv.o
#        C:\Users\Gianluca\Documents\mbed\Heart\BUILD\Obj\ssl_ticket.o
#        C:\Users\Gianluca\Documents\mbed\Heart\BUILD\Obj\ssl_tls.o
#        C:\Users\Gianluca\Documents\mbed\Heart\BUILD\Obj\startup_bluenrg1.o
#        C:\Users\Gianluca\Documents\mbed\Heart\BUILD\Obj\Stream.o
#        C:\Users\Gianluca\Documents\mbed\Heart\BUILD\Obj\system_bluenrg1.o
#        C:\Users\Gianluca\Documents\mbed\Heart\BUILD\Obj\TCPServer.o
#        C:\Users\Gianluca\Documents\mbed\Heart\BUILD\Obj\TCPSocket.o
#        C:\Users\Gianluca\Documents\mbed\Heart\BUILD\Obj\Thread.o
#        C:\Users\Gianluca\Documents\mbed\Heart\BUILD\Obj\threading.o
#        C:\Users\Gianluca\Documents\mbed\Heart\BUILD\Obj\Ticker.o
#        C:\Users\Gianluca\Documents\mbed\Heart\BUILD\Obj\Timeout.o
#        C:\Users\Gianluca\Documents\mbed\Heart\BUILD\Obj\Timer.o
#        C:\Users\Gianluca\Documents\mbed\Heart\BUILD\Obj\TimerEvent.o
#        C:\Users\Gianluca\Documents\mbed\Heart\BUILD\Obj\timing.o
#        C:\Users\Gianluca\Documents\mbed\Heart\BUILD\Obj\UARTCellularInterface.o
#        C:\Users\Gianluca\Documents\mbed\Heart\BUILD\Obj\UARTSerial.o
#        C:\Users\Gianluca\Documents\mbed\Heart\BUILD\Obj\UARTService.o
#        C:\Users\Gianluca\Documents\mbed\Heart\BUILD\Obj\UDPSocket.o
#        C:\Users\Gianluca\Documents\mbed\Heart\BUILD\Obj\unity.o
#        C:\Users\Gianluca\Documents\mbed\Heart\BUILD\Obj\unity_handler.o
#        C:\Users\Gianluca\Documents\mbed\Heart\BUILD\Obj\URIBeaconConfigService.o
#        C:\Users\Gianluca\Documents\mbed\Heart\BUILD\Obj\us_ticker_api.o
#        C:\Users\Gianluca\Documents\mbed\Heart\BUILD\Obj\utest_case.o
#        C:\Users\Gianluca\Documents\mbed\Heart\BUILD\Obj\utest_default_handlers.o
#        C:\Users\Gianluca\Documents\mbed\Heart\BUILD\Obj\utest_greentea_handlers.o
#        C:\Users\Gianluca\Documents\mbed\Heart\BUILD\Obj\utest_harness.o
#        C:\Users\Gianluca\Documents\mbed\Heart\BUILD\Obj\utest_shim.o
#        C:\Users\Gianluca\Documents\mbed\Heart\BUILD\Obj\utest_stack_trace.o
#        C:\Users\Gianluca\Documents\mbed\Heart\BUILD\Obj\utest_types.o
#        C:\Users\Gianluca\Documents\mbed\Heart\BUILD\Obj\version.o
#        C:\Users\Gianluca\Documents\mbed\Heart\BUILD\Obj\version_features.o
#        C:\Users\Gianluca\Documents\mbed\Heart\BUILD\Obj\WiFiAccessPoint.o
#        C:\Users\Gianluca\Documents\mbed\Heart\BUILD\Obj\x509.o
#        C:\Users\Gianluca\Documents\mbed\Heart\BUILD\Obj\x509_create.o
#        C:\Users\Gianluca\Documents\mbed\Heart\BUILD\Obj\x509_crl.o
#        C:\Users\Gianluca\Documents\mbed\Heart\BUILD\Obj\x509_crt.o
#        C:\Users\Gianluca\Documents\mbed\Heart\BUILD\Obj\x509_csr.o
#        C:\Users\Gianluca\Documents\mbed\Heart\BUILD\Obj\x509write_crt.o
#        C:\Users\Gianluca\Documents\mbed\Heart\BUILD\Obj\x509write_csr.o
#        C:\Users\Gianluca\Documents\mbed\Heart\BUILD\Obj\xtea.o -o
#        C:\Users\Gianluca\Documents\mbed\Heart\BUILD\Exe\name.out --redirect
#        _Printf=_PrintfLarge --redirect _Scanf=_ScanfFull --map
#        C:\Users\Gianluca\Documents\mbed\Heart\BUILD\List\name.map --config
#        C:\Users\Gianluca\Documents\mbed\Heart\.\mbed-os\targets\TARGET_STMBLUE\TARGET_BLUENRG1\TARGET_STEVAL_IDB007V1\device\TOOLCHAIN_IAR\BLUENRG1.icf
#        --skip_dynamic_initialization --threaded_lib --entry
#        __iar_program_start --no_exceptions --vfe
#
###############################################################################

*******************************************************************************
*** RUNTIME MODEL ATTRIBUTES
***

CppFlavor                     = *
__CPP_Exceptions              = Disabled
__CPP_Language                = C++
__Heap_Handler                = DLMalloc
__SystemLibrary               = DLib
__dlib_dynamic_initialization = postponed
__dlib_has_iterator_debugging = 0
__dlib_jmp_buf_num_elements   = 8


*******************************************************************************
*** PLACEMENT SUMMARY
***

"A0":  place at start of [0x10067000-0x10067fff] {
          block BLOCK_STACKLIB_FLASH_DATA };
"A1":  place at 0x200000c0 { block BLUE };
"A3":  place at start of [0x10040000-0x10066fff] { ro section .intvec };
"A4":  place at 0x20000004 { block ota_sw_activation_block };
"A5":  place at 0x20000008 { block savedMSP_block };
"A6":  place at 0x2000000c { block wakeupFromSleepFlag_block };
"A7":  place at 0x20000010 { block app_base_block };
"A8":  place at 0x20000030 { block Blue_Flag_Ram_block };
"P2":  place in [from 0x10040000 to 0x10066fff] { ro };
"P3":  place in [from 0x200000c0 to 0x20005fff] { rw };
"A10": place at end of [0x200000c0-0x20005fff] { block CSTACK, block HEAP };
initialize by copy { rw };
 { section .bss.__blue_RAM };
 { section .intvec };
 { section .ota_sw_activation };
 { section .savedMSP };
 { section .wakeupFromSleepFlag };
 { section .app_base };
 { section .__blueflag_RAM };

  Section                 Kind        Address     Size  Object
  -------                 ----        -------     ----  ------
"A3":                                             0xc0
  .intvec                 ro code  0x10040000     0xc0  startup_bluenrg1.o [1]
                                 - 0x100400c0     0xc0

"P2":                                          0x21bfe
  i.RAL_Isr               ro code  0x100400c0   0x1714  ll_isr.o [5]
  i.Timer_ExpiryCallback  ro code  0x100417d4     0x14  host_timer.o [5]
  i.Is_Flash_Write_On_Going
                          ro code  0x100417e8     0x10  nvm.o [5]
  i.advance_wakeup_timer  ro code  0x100417f8    0x4d4  advance_wakeup_time.o [5]
  i.get_scan_addr         ro code  0x10041ccc     0x2e  rom_ll_isr_routines.o [5]
  .text                   ro code  0x10041cfa      0xa  BlueNRG1Gap.o [1]
  i.PRIV_u32ProcessAdvPacket
                          ro code  0x10041d04    0x698  ll_privacy.o [5]
  i.get_adv_addr          ro code  0x1004239c     0x2c  rom_ll_isr_routines.o [5]
  i.PRIV_SearchAddrInWhiteList
                          ro code  0x100423c8     0x48  ll_privacy.o [5]
  i.go_to_connect         ro code  0x10042410    0x278  rom_ll_isr_routines.o [5]
  i.cancel_current_master
                          ro code  0x10042688    0x19c  multi_master_time.o [5]
  i.machine_time_trans    ro code  0x10042824     0x20  rom_ll_timehandling.o [5]
  i.unpack_update_request
                          ro code  0x10042844     0x46  rom_ll_isr_routines.o [5]
  i.unpack_channel_map    ro code  0x1004288a     0x38  rom_ll_isr_routines.o [5]
  i.char_copy             ro code  0x100428c2     0x12  hal.o [5]
  i.LL_receive_data_patch
                          ro code  0x100428d4     0xc4  isr_routines.o [5]
  i.isr_postproc1         ro code  0x10042998    0x14c  rom_ll_isr_postproc.o [5]
  i.LL_update_proc        ro code  0x10042ae4     0x58  rom_ll_isr_routines.o [5]
  i.modulo_37             ro code  0x10042b3c     0x18  rom_ll_routines_support.o [5]
  i.advance_slave_timing_MultiSlave
                          ro code  0x10042b54    0x438  multi_master_time.o [5]
  i.set_string            ro code  0x10042f8c     0x10  hal.o [5]
  i.go_to_connect_master  ro code  0x10042f9c    0x198  isr_routines.o [5]
  i.system_time_trans     ro code  0x10043134      0xa  rom_ll_timehandling.o [5]
  i.isr_postproc_encrypt_data
                          ro code  0x1004313e     0x16  rom_ll_isr_postproc.o [5]
  i.anchor_replace        ro code  0x10043154     0x50  multi_master_time.o [5]
  i.read_rssi             ro code  0x100431a4     0x70  ll_routines.o [5]
  i.isr_event_handler_patched
                          ro code  0x10043214    0x8bc  ll_routines_master.o [5]
  i.isr_postproc          ro code  0x10043ad0    0x14c  isr_postproc.o [5]
  i.cancel_master         ro code  0x10043c1c    0x100  rom_ll_isr_routines.o [5]
  .text                   ro code  0x10043d1c     0xe0  I32DivModFast.o [7]
  i.cancel_slave          ro code  0x10043dfc     0x98  isr_routines.o [5]
  i.Hal_Get_Random_Number
                          ro code  0x10043e94     0x28  hal.o [5]
  i.LL_Sleep_Req          ro code  0x10043ebc     0x54  rom_ll_routines_support.o [5]
  i.LL_Update_Advertising_Buffers
                          ro code  0x10043f10     0x44  rom_ll_ll_routines.o [5]
  i.LL_Update_Scanning_Initiating_Buffers
                          ro code  0x10043f54     0x40  rom_ll_ll_routines.o [5]
  .text                   ro code  0x10043f94     0x16  uread4.o [7]
  .text                   ro code  0x10043faa      0xa  utest_shim.o [1]
  i.PRIV_u8ResolvePrivateAddress
                          ro code  0x10043fb4     0xf0  ll_privacy.o [5]
  .text                   ro code  0x100440a4     0x28  osal.o [1]
  i.timebase_start_connect
                          ro code  0x100440cc     0x40  multi_master_time.o [5]
  i.is_slave              ro code  0x1004410c     0x34  multi_master_time.o [5]
  i.swap_char             ro code  0x10044140      0xa  multi_master_time.o [5]
  i.swap_short_int        ro code  0x1004414a      0xa  multi_master_time.o [5]
  i.set_sca               ro code  0x10044154     0x20  rom_ll_timehandling.o [5]
  i.WindowWiden1          ro code  0x10044174      0xa  rom_ll_timehandling.o [5]
  i.time_offset1          ro code  0x1004417e      0xe  rom_ll_timehandling.o [5]
  i.WindowWiden2          ro code  0x1004418c     0x10  rom_ll_timehandling.o [5]
  i.time_offset2          ro code  0x1004419c     0x10  rom_ll_timehandling.o [5]
  i.microseconds_to_machine_time
                          ro code  0x100441ac      0x8  routines_support.o [5]
  i.system_time_trans_ext
                          ro code  0x100441b4     0x2c  rom_ll_timehandling.o [5]
  i.encrypt               ro code  0x100441e0     0x88  rom_ll_routines_support.o [5]
  i.hci_le_enhanced_connection_complete_event_push
                          ro code  0x10044268     0x90  ll_routines_master.o [5]
  i.hci_le_connection_complete_event_push
                          ro code  0x100442f8     0x78  ll_routines_master.o [5]
  i.hci_encryption_key_refresh_complete_event_push
                          ro code  0x10044370     0x48  ll_routines_master.o [5]
  i.hci_encryption_change_event_push
                          ro code  0x100443b8     0x4c  ll_routines_master.o [5]
  i.Acl_Tx_Cmpl_Pkt_Handler
                          ro code  0x10044404     0x1e  acl.o [5]
  .text                   ro code  0x10044422      0x2  GenericGattClient.o [1]
  i.aci_event_fifo_push_header
                          ro code  0x10044424     0xc8  aci_events.o [5]
  i.aci_event_fifo_push   ro code  0x100444ec     0x28  aci_events.o [5]
  i.hci_le_connection_update_complete_event_push
                          ro code  0x10044514     0x58  ll_routines_master.o [5]
  i.hci_le_direct_advertising_report_event_push
                          ro code  0x1004456c     0x74  ll_routines_master.o [5]
  i.hci_le_advertising_report_event_push
                          ro code  0x100445e0     0x80  ll_routines_master.o [5]
  i.Reclassify_All_Channels
                          ro code  0x10044660     0xc0  ll_routines_master.o [5]
  i.Acl_Rcv_Pkt_Handler   ro code  0x10044720     0x1e  acl.o [5]
  i.Hal_Get_Random_Number32
                          ro code  0x1004473e     0x12  hal.o [5]
  .text                   ro code  0x10044750      0x2  IntDivZer.o [7]
  .text                   ro code  0x10044752      0x2  startup_bluenrg1.o [1]
  i.PRIVWHIT_u8SearchAddrInList
                          ro code  0x10044754     0xa0  ll_privacy.o [5]
  i.LL_Encrypt_Plain_Data
                          ro code  0x100447f4     0x54  ll_routines_support.o [5]
  i.PRIVWHIT_u8AddAddrInList
                          ro code  0x10044848    0x1d8  ll_privacy.o [5]
  i.PRIVWHIT_u8RemoveAddrInList
                          ro code  0x10044a20     0xc8  ll_privacy.o [5]
  .text                   ro code  0x10044ae8     0x5c  ABImemcpy.o [7]
  .text                   ro code  0x10044b44     0x58  ABImemset.o [7]
  .text                   ro code  0x10044b9c     0x28  memcmp.o [7]
  i.fifoBuf_getFreeHeader
                          ro code  0x10044bc4     0x6a  aci_events.o [5]
  i.AES128ECB_Wrapper     ro code  0x10044c2e     0x7e  aes128cmac.o [5]
  i.AES_keyschedule_enc   ro code  0x10044cac     0x36  crypto.o [5]
  .text                   ro code  0x10044ce2      0x2  startup_bluenrg1.o [1]
  i.AES_general_SW_enc    ro code  0x10044ce4    0x268  crypto.o [5]
  i.AES_keyschedule_enc_LL
                          ro code  0x10044f4c    0x15c  crypto.o [5]
  .text                   ro code  0x100450a8   0x16b8  dlmalloc.o [3]
  .text                   ro code  0x10046760      0xa  abort.o [3]
  .text                   ro code  0x1004676a      0x2  startup_bluenrg1.o [1]
  .text                   ro code  0x1004676c     0x2c  xgetmemchunk.o [3]
  .text                   ro code  0x10046798     0x3c  xsyslock.o [3]
  .text                   ro code  0x100467d4      0xc  XXexit.o [7]
  .text                   ro code  0x100467e0    0x164  xsyslock_mtx.o [3]
  .text                   ro code  0x10046944    0x23a  mbed_boot.o [1]
  .text                   ro code  0x10046b7e      0x2  startup_bluenrg1.o [1]
  .text                   ro code  0x10046b80    0x894  rtx_thread.o [1]
  .text                   ro code  0x10047414     0x28  mbed_error.o [1]
  .text                   ro code  0x1004743c    0x348  rtx_kernel.o [1]
  .text                   ro code  0x10047784    0x420  rtx_mutex.o [1]
  .text                   ro code  0x10047ba4     0x1c  dynamic_init.o [7]
  .text                   ro code  0x10047bc0    0x3a4  main.o [1]
  .text                   ro code  0x10047f64      0x4  low_level_init.o [3]
  .text                   ro code  0x10047f68     0x28  data_init.o [7]
  .text                   ro code  0x10047f90      0x2  mbed_overrides.o [1]
  .text                   ro code  0x10047f92      0x2  rtx_evr.o [1]
  .text                   ro code  0x10047f94      0x2  rtx_evr.o [1]
  .text                   ro code  0x10047f96      0x2  rtx_evr.o [1]
  .text                   ro code  0x10047f98      0x2  rtx_evr.o [1]
  .text                   ro code  0x10047f9a      0x2  rtx_evr.o [1]
  .text                   ro code  0x10047f9c      0x2  rtx_evr.o [1]
  .text                   ro code  0x10047f9e      0x2  rtx_evr.o [1]
  .text                   ro code  0x10047fa0      0x2  rtx_evr.o [1]
  .text                   ro code  0x10047fa2      0x2  rtx_evr.o [1]
  .text                   ro code  0x10047fa4      0x2  rtx_evr.o [1]
  .text                   ro code  0x10047fa6      0x2  rtx_evr.o [1]
  .text                   ro code  0x10047fa8      0x2  rtx_evr.o [1]
  .text                   ro code  0x10047faa      0x2  startup_bluenrg1.o [1]
  .text                   ro code  0x10047fac    0x310  mbed_rtx_handlers.o [1]
  .text                   ro code  0x100482bc     0xcc  rtx_mempool.o [1]
  .text                   ro code  0x10048388     0x70  rtx_memory.o [1]
  .text                   ro code  0x100483f8     0x4e  rtx_memory.o [1]
  .text                   ro code  0x10048446      0x2  rtx_evr.o [1]
  .text                   ro code  0x10048448      0x2  rtx_evr.o [1]
  .text                   ro code  0x1004844a      0x2  rtx_evr.o [1]
  .text                   ro code  0x1004844c      0x2  rtx_evr.o [1]
  .text                   ro code  0x1004844e      0x2  rtx_evr.o [1]
  .text                   ro code  0x10048450      0x2  rtx_evr.o [1]
  .text                   ro code  0x10048452      0x2  startup_bluenrg1.o [1]
  .text                   ro code  0x10048454     0x64  mbed_board.o [1]
  .text                   ro code  0x100484b8    0x4b8  mbed_retarget.o [1]
  .text                   ro code  0x10048970     0x3e  rtx_memory.o [1]
  .text                   ro code  0x100489ae      0x2  rtx_evr.o [1]
  .text                   ro code  0x100489b0      0x2  rtx_evr.o [1]
  .text                   ro code  0x100489b2      0x2  startup_bluenrg1.o [1]
  .text                   ro code  0x100489b4     0x4c  os_systick.o [1]
  .text                   ro code  0x10048a00      0x6  os_systick.o [1]
  .text                   ro code  0x10048a06      0x2  startup_bluenrg1.o [1]
  .text                   ro code  0x10048a08     0x30  os_systick.o [1]
  .text                   ro code  0x10048a38      0x2  rtx_evr.o [1]
  .text                   ro code  0x10048a3a      0x2  rtx_evr.o [1]
  .text                   ro code  0x10048a3c      0x2  rtx_evr.o [1]
  .text                   ro code  0x10048a3e      0x2  rtx_evr.o [1]
  .text                   ro code  0x10048a40      0x2  rtx_evr.o [1]
  .text                   ro code  0x10048a42      0x2  rtx_evr.o [1]
  .text                   ro code  0x10048a44      0x2  rtx_evr.o [1]
  .text                   ro code  0x10048a46      0x2  rtx_evr.o [1]
  .text                   ro code  0x10048a48      0x2  rtx_evr.o [1]
  .text                   ro code  0x10048a4a      0x2  rtx_evr.o [1]
  .text                   ro code  0x10048a4c      0x2  rtx_evr.o [1]
  .text                   ro code  0x10048a4e      0x2  rtx_evr.o [1]
  .text                   ro code  0x10048a50      0x2  rtx_evr.o [1]
  .text                   ro code  0x10048a52      0x2  startup_bluenrg1.o [1]
  .text                   ro code  0x10048a54     0xa4  cppinit.o [3]
  .text                   ro code  0x10048af8     0x6e  mbed_gpio.o [1]
  .text                   ro code  0x10048b66      0x2  startup_bluenrg1.o [1]
  .text                   ro code  0x10048b68     0x5e  Serial.o [1]
  .text                   ro code  0x10048bc6     0x86  cxxabi.o [4]
  .text                   ro code  0x10048c4c    0x1b8  BLE.o [1]
  .text                   ro code  0x10048e04     0x1a  main.o [1]
  .text                   ro code  0x10048e1e      0x2  startup_bluenrg1.o [1]
  .text                   ro code  0x10048e20     0x8c  gpio_api.o [1]
  .text                   ro code  0x10048eac     0x20  main.o [1]
  .text                   ro code  0x10048ecc     0x16  main.o [1]
  .text                   ro code  0x10048ee2      0x2  startup_bluenrg1.o [1]
  .text                   ro code  0x10048ee4     0xd0  main.o [1]
  .text                   ro code  0x10048fb4    0x2c4  main.o [1]
  .text                   ro code  0x10049278     0x30  main.o [1]
  .text                   ro code  0x100492a8     0x4c  main.o [1]
  .text                   ro code  0x100492f4     0x24  main.o [1]
  .text                   ro code  0x10049318     0x30  utest_shim.o [1]
  .text                   ro code  0x10049348     0x18  Ticker.o [1]
  .text                   ro code  0x10049360     0x74  mbed_critical.o [1]
  .text                   ro code  0x100493d4      0x4  mbed_sleep_manager.o [1]
  .text                   ro code  0x100493d8     0x12  SerialBase.o [1]
  .text                   ro code  0x100493ea     0xc8  Ticker.o [1]
  .text                   ro code  0x100494b2      0x2  startup_bluenrg1.o [1]
  .text                   ro code  0x100494b4     0x40  mbed_critical.o [1]
  .text                   ro code  0x100494f4     0x20  main.o [1]
  .text                   ro code  0x10049514     0x16  main.o [1]
  .text                   ro code  0x1004952a     0x1e  main.o [1]
  .text                   ro code  0x10049548     0x66  mbed_wait_api_rtos.o [1]
  .text                   ro code  0x100495ae      0x2  Stream.o [1]
  .text                   ro code  0x100495b0     0x24  mbed_rtx_idle.o [1]
  .text                   ro code  0x100495d4     0x1c  Thread.o [1]
  .text                   ro code  0x100495f0      0x2  rtx_evr.o [1]
  .text                   ro code  0x100495f2      0x2  rtx_evr.o [1]
  .text                   ro code  0x100495f4      0x2  rtx_evr.o [1]
  .text                   ro code  0x100495f6      0x2  rtx_evr.o [1]
  .text                   ro code  0x100495f8      0x2  rtx_evr.o [1]
  .text                   ro code  0x100495fa      0x2  Stream.o [1]
  .text                   ro code  0x100495fc     0x3c  vsnprint.o [3]
  .text                   ro code  0x10049638    0x114  serial_api.o [1]
  .text                   ro code  0x1004974c     0x50  SPI.o [1]
  .text                   ro code  0x1004979c     0xe0  Mutex.o [1]
  .text                   ro code  0x1004987c     0x22  strcmp.o [7]
  .text                   ro code  0x1004989e      0x2  utest_shim.o [1]
  .text                   ro code  0x100498a0     0x10  errno.o [3]
  .text                   ro code  0x100498b0     0xa4  FilePath.o [1]
  .text                   ro code  0x10049954     0xf4  mbed_board.o [1]
  .text                   ro code  0x10049a48     0xb0  setvbuf.o [3]
  .text                   ro code  0x10049af8     0x2a  fopen.o [3]
  .text                   ro code  0x10049b22      0x2  rtx_evr.o [1]
  .text                   ro code  0x10049b24    0x1d4  SerialBase.o [1]
  .text                   ro code  0x10049cf8     0xec  Stream.o [1]
  .text                   ro code  0x10049de4     0x24  BLE.o [1]
  .text                   ro code  0x10049e08     0xb0  BlueNRG1Device.o [1]
  .text                   ro code  0x10049eb8     0x2a  cxxabiguard.o [4]
  i.hci_data_buffer_overflow_event_cb
                          ro code  0x10049ee2      0x2  aci_events.o [5]
  .text                   ro code  0x10049ee4     0xca  BlueNRG1_gpio.o [1]
  .text                   ro code  0x10049fb0     0x18  BlueNRG1_sysCtrl.o [1]
  .text                   ro code  0x10049fc8      0xc  pin_device.o [1]
  .text                   ro code  0x10049fd4     0x18  main.o [1]
  .text                   ro code  0x10049fec     0x42  main.o [1]
  .text                   ro code  0x1004a02e     0x1a  main.o [1]
  .text                   ro code  0x1004a048     0x10  strlen.o [7]
  .text                   ro code  0x1004a058     0x2e  main.o [1]
  .text                   ro code  0x1004a088     0x20  main.o [1]
  .text                   ro code  0x1004a0a8     0x20  main.o [1]
  .text                   ro code  0x1004a0c8     0xc6  main.o [1]
  .text                   ro code  0x1004a18e     0x50  main.o [1]
  .text                   ro code  0x1004a1e0     0x72  TimerEvent.o [1]
  .text                   ro code  0x1004a254     0x54  mbed_assert.o [1]
  .text                   ro code  0x1004a2a8    0x3a8  mbed_ticker_api.o [1]
  .text                   ro code  0x1004a650     0xb0  FltMul.o [6]
  .text                   ro code  0x1004a700     0x3a  FltToS32.o [6]
  .text                   ro code  0x1004a73c      0xc  mbed_us_ticker_api.o [1]
  .text                   ro code  0x1004a748     0x4c  rtx_delay.o [1]
  .text                   ro code  0x1004a794   0x10de  xprintflarge.o [3]
  .text                   ro code  0x1004b874    0x1e0  BlueNRG1_uart.o [1]
  .text                   ro code  0x1004ba54     0x78  misc.o [1]
  .text                   ro code  0x1004bacc      0x2  xtls.o [3]
  .text                   ro code  0x1004bad0    0x104  FileBase.o [1]
  .text                   ro code  0x1004bbd4     0xe8  xfofind.o [3]
  .text                   ro code  0x1004bcbc    0x12c  xfoprep.o [3]
  .text                   ro code  0x1004bde8     0x1e  SerialBase.o [1]
  .text                   ro code  0x1004be06      0x8  FileHandle.o [1]
  .text                   ro code  0x1004be0e     0x7e  fclose.o [3]
  .text                   ro code  0x1004be8c     0x14  memset.o [3]
  .text                   ro code  0x1004bea0     0x10  BLEInstanceBase.o [1]
  .text                   ro code  0x1004beb0    0xa64  btle.o [1]
  .text                   ro code  0x1004c914     0x3c  btle.o [1]
  .text                   ro code  0x1004c950     0x3c  btle.o [1]
  .text                   ro code  0x1004c98c     0x22  I64Shl.o [7]
  .text                   ro code  0x1004c9b0     0x32  I64Mul.o [7]
  .text                   ro code  0x1004c9e2     0x6a  I64DivMod.o [7]
  .text                   ro code  0x1004ca4c      0x2  rtx_evr.o [1]
  .text                   ro code  0x1004ca4e     0x1c  xmbtowc.o [3]
  .text                   ro code  0x1004ca6a     0x14  strchr.o [7]
  .text                   ro code  0x1004ca7e     0x18  memchr.o [7]
  .text                   ro code  0x1004ca96      0xa  xmbcurmax.o [3]
  .text                   ro code  0x1004caa0     0x18  xwctomb.o [3]
  .text                   ro code  0x1004cab8    0x184  DblMul.o [6]
  .text                   ro code  0x1004cc3c     0x32  DblCmpLe.o [6]
  .text                   ro code  0x1004cc6e     0xc2  DblDiv.o [6]
  .text                   ro code  0x1004cd30     0x52  DblToI32.o [6]
  .text                   ro code  0x1004cd84     0x34  I32ToDbl.o [6]
  .text                   ro code  0x1004cdb8    0x1b4  DblAddSub.o [6]
  .text                   ro code  0x1004cf6c     0x68  localeconv.o [3]
  .text                   ro code  0x1004cfd4     0x20  div.o [3]
  .text                   ro code  0x1004cff4     0x2c  strncmp.o [3]
  .text                   ro code  0x1004d020     0x60  xfopen.o [3]
  .text                   ro code  0x1004d080     0xb4  fflush.o [3]
  .text                   ro code  0x1004d134     0x24  printf.o [3]
  i.BlueNRG_Stack_Initialization
                          ro code  0x1004d158     0x30  bluenrg_main_func.o [5]
  i.aci_hal_set_tx_power_level
                          ro code  0x1004d188      0x8  bluenrg_hal_aci.o [5]
  i.aci_gatt_init         ro code  0x1004d190      0x8  bluenrg_gatt_aci.o [5]
  i.aci_gap_init          ro code  0x1004d198     0x30  bluenrg_gap_aci.o [5]
  i.aci_hal_read_config_data
                          ro code  0x1004d1c8      0x8  bluenrg_hal_aci.o [5]
  i.aci_gap_set_authentication_requirement
                          ro code  0x1004d1d0     0x7c  bluenrg_gap_aci.o [5]
  .text                   ro code  0x1004d24c     0x24  BlueNRG1_ble.o [1]
  .text                   ro code  0x1004d270    0xe08  BlueNRG1Gap.o [1]
  i.BTLE_StackTick        ro code  0x1004e078     0x8c  bluenrg_main_func.o [5]
  .text                   ro code  0x1004e104    0xc40  BlueNRG1GattServer.o [1]
  .text                   ro code  0x1004ed44     0x3c  btle.o [1]
  .text                   ro code  0x1004ed80    0x67c  BlueNRG1GattClient.o [1]
  .text                   ro code  0x1004f3fc     0x3e  btle.o [1]
  i.aci_gatt_write_resp   ro code  0x1004f43a     0x1c  bluenrg_gatt_aci.o [5]
  i.aci_l2cap_connection_parameter_update_resp
                          ro code  0x1004f456     0x2a  bluenrg_l2cap_aci.o [5]
  .text                   ro code  0x1004f480     0xfc  BlueNRG1Device.o [1]
  .text                   ro code  0x1004f57c     0x74  btle.o [1]
  .text                   ro code  0x1004f5f0      0x2  I64DivZer.o [7]
  .text                   ro code  0x1004f5f4     0x14  setlocale.o [3]
  .text                   ro code  0x1004f608     0x50  xencoding_sb.o [3]
  i.BlueNRG_Stack_Initialize_RAM_check
                          ro code  0x1004f658     0x64  bluenrg_main_func.o [5]
  i._BlueNRG_Stack_Initialization
                          ro code  0x1004f6bc     0x94  bluenrg_main_func.o [5]
  i.HAL_Set_TX_Power_Level
                          ro code  0x1004f750     0x44  hal.o [5]
  i.Gatt_Server_Init      ro code  0x1004f794    0x190  gatt_server.o [5]
  i.GAP_Init              ro code  0x1004f924    0x1f8  gap.o [5]
  i.HAL_Read_ConfigData   ro code  0x1004fb1c     0x74  hal.o [5]
  i.SM_Set_Authentication_req
                          ro code  0x1004fb90     0x80  sm_common.o [5]
  .text                   ro code  0x1004fc10     0xda  ble_utils.o [1]
  i.hci_le_set_scan_response_data
                          ro code  0x1004fcea     0x16  hci.o [5]
  i.hci_le_set_advertising_data
                          ro code  0x1004fd00     0x16  hci.o [5]
  i.aci_gap_configure_whitelist
                          ro code  0x1004fd16      0xe  bluenrg_gap_aci.o [5]
  i.hci_le_set_advertising_parameters
                          ro code  0x1004fd24     0xc0  hci.o [5]
  i.hci_le_set_advertise_enable
                          ro code  0x1004fde4     0x14  hci.o [5]
  .text                   ro code  0x1004fdf8     0x1e  I32ToFlt.o [6]
  .text                   ro code  0x1004fe18     0x80  BlueNRG1Gap.o [1]
  i.aci_hal_write_config_data
                          ro code  0x1004fe98      0x8  bluenrg_hal_aci.o [5]
  i.hci_le_set_random_address
                          ro code  0x1004fea0     0x54  hci.o [5]
  i.aci_gatt_update_char_value
                          ro code  0x1004fef4     0x14  bluenrg_gatt_aci.o [5]
  i.aci_gap_terminate_gap_proc
                          ro code  0x1004ff08      0x8  bluenrg_gap_aci.o [5]
  i.aci_gap_create_connection
                          ro code  0x1004ff10     0x5a  bluenrg_gap_aci.o [5]
  i.Timer_ProcessQ        ro code  0x1004ff6c    0x144  host_timer.o [5]
  i.hci_acl_Process_Q     ro code  0x100500b0     0x64  hci.o [5]
  i.Controller_Process_Q  ro code  0x10050114      0xc  hci.o [5]
  i.Events_Process_Q      ro code  0x10050120    0x120  aci_events.o [5]
  i.BlueNRG_Stack_Perform_Crystal_Check
                          ro code  0x10050240     0xb8  bluenrg_main_func.o [5]
  i.patch_advance_transmit
                          ro code  0x100502f8     0x44  routines_support.o [5]
  i.GAP_Process_Q         ro code  0x1005033c     0x70  gap.o [5]
  i.Gatt_Process_Q        ro code  0x100503ac    0x160  gatt_server.o [5]
  i.SMP_Process_Q         ro code  0x1005050c    0x114  securitymgr.o [5]
  i.aci_gatt_add_service  ro code  0x10050620     0x36  bluenrg_gatt_aci.o [5]
  i.aci_gatt_add_char     ro code  0x10050656     0x3e  bluenrg_gatt_aci.o [5]
  .text                   ro code  0x10050694     0xae  BlueNRG1GattServer.o [1]
  i.aci_gatt_add_char_desc
                          ro code  0x10050742     0x50  bluenrg_gatt_aci.o [5]
  .text                   ro code  0x10050792     0x30  BlueNRG1GattServer.o [1]
  i.aci_gatt_set_desc_value
                          ro code  0x100507c2     0x1c  bluenrg_gatt_aci.o [5]
  i.aci_gatt_allow_read   ro code  0x100507de      0xc  bluenrg_gatt_aci.o [5]
  .text                   ro code  0x100507ec     0x58  btle.o [1]
  .text                   ro code  0x10050844     0x2a  BlueNRG1GattClient.o [1]
  .text                   ro code  0x10050870     0xec  BlueNRG1GattClient.o [1]
  .text                   ro code  0x1005095c     0x30  assert.o [3]
  .text                   ro code  0x1005098c    0xf74  BlueNRG1GattConnectionClient.o [1]
  i.Gatt_Appl_Auth_For_Write
                          ro code  0x10051900    0x1e8  gatt_server.o [5]
  i.L2C_Build_Connect_Update_Resp
                          ro code  0x10051ae8     0xae  l2cap.o [5]
  .text                   ro code  0x10051b96     0x18  btle.o [1]
  .text                   ro code  0x10051bb0     0x60  GapScanningParams.o [1]
  .text                   ro code  0x10051c10     0x20  btle.o [1]
  .text                   ro code  0x10051c30     0x20  btle.o [1]
  .text                   ro code  0x10051c50     0x10  BlueNRG1Device.o [1]
  .text                   ro code  0x10051c60     0x2c  btle.o [1]
  .text                   ro code  0x10051c8c     0x20  btle.o [1]
  .text                   ro code  0x10051cac     0x40  btle.o [1]
  i.Dynamic_allocator     ro code  0x10051cec    0x270  mem_alloc.o [5]
  i.Dynamic_allocator_noRet
                          ro code  0x10051f5c      0x2  mem_alloc.o [5]
  i.BlueNRG_Stack_Initialize_RAM
                          ro code  0x10051f60     0x2c  bluenrg_main_func.o [5]
  .text                   ro code  0x10051f8c     0xf4  BlueNRG1_pka.o [1]
  i.BlueNRG_Stack_Initialize_ConfigData
                          ro code  0x10052080     0x48  bluenrg_main_func.o [5]
  i.BlueNRG_Stack_Initialize_Layers
                          ro code  0x100520c8     0x8c  bluenrg_main_func.o [5]
  i.PRIVWHIT_vInit_Struct
                          ro code  0x10052154     0x78  ll_privacy.o [5]
  i.acl_list_init         ro code  0x100521cc     0x12  acl_list.o [5]
  i.List_Circular_Insert_Tail
                          ro code  0x100521de      0xe  rom_list.o [5]
  i.GATT_Server_Set_Flag  ro code  0x100521ec     0x14  gatt_server.o [5]
  i.Gatt_Add_Service      ro code  0x10052200    0x150  gatt_server.o [5]
  i.Gatt_Add_Characteristic
                          ro code  0x10052350    0x330  gatt_server.o [5]
  i.Gatt_Update_Charac_Value
                          ro code  0x10052680     0x64  gatt_server.o [5]
  i.IDD_Initialize_Device_IDs
                          ro code  0x100526e4    0x12c  device_id_data.o [5]
  i.Get_StaticRandAddr    ro code  0x10052810     0x14  rom_gap_rom.o [5]
  i.LL_LE_Set_Resolvable_Private_Address_Timeout
                          ro code  0x10052824     0x1c  ll_privacy.o [5]
  i.hci_le_set_event_mask
                          ro code  0x10052840     0x24  hci.o [5]
  i.LL_SetAddressResolutionEnable
                          ro code  0x10052864      0x8  routines_support.o [5]
  i.LL_Set_Scan_Resp_Data
                          ro code  0x1005286c     0x60  rom_ll_ll_routines.o [5]
  i.LL_Set_Adv_Data       ro code  0x100528cc     0x74  rom_ll_ll_routines.o [5]
  i.SM_Configure_WhiteList
                          ro code  0x10052940     0x90  rom_sdb.o [5]
  i.Get_Random_Addr       ro code  0x100529d0     0x18  hci.o [5]
  i.Is_Address_Initialized
                          ro code  0x100529e8     0x16  rom_ll_ll_routines.o [5]
  i.LL_Set_Adv_Params     ro code  0x10052a00    0x2ec  rom_ll_ll_routines.o [5]
  i.LL_Enable_Disable_Adv
                          ro code  0x10052cec    0x1cc  rom_ll_ll_routines.o [5]
  .text                   ro code  0x10052eb8     0x3c  FltToU64.o [6]
  i.HAL_Write_ConfigData  ro code  0x10052ef4     0x68  hal.o [5]
  i.get_scan_connection   ro code  0x10052f5c     0x48  multi_master_time.o [5]
  i.get_advertiser        ro code  0x10052fa4     0x48  multi_master_time.o [5]
  i.GAP_Terminate_Gap_Procedure
                          ro code  0x10052fec     0x8c  gap.o [5]
  i.hci_load_connParams   ro code  0x10053078     0x64  hci.o [5]
  i.GAP_Create_Connection
                          ro code  0x100530dc     0x64  gap.o [5]
  i.TimerCallback         ro code  0x10053140     0x7c  host_timer.o [5]
  i.List_Circular_Remove_Node
                          ro code  0x100531bc     0x20  rom_list.o [5]
  i.acl_list_is_empty     ro code  0x100531dc     0x10  acl_list.o [5]
  i.Acl_Transmit_Data     ro code  0x100531ec     0x48  acl.o [5]
  i.acl_list_remove       ro code  0x10053234     0x20  acl_list.o [5]
  i.PRIV_u8OfflineProcessing
                          ro code  0x10053254    0x1f8  ll_privacy.o [5]
  i.PKA_Offline_Processing
                          ro code  0x1005344c     0xbc  hci.o [5]
  i.hci_hardware_error_event
                          ro code  0x10053508      0x2  aci_events.o [5]
  i.hal_radio_activity_state_callback_check
                          ro code  0x1005350c     0x34  hal.o [5]
  i.BlueNRG_Start_Crystal_Measurement
                          ro code  0x10053540     0x1c  bluenrg_main_func.o [5]
  i.set_freq              ro code  0x1005355c     0x7c  rom_ll_timehandling.o [5]
  i.advance_transmit      ro code  0x100535d8     0xb8  rom_ll_routines_support.o [5]
  i.Timer_StopOneShot     ro code  0x10053690     0x54  host_timer.o [5]
  i.aci_gap_limited_discoverable_event_push
                          ro code  0x100536e4     0x40  gap.o [5]
  i.Gatt_Read_Charac_By_Uuid
                          ro code  0x10053724     0x88  gatt_client.o [5]
  i.Gatt_Reset_To_Closed_State
                          ro code  0x100537ac     0xc0  gatt_server.o [5]
  i.SMP_Forget_Device_by_ConnHandle
                          ro code  0x1005386c     0x1c  sm_common.o [5]
  i.SMP_Check_Is_Device_Bonded
                          ro code  0x10053888     0x48  sm_common.o [5]
  i.Check_For_Service_Change
                          ro code  0x100538d0    0x30c  gatt_server.o [5]
  i.GATT_Clear_Flag       ro code  0x10053bdc      0x8  rom_att.o [5]
  i.Process_Peer_Server_Data
                          ro code  0x10053be4    0x210  gatt_server.o [5]
  i.Process_Peer_Client_Data
                          ro code  0x10053df4    0x228  gatt_server.o [5]
  i.acl_list_remove_head  ro code  0x1005401c     0x20  acl_list.o [5]
  i.L2C_Send_Data         ro code  0x1005403c     0x2c  l2cap.o [5]
  i.acl_list_insert_tail  ro code  0x10054068     0x20  acl_list.o [5]
  i.hci_le_read_local_p256_public_key
                          ro code  0x10054088     0x5c  hci.o [5]
  i.sm_Get_Long_Term_Key  ro code  0x100540e4     0x90  securitymgr.o [5]
  i.LL_Get_LTK            ro code  0x10054174     0xd4  ll_routines_support.o [5]
  i.smp_Execute_Actions_wrt_Current_State
                          ro code  0x10054248    0x26c  securitymgr.o [5]
  i.SM_Get_Remote_Device_Info
                          ro code  0x100544b4     0x48  sm_common.o [5]
  i.smp_Process_Rx_Packet_wrt_Current_State
                          ro code  0x100544fc    0x178  securitymgr.o [5]
  i.smp____Pairing_Process_Abort
                          ro code  0x10054674     0xbc  securitymgr.o [5]
  i.smp_Process_Rx_Packet_Exception_Cases
                          ro code  0x10054730     0xb4  securitymgr.o [5]
  i.acl_list_insert_head  ro code  0x100547e4     0x20  acl_list.o [5]
  i.PM_Release_Pckt       ro code  0x10054804     0x5c  pm.o [5]
  i._load_uuid            ro code  0x10054860     0x26  bluenrg_gatt_aci.o [5]
  .text                   ro code  0x10054888    0x110  BlueNRG1GattServer.o [1]
  i.Gatt_Add_Charac_Desc  ro code  0x10054998    0x15c  gatt_server.o [5]
  i.Gatt_Set_Desc_Value   ro code  0x10054af4    0x104  gatt_server.o [5]
  i.Gatt_Appl_Auth_For_Read
                          ro code  0x10054bf8     0xfc  gatt_server.o [5]
  .text                   ro code  0x10054cf4     0x20  GenericGattClient.o [1]
  .text                   ro code  0x10054d14     0x20  BlueNRG1GattClient.o [1]
  .text                   ro code  0x10054d34     0x20  GenericGattClient.o [1]
  .text                   ro code  0x10054d54     0x20  BlueNRG1GattClient.o [1]
  .text                   ro code  0x10054d74     0x20  BlueNRG1GattClient.o [1]
  .text                   ro code  0x10054d94     0x22  BlueNRG1GattConnectionClient.o [1]
  .text                   ro code  0x10054db6     0x14  GenericGattClient.o [1]
  .text                   ro code  0x10054dca     0x96  BlueNRG1DiscoveredCharacteristic.o [1]
  .text                   ro code  0x10054e60     0x38  BlueNRG1GattConnectionClient.o [1]
  .text                   ro code  0x10054e98     0x1c  BlueNRG1GattConnectionClient.o [1]
  .text                   ro code  0x10054eb4     0x1c  BlueNRG1GattConnectionClient.o [1]
  .text                   ro code  0x10054ed0     0x36  GenericGattClient.o [1]
  i.aci_gatt_disc_all_char_of_service
                          ro code  0x10054f06      0x8  bluenrg_gatt_aci.o [5]
  i.aci_gatt_disc_char_by_uuid
                          ro code  0x10054f0e     0x28  bluenrg_gatt_aci.o [5]
  i.Find_Gatt_Client      ro code  0x10054f38     0x40  gatt_client.o [5]
  i.acl_list_get_pckt_count
                          ro code  0x10054f78      0x4  acl_list.o [5]
  i.PM_Pckt_Cmp           ro code  0x10054f7c     0x6a  pm.o [5]
  i.L2CAP_Get_PDU_Len     ro code  0x10054fe6      0xe  l2cap.o [5]
  i.PM_Get_Pckt           ro code  0x10054ff4     0x80  pm.o [5]
  i.Send_Error_Resp       ro code  0x10055074     0x30  rom_att.o [5]
  i.GATT_Set_Flag         ro code  0x100550a4      0x8  rom_att.o [5]
  i.PM_Set_ConnHandle     ro code  0x100550ac      0xc  pm.o [5]
  i.Prepare_Write_Resp    ro code  0x100550b8    0x194  att.o [5]
  i.Write_Resp            ro code  0x1005524c    0x14a  att.o [5]
  i.Write_Cmd             ro code  0x10055396    0x132  att.o [5]
  i.Find_L2cap_signalling_connection
                          ro code  0x100554c8     0x38  l2cap.o [5]
  i.LL_Start_Connection_Update
                          ro code  0x10055500    0x140  ll_routines_master.o [5]
  i.PM_Set_Att_Pdu_Length
                          ro code  0x10055640     0x50  pm.o [5]
  .text                   ro code  0x10055690      0x8  btle.o [1]
  i.Mem_assign            ro code  0x10055698     0x16  mem_alloc.o [5]
  i.mem_alloc_ctx_init    ro code  0x100556b0     0xa8  mem_alloc.o [5]
  i.hal_get_hw_version    ro code  0x10055758     0x20  hal.o [5]
  i.Timer_Init            ro code  0x10055778     0x34  host_timer.o [5]
  i.LL_Init               ro code  0x100557ac    0x180  rom_ll_ll_routines.o [5]
  i.PM_Init               ro code  0x1005592c     0x70  pm.o [5]
  i.Acl_Init              ro code  0x1005599c     0x34  acl.o [5]
  i.L2C_Init              ro code  0x100559d0     0x44  l2cap.o [5]
  i.SMP_Init              ro code  0x10055a14     0x70  sm_common.o [5]
  i.GAP_Init_Context      ro code  0x10055a84     0x14  gap.o [5]
  i.HCI_Init              ro code  0x10055a98     0x54  hci.o [5]
  i.HAL_Init              ro code  0x10055aec     0x18  hal.o [5]
  i.Events_Process_init   ro code  0x10055b04     0x50  aci_events.o [5]
  i.HAL_VTimerGetCurrentTime_sysT32
                          ro code  0x10055b54     0x12  host_timer.o [5]
  i.Gatt_Server_Db_Check  ro code  0x10055b68     0x4c  gatt_server.o [5]
  i.List_Circular_Get_Size
                          ro code  0x10055bb4     0x12  rom_list.o [5]
  i.Ind_Service_Change_Charac
                          ro code  0x10055bc8     0x44  gatt_server.o [5]
  i.Search_Service_Handle
                          ro code  0x10055c0c     0x28  gatt_server.o [5]
  i.Get_GAP_Handle        ro code  0x10055c34     0x10  rom_gap_rom.o [5]
  i.GAP_Notify_Add_Charac
                          ro code  0x10055c44     0x98  rom_gap_rom.o [5]
  i.Check_Encry_Key_Size  ro code  0x10055cdc     0x18  rom_gatt_server.o [5]
  i.Search_Handle         ro code  0x10055cf4     0x1e  rom_gatt_server.o [5]
  i.Gatt_Update_Charac_Value_Ext
                          ro code  0x10055d14    0x308  gatt_server.o [5]
  i.HAL_Generate_Random_Bytes_To
                          ro code  0x1005601c     0x20  hal.o [5]
  i.HAL_Flash_Store_Data  ro code  0x1005603c     0x50  hal.o [5]
  .text                   ro code  0x1005608c     0x3c  BlueNRG1_flash.o [1]
  i.is_Buffer_All_Set_To  ro code  0x100560c8     0x1e  utils.o [5]
  i.LL_LE_Set_Address_Resolution_Enable
                          ro code  0x100560e8     0x24  ll_privacy.o [5]
  i.SDB_Get_SecurityDb_Start_Addr
                          ro code  0x1005610c     0x14  sdb.o [5]
  i.Get_Max_SecDb_Size    ro code  0x10056120      0x4  sdb.o [5]
  i.Get_SecRec_Len_In_Words
                          ro code  0x10056124      0xc  rom_sdb.o [5]
  i.LL_LE_Clear_White_List
                          ro code  0x10056130     0x20  ll_privacy.o [5]
  i.Read_RecordValidity   ro code  0x10056150     0x10  rom_sdb.o [5]
  i.Read_SDBRecord        ro code  0x10056160     0x2c  rom_sdb.o [5]
  i.LL_LE_Add_Device_To_White_List
                          ro code  0x1005618c     0x78  ll_privacy.o [5]
  i.LL_Check_And_Set_Addresses
                          ro code  0x10056204    0x1c4  rom_ll_ll_routines.o [5]
  i.get_next_free_slot    ro code  0x100563c8     0x34  multi_master_time.o [5]
  i.LL_Set_Advertising_Buffers
                          ro code  0x100563fc     0x88  rom_ll_ll_routines.o [5]
  i.schedule_advertise_slot
                          ro code  0x10056484     0x94  multi_master_time.o [5]
  i.SMP_Force_SC_Debug_Key_Usage
                          ro code  0x10056518     0x20  smp_scv42_isap.o [5]
  i.LL_Enable_Disable_Scan
                          ro code  0x10056538    0x260  ll_routines_master.o [5]
  i.LL_Create_Connection_Cancel
                          ro code  0x10056798     0x38  ll_routines_master.o [5]
  i.aci_gap_proc_complete_event_push
                          ro code  0x100567d0     0x64  gap.o [5]
  i.GAP_Privacy1v2        ro code  0x10056834    0x1c8  rom_gap.o [5]
  i.LL_Create_Connection  ro code  0x100569fc    0x254  ll_routines_master.o [5]
  i.__ARM_common_switch8  ro code  0x10056c50     0x1a  host_timer.o [5]
  i.GAP_LimDiscTimeoutcb  ro code  0x10056c6c     0x2c  gap.o [5]
  i.GAP_PrivateAddrTimercb
                          ro code  0x10056c98     0x44  rom_gap.o [5]
  i.GATT_TimeOut_Handler  ro code  0x10056cdc     0x1a  gatt_server.o [5]
  i.L2C_SigChan_Req_TimeOut_Handler
                          ro code  0x10056cf8     0x4c  l2cap.o [5]
  i.SMP_Timer_cb          ro code  0x10056d44     0x50  sm_common.o [5]
  i.SMP_Repeated_Attacks_Timer_cb
                          ro code  0x10056d94     0x78  sm_common.o [5]
  i.GAP_DiscProcTimeoutcb
                          ro code  0x10056e0c     0x48  gap.o [5]
  i.HAL_VTimerTimeoutCallback
                          ro code  0x10056e54      0x2  host_timer.o [5]
  i.List_Circular_Node_Present
                          ro code  0x10056e56     0x16  rom_list.o [5]
  i.Acl_Transmit_Packet   ro code  0x10056e6c     0x16  acl.o [5]
  i.PM_Get_Fragments_Count
                          ro code  0x10056e82     0x12  pm.o [5]
  i.PKA_Get_Current_Operation
                          ro code  0x10056e94     0x14  pka.o [5]
  i.hci_le_read_local_p256_public_key_complete_event_push
                          ro code  0x10056ea8     0x58  hci.o [5]
  i.hci_le_generate_dhkey_complete_event_push
                          ro code  0x10056f00     0x54  hci.o [5]
  i.hal_read_radio_activity_state
                          ro code  0x10056f54     0x40  hal.o [5]
  i.aci_hal_end_of_radio_activity_event
                          ro code  0x10056f94      0x2  hal.o [5]
  i.Check_Flags           ro code  0x10056f96     0x38  gatt_client.o [5]
  i.Att_Send_Read_By_Typ_Req_Pdu
                          ro code  0x10056fce     0x7c  rom_att.o [5]
  i.Gatt_Flush_Pending_AclPacket_Lists
                          ro code  0x1005704c     0x74  gatt_server.o [5]
  i.Gatt_Find_Timed_Out_Connection_Index
                          ro code  0x100570c0     0x38  gatt_server.o [5]
  i.Gatt_Store_Server_Database_And_Reset_CCCD
                          ro code  0x100570f8    0x150  gatt_server.o [5]
  i.SDB_Find_Record       ro code  0x10057248     0xcc  sdb.o [5]
  i.SDB_Read_Peer_Bonded_Data
                          ro code  0x10057314     0x22  sdb.o [5]
  i.Fetch_Handle          ro code  0x10057336     0x3c  rom_gatt_server.o [5]
  i.Find_Attr_Index       ro code  0x10057374     0x50  gatt_server.o [5]
  i.Stop_Gatt_Timer       ro code  0x100573c4     0x1c  rom_gatt_server.o [5]
  i.Start_Gatt_Timer      ro code  0x100573e0     0x24  rom_gatt_server.o [5]
  i.PM_Copy_Pckt_Data     ro code  0x10057404     0x14  pm.o [5]
  i.Exchg_Mtu_Resp        ro code  0x10057418     0xb4  rom_att.o [5]
  i.Find_Info_Resp        ro code  0x100574cc    0x206  rom_att.o [5]
  i.Find_By_Type_Val_Resp
                          ro code  0x100576d4    0x2a0  att.o [5]
  i.Read_By_Type_Resp     ro code  0x10057974    0x344  att.o [5]
  i.Read_Resp             ro code  0x10057cb8    0x146  att.o [5]
  i.Read_Blob_Resp        ro code  0x10057dfe    0x160  att.o [5]
  i.Read_Multi_Resp       ro code  0x10057f60    0x1a4  att.o [5]
  i.Read_By_Grp_Type_Resp
                          ro code  0x10058104    0x360  att.o [5]
  i.Exec_Write_Resp       ro code  0x10058464    0x258  att.o [5]
  i.List_Circular_Remove_Head
                          ro code  0x100586bc     0x1a  rom_list.o [5]
  i.PKA_Generate_ECDH_Public_Key
                          ro code  0x100586d8     0xc4  pka.o [5]
  i.SMA_GenEDIV_RecovDIV  ro code  0x1005879c     0x7c  ssm_algo.o [5]
  i.SDB_Find_Matching_LTK
                          ro code  0x10058818     0xa8  rom_sdb.o [5]
  i.SMA_Diversify         ro code  0x100588c0     0x2e  ssm_algo.o [5]
  i.get_connection_no     ro code  0x100588f0     0x84  multi_master_time.o [5]
  i.smp____MI_PairingConfirm_Receive
                          ro code  0x10058974     0x56  securitymgr.o [5]
  i.GapIsPrivacySupported
                          ro code  0x100589cc     0x14  rom_gap.o [5]
  i.SDB_Get_Number_Of_Records
                          ro code  0x100589e0     0x44  rom_sdb.o [5]
  i.SDB_Get_Data_From_Record
                          ro code  0x10058a24     0xde  sdb.o [5]
  i.smp____SC_submit_ECC_PK_generation_request
                          ro code  0x10058b04     0x1c  smp_scv42_isap.o [5]
  i.smp____SC_PairingPublicKey_Send
                          ro code  0x10058b20     0x68  smp_scv42_isap.o [5]
  i.smp____MI_PairingConfirm_Send
                          ro code  0x10058b88     0x98  securitymgr.o [5]
  i.smp____SC_Pairing_OOB_Confirm_Receive_and_Verify
                          ro code  0x10058c20     0x90  smp_scv42_isap.o [5]
  i.smp____SR_PairingConfirm_Receive
                          ro code  0x10058cb0     0xb0  securitymgr.o [5]
  i.smp____SC_Phase_2AS2_Start
                          ro code  0x10058d60     0xb4  smp_scv42_isap.o [5]
  i.smp____PairingFailed_Send
                          ro code  0x10058e14     0x30  securitymgr.o [5]
  i.smp_Keys_Distribution_Start
                          ro code  0x10058e44     0x36  sm_common.o [5]
  i.smp_Keys_Distribution_Send
                          ro code  0x10058e7c    0x12c  securitymgr.o [5]
  i.smp_Pairing_Completed
                          ro code  0x10058fa8     0xa8  sm_common.o [5]
  i.smp_Find_Remote_Device_Index
                          ro code  0x10059050     0x40  sm_common.o [5]
  i.smp_Reset_Timer       ro code  0x10059090     0x20  securitymgr.o [5]
  i.smp____SR_PairingRequest_Receive
                          ro code  0x100590b0    0x194  securitymgr.o [5]
  i.smp____MI_SecurityRequest_Receive
                          ro code  0x10059244     0x64  securitymgr.o [5]
  i.smp____SC_PairingPublicKey_Receive
                          ro code  0x100592a8     0x70  smp_scv42_isap.o [5]
  i.smp____SR_PairingRandom_Receive
                          ro code  0x10059318    0x1a4  securitymgr.o [5]
  i.smp_Receive_Keys      ro code  0x100594bc     0xd2  sm_common.o [5]
  i.smp____MI_PairingResponse_Receive
                          ro code  0x10059590     0x84  securitymgr.o [5]
  i.smp____MI_PairingRandom_Receive
                          ro code  0x10059614    0x1ac  securitymgr.o [5]
  i.smp____SC_Phase_2AS2_DHKeyCheck_Receive
                          ro code  0x100597c0     0x80  smp_scv42_isap.o [5]
  i.sm_RepeatedAttacks_Protection
                          ro code  0x10059840    0x118  securitymgr.o [5]
  i.List_Circular_Insert_Head
                          ro code  0x10059958      0xe  rom_list.o [5]
  .text                   ro code  0x10059968     0x20  BlueNRG1GattServer.o [1]
  .text                   ro code  0x10059988     0x38  btle.o [1]
  .text                   ro code  0x100599c0     0x38  btle.o [1]
  i.Gatt_Add_Descriptor   ro code  0x100599f8    0x150  gatt_server.o [5]
  .text                   ro code  0x10059b48     0x26  ABImemmove.o [7]
  i.Gatt_Disc_All_Charac_Of_Serv
                          ro code  0x10059b70     0x74  gatt_client.o [5]
  i.Gatt_Disc_Charac_By_Uuid
                          ro code  0x10059be4     0xbc  gatt_client.o [5]
  i.Acl_Get_Pack_Off      ro code  0x10059ca0     0x18  pm.o [5]
  i.Gatt_Find_Srv_Owner_Of_Handle
                          ro code  0x10059cb8     0x44  gatt_server.o [5]
  i.ValidLinkPermRequest  ro code  0x10059cfc     0x50  att.o [5]
  i.acl_list_full_on_packt
                          ro code  0x10059d4c     0x26  acl_list.o [5]
  i.PM_Extend_Pckt_Pdu_Size
                          ro code  0x10059d72     0x36  pm.o [5]
  i.PM_Clone_Pckt         ro code  0x10059da8     0x2a  pm.o [5]
  i.aci_gatt_write_permit_req_event_push
                          ro code  0x10059dd2     0x56  att.o [5]
  i.aci_gatt_attribute_modified_event_push
                          ro code  0x10059e28     0x68  att.o [5]
  i.SM_Validate_Signed_Packet
                          ro code  0x10059e90     0x7c  ssm_algo.o [5]
  i.CheckSecForSignedWrite
                          ro code  0x10059f0c     0x2c  att.o [5]
  i.reschedule_wakeup_slot
                          ro code  0x10059f38     0xa0  multi_master_time.o [5]
  .text                   ro code  0x10059fd8      0xc  btle.o [1]
  i.LL_Rcv_ACL_Data       ro code  0x10059fe4     0x30  rom_ll_ll_routines.o [5]
  i.Blue_Init_Global      ro code  0x1005a014     0x8c  routines_support.o [5]
  i.nsar_init             ro code  0x1005a0a0     0x18  multi_master_time.o [5]
  i.PM_Eng_Config         ro code  0x1005a0b8     0x18  pm.o [5]
  i.smp____SC_initialize  ro code  0x1005a0d0     0x58  smp_scv42_isap.o [5]
  i.hal_radio_activity_state_init
                          ro code  0x1005a128     0x1c  hal.o [5]
  i.fifoCtrl_init         ro code  0x1005a144      0xa  aci_events.o [5]
  i.Timer_sysTime32_convMachineTime
                          ro code  0x1005a150     0x20  host_timer.o [5]
  i.PM_Get_Available_Fragments
                          ro code  0x1005a170     0x38  pm.o [5]
  i.Check_Serv_Chng_Charac_Ind_Not
                          ro code  0x1005a1a8     0x80  rom_gatt_server.o [5]
  i.GATT_Num_Charac_Present
                          ro code  0x1005a228     0x3a  rom_gatt_server.o [5]
  i.Build_Notif_Or_Ind    ro code  0x1005a262     0x46  gatt_server.o [5]
  i.Send_Notif_Or_Ind     ro code  0x1005a2a8     0x7c  gatt_server.o [5]
  i.Get_SecRecord_Size    ro code  0x1005a324      0x4  sdb.o [5]
  i.STORE_LE_32           ro code  0x1005a328     0x10  utils.o [5]
  i.PRIV_vGeneratePrivateAddress
                          ro code  0x1005a338     0x62  ll_privacy.o [5]
  i.LL_Set_DirectAddress  ro code  0x1005a39c     0x64  rom_ll_ll_routines.o [5]
  i.LL_Set_OwnAddress     ro code  0x1005a400     0x3c  rom_ll_ll_routines.o [5]
  i.LL_Get_Address        ro code  0x1005a43c     0x30  rom_ll_ll_routines.o [5]
  i.adapt_slot            ro code  0x1005a46c    0x258  multi_master_time.o [5]
  i.start_timebase        ro code  0x1005a6c4     0xa0  multi_master_time.o [5]
  i.smp____SC_is_any_other_SC_Pairing_Ongoing
                          ro code  0x1005a764     0x38  smp_scv42_isap.o [5]
  i.request_scan_slot     ro code  0x1005a79c     0x88  multi_master_time.o [5]
  i.LL_Cancel_Connection_Req
                          ro code  0x1005a824     0x30  rom_ll_ll_routines_master.o [5]
  i.LL_Allow_Address_Setting
                          ro code  0x1005a854     0x42  rom_ll_ll_routines.o [5]
  i.LL_Get_AdvAddress     ro code  0x1005a898     0x40  rom_ll_ll_routines.o [5]
  i.LL_Get_ScanAddress    ro code  0x1005a8d8     0x40  rom_ll_ll_routines.o [5]
  i.Generate_Non_Resolvable_Private_Address
                          ro code  0x1005a918     0x88  rom_gap.o [5]
  i.SM_Generate_Resolvable_Private_Address
                          ro code  0x1005a9a0     0x4e  ssm_algo.o [5]
  i.Timer_StartOneShot    ro code  0x1005a9ee     0x22  host_timer.o [5]
  i.request_connect_slot  ro code  0x1005aa10     0x74  multi_master_time.o [5]
  i.check_access_address_patched
                          ro code  0x1005aa84     0xc8  ll_routines_master.o [5]
  i.Find_Timed_Out_Connection
                          ro code  0x1005ab4c     0x38  gatt_server.o [5]
  i.aci_gap_pairing_complete_event_push
                          ro code  0x1005ab84     0x4c  sm_common.o [5]
  i.LL_Send_ACL_Data      ro code  0x1005abd0     0x54  rom_ll_ll_routines.o [5]
  i.slave_advance         ro code  0x1005ac24     0xfc  routines_support.o [5]
  i.PM_Write_Pckt_Data    ro code  0x1005ad20     0x14  pm.o [5]
  i.store_data            ro code  0x1005ad34     0x1c  gatt_server.o [5]
  i.Flash_Write_Client_Data
                          ro code  0x1005ad50     0xc8  sdb.o [5]
  i.SM_Resolve_Private_Address
                          ro code  0x1005ae18     0x22  ssm_algo.o [5]
  i.SDB_Find_Record_By_ConnHandle
                          ro code  0x1005ae3a     0x26  sdb.o [5]
  i.Find_Client_Data      ro code  0x1005ae60     0xcc  rom_sdb.o [5]
  i.Acl_Copy_Data         ro code  0x1005af2c     0x82  pm.o [5]
  i.STORE_LE_16           ro code  0x1005afae      0x8  utils.o [5]
  i.Accu_UuidTypes_Requiring_Auth
                          ro code  0x1005afb6     0xe8  rom_att.o [5]
  i.aci_gatt_read_multi_permit_req_event_push
                          ro code  0x1005b09e     0x50  att.o [5]
  i.aci_gatt_read_permit_req_event_push
                          ro code  0x1005b0ee     0x38  att.o [5]
  i.Accu_Handles_Requiring_Auth
                          ro code  0x1005b126     0x6e  rom_att.o [5]
  i.Gatt_Find_Srv_From_Handle
                          ro code  0x1005b194     0x28  gatt_server.o [5]
  i.smp_Send_Data         ro code  0x1005b1bc     0x2c  securitymgr.o [5]
  i.smp____SC_is_Debug_Key_Usage_Forced
                          ro code  0x1005b1e8     0x14  smp_scv42_isap.o [5]
  i.SMA_SC_Gen_f4_Confirm
                          ro code  0x1005b1fc     0x50  ssm_algo.o [5]
  i.smp_LP_MI_Compute_c1_Confirm_Value
                          ro code  0x1005b24c    0x15c  securitymgr.o [5]
  i.smp_OOB_Check_Is_Remote_Data_Present
                          ro code  0x1005b3a8     0x3c  sm_common.o [5]
  i.smp_OOB_Get_Remote_Data_Reference
                          ro code  0x1005b3e4     0x4c  sm_common.o [5]
  i.smp_SR_Compute_c1_Confirm_Value
                          ro code  0x1005b430    0x170  securitymgr.o [5]
  i.smp____SC_Phase_2AS2__Set_Addresses
                          ro code  0x1005b5a0     0x32  smp_scv42_isap.o [5]
  i.SMA_SC_Gen_f5_Keys    ro code  0x1005b5d4     0xe0  ssm_algo.o [5]
  i.smp____SC_Phase_2AS2_Generate_DHKeyCheck
                          ro code  0x1005b6b4    0x130  smp_scv42_isap.o [5]
  i.smp____SC_Phase_2AS2_DHKeyCheck_Send
                          ro code  0x1005b7e4     0x5c  smp_scv42_isap.o [5]
  i.smp____Pairing_2Octets_Packet_Send
                          ro code  0x1005b840     0x48  sm_common.o [5]
  i.SMA_Generate_IRK      ro code  0x1005b888     0x28  ssm_algo.o [5]
  i.smp_Get_Local_Identity_Address
                          ro code  0x1005b8b0     0x40  sm_common.o [5]
  i.SMA_Generate_CSRK     ro code  0x1005b8f0     0x28  ssm_algo.o [5]
  i.smp_Add_To_Database   ro code  0x1005b918    0x14c  sm_common.o [5]
  i.smp_OOB_Clear_Remote_Data_Entry_by_Index
                          ro code  0x1005ba64     0x20  sm_common.o [5]
  i.aci_gap_authorization_req_event_push
                          ro code  0x1005ba84     0x44  sm_common.o [5]
  i.smp_Check_Incoming_Pairing_Parameters
                          ro code  0x1005bac8     0x38  securitymgr.o [5]
  i.smp_Build_AuthReq_Field
                          ro code  0x1005bb00     0x1a  securitymgr.o [5]
  i.smp____SC_Continue_If_Exclusive_SC_Pairing
                          ro code  0x1005bb1c     0x3c  smp_scv42_isap.o [5]
  i.smp_Get_Pairing_Parameters_From_Peer_Packet
                          ro code  0x1005bb58     0x88  securitymgr.o [5]
  i.smp_Set_Key_Association_Method
                          ro code  0x1005bbe0     0x68  securitymgr.o [5]
  i.smp_Build_Pairing_ReqResp_Packet
                          ro code  0x1005bc48     0x54  securitymgr.o [5]
  i.SMP_MI_PairingRequest_Send
                          ro code  0x1005bc9c    0x130  securitymgr.o [5]
  i.smp____SC_Verify_Peer_PK_and_Generate_DHKey
                          ro code  0x1005bdcc     0x44  smp_scv42_isap.o [5]
  i.SMA_SC_Gen_g2_NumComp_Val
                          ro code  0x1005be10     0x58  ssm_algo.o [5]
  i.aci_gap_numeric_comparison_value_event_push
                          ro code  0x1005be68     0x48  securitymgr.o [5]
  i.SMA_LP_s1_Generate_STK
                          ro code  0x1005beb0     0x28  ssm_algo.o [5]
  i.LL_Start_Encryption   ro code  0x1005bed8     0xec  rom_ll_ll_routines_master.o [5]
  .text                   ro code  0x1005bfc4     0x6e  BlueNRG1Device.o [1]
  .text                   ro code  0x1005c034     0x28  BlueNRG1GattServer.o [1]
  .text                   ro code  0x1005c05c      0x8  xthrow_no_throw.o [4]
  i.Check_Permission      ro code  0x1005c064     0x9c  rom_att.o [5]
  i.Acl_Clone_Fragment    ro code  0x1005c100     0x20  pm.o [5]
  i.LE_TO_NRG_32          ro code  0x1005c120     0x14  utils.o [5]
  i.SM_CMAC_Generate_Tag  ro code  0x1005c134     0xc4  ssm_algo.o [5]
  i.Blue_Set_Radio_Config_Data
                          ro code  0x1005c1f8     0x24  rom_ll_routines_support.o [5]
  i.Select_Next_Notification_Client
                          ro code  0x1005c21c     0x54  gatt_server.o [5]
  i.nsar_updateSlotListEntry
                          ro code  0x1005c270     0x6c  multi_master_time.o [5]
  i.nsar_insertSlotListEntry
                          ro code  0x1005c2dc     0x1c  multi_master_time.o [5]
  i.nsar_searchBestFreeSlot
                          ro code  0x1005c2f8     0xac  multi_master_time.o [5]
  i.sm_Calculate_Hash     ro code  0x1005c3a4     0x38  ssm_algo.o [5]
  i.HAL_VTimerAcc_sysT32_ms
                          ro code  0x1005c3dc     0x24  host_timer.o [5]
  i.Timer_StartOneShot_sysTime32
                          ro code  0x1005c400     0x70  host_timer.o [5]
  i.Write_Client_Data     ro code  0x1005c470    0x1b8  sdb.o [5]
  i.SDB_Delete            ro code  0x1005c628    0x170  sdb.o [5]
  i.SDB_Get_GattDb_Start_Addr
                          ro code  0x1005c798     0x18  sdb.o [5]
  i.copy_swap_buffer      ro code  0x1005c7b0     0x22  utils.o [5]
  i.AES_CMAC_Encrypt      ro code  0x1005c7d2     0x3a  aes128cmac.o [5]
  i.SMA_SC_Gen_f6_Check_Val
                          ro code  0x1005c80c     0x84  ssm_algo.o [5]
  i.SDB_Add_Record        ro code  0x1005c890    0x1ac  sdb.o [5]
  i.smp_Determine_Key_Association_Method
                          ro code  0x1005ca3c     0xb4  securitymgr.o [5]
  i.sm_Search_BlackList   ro code  0x1005caf0     0x4c  securitymgr.o [5]
  i.hci_le_generate_dhkey
                          ro code  0x1005cb3c     0x94  hci.o [5]
  .text                   ro code  0x1005cbd0     0x32  btle.o [1]
  .text                   ro code  0x1005cc02      0xe  btle.o [1]
  .text                   ro code  0x1005cc10     0x76  btle.o [1]
  .text                   ro code  0x1005cc86     0xbc  BlueNRG1Device.o [1]
  .text                   ro code  0x1005cd42     0x16  btle.o [1]
  .text                   ro code  0x1005cd58      0xc  exception.o [4]
  .text                   ro code  0x1005cd64     0x1e  btle.o [1]
  i.SM_Get_Link_Status    ro code  0x1005cd82     0x2e  sm_common.o [5]
  i.SM_Check_Encryption_KeySize
                          ro code  0x1005cdb0     0x20  sm_common.o [5]
  i.sm_Generate_SubKeys   ro code  0x1005cdd0     0x80  ssm_algo.o [5]
  i.nsar_updateBestFreeSlot
                          ro code  0x1005ce50     0x22  multi_master_time.o [5]
  i.InvaliDate_Record     ro code  0x1005ce74     0x20  rom_sdb.o [5]
  i.SDB_Get_GattDb_End_Addr
                          ro code  0x1005ce94     0x1c  sdb.o [5]
  i.Flash_Write_Flagged   ro code  0x1005ceb0     0x3c  nvm.o [5]
  i.Erase_Sector          ro code  0x1005ceec      0xe  sdb.o [5]
  i.Write_SDBRecord       ro code  0x1005cefc     0x6c  sdb.o [5]
  i.AES_CMAC_Encrypt_Init
                          ro code  0x1005cf68     0x34  crypto.o [5]
  i.AES_CMAC_Encrypt_Append
                          ro code  0x1005cf9c    0x288  crypto.o [5]
  i.AES_CMAC_Encrypt_Finish
                          ro code  0x1005d224     0x6c  crypto.o [5]
  i.PKA_Start_Generate_DHKey
                          ro code  0x1005d290     0x30  pka.o [5]
  .text                   ro code  0x1005d2c0     0x10  string2.o [4]
  .text                   ro code  0x1005d2d0     0x58  BlueNRG1GattServer.o [1]
  .text                   ro code  0x1005d328      0xe  btle.o [1]
  i.LeftShift             ro code  0x1005d336     0x2c  ssm_algo.o [5]
  i.Delay_With_NOP_Cycles
                          ro code  0x1005d362      0xe  utils.o [5]
  i.AESstdInit            ro code  0x1005d370     0xb8  crypto.o [5]
  i.AES_general_enc       ro code  0x1005d428      0x8  crypto.o [5]
  .text                   ro code  0x1005d430    0x6b0  rtx_msgqueue.o [1]
  .text                   ro code  0x1005dae0      0x2  rtx_evr.o [1]
  .text                   ro code  0x1005dae2      0x2  rtx_evr.o [1]
  .text                   ro code  0x1005dae4      0x2  rtx_evr.o [1]
  .text                   ro code  0x1005dae6      0x2  rtx_evr.o [1]
  .text                   ro code  0x1005dae8      0x2  rtx_evr.o [1]
  .text                   ro code  0x1005daea      0x2  rtx_evr.o [1]
  .text                   ro code  0x1005daec      0x2  rtx_evr.o [1]
  .text                   ro code  0x1005daee      0x2  rtx_evr.o [1]
  .text                   ro code  0x1005daf0      0x2  rtx_evr.o [1]
  .text                   ro code  0x1005daf4    0x160  rtx_system.o [1]
  .text                   ro code  0x1005dc54      0x2  rtx_evr.o [1]
  .text                   ro code  0x1005dc56      0x2  rtx_evr.o [1]
  .text                   ro code  0x1005dc58      0xc  os_systick.o [1]
  i.Gatt_Super_Handler    ro code  0x1005dc64    0x330  gatt_client.o [5]
  i.GAP_Started_Gatt_Proc
                          ro code  0x1005df94     0x2c  gap.o [5]
  i.Gatt_Check_Not_Error_Resp
[...]
singleton_mutex_attr    0x200047b8    0x10  Data  Gb  mbed_boot.o [1]
singleton_mutex_id      0x200047d0     0x4  Data  Gb  mbed_boot.o [1]
singleton_mutex_obj     0x200047d4    0x1c  Data  Gb  mbed_boot.o [1]
slave_advance           0x1005ac25    0xf0  Code  Gb  routines_support.o [5]
sleep_manager_lock_deep_sleep
                        0x100493d5     0x2  Code  Gb  mbed_sleep_manager.o [1]
sleep_manager_unlock_deep_sleep
                        0x100493d7     0x2  Code  Gb  mbed_sleep_manager.o [1]
sm_Calculate_Hash       0x1005c3a5    0x38  Code  Lc  ssm_algo.o [5]
sm_Generate_SubKeys     0x1005cdd1    0x80  Code  Lc  ssm_algo.o [5]
sm_Get_Long_Term_Key    0x100540e5    0x8a  Code  Lc  securitymgr.o [5]
sm_RepeatedAttacks_Protection
                        0x10059841   0x102  Code  Lc  securitymgr.o [5]
sm_Search_BlackList     0x1005caf1    0x46  Code  Gb  securitymgr.o [5]
smp_Add_To_Database     0x1005b919   0x146  Code  Gb  sm_common.o [5]
smp_Build_AuthReq_Field
                        0x1005bb01    0x1a  Code  Lc  securitymgr.o [5]
smp_Build_Pairing_ReqResp_Packet
                        0x1005bc49    0x50  Code  Lc  securitymgr.o [5]
smp_Check_Incoming_Pairing_Parameters
                        0x1005bac9    0x34  Code  Lc  securitymgr.o [5]
smp_Determine_Key_Association_Method
                        0x1005ca3d    0xac  Code  Gb  securitymgr.o [5]
smp_Execute_Actions_wrt_Current_State
                        0x10054249   0x266  Code  Lc  securitymgr.o [5]
smp_Find_Remote_Device_Index
                        0x10059051    0x3a  Code  Gb  sm_common.o [5]
smp_Get_Local_Identity_Address
                        0x1005b8b1    0x3a  Code  Gb  sm_common.o [5]
smp_Get_Pairing_Parameters_From_Peer_Packet
                        0x1005bb59    0x82  Code  Lc  securitymgr.o [5]
smp_Keys_Distribution_Complete
                        0x1005fb71    0x46  Code  Lc  sm_common.o [5]
smp_Keys_Distribution_Send
                        0x10058e7d   0x126  Code  Lc  securitymgr.o [5]
smp_Keys_Distribution_Start
                        0x10058e45    0x36  Code  Gb  sm_common.o [5]
smp_LP_MI_Compute_c1_Confirm_Value
                        0x1005b24d   0x156  Code  Lc  securitymgr.o [5]
smp_OOB_Check_Is_Remote_Data_Present
                        0x1005b3a9    0x36  Code  Gb  sm_common.o [5]
smp_OOB_Clear_Remote_Data_Entry_by_Index
                        0x1005ba65    0x1a  Code  Gb  sm_common.o [5]
smp_OOB_Get_Remote_Data_Reference
                        0x1005b3e5    0x48  Code  Gb  sm_common.o [5]
smp_Pairing_Completed   0x10058fa9    0xa2  Code  Gb  sm_common.o [5]
smp_Process_Rx_Packet_Exception_Cases
                        0x10054731    0xae  Code  Lc  securitymgr.o [5]
smp_Process_Rx_Packet_wrt_Current_State
                        0x100544fd   0x174  Code  Lc  securitymgr.o [5]
smp_Receive_Keys        0x100594bd    0xd2  Code  Gb  sm_common.o [5]
smp_Reset_Timer         0x10059091    0x1a  Code  Lc  securitymgr.o [5]
smp_SR_Compute_c1_Confirm_Value
                        0x1005b431   0x16a  Code  Lc  securitymgr.o [5]
smp_Send_Data           0x1005b1bd    0x2c  Code  Gb  securitymgr.o [5]
smp_Set_Key_Association_Method
                        0x1005bbe1    0x64  Code  Lc  securitymgr.o [5]
smp____MI_PairingConfirm_Receive
                        0x10058975    0x56  Code  Lc  securitymgr.o [5]
smp____MI_PairingConfirm_Send
                        0x10058b89    0x92  Code  Lc  securitymgr.o [5]
smp____MI_PairingRandom_Receive
                        0x10059615   0x1a2  Code  Lc  securitymgr.o [5]
smp____MI_PairingResponse_Receive
                        0x10059591    0x7e  Code  Lc  securitymgr.o [5]
smp____MI_SecurityRequest_Receive
                        0x10059245    0x60  Code  Lc  securitymgr.o [5]
smp____PairingFailed_Send
                        0x10058e15    0x30  Code  Gb  securitymgr.o [5]
smp____Pairing_2Octets_Packet_Send
                        0x1005b841    0x48  Code  Gb  sm_common.o [5]
smp____Pairing_Process_Abort
                        0x10054675    0xb6  Code  Lc  securitymgr.o [5]
smp____SC_Continue_If_Exclusive_SC_Pairing
                        0x1005bb1d    0x36  Code  Gb  smp_scv42_isap.o [5]
smp____SC_PairingPublicKey_Receive
                        0x100592a9    0x68  Code  Gb  smp_scv42_isap.o [5]
smp____SC_PairingPublicKey_Send
                        0x10058b21    0x64  Code  Gb  smp_scv42_isap.o [5]
smp____SC_Pairing_OOB_Confirm_Receive_and_Verify
                        0x10058c21    0x8c  Code  Gb  smp_scv42_isap.o [5]
smp____SC_Phase_2AS2_DHKeyCheck_Receive
                        0x100597c1    0x80  Code  Gb  smp_scv42_isap.o [5]
smp____SC_Phase_2AS2_DHKeyCheck_Send
                        0x1005b7e5    0x56  Code  Gb  smp_scv42_isap.o [5]
smp____SC_Phase_2AS2_Generate_DHKeyCheck
                        0x1005b6b5   0x12a  Code  Lc  smp_scv42_isap.o [5]
smp____SC_Phase_2AS2_Start
                        0x10058d61    0xae  Code  Gb  smp_scv42_isap.o [5]
smp____SC_Phase_2AS2__Set_Addresses
                        0x1005b5a1    0x32  Code  Lc  smp_scv42_isap.o [5]
smp____SC_Verify_Peer_PK_and_Generate_DHKey
                        0x1005bdcd    0x3e  Code  Gb  smp_scv42_isap.o [5]
smp____SC_hci_le_generate_dhkey_complete_evt_hndl
                        0x10061045    0x22  Code  Gb  smp_scv42_isap.o [5]
smp____SC_hci_le_read_local_p256_public_key_complete_evt_hndl
                        0x10060d31    0x3c  Code  Gb  smp_scv42_isap.o [5]
smp____SC_initialize    0x1005a0d1    0x50  Code  Gb  smp_scv42_isap.o [5]
smp____SC_is_Debug_Key_Usage_Forced
                        0x1005b1e9    0x10  Code  Gb  smp_scv42_isap.o [5]
smp____SC_is_any_other_SC_Pairing_Ongoing
                        0x1005a765    0x34  Code  Gb  smp_scv42_isap.o [5]
smp____SC_submit_ECC_PK_generation_request
                        0x10058b05    0x16  Code  Gb  smp_scv42_isap.o [5]
smp____SR_PairingConfirm_Receive
                        0x10058cb1    0xac  Code  Lc  securitymgr.o [5]
smp____SR_PairingRandom_Receive
                        0x10059319   0x19a  Code  Lc  securitymgr.o [5]
smp____SR_PairingRequest_Receive
                        0x100590b1   0x18e  Code  Lc  securitymgr.o [5]
stacklib_flash_data     0x10067000   0x800  Data  Lc  btle.o [1]
stacklib_stored_device_id_data
                        0x10067800    0x38  Data  Lc  btle.o [1]
start_timebase          0x1005a6c5    0x92  Code  Gb  multi_master_time.o [5]
std::_String_base::_XlenAbort() const
                        0x1005d2c1     0x8  Code  Gb  string2.o [4]
std::_String_base::_XranAbort() const
                        0x1005d2c9     0x8  Code  Gb  string2.o [4]
std::_Tmap_traits<unsigned short, unsigned short, std::less<unsigned short>, std::allocator<std::pair<unsigned short const, unsigned short>>, (bool)0>::_Tmap_traits(std::less<unsigned short>)
                        0x10059fd9     0xc  Code  Gb  btle.o [1]
std::_Tmap_traits<unsigned short, unsigned short, std::less<unsigned short>, std::allocator<std::pair<unsigned short const, unsigned short>>, (bool)0>::_Tmap_traits(std::less<unsigned short>) [subobject]
                        0x10055691     0x8  Code  Gb  btle.o [1]
std::_Tree<std::_Tmap_traits<unsigned short, unsigned short, std::less<unsigned short>, std::allocator<std::pair<unsigned short const, unsigned short>>, (bool)0>>::_Erase(std::_Tree_nod<std::_Tmap_traits<unsigned short, unsigned short, std::less<unsigned short>, std::allocator<std::pair<unsigned short const, unsigned short>>, (bool)0>>::_Node *)
                        0x100603db    0x24  Code  Gb  btle.o [1]
std::_Tree<std::_Tmap_traits<unsigned short, unsigned short, std::less<unsigned short>, std::allocator<std::pair<unsigned short const, unsigned short>>, (bool)0>>::_Insert(bool, std::_Tree_nod<std::_Tmap_traits<unsigned short, unsigned short, std::less<unsigned short>, std::allocator<std::pair<unsigned short const, unsigned short>>, (bool)0>>::_Node *, std::pair<unsigned short const, unsigned short> const &)
                        0x10054889   0x110  Code  Gb  BlueNRG1GattServer.o [1]
std::_Tree<std::_Tmap_traits<unsigned short, unsigned short, std::less<unsigned short>, std::allocator<std::pair<unsigned short const, unsigned short>>, (bool)0>>::_Lrotate(std::_Tree_nod<std::_Tmap_traits<unsigned short, unsigned short, std::less<unsigned short>, std::allocator<std::pair<unsigned short const, unsigned short>>, (bool)0>>::_Node *)
                        0x10059989    0x38  Code  Gb  btle.o [1]
std::_Tree<std::_Tmap_traits<unsigned short, unsigned short, std::less<unsigned short>, std::allocator<std::pair<unsigned short const, unsigned short>>, (bool)0>>::_Make_iter(std::_Tree<std::_Tmap_traits<unsigned short, unsigned short, std::less<unsigned short>, std::allocator<std::pair<unsigned short const, unsigned short>>, (bool)0>>::const_iterator) const
                        0x1005e76d     0x4  Code  Gb  btle.o [1]
std::_Tree<std::_Tmap_traits<unsigned short, unsigned short, std::less<unsigned short>, std::allocator<std::pair<unsigned short const, unsigned short>>, (bool)0>>::_Rrotate(std::_Tree_nod<std::_Tmap_traits<unsigned short, unsigned short, std::less<unsigned short>, std::allocator<std::pair<unsigned short const, unsigned short>>, (bool)0>>::_Node *)
                        0x100599c1    0x38  Code  Gb  btle.o [1]
std::_Tree<std::_Tmap_traits<unsigned short, unsigned short, std::less<unsigned short>, std::allocator<std::pair<unsigned short const, unsigned short>>, (bool)0>>::_Xlong() const
                        0x10059969    0x20  Code  Gb  BlueNRG1GattServer.o [1]
std::_Tree<std::_Tmap_traits<unsigned short, unsigned short, std::less<unsigned short>, std::allocator<std::pair<unsigned short const, unsigned short>>, (bool)0>>::_Xlong() const::string
                        0x100618b8    0x14  Data  Gb  BlueNRG1GattServer.o [1]
std::_Tree<std::_Tmap_traits<unsigned short, unsigned short, std::less<unsigned short>, std::allocator<std::pair<unsigned short const, unsigned short>>, (bool)0>>::erase(std::_Tree<std::_Tmap_traits<unsigned short, unsigned short, std::less<unsigned short>, std::allocator<std::pair<unsigned short const, unsigned short>>, (bool)0>>::const_iterator)
                        0x1005e4f9   0x24c  Code  Gb  btle.o [1]
std::_Tree<std::_Tmap_traits<unsigned short, unsigned short, std::less<unsigned short>, std::allocator<std::pair<unsigned short const, unsigned short>>, (bool)0>>::erase(std::_Tree<std::_Tmap_traits<unsigned short, unsigned short, std::less<unsigned short>, std::allocator<std::pair<unsigned short const, unsigned short>>, (bool)0>>::const_iterator)::string
                        0x10061614    0x1c  Data  Gb  btle.o [1]
std::_Tree<std::_Tmap_traits<unsigned short, unsigned short, std::less<unsigned short>, std::allocator<std::pair<unsigned short const, unsigned short>>, (bool)0>>::erase(std::_Tree<std::_Tmap_traits<unsigned short, unsigned short, std::less<unsigned short>, std::allocator<std::pair<unsigned short const, unsigned short>>, (bool)0>>::const_iterator, std::_Tree<std::_Tmap_traits<unsigned short, unsigned short, std::less<unsigned short>, std::allocator<std::pair<unsigned short const, unsigned short>>, (bool)0>>::const_iterator)
                        0x10060365    0x76  Code  Gb  btle.o [1]
std::_Tree<std::_Tmap_traits<unsigned short, unsigned short, std::less<unsigned short>, std::allocator<std::pair<unsigned short const, unsigned short>>, (bool)0>>::find(unsigned short const &)
                        0x10050793    0x30  Code  Gb  BlueNRG1GattServer.o [1]
std::_Tree<std::_Tmap_traits<unsigned short, unsigned short, std::less<unsigned short>, std::allocator<std::pair<unsigned short const, unsigned short>>, (bool)0>>::insert(std::pair<unsigned short const, unsigned short> const &)
                        0x10050695    0xae  Code  Gb  BlueNRG1GattServer.o [1]
std::__iar_ThrowNoThrow(std::exception const &)
                        0x1005c05d     0x8  Code  Gb  xthrow_no_throw.o [4]
std::exception::exception() [subobject]
                        0x1005cd59     0x6  Code  Gb  exception.o [4]
std::length_error::length_error(const std::string&)
                        0x1005c035    0x28  Code  Gb  BlueNRG1GattServer.o [1]
std::map<unsigned short, unsigned short, std::less<unsigned short>, std::allocator<std::pair<unsigned short const, unsigned short>>>::map()
                        0x10051cad    0x40  Code  Gb  btle.o [1]
std::map<unsigned short, unsigned short, std::less<unsigned short>, std::allocator<std::pair<unsigned short const, unsigned short>>>::~map()
                        0x10060ab5    0x1c  Code  Gb  btle.o [1]
std::nothrow            0x10061bec     0x4  Data  Gb  nothrow.o [4]
std::out_of_range::out_of_range(const std::string&)
                        0x1005e745    0x28  Code  Gb  btle.o [1]
std::string::_Eos(unsigned int)
                        0x1005cd43    0x16  Code  Gb  btle.o [1]
std::string::_Grow(unsigned int, bool)
                        0x1005cc87    0xbc  Code  Gb  BlueNRG1Device.o [1]
std::string::_Myptr()   0x1005cc03     0xe  Code  Gb  btle.o [1]
std::string::_Myptr() const
                        0x1005d329     0xe  Code  Gb  btle.o [1]
std::string::_Tidy(bool, unsigned int)
                        0x1005cbd1    0x32  Code  Gb  btle.o [1]
std::string::assign(const std::string&, unsigned int, unsigned int)
                        0x1005cc11    0x76  Code  Gb  btle.o [1]
std::string::basic_string(char const *)
                        0x1005bfc5    0x6e  Code  Gb  BlueNRG1Device.o [1]
std::string::basic_string(const std::string&)
                        0x1005cd65    0x1e  Code  Gb  btle.o [1]
std::string::erase(unsigned int, unsigned int)
                        0x1005d2d1    0x58  Code  Gb  BlueNRG1GattServer.o [1]
std_mutex_file          0x200042e8   0x118  Data  Lc  mbed_boot.o [1]
std_mutex_id_file       0x200042c0    0x28  Data  Lc  mbed_boot.o [1]
std_mutex_id_sys        0x200044c4    0x14  Data  Lc  mbed_boot.o [1]
std_mutex_sys           0x200044d8    0x8c  Data  Lc  mbed_boot.o [1]
stdio_uart              0x20004980    0x10  Data  Gb  serial_api.o [1]
stdio_uart_inited       0x200049d0     0x4  Data  Gb  serial_api.o [1]
store_data              0x1005ad35    0x1c  Code  Gb  gatt_server.o [5]
strcmp                  0x1004987d    0x22  Code  Gb  strcmp.o [7]
strlen                  0x1004a049    0x10  Code  Gb  strlen.o [7]
strncmp                 0x1004cff5    0x2c  Code  Gb  strncmp.o [3]
svcRtxDelay             0x1004a749    0x14  Code  Gb  rtx_delay.o [1]
svcRtxKernelGetState    0x100475c5     0xe  Code  Gb  rtx_kernel.o [1]
svcRtxKernelInitialize  0x1004743d   0x17a  Code  Gb  rtx_kernel.o [1]
svcRtxKernelStart       0x100475d3    0xa6  Code  Gb  rtx_kernel.o [1]
svcRtxMessageQueueGet   0x1005d82f   0x106  Code  Gb  rtx_msgqueue.o [1]
svcRtxMessageQueueNew   0x1005d5d7   0x16e  Code  Gb  rtx_msgqueue.o [1]
svcRtxMessageQueuePut   0x1005d745    0xea  Code  Gb  rtx_msgqueue.o [1]
svcRtxMutexAcquire      0x1004784f    0xca  Code  Gb  rtx_mutex.o [1]
svcRtxMutexDelete       0x10047a0b    0xba  Code  Gb  rtx_mutex.o [1]
svcRtxMutexNew          0x100477d3    0x7c  Code  Gb  rtx_mutex.o [1]
svcRtxMutexRelease      0x10047919    0xdc  Code  Gb  rtx_mutex.o [1]
svcRtxThreadExit        0x10047275    0xa0  Code  Gb  rtx_thread.o [1]
svcRtxThreadGetId       0x10047201    0x10  Code  Gb  rtx_thread.o [1]
svcRtxThreadGetName     0x100471d7    0x2a  Code  Gb  rtx_thread.o [1]
svcRtxThreadNew         0x10046fd1   0x206  Code  Gb  rtx_thread.o [1]
swap_char               0x10044141     0xa  Code  Lc  multi_master_time.o [5]
swap_short_int          0x1004414b     0xa  Code  Lc  multi_master_time.o [5]
sys_alloc               0x1004549d   0x3e8  Code  Lc  dlmalloc.o [3]
syslock_o               0x20004870     0x4  Data  Lc  xsyslock_mtx.o [3]
system_time_trans       0x10043135     0xa  Code  Gb  rom_ll_timehandling.o [5]
system_time_trans_ext   0x100441b5    0x26  Code  Gb  rom_ll_timehandling.o [5]
terminate_hook          0x200049d4     0x4  Data  Lc  Thread.o [1]
thread_terminate_hook   0x100495d5    0x10  Code  Gb  Thread.o [1]
ticker_insert_event_us  0x1004a5b1    0x52  Code  Gb  mbed_ticker_api.o [1]
ticker_read             0x1004a637     0x4  Code  Gb  mbed_ticker_api.o [1]
ticker_read_us          0x1004a63b     0x2  Code  Gb  mbed_ticker_api.o [1]
ticker_remove_event     0x1004a603    0x34  Code  Gb  mbed_ticker_api.o [1]
ticker_set_handler      0x1004a5a1    0x10  Code  Gb  mbed_ticker_api.o [1]
time_offset1            0x1004417f     0xe  Code  Gb  rom_ll_timehandling.o [5]
time_offset2            0x1004419d     0xc  Code  Gb  rom_ll_timehandling.o [5]
timebase_start_connect  0x100440cd    0x36  Code  Gb  multi_master_time.o [5]
tmalloc_large           0x10045891   0x3ca  Code  Lc  dlmalloc.o [3]
tmalloc_small           0x10045c61   0x230  Code  Lc  dlmalloc.o [3]
touch_it                0x200005fd     0x1  Data  Gb  rom_global_var.o [5]
triggerSensorPolling    0x200002d8     0x1  Data  Lc  main.o [1]
unpack_channel_map      0x1004288b    0x38  Code  Gb  rom_ll_isr_routines.o [5]
unpack_update_request   0x10042845    0x46  Code  Gb  rom_ll_isr_routines.o [5]
unsigned char * std::_Copy_opt<unsigned char const *, unsigned char *>(unsigned char const *, unsigned char const *, unsigned char *, std::_Scalar_ptr_iterator_tag)
                        0x10054db7    0x14  Code  Gb  GenericGattClient.o [1]
update_present_time     0x1004a3d1    0xf4  Code  Lc  mbed_ticker_api.o [1]
us_data                 0x1004a740     0x8  Data  Lc  mbed_us_ticker_api.o [1]
us_interface            0x10061630    0x1c  Data  Lc  mbed_us_ticker_api.o [1]
us_ticker_clear_interrupt
                        0x1005fe2d     0x2  Code  Gb  us_ticker_api.o [1]
us_ticker_disable_interrupt
                        0x1005fe13     0xc  Code  Gb  us_ticker_api.o [1]
us_ticker_fire_interrupt
                        0x1005fe2f     0x2  Code  Gb  us_ticker_api.o [1]
us_ticker_get_info      0x10061bc9     0x8  Code  Wk  mbed_retarget.o [1]
us_ticker_get_info::info
                        0x10061bb8     0x8  Data  Lc  mbed_retarget.o [1]
us_ticker_init          0x1005fd93    0x5c  Code  Gb  us_ticker_api.o [1]
us_ticker_read          0x1005fdef    0x18  Code  Gb  us_ticker_api.o [1]
us_ticker_set_interrupt
                        0x1005fe07     0xc  Code  Gb  us_ticker_api.o [1]
uuid16_list             0x10047f60     0x4  Data  Lc  main.o [1]
void mbed::Callback<void ()>::function_call<void (*)()>(void const *)
                        0x10061bd1     0x8  Code  Gb  utest_shim.o [1]
void mbed::Callback<void ()>::function_dtor<void (*)()>(void *)
                        0x1004989f     0x2  Code  Gb  utest_shim.o [1]
void mbed::Callback<void ()>::function_move<void (*)()>(void *, void const *)
                        0x10043fab     0xa  Code  Gb  utest_shim.o [1]
void mbed::Callback<void ()>::generate<void (*)()>(void (*)() const &)::ops
                        0x10061b50     0xc  Data  Gb  utest_shim.o [1]
vsnprintf               0x100495fd    0x3c  Code  Gb  vsnprint.o [3]
wait                    0x10049549     0xe  Code  Gb  mbed_wait_api_rtos.o [1]
wait_ms                 0x1004955d     0xe  Code  Gb  mbed_wait_api_rtos.o [1]
wait_us                 0x1004956b     0x2  Code  Gb  mbed_wait_api_rtos.o [1]
wakeupFromSleepFlag     0x2000000c     0x1  Data  Gb  system_bluenrg1.o [1]
wakeupFromSleepFlag_block$$Base
                        0x2000000c           --   Gb  - Linker created -
wakeupFromSleepFlag_block$$Limit
                        0x20000010           --   Gb  - Linker created -


[1] = C:\Users\Gianluca\Documents\mbed\Heart\BUILD\Obj
[2] = command line
[3] = dl6M_tlf.a
[4] = dlpp6M_tl_fc.a
[5] = libbluenrg1_stack.a
[6] = m6M_tl.a
[7] = rt6M_tl.a

  134 938 bytes of readonly  code memory
    5 596 bytes of readonly  data memory
   24 116 bytes of readwrite data memory

Errors: none
Warnings: none
