###############################################################################
#
# IAR ELF Linker V7.70.1.11437/W32 for ARM                08/May/2018  16:20:10
# Copyright 2007-2016 IAR Systems AB.
#
#    Output file  =  C:\Users\Gianluca\Documents\mbed\Heart\BUILD\Exe\name.out
#    Map file     =  C:\Users\Gianluca\Documents\mbed\Heart\BUILD\List\name.map
#    Command line =  
#        C:\Users\Gianluca\Documents\mbed\Heart\BUILD\Obj\aes.o
#        C:\Users\Gianluca\Documents\mbed\Heart\BUILD\Obj\aesni.o
#        C:\Users\Gianluca\Documents\mbed\Heart\BUILD\Obj\AnalogIn.o
#        C:\Users\Gianluca\Documents\mbed\Heart\BUILD\Obj\arc4.o
#        C:\Users\Gianluca\Documents\mbed\Heart\BUILD\Obj\asn1parse.o
#        C:\Users\Gianluca\Documents\mbed\Heart\BUILD\Obj\asn1write.o
#        C:\Users\Gianluca\Documents\mbed\Heart\BUILD\Obj\ATCmdParser.o
#        C:\Users\Gianluca\Documents\mbed\Heart\BUILD\Obj\base64.o
#        C:\Users\Gianluca\Documents\mbed\Heart\BUILD\Obj\bignum.o
#        C:\Users\Gianluca\Documents\mbed\Heart\BUILD\Obj\BLE.o
#        C:\Users\Gianluca\Documents\mbed\Heart\BUILD\Obj\ble_payload.o
#        C:\Users\Gianluca\Documents\mbed\Heart\BUILD\Obj\ble_utils.o
#        C:\Users\Gianluca\Documents\mbed\Heart\BUILD\Obj\BLEInstanceBase.o
#        C:\Users\Gianluca\Documents\mbed\Heart\BUILD\Obj\blowfish.o
#        C:\Users\Gianluca\Documents\mbed\Heart\BUILD\Obj\BlueNRG1_adc.o
#        C:\Users\Gianluca\Documents\mbed\Heart\BUILD\Obj\BlueNRG1_ble.o
#        C:\Users\Gianluca\Documents\mbed\Heart\BUILD\Obj\BlueNRG1_dma.o
#        C:\Users\Gianluca\Documents\mbed\Heart\BUILD\Obj\BlueNRG1_flash.o
#        C:\Users\Gianluca\Documents\mbed\Heart\BUILD\Obj\BlueNRG1_gpio.o
#        C:\Users\Gianluca\Documents\mbed\Heart\BUILD\Obj\BlueNRG1_i2c.o
#        C:\Users\Gianluca\Documents\mbed\Heart\BUILD\Obj\BlueNRG1_it.o
#        C:\Users\Gianluca\Documents\mbed\Heart\BUILD\Obj\BlueNRG1_mft.o
#        C:\Users\Gianluca\Documents\mbed\Heart\BUILD\Obj\BlueNRG1_pka.o
#        C:\Users\Gianluca\Documents\mbed\Heart\BUILD\Obj\BlueNRG1_rng.o
#        C:\Users\Gianluca\Documents\mbed\Heart\BUILD\Obj\BlueNRG1_rtc.o
#        C:\Users\Gianluca\Documents\mbed\Heart\BUILD\Obj\BlueNRG1_spi.o
#        C:\Users\Gianluca\Documents\mbed\Heart\BUILD\Obj\BlueNRG1_sysCtrl.o
#        C:\Users\Gianluca\Documents\mbed\Heart\BUILD\Obj\BlueNRG1_uart.o
#        C:\Users\Gianluca\Documents\mbed\Heart\BUILD\Obj\BlueNRG1_wdg.o
#        C:\Users\Gianluca\Documents\mbed\Heart\BUILD\Obj\BlueNRG1Device.o
#        C:\Users\Gianluca\Documents\mbed\Heart\BUILD\Obj\BlueNRG1DiscoveredCharacteristic.o
#        C:\Users\Gianluca\Documents\mbed\Heart\BUILD\Obj\BlueNRG1Gap.o
#        C:\Users\Gianluca\Documents\mbed\Heart\BUILD\Obj\BlueNRG1GattClient.o
#        C:\Users\Gianluca\Documents\mbed\Heart\BUILD\Obj\BlueNRG1GattConnectionClient.o
#        C:\Users\Gianluca\Documents\mbed\Heart\BUILD\Obj\BlueNRG1GattServer.o
#        C:\Users\Gianluca\Documents\mbed\Heart\BUILD\Obj\btle.o
#        C:\Users\Gianluca\Documents\mbed\Heart\BUILD\Obj\BusIn.o
#        C:\Users\Gianluca\Documents\mbed\Heart\BUILD\Obj\BusInOut.o
#        C:\Users\Gianluca\Documents\mbed\Heart\BUILD\Obj\BusOut.o
#        C:\Users\Gianluca\Documents\mbed\Heart\BUILD\Obj\CallChain.o
#        C:\Users\Gianluca\Documents\mbed\Heart\BUILD\Obj\camellia.o
#        C:\Users\Gianluca\Documents\mbed\Heart\BUILD\Obj\CAN.o
#        C:\Users\Gianluca\Documents\mbed\Heart\BUILD\Obj\ccm.o
#        C:\Users\Gianluca\Documents\mbed\Heart\BUILD\Obj\ccsbcs.o
#        C:\Users\Gianluca\Documents\mbed\Heart\BUILD\Obj\certs.o
#        C:\Users\Gianluca\Documents\mbed\Heart\BUILD\Obj\ChainingBlockDevice.o
#        C:\Users\Gianluca\Documents\mbed\Heart\BUILD\Obj\cipher.o
#        C:\Users\Gianluca\Documents\mbed\Heart\BUILD\Obj\cipher_wrap.o
#        C:\Users\Gianluca\Documents\mbed\Heart\BUILD\Obj\cmac.o
#        C:\Users\Gianluca\Documents\mbed\Heart\BUILD\Obj\cmain.o
#        C:\Users\Gianluca\Documents\mbed\Heart\BUILD\Obj\cmsis_nvic.o
#        C:\Users\Gianluca\Documents\mbed\Heart\BUILD\Obj\cmsis_os1.o
#        C:\Users\Gianluca\Documents\mbed\Heart\BUILD\Obj\ConditionVariable.o
#        C:\Users\Gianluca\Documents\mbed\Heart\BUILD\Obj\ctr_drbg.o
#        C:\Users\Gianluca\Documents\mbed\Heart\BUILD\Obj\debug.o
#        C:\Users\Gianluca\Documents\mbed\Heart\BUILD\Obj\des.o
#        C:\Users\Gianluca\Documents\mbed\Heart\BUILD\Obj\DFUService.o
#        C:\Users\Gianluca\Documents\mbed\Heart\BUILD\Obj\dhm.o
#        C:\Users\Gianluca\Documents\mbed\Heart\BUILD\Obj\Dir.o
#        C:\Users\Gianluca\Documents\mbed\Heart\BUILD\Obj\DiscoveredCharacteristic.o
#        C:\Users\Gianluca\Documents\mbed\Heart\BUILD\Obj\ecdh.o
#        C:\Users\Gianluca\Documents\mbed\Heart\BUILD\Obj\ecdsa.o
#        C:\Users\Gianluca\Documents\mbed\Heart\BUILD\Obj\ecjpake.o
#        C:\Users\Gianluca\Documents\mbed\Heart\BUILD\Obj\ecp.o
#        C:\Users\Gianluca\Documents\mbed\Heart\BUILD\Obj\ecp_curves.o
#        C:\Users\Gianluca\Documents\mbed\Heart\BUILD\Obj\entropy.o
#        C:\Users\Gianluca\Documents\mbed\Heart\BUILD\Obj\entropy_poll.o
#        C:\Users\Gianluca\Documents\mbed\Heart\BUILD\Obj\equeue.o
#        C:\Users\Gianluca\Documents\mbed\Heart\BUILD\Obj\equeue_mbed.o
#        C:\Users\Gianluca\Documents\mbed\Heart\BUILD\Obj\equeue_posix.o
#        C:\Users\Gianluca\Documents\mbed\Heart\BUILD\Obj\error.o
#        C:\Users\Gianluca\Documents\mbed\Heart\BUILD\Obj\Ethernet.o
#        C:\Users\Gianluca\Documents\mbed\Heart\BUILD\Obj\EventFlags.o
#        C:\Users\Gianluca\Documents\mbed\Heart\BUILD\Obj\EventQueue.o
#        C:\Users\Gianluca\Documents\mbed\Heart\BUILD\Obj\FATFileSystem.o
#        C:\Users\Gianluca\Documents\mbed\Heart\BUILD\Obj\ff.o
#        C:\Users\Gianluca\Documents\mbed\Heart\BUILD\Obj\File.o
#        C:\Users\Gianluca\Documents\mbed\Heart\BUILD\Obj\FileBase.o
#        C:\Users\Gianluca\Documents\mbed\Heart\BUILD\Obj\FileHandle.o
#        C:\Users\Gianluca\Documents\mbed\Heart\BUILD\Obj\FilePath.o
#        C:\Users\Gianluca\Documents\mbed\Heart\BUILD\Obj\FileSystem.o
#        C:\Users\Gianluca\Documents\mbed\Heart\BUILD\Obj\FileSystemHandle.o
#        C:\Users\Gianluca\Documents\mbed\Heart\BUILD\Obj\FlashIAP.o
#        C:\Users\Gianluca\Documents\mbed\Heart\BUILD\Obj\GapScanningParams.o
#        C:\Users\Gianluca\Documents\mbed\Heart\BUILD\Obj\gcm.o
#        C:\Users\Gianluca\Documents\mbed\Heart\BUILD\Obj\GenericGattClient.o
#        C:\Users\Gianluca\Documents\mbed\Heart\BUILD\Obj\gpio_api.o
#        C:\Users\Gianluca\Documents\mbed\Heart\BUILD\Obj\greentea_metrics.o
#        C:\Users\Gianluca\Documents\mbed\Heart\BUILD\Obj\greentea_serial.o
#        C:\Users\Gianluca\Documents\mbed\Heart\BUILD\Obj\greentea_test_env.o
#        C:\Users\Gianluca\Documents\mbed\Heart\BUILD\Obj\havege.o
#        C:\Users\Gianluca\Documents\mbed\Heart\BUILD\Obj\HeapBlockDevice.o
#        C:\Users\Gianluca\Documents\mbed\Heart\BUILD\Obj\hmac_drbg.o
#        C:\Users\Gianluca\Documents\mbed\Heart\BUILD\Obj\I2C.o
#        C:\Users\Gianluca\Documents\mbed\Heart\BUILD\Obj\I2CSlave.o
#        C:\Users\Gianluca\Documents\mbed\Heart\BUILD\Obj\InterruptIn.o
#        C:\Users\Gianluca\Documents\mbed\Heart\BUILD\Obj\InterruptManager.o
#        C:\Users\Gianluca\Documents\mbed\Heart\BUILD\Obj\irq_cm0.o
#        C:\Users\Gianluca\Documents\mbed\Heart\Bluetooth_LE\library\libbluenrg1_stack.a
#        C:\Users\Gianluca\Documents\mbed\Heart\BUILD\Obj\LocalFileSystem.o
#        C:\Users\Gianluca\Documents\mbed\Heart\BUILD\Obj\main.o
#        C:\Users\Gianluca\Documents\mbed\Heart\BUILD\Obj\mbed-utest-shim.o
#        C:\Users\Gianluca\Documents\mbed\Heart\BUILD\Obj\mbed_alloc_wrappers.o
#        C:\Users\Gianluca\Documents\mbed\Heart\BUILD\Obj\mbed_application.o
#        C:\Users\Gianluca\Documents\mbed\Heart\BUILD\Obj\mbed_assert.o
#        C:\Users\Gianluca\Documents\mbed\Heart\BUILD\Obj\mbed_board.o
#        C:\Users\Gianluca\Documents\mbed\Heart\BUILD\Obj\mbed_boot.o
#        C:\Users\Gianluca\Documents\mbed\Heart\BUILD\Obj\mbed_critical.o
#        C:\Users\Gianluca\Documents\mbed\Heart\BUILD\Obj\mbed_error.o
#        C:\Users\Gianluca\Documents\mbed\Heart\BUILD\Obj\mbed_flash_api.o
#        C:\Users\Gianluca\Documents\mbed\Heart\BUILD\Obj\mbed_gpio.o
#        C:\Users\Gianluca\Documents\mbed\Heart\BUILD\Obj\mbed_interface.o
#        C:\Users\Gianluca\Documents\mbed\Heart\BUILD\Obj\mbed_lp_ticker_api.o
#        C:\Users\Gianluca\Documents\mbed\Heart\BUILD\Obj\mbed_mem_trace.o
#        C:\Users\Gianluca\Documents\mbed\Heart\BUILD\Obj\mbed_mktime.o
#        C:\Users\Gianluca\Documents\mbed\Heart\BUILD\Obj\mbed_overrides.o
#        C:\Users\Gianluca\Documents\mbed\Heart\BUILD\Obj\mbed_pinmap_common.o
#        C:\Users\Gianluca\Documents\mbed\Heart\BUILD\Obj\mbed_poll.o
#        C:\Users\Gianluca\Documents\mbed\Heart\BUILD\Obj\mbed_retarget.o
#        C:\Users\Gianluca\Documents\mbed\Heart\BUILD\Obj\mbed_rtc_time.o
#        C:\Users\Gianluca\Documents\mbed\Heart\BUILD\Obj\mbed_rtx_handlers.o
#        C:\Users\Gianluca\Documents\mbed\Heart\BUILD\Obj\mbed_rtx_idle.o
#        C:\Users\Gianluca\Documents\mbed\Heart\BUILD\Obj\mbed_sdk_boot.o
#        C:\Users\Gianluca\Documents\mbed\Heart\BUILD\Obj\mbed_semihost_api.o
#        C:\Users\Gianluca\Documents\mbed\Heart\BUILD\Obj\mbed_shared_queues.o
#        C:\Users\Gianluca\Documents\mbed\Heart\BUILD\Obj\mbed_sleep_manager.o
#        C:\Users\Gianluca\Documents\mbed\Heart\BUILD\Obj\mbed_stats.o
#        C:\Users\Gianluca\Documents\mbed\Heart\BUILD\Obj\mbed_ticker_api.o
#        C:\Users\Gianluca\Documents\mbed\Heart\BUILD\Obj\mbed_trng.o
#        C:\Users\Gianluca\Documents\mbed\Heart\BUILD\Obj\mbed_us_ticker_api.o
#        C:\Users\Gianluca\Documents\mbed\Heart\BUILD\Obj\mbed_wait_api_no_rtos.o
#        C:\Users\Gianluca\Documents\mbed\Heart\BUILD\Obj\mbed_wait_api_rtos.o
#        C:\Users\Gianluca\Documents\mbed\Heart\BUILD\Obj\MBRBlockDevice.o
#        C:\Users\Gianluca\Documents\mbed\Heart\BUILD\Obj\md.o
#        C:\Users\Gianluca\Documents\mbed\Heart\BUILD\Obj\md2.o
#        C:\Users\Gianluca\Documents\mbed\Heart\BUILD\Obj\md4.o
#        C:\Users\Gianluca\Documents\mbed\Heart\BUILD\Obj\md5.o
#        C:\Users\Gianluca\Documents\mbed\Heart\BUILD\Obj\md_wrap.o
#        C:\Users\Gianluca\Documents\mbed\Heart\BUILD\Obj\memory_buffer_alloc.o
#        C:\Users\Gianluca\Documents\mbed\Heart\BUILD\Obj\misc.o
#        C:\Users\Gianluca\Documents\mbed\Heart\BUILD\Obj\Mutex.o
#        C:\Users\Gianluca\Documents\mbed\Heart\BUILD\Obj\net_sockets.o
#        C:\Users\Gianluca\Documents\mbed\Heart\BUILD\Obj\NetworkInterface.o
#        C:\Users\Gianluca\Documents\mbed\Heart\BUILD\Obj\NetworkStack.o
#        C:\Users\Gianluca\Documents\mbed\Heart\BUILD\Obj\nsapi_dns.o
#        C:\Users\Gianluca\Documents\mbed\Heart\BUILD\Obj\oid.o
#        C:\Users\Gianluca\Documents\mbed\Heart\BUILD\Obj\OnboardCellularInterface.o
#        C:\Users\Gianluca\Documents\mbed\Heart\BUILD\Obj\os_systick.o
#        C:\Users\Gianluca\Documents\mbed\Heart\BUILD\Obj\os_tick_ptim.o
#        C:\Users\Gianluca\Documents\mbed\Heart\BUILD\Obj\osal.o
#        C:\Users\Gianluca\Documents\mbed\Heart\BUILD\Obj\padlock.o
#        C:\Users\Gianluca\Documents\mbed\Heart\BUILD\Obj\pem.o
#        C:\Users\Gianluca\Documents\mbed\Heart\BUILD\Obj\pin_device.o
#        C:\Users\Gianluca\Documents\mbed\Heart\BUILD\Obj\pinmap.o
#        C:\Users\Gianluca\Documents\mbed\Heart\BUILD\Obj\pk.o
#        C:\Users\Gianluca\Documents\mbed\Heart\BUILD\Obj\pk_wrap.o
#        C:\Users\Gianluca\Documents\mbed\Heart\BUILD\Obj\pkcs11.o
#        C:\Users\Gianluca\Documents\mbed\Heart\BUILD\Obj\pkcs12.o
#        C:\Users\Gianluca\Documents\mbed\Heart\BUILD\Obj\pkcs5.o
#        C:\Users\Gianluca\Documents\mbed\Heart\BUILD\Obj\pkparse.o
#        C:\Users\Gianluca\Documents\mbed\Heart\BUILD\Obj\pkwrite.o
#        C:\Users\Gianluca\Documents\mbed\Heart\BUILD\Obj\platform.o
#        C:\Users\Gianluca\Documents\mbed\Heart\BUILD\Obj\PPPCellularInterface.o
#        C:\Users\Gianluca\Documents\mbed\Heart\BUILD\Obj\ProfilingBlockDevice.o
#        C:\Users\Gianluca\Documents\mbed\Heart\BUILD\Obj\RawSerial.o
#        C:\Users\Gianluca\Documents\mbed\Heart\BUILD\Obj\ripemd160.o
#        C:\Users\Gianluca\Documents\mbed\Heart\BUILD\Obj\rsa.o
#        C:\Users\Gianluca\Documents\mbed\Heart\BUILD\Obj\rt_OsEventObserver.o
#        C:\Users\Gianluca\Documents\mbed\Heart\BUILD\Obj\RtosTimer.o
#        C:\Users\Gianluca\Documents\mbed\Heart\BUILD\Obj\RTX_Config.o
#        C:\Users\Gianluca\Documents\mbed\Heart\BUILD\Obj\rtx_delay.o
#        C:\Users\Gianluca\Documents\mbed\Heart\BUILD\Obj\rtx_evflags.o
#        C:\Users\Gianluca\Documents\mbed\Heart\BUILD\Obj\rtx_evr.o
#        C:\Users\Gianluca\Documents\mbed\Heart\BUILD\Obj\rtx_kernel.o
#        C:\Users\Gianluca\Documents\mbed\Heart\BUILD\Obj\rtx_lib.o
#        C:\Users\Gianluca\Documents\mbed\Heart\BUILD\Obj\rtx_memory.o
#        C:\Users\Gianluca\Documents\mbed\Heart\BUILD\Obj\rtx_mempool.o
#        C:\Users\Gianluca\Documents\mbed\Heart\BUILD\Obj\rtx_msgqueue.o
#        C:\Users\Gianluca\Documents\mbed\Heart\BUILD\Obj\rtx_mutex.o
#        C:\Users\Gianluca\Documents\mbed\Heart\BUILD\Obj\rtx_semaphore.o
#        C:\Users\Gianluca\Documents\mbed\Heart\BUILD\Obj\rtx_system.o
#        C:\Users\Gianluca\Documents\mbed\Heart\BUILD\Obj\rtx_thread.o
#        C:\Users\Gianluca\Documents\mbed\Heart\BUILD\Obj\rtx_timer.o
#        C:\Users\Gianluca\Documents\mbed\Heart\BUILD\Obj\Semaphore.o
#        C:\Users\Gianluca\Documents\mbed\Heart\BUILD\Obj\Serial.o
#        C:\Users\Gianluca\Documents\mbed\Heart\BUILD\Obj\serial_api.o
#        C:\Users\Gianluca\Documents\mbed\Heart\BUILD\Obj\SerialBase.o
#        C:\Users\Gianluca\Documents\mbed\Heart\BUILD\Obj\sha1.o
#        C:\Users\Gianluca\Documents\mbed\Heart\BUILD\Obj\sha256.o
#        C:\Users\Gianluca\Documents\mbed\Heart\BUILD\Obj\sha512.o
#        C:\Users\Gianluca\Documents\mbed\Heart\BUILD\Obj\SlicingBlockDevice.o
#        C:\Users\Gianluca\Documents\mbed\Heart\BUILD\Obj\Socket.o
#        C:\Users\Gianluca\Documents\mbed\Heart\BUILD\Obj\SocketAddress.o
#        C:\Users\Gianluca\Documents\mbed\Heart\BUILD\Obj\SPI.o
#        C:\Users\Gianluca\Documents\mbed\Heart\BUILD\Obj\spi_api.o
#        C:\Users\Gianluca\Documents\mbed\Heart\BUILD\Obj\SPISlave.o
#        C:\Users\Gianluca\Documents\mbed\Heart\BUILD\Obj\ssl_cache.o
#        C:\Users\Gianluca\Documents\mbed\Heart\BUILD\Obj\ssl_ciphersuites.o
#        C:\Users\Gianluca\Documents\mbed\Heart\BUILD\Obj\ssl_cli.o
#        C:\Users\Gianluca\Documents\mbed\Heart\BUILD\Obj\ssl_cookie.o
#        C:\Users\Gianluca\Documents\mbed\Heart\BUILD\Obj\ssl_srv.o
#        C:\Users\Gianluca\Documents\mbed\Heart\BUILD\Obj\ssl_ticket.o
#        C:\Users\Gianluca\Documents\mbed\Heart\BUILD\Obj\ssl_tls.o
#        C:\Users\Gianluca\Documents\mbed\Heart\BUILD\Obj\startup_bluenrg1.o
#        C:\Users\Gianluca\Documents\mbed\Heart\BUILD\Obj\Stream.o
#        C:\Users\Gianluca\Documents\mbed\Heart\BUILD\Obj\system_bluenrg1.o
#        C:\Users\Gianluca\Documents\mbed\Heart\BUILD\Obj\TCPServer.o
#        C:\Users\Gianluca\Documents\mbed\Heart\BUILD\Obj\TCPSocket.o
#        C:\Users\Gianluca\Documents\mbed\Heart\BUILD\Obj\Thread.o
#        C:\Users\Gianluca\Documents\mbed\Heart\BUILD\Obj\threading.o
#        C:\Users\Gianluca\Documents\mbed\Heart\BUILD\Obj\Ticker.o
#        C:\Users\Gianluca\Documents\mbed\Heart\BUILD\Obj\Timeout.o
#        C:\Users\Gianluca\Documents\mbed\Heart\BUILD\Obj\Timer.o
#        C:\Users\Gianluca\Documents\mbed\Heart\BUILD\Obj\TimerEvent.o
#        C:\Users\Gianluca\Documents\mbed\Heart\BUILD\Obj\timing.o
#        C:\Users\Gianluca\Documents\mbed\Heart\BUILD\Obj\UARTCellularInterface.o
#        C:\Users\Gianluca\Documents\mbed\Heart\BUILD\Obj\UARTSerial.o
#        C:\Users\Gianluca\Documents\mbed\Heart\BUILD\Obj\UARTService.o
#        C:\Users\Gianluca\Documents\mbed\Heart\BUILD\Obj\UDPSocket.o
#        C:\Users\Gianluca\Documents\mbed\Heart\BUILD\Obj\unity.o
#        C:\Users\Gianluca\Documents\mbed\Heart\BUILD\Obj\unity_handler.o
#        C:\Users\Gianluca\Documents\mbed\Heart\BUILD\Obj\URIBeaconConfigService.o
#        C:\Users\Gianluca\Documents\mbed\Heart\BUILD\Obj\us_ticker_api.o
#        C:\Users\Gianluca\Documents\mbed\Heart\BUILD\Obj\utest_case.o
#        C:\Users\Gianluca\Documents\mbed\Heart\BUILD\Obj\utest_default_handlers.o
#        C:\Users\Gianluca\Documents\mbed\Heart\BUILD\Obj\utest_greentea_handlers.o
#        C:\Users\Gianluca\Documents\mbed\Heart\BUILD\Obj\utest_harness.o
#        C:\Users\Gianluca\Documents\mbed\Heart\BUILD\Obj\utest_shim.o
#        C:\Users\Gianluca\Documents\mbed\Heart\BUILD\Obj\utest_stack_trace.o
#        C:\Users\Gianluca\Documents\mbed\Heart\BUILD\Obj\utest_types.o
#        C:\Users\Gianluca\Documents\mbed\Heart\BUILD\Obj\version.o
#        C:\Users\Gianluca\Documents\mbed\Heart\BUILD\Obj\version_features.o
#        C:\Users\Gianluca\Documents\mbed\Heart\BUILD\Obj\WiFiAccessPoint.o
#        C:\Users\Gianluca\Documents\mbed\Heart\BUILD\Obj\x509.o
#        C:\Users\Gianluca\Documents\mbed\Heart\BUILD\Obj\x509_create.o
#        C:\Users\Gianluca\Documents\mbed\Heart\BUILD\Obj\x509_crl.o
#        C:\Users\Gianluca\Documents\mbed\Heart\BUILD\Obj\x509_crt.o
#        C:\Users\Gianluca\Documents\mbed\Heart\BUILD\Obj\x509_csr.o
#        C:\Users\Gianluca\Documents\mbed\Heart\BUILD\Obj\x509write_crt.o
#        C:\Users\Gianluca\Documents\mbed\Heart\BUILD\Obj\x509write_csr.o
#        C:\Users\Gianluca\Documents\mbed\Heart\BUILD\Obj\xtea.o -o
#        C:\Users\Gianluca\Documents\mbed\Heart\BUILD\Exe\name.out --redirect
#        _Printf=_PrintfLarge --redirect _Scanf=_ScanfFull --map
#        C:\Users\Gianluca\Documents\mbed\Heart\BUILD\List\name.map --config
#        C:\Users\Gianluca\Documents\mbed\Heart\.\mbed-os\targets\TARGET_STMBLUE\TARGET_BLUENRG1\TARGET_STEVAL_IDB007V1\device\TOOLCHAIN_IAR\BLUENRG1.icf
#        --skip_dynamic_initialization --threaded_lib --entry
#        __iar_program_start --no_exceptions --vfe
#
###############################################################################

*******************************************************************************
*** RUNTIME MODEL ATTRIBUTES
***

CppFlavor                     = *
__CPP_Exceptions              = Disabled
__CPP_Language                = C++
__Heap_Handler                = DLMalloc
__SystemLibrary               = DLib
__dlib_dynamic_initialization = postponed
__dlib_has_iterator_debugging = 0
__dlib_jmp_buf_num_elements   = 8


*******************************************************************************
*** PLACEMENT SUMMARY
***

"A0":  place at start of [0x10067000-0x10067fff] {
          block BLOCK_STACKLIB_FLASH_DATA };
"A1":  place at 0x200000c0 { block BLUE };
"A3":  place at start of [0x10040000-0x10066fff] { ro section .intvec };
"A4":  place at 0x20000004 { block ota_sw_activation_block };
"A5":  place at 0x20000008 { block savedMSP_block };
"A6":  place at 0x2000000c { block wakeupFromSleepFlag_block };
"A7":  place at 0x20000010 { block app_base_block };
"A8":  place at 0x20000030 { block Blue_Flag_Ram_block };
"P2":  place in [from 0x10040000 to 0x10066fff] { ro };
"P3":  place in [from 0x200000c0 to 0x20005fff] { rw };
"A10": place at end of [0x200000c0-0x20005fff] { block CSTACK, block HEAP };
initialize by copy { rw };
 { section .bss.__blue_RAM };
 { section .intvec };
 { section .ota_sw_activation };
 { section .savedMSP };
 { section .wakeupFromSleepFlag };
 { section .app_base };
 { section .__blueflag_RAM };

  Section                 Kind        Address     Size  Object
  -------                 ----        -------     ----  ------
"A3":                                             0xc0
  .intvec                 ro code  0x10040000     0xc0  startup_bluenrg1.o [1]
                                 - 0x100400c0     0xc0

"P2":                                          0x1bc6c
  i.RAL_Isr               ro code  0x100400c0   0x1714  ll_isr.o [5]
  i.Timer_ExpiryCallback  ro code  0x100417d4     0x14  host_timer.o [5]
  i.Is_Flash_Write_On_Going
                          ro code  0x100417e8     0x10  nvm.o [5]
  i.advance_wakeup_timer  ro code  0x100417f8    0x4d4  advance_wakeup_time.o [5]
  i.get_scan_addr         ro code  0x10041ccc     0x2e  rom_ll_isr_routines.o [5]
  .text                   ro code  0x10041cfa      0xa  BlueNRG1Gap.o [1]
  i.PRIV_u32ProcessAdvPacket
                          ro code  0x10041d04    0x698  ll_privacy.o [5]
  i.get_adv_addr          ro code  0x1004239c     0x2c  rom_ll_isr_routines.o [5]
  i.PRIV_SearchAddrInWhiteList
                          ro code  0x100423c8     0x48  ll_privacy.o [5]
  i.go_to_connect         ro code  0x10042410    0x278  rom_ll_isr_routines.o [5]
  i.cancel_current_master
                          ro code  0x10042688    0x19c  multi_master_time.o [5]
  i.machine_time_trans    ro code  0x10042824     0x20  rom_ll_timehandling.o [5]
  i.unpack_update_request
                          ro code  0x10042844     0x46  rom_ll_isr_routines.o [5]
  i.unpack_channel_map    ro code  0x1004288a     0x38  rom_ll_isr_routines.o [5]
  i.char_copy             ro code  0x100428c2     0x12  hal.o [5]
  i.LL_receive_data_patch
                          ro code  0x100428d4     0xc4  isr_routines.o [5]
  i.isr_postproc1         ro code  0x10042998    0x14c  rom_ll_isr_postproc.o [5]
  i.LL_update_proc        ro code  0x10042ae4     0x58  rom_ll_isr_routines.o [5]
  i.modulo_37             ro code  0x10042b3c     0x18  rom_ll_routines_support.o [5]
  i.advance_slave_timing_MultiSlave
                          ro code  0x10042b54    0x438  multi_master_time.o [5]
  i.set_string            ro code  0x10042f8c     0x10  hal.o [5]
  i.go_to_connect_master  ro code  0x10042f9c    0x198  isr_routines.o [5]
  i.system_time_trans     ro code  0x10043134      0xa  rom_ll_timehandling.o [5]
  i.isr_postproc_encrypt_data
                          ro code  0x1004313e     0x16  rom_ll_isr_postproc.o [5]
  i.anchor_replace        ro code  0x10043154     0x50  multi_master_time.o [5]
  i.read_rssi             ro code  0x100431a4     0x70  ll_routines.o [5]
  i.isr_event_handler_patched
                          ro code  0x10043214    0x8bc  ll_routines_master.o [5]
  i.isr_postproc          ro code  0x10043ad0    0x14c  isr_postproc.o [5]
  i.cancel_master         ro code  0x10043c1c    0x100  rom_ll_isr_routines.o [5]
  .text                   ro code  0x10043d1c     0xe0  I32DivModFast.o [7]
  i.cancel_slave          ro code  0x10043dfc     0x98  isr_routines.o [5]
  i.Hal_Get_Random_Number
                          ro code  0x10043e94     0x28  hal.o [5]
  i.LL_Sleep_Req          ro code  0x10043ebc     0x54  rom_ll_routines_support.o [5]
  i.LL_Update_Advertising_Buffers
                          ro code  0x10043f10     0x44  rom_ll_ll_routines.o [5]
  i.LL_Update_Scanning_Initiating_Buffers
                          ro code  0x10043f54     0x40  rom_ll_ll_routines.o [5]
  .text                   ro code  0x10043f94     0x16  uread4.o [7]
  .text                   ro code  0x10043faa      0xa  EventQueue.o [1]
  i.PRIV_u8ResolvePrivateAddress
                          ro code  0x10043fb4     0xf0  ll_privacy.o [5]
  .text                   ro code  0x100440a4     0x28  osal.o [1]
  i.timebase_start_connect
                          ro code  0x100440cc     0x40  multi_master_time.o [5]
  i.is_slave              ro code  0x1004410c     0x34  multi_master_time.o [5]
  i.swap_char             ro code  0x10044140      0xa  multi_master_time.o [5]
  i.swap_short_int        ro code  0x1004414a      0xa  multi_master_time.o [5]
  i.set_sca               ro code  0x10044154     0x20  rom_ll_timehandling.o [5]
  i.WindowWiden1          ro code  0x10044174      0xa  rom_ll_timehandling.o [5]
  i.time_offset1          ro code  0x1004417e      0xe  rom_ll_timehandling.o [5]
  i.WindowWiden2          ro code  0x1004418c     0x10  rom_ll_timehandling.o [5]
  i.time_offset2          ro code  0x1004419c     0x10  rom_ll_timehandling.o [5]
  i.microseconds_to_machine_time
                          ro code  0x100441ac      0x8  routines_support.o [5]
  i.system_time_trans_ext
                          ro code  0x100441b4     0x2c  rom_ll_timehandling.o [5]
  i.encrypt               ro code  0x100441e0     0x88  rom_ll_routines_support.o [5]
  i.hci_le_enhanced_connection_complete_event_push
                          ro code  0x10044268     0x90  ll_routines_master.o [5]
  i.hci_le_connection_complete_event_push
                          ro code  0x100442f8     0x78  ll_routines_master.o [5]
  i.hci_encryption_key_refresh_complete_event_push
                          ro code  0x10044370     0x48  ll_routines_master.o [5]
  i.hci_encryption_change_event_push
                          ro code  0x100443b8     0x4c  ll_routines_master.o [5]
  i.Acl_Tx_Cmpl_Pkt_Handler
                          ro code  0x10044404     0x1e  acl.o [5]
  .text                   ro code  0x10044422      0xa  utest_shim.o [1]
  i.aci_event_fifo_push_header
                          ro code  0x1004442c     0xc8  aci_events.o [5]
  i.aci_event_fifo_push   ro code  0x100444f4     0x28  aci_events.o [5]
  i.hci_le_connection_update_complete_event_push
                          ro code  0x1004451c     0x58  ll_routines_master.o [5]
  i.hci_le_direct_advertising_report_event_push
                          ro code  0x10044574     0x74  ll_routines_master.o [5]
  i.hci_le_advertising_report_event_push
                          ro code  0x100445e8     0x80  ll_routines_master.o [5]
  i.Reclassify_All_Channels
                          ro code  0x10044668     0xc0  ll_routines_master.o [5]
  i.Acl_Rcv_Pkt_Handler   ro code  0x10044728     0x1e  acl.o [5]
  i.Hal_Get_Random_Number32
                          ro code  0x10044746     0x12  hal.o [5]
  .text                   ro code  0x10044758      0x2  IntDivZer.o [7]
  .text                   ro code  0x1004475a      0x2  EventQueue.o [1]
  i.PRIVWHIT_u8SearchAddrInList
                          ro code  0x1004475c     0xa0  ll_privacy.o [5]
  i.LL_Encrypt_Plain_Data
                          ro code  0x100447fc     0x54  ll_routines_support.o [5]
  i.PRIVWHIT_u8AddAddrInList
                          ro code  0x10044850    0x1d8  ll_privacy.o [5]
  i.PRIVWHIT_u8RemoveAddrInList
                          ro code  0x10044a28     0xc8  ll_privacy.o [5]
  .text                   ro code  0x10044af0     0x5c  ABImemcpy.o [7]
  .text                   ro code  0x10044b4c     0x58  ABImemset.o [7]
  .text                   ro code  0x10044ba4     0x28  memcmp.o [7]
  i.fifoBuf_getFreeHeader
                          ro code  0x10044bcc     0x6a  aci_events.o [5]
  i.AES128ECB_Wrapper     ro code  0x10044c36     0x7e  aes128cmac.o [5]
  i.AES_keyschedule_enc   ro code  0x10044cb4     0x36  crypto.o [5]
  .text                   ro code  0x10044cea      0x2  GenericGattClient.o [1]
  i.AES_general_SW_enc    ro code  0x10044cec    0x268  crypto.o [5]
  i.AES_keyschedule_enc_LL
                          ro code  0x10044f54    0x15c  crypto.o [5]
  .text                   ro code  0x100450b0   0x16b8  dlmalloc.o [3]
  .text                   ro code  0x10046768      0xa  abort.o [3]
  .text                   ro code  0x10046772      0x2  startup_bluenrg1.o [1]
  .text                   ro code  0x10046774     0x2c  xgetmemchunk.o [3]
  .text                   ro code  0x100467a0     0x3c  xsyslock.o [3]
  .text                   ro code  0x100467dc      0xc  XXexit.o [7]
  .text                   ro code  0x100467e8    0x164  xsyslock_mtx.o [3]
  .text                   ro code  0x1004694c    0x23a  mbed_boot.o [1]
  .text                   ro code  0x10046b86      0x2  startup_bluenrg1.o [1]
  .text                   ro code  0x10046b88    0x894  rtx_thread.o [1]
  .text                   ro code  0x1004741c     0x28  mbed_error.o [1]
  .text                   ro code  0x10047444    0x348  rtx_kernel.o [1]
  .text                   ro code  0x1004778c    0x420  rtx_mutex.o [1]
  .text                   ro code  0x10047bac     0x1c  dynamic_init.o [7]
  .text                   ro code  0x10047bc8    0x33a  main.o [1]
  .text                   ro code  0x10047f02      0x4  low_level_init.o [3]
  .text                   ro code  0x10047f06      0x2  startup_bluenrg1.o [1]
  .text                   ro code  0x10047f08     0x28  data_init.o [7]
  .text                   ro code  0x10047f30      0x2  mbed_overrides.o [1]
  .text                   ro code  0x10047f32      0x2  rtx_evr.o [1]
  .text                   ro code  0x10047f34      0x2  rtx_evr.o [1]
  .text                   ro code  0x10047f36      0x2  rtx_evr.o [1]
  .text                   ro code  0x10047f38      0x2  rtx_evr.o [1]
  .text                   ro code  0x10047f3a      0x2  rtx_evr.o [1]
  .text                   ro code  0x10047f3c      0x2  rtx_evr.o [1]
  .text                   ro code  0x10047f3e      0x2  rtx_evr.o [1]
  .text                   ro code  0x10047f40      0x2  rtx_evr.o [1]
  .text                   ro code  0x10047f42      0x2  rtx_evr.o [1]
  .text                   ro code  0x10047f44      0x2  rtx_evr.o [1]
  .text                   ro code  0x10047f46      0x2  rtx_evr.o [1]
  .text                   ro code  0x10047f48      0x2  rtx_evr.o [1]
  .text                   ro code  0x10047f4a      0x2  startup_bluenrg1.o [1]
  .text                   ro code  0x10047f4c    0x36c  mbed_rtx_handlers.o [1]
  .text                   ro code  0x100482b8     0xcc  rtx_mempool.o [1]
  .text                   ro code  0x10048384     0x70  rtx_memory.o [1]
  .text                   ro code  0x100483f4     0x4e  rtx_memory.o [1]
  .text                   ro code  0x10048442      0x2  rtx_evr.o [1]
  .text                   ro code  0x10048444      0x2  rtx_evr.o [1]
  .text                   ro code  0x10048446      0x2  rtx_evr.o [1]
  .text                   ro code  0x10048448      0x2  rtx_evr.o [1]
  .text                   ro code  0x1004844a      0x2  rtx_evr.o [1]
  .text                   ro code  0x1004844c      0x2  rtx_evr.o [1]
  .text                   ro code  0x1004844e      0x2  startup_bluenrg1.o [1]
  .text                   ro code  0x10048450     0x64  mbed_board.o [1]
  .text                   ro code  0x100484b4    0x234  mbed_retarget.o [1]
  .text                   ro code  0x100486e8     0x3e  rtx_memory.o [1]
  .text                   ro code  0x10048726      0x2  rtx_evr.o [1]
  .text                   ro code  0x10048728      0x2  rtx_evr.o [1]
  .text                   ro code  0x1004872a      0x2  startup_bluenrg1.o [1]
  .text                   ro code  0x1004872c     0x4c  os_systick.o [1]
  .text                   ro code  0x10048778      0x6  os_systick.o [1]
  .text                   ro code  0x1004877e      0x2  startup_bluenrg1.o [1]
  .text                   ro code  0x10048780     0x30  os_systick.o [1]
  .text                   ro code  0x100487b0      0x2  rtx_evr.o [1]
  .text                   ro code  0x100487b2      0x2  rtx_evr.o [1]
  .text                   ro code  0x100487b4      0x2  rtx_evr.o [1]
  .text                   ro code  0x100487b6      0x2  rtx_evr.o [1]
  .text                   ro code  0x100487b8      0x2  rtx_evr.o [1]
  .text                   ro code  0x100487ba      0x2  rtx_evr.o [1]
  .text                   ro code  0x100487bc      0x2  rtx_evr.o [1]
  .text                   ro code  0x100487be      0x2  rtx_evr.o [1]
  .text                   ro code  0x100487c0      0x2  rtx_evr.o [1]
  .text                   ro code  0x100487c2      0x2  rtx_evr.o [1]
  .text                   ro code  0x100487c4      0x2  rtx_evr.o [1]
  .text                   ro code  0x100487c6      0x2  rtx_evr.o [1]
  .text                   ro code  0x100487c8      0x2  rtx_evr.o [1]
  .text                   ro code  0x100487ca      0x2  startup_bluenrg1.o [1]
  .text                   ro code  0x100487cc     0xa4  cppinit.o [3]
  .text                   ro code  0x10048870     0x9c  mbed_gpio.o [1]
  .text                   ro code  0x1004890c     0x46  EventQueue.o [1]
  .text                   ro code  0x10048952     0x68  cxxabi.o [4]
  .text                   ro code  0x100489ba      0x2  startup_bluenrg1.o [1]
  .text                   ro code  0x100489bc    0x180  BLE.o [1]
  .text                   ro code  0x10048b3c     0x1a  main.o [1]
  .text                   ro code  0x10048b56      0x2  startup_bluenrg1.o [1]
  .text                   ro code  0x10048b58     0x20  main.o [1]
  .text                   ro code  0x10048b78     0x16  main.o [1]
  .text                   ro code  0x10048b8e      0x2  startup_bluenrg1.o [1]
  .text                   ro code  0x10048b90     0xd8  main.o [1]
  .text                   ro code  0x10048c68     0x30  main.o [1]
  .text                   ro code  0x10048c98     0x4c  main.o [1]
  .text                   ro code  0x10048ce4     0x24  printf.o [3]
  .text                   ro code  0x10048d08     0x66  mbed_wait_api_rtos.o [1]
  .text                   ro code  0x10048d6e      0x2  startup_bluenrg1.o [1]
  .text                   ro code  0x10048d70     0x8c  gpio_api.o [1]
  .text                   ro code  0x10048dfc     0x1e  main.o [1]
  .text                   ro code  0x10048e1a      0x2  startup_bluenrg1.o [1]
  .text                   ro code  0x10048e1c     0x24  mbed_rtx_idle.o [1]
  .text                   ro code  0x10048e40     0x1c  Thread.o [1]
  .text                   ro code  0x10048e5c      0x2  rtx_evr.o [1]
  .text                   ro code  0x10048e5e      0x2  rtx_evr.o [1]
  .text                   ro code  0x10048e60      0x2  rtx_evr.o [1]
  .text                   ro code  0x10048e62      0x2  rtx_evr.o [1]
  .text                   ro code  0x10048e64      0x2  rtx_evr.o [1]
  .text                   ro code  0x10048e66      0x2  utest_shim.o [1]
  .text                   ro code  0x10048e68     0x74  mbed_critical.o [1]
  .text                   ro code  0x10048edc     0x3c  vsnprint.o [3]
  .text                   ro code  0x10048f18     0xdc  serial_api.o [1]
  .text                   ro code  0x10048ff4     0x40  mbed_critical.o [1]
  .text                   ro code  0x10049034     0x10  errno.o [3]
  .text                   ro code  0x10049044     0x64  FilePath.o [1]
  .text                   ro code  0x100490a8     0xf4  mbed_board.o [1]
  .text                   ro code  0x1004919c      0x2  rtx_evr.o [1]
  i.hci_data_buffer_overflow_event_cb
                          ro code  0x1004919e      0x2  aci_events.o [5]
  .text                   ro code  0x100491a0     0x30  EventQueue.o [1]
  .text                   ro code  0x100491d0     0xd4  equeue.o [1]
  .text                   ro code  0x100492a4     0x16  BLE.o [1]
  .text                   ro code  0x100492bc     0x24  BLE.o [1]
  .text                   ro code  0x100492e0     0x9c  BlueNRG1Device.o [1]
  .text                   ro code  0x1004937c     0x2a  cxxabiguard.o [4]
  .text                   ro code  0x100493a6     0x42  main.o [1]
  .text                   ro code  0x100493e8     0x1a  main.o [1]
  .text                   ro code  0x10049402     0xc6  main.o [1]
  .text                   ro code  0x100494c8     0x50  main.o [1]
  .text                   ro code  0x10049518   0x10de  xprintflarge.o [3]
  .text                   ro code  0x1004a5f6     0xb0  FltMul.o [6]
  .text                   ro code  0x1004a6a8     0x3a  FltToS32.o [6]
  .text                   ro code  0x1004a6e4      0xc  mbed_us_ticker_api.o [1]
  .text                   ro code  0x1004a6f0    0x3a8  mbed_ticker_api.o [1]
  .text                   ro code  0x1004aa98      0x4  mbed_sleep_manager.o [1]
  .text                   ro code  0x1004aa9c     0xca  BlueNRG1_gpio.o [1]
  .text                   ro code  0x1004ab68     0x18  BlueNRG1_sysCtrl.o [1]
  .text                   ro code  0x1004ab80      0xc  pin_device.o [1]
  .text                   ro code  0x1004ab8c     0x4c  rtx_delay.o [1]
  .text                   ro code  0x1004abd8     0x54  mbed_assert.o [1]
  .text                   ro code  0x1004ac2c    0x1c8  BlueNRG1_uart.o [1]
  .text                   ro code  0x1004adf4      0x2  xtls.o [3]
  .text                   ro code  0x1004adf8     0x60  FileBase.o [1]
  .text                   ro code  0x1004ae58    0x12e  equeue_mbed.o [1]
  .text                   ro code  0x1004af86     0x14  memset.o [3]
  .text                   ro code  0x1004af9a     0x10  BLEInstanceBase.o [1]
  .text                   ro code  0x1004afac    0xa20  btle.o [1]
  .text                   ro code  0x1004b9cc     0x3c  btle.o [1]
  .text                   ro code  0x1004ba08     0x3c  btle.o [1]
  .text                   ro code  0x1004ba44     0x2e  main.o [1]
  .text                   ro code  0x1004ba74     0x20  main.o [1]
  .text                   ro code  0x1004ba94     0x20  main.o [1]
  .text                   ro code  0x1004bab4     0x1c  xmbtowc.o [3]
  .text                   ro code  0x1004bad0     0x14  strchr.o [7]
  .text                   ro code  0x1004bae4     0x10  strlen.o [7]
  .text                   ro code  0x1004baf4     0x18  memchr.o [7]
  .text                   ro code  0x1004bb0c      0xa  xmbcurmax.o [3]
  .text                   ro code  0x1004bb16     0x18  xwctomb.o [3]
  .text                   ro code  0x1004bb2e     0x6a  I64DivMod.o [7]
  .text                   ro code  0x1004bb98    0x184  DblMul.o [6]
  .text                   ro code  0x1004bd1c     0x32  DblCmpLe.o [6]
  .text                   ro code  0x1004bd4e     0xc2  DblDiv.o [6]
  .text                   ro code  0x1004be10     0x52  DblToI32.o [6]
  .text                   ro code  0x1004be64     0x34  I32ToDbl.o [6]
  .text                   ro code  0x1004be98    0x1b4  DblAddSub.o [6]
  .text                   ro code  0x1004c04c     0x68  localeconv.o [3]
  .text                   ro code  0x1004c0b4     0x20  div.o [3]
  .text                   ro code  0x1004c0d4     0x22  I64Shl.o [7]
  .text                   ro code  0x1004c0f8     0x32  I64Mul.o [7]
  .text                   ro code  0x1004c12a      0x2  rtx_evr.o [1]
  .text                   ro code  0x1004c12c     0x50  SPI.o [1]
  .text                   ro code  0x1004c17c     0xd4  Mutex.o [1]
  .text                   ro code  0x1004c250     0x2c  strncmp.o [3]
  .text                   ro code  0x1004c27c     0xdc  Timer.o [1]
  .text                   ro code  0x1004c358     0x72  TimerEvent.o [1]
  .text                   ro code  0x1004c3cc     0x30  utest_shim.o [1]
  .text                   ro code  0x1004c3fc     0xc8  Ticker.o [1]
  .text                   ro code  0x1004c4c4    0x214  rtx_evflags.o [1]
  i.BlueNRG_Stack_Initialization
                          ro code  0x1004c6d8     0x30  bluenrg_main_func.o [5]
  i.aci_hal_set_tx_power_level
                          ro code  0x1004c708      0x8  bluenrg_hal_aci.o [5]
  i.aci_gatt_init         ro code  0x1004c710      0x8  bluenrg_gatt_aci.o [5]
  i.aci_gap_init          ro code  0x1004c718     0x30  bluenrg_gap_aci.o [5]
  i.aci_hal_read_config_data
                          ro code  0x1004c748      0x8  bluenrg_hal_aci.o [5]
  i.aci_gap_set_authentication_requirement
                          ro code  0x1004c750     0x7c  bluenrg_gap_aci.o [5]
  .text                   ro code  0x1004c7cc     0x24  BlueNRG1_ble.o [1]
  .text                   ro code  0x1004c7f0    0xc40  BlueNRG1GattServer.o [1]
  .text                   ro code  0x1004d430    0xd04  BlueNRG1Gap.o [1]
  .text                   ro code  0x1004e134     0x3c  btle.o [1]
  .text                   ro code  0x1004e170    0x67c  BlueNRG1GattClient.o [1]
  .text                   ro code  0x1004e7ec     0x3e  btle.o [1]
  i.aci_gatt_write_resp   ro code  0x1004e82a     0x1c  bluenrg_gatt_aci.o [5]
  i.aci_l2cap_connection_parameter_update_resp
                          ro code  0x1004e846     0x2a  bluenrg_l2cap_aci.o [5]
  .text                   ro code  0x1004e870     0xfc  BlueNRG1Device.o [1]
  .text                   ro code  0x1004e96c     0x74  btle.o [1]
  .text                   ro code  0x1004e9e0     0x14  setlocale.o [3]
  .text                   ro code  0x1004e9f4     0x50  xencoding_sb.o [3]
  .text                   ro code  0x1004ea44      0x2  I64DivZer.o [7]
  .text                   ro code  0x1004ea46     0x18  Ticker.o [1]
  .text                   ro code  0x1004ea5e      0x2  rtx_evr.o [1]
  .text                   ro code  0x1004ea60      0x2  rtx_evr.o [1]
  .text                   ro code  0x1004ea62      0x2  rtx_evr.o [1]
  .text                   ro code  0x1004ea64      0x2  rtx_evr.o [1]
  .text                   ro code  0x1004ea66      0x2  rtx_evr.o [1]
  i.BlueNRG_Stack_Initialize_RAM_check
                          ro code  0x1004ea68     0x64  bluenrg_main_func.o [5]
  i._BlueNRG_Stack_Initialization
                          ro code  0x1004eacc     0x94  bluenrg_main_func.o [5]
  i.HAL_Set_TX_Power_Level
                          ro code  0x1004eb60     0x44  hal.o [5]
  i.Gatt_Server_Init      ro code  0x1004eba4    0x190  gatt_server.o [5]
  i.GAP_Init              ro code  0x1004ed34    0x1f8  gap.o [5]
  i.HAL_Read_ConfigData   ro code  0x1004ef2c     0x74  hal.o [5]
  i.SM_Set_Authentication_req
                          ro code  0x1004efa0     0x80  sm_common.o [5]
  i.aci_gatt_add_service  ro code  0x1004f020     0x36  bluenrg_gatt_aci.o [5]
  i.aci_gatt_add_char     ro code  0x1004f056     0x3e  bluenrg_gatt_aci.o [5]
  .text                   ro code  0x1004f094     0xae  BlueNRG1GattServer.o [1]
  i.aci_gatt_add_char_desc
                          ro code  0x1004f142     0x50  bluenrg_gatt_aci.o [5]
  .text                   ro code  0x1004f192     0x30  BlueNRG1GattServer.o [1]
  i.aci_gatt_update_char_value
                          ro code  0x1004f1c2     0x14  bluenrg_gatt_aci.o [5]
  i.aci_gatt_set_desc_value
                          ro code  0x1004f1d6     0x1c  bluenrg_gatt_aci.o [5]
  i.aci_gatt_allow_read   ro code  0x1004f1f2      0xc  bluenrg_gatt_aci.o [5]
  .text                   ro code  0x1004f1fe     0xda  ble_utils.o [1]
  i.hci_le_set_scan_response_data
                          ro code  0x1004f2d8     0x16  hci.o [5]
  i.hci_le_set_advertising_data
                          ro code  0x1004f2ee     0x16  hci.o [5]
  i.aci_gap_configure_whitelist
                          ro code  0x1004f304      0xe  bluenrg_gap_aci.o [5]
  i.hci_le_set_advertising_parameters
                          ro code  0x1004f314     0xc0  hci.o [5]
  i.hci_le_set_advertise_enable
                          ro code  0x1004f3d4     0x14  hci.o [5]
  .text                   ro code  0x1004f3e8     0x1e  I32ToFlt.o [6]
  .text                   ro code  0x1004f408     0x80  BlueNRG1Gap.o [1]
  i.aci_hal_write_config_data
                          ro code  0x1004f488      0x8  bluenrg_hal_aci.o [5]
  i.hci_le_set_random_address
                          ro code  0x1004f490     0x54  hci.o [5]
  i.aci_gap_create_connection
                          ro code  0x1004f4e4     0x5a  bluenrg_gap_aci.o [5]
  .text                   ro code  0x1004f540     0x58  btle.o [1]
  .text                   ro code  0x1004f598     0x2a  BlueNRG1GattClient.o [1]
  .text                   ro code  0x1004f5c4     0xec  BlueNRG1GattClient.o [1]
  .text                   ro code  0x1004f6b0     0x30  assert.o [3]
  .text                   ro code  0x1004f6e0    0xf74  BlueNRG1GattConnectionClient.o [1]
  i.Gatt_Appl_Auth_For_Write
                          ro code  0x10050654    0x1e8  gatt_server.o [5]
  i.L2C_Build_Connect_Update_Resp
                          ro code  0x1005083c     0xae  l2cap.o [5]
  .text                   ro code  0x100508ea     0x18  btle.o [1]
  .text                   ro code  0x10050904     0x60  GapScanningParams.o [1]
  .text                   ro code  0x10050964     0x20  btle.o [1]
  .text                   ro code  0x10050984     0x20  btle.o [1]
  .text                   ro code  0x100509a4     0x10  BlueNRG1Device.o [1]
  .text                   ro code  0x100509b4     0x2c  btle.o [1]
  .text                   ro code  0x100509e0     0x20  btle.o [1]
  .text                   ro code  0x10050a00     0x40  btle.o [1]
  i.Dynamic_allocator     ro code  0x10050a40    0x270  mem_alloc.o [5]
  i.Dynamic_allocator_noRet
                          ro code  0x10050cb0      0x2  mem_alloc.o [5]
  i.BlueNRG_Stack_Initialize_RAM
                          ro code  0x10050cb4     0x2c  bluenrg_main_func.o [5]
  .text                   ro code  0x10050ce0     0x16  BlueNRG1_pka.o [1]
  i.BlueNRG_Stack_Initialize_ConfigData
                          ro code  0x10050cf8     0x48  bluenrg_main_func.o [5]
  i.BlueNRG_Stack_Initialize_Layers
                          ro code  0x10050d40     0x8c  bluenrg_main_func.o [5]
  i.PRIVWHIT_vInit_Struct
                          ro code  0x10050dcc     0x78  ll_privacy.o [5]
  i.BlueNRG_Stack_Perform_Crystal_Check
                          ro code  0x10050e44     0xb8  bluenrg_main_func.o [5]
  i.acl_list_init         ro code  0x10050efc     0x12  acl_list.o [5]
  i.List_Circular_Insert_Tail
                          ro code  0x10050f0e      0xe  rom_list.o [5]
  i.GATT_Server_Set_Flag  ro code  0x10050f1c     0x14  gatt_server.o [5]
  i.Gatt_Add_Service      ro code  0x10050f30    0x150  gatt_server.o [5]
  i.Gatt_Add_Characteristic
                          ro code  0x10051080    0x330  gatt_server.o [5]
  i.Gatt_Update_Charac_Value
                          ro code  0x100513b0     0x64  gatt_server.o [5]
  i.IDD_Initialize_Device_IDs
                          ro code  0x10051414    0x12c  device_id_data.o [5]
  i.Get_StaticRandAddr    ro code  0x10051540     0x14  rom_gap_rom.o [5]
  i.LL_LE_Set_Resolvable_Private_Address_Timeout
                          ro code  0x10051554     0x1c  ll_privacy.o [5]
  i.hci_le_set_event_mask
                          ro code  0x10051570     0x24  hci.o [5]
  i.LL_SetAddressResolutionEnable
                          ro code  0x10051594      0x8  routines_support.o [5]
  i._load_uuid            ro code  0x1005159c     0x26  bluenrg_gatt_aci.o [5]
  .text                   ro code  0x100515c4    0x110  BlueNRG1GattServer.o [1]
  i.Gatt_Add_Charac_Desc  ro code  0x100516d4    0x15c  gatt_server.o [5]
  i.Gatt_Set_Desc_Value   ro code  0x10051830    0x104  gatt_server.o [5]
  i.Gatt_Appl_Auth_For_Read
                          ro code  0x10051934     0xfc  gatt_server.o [5]
  i.LL_Set_Scan_Resp_Data
                          ro code  0x10051a30     0x60  rom_ll_ll_routines.o [5]
  i.LL_Set_Adv_Data       ro code  0x10051a90     0x74  rom_ll_ll_routines.o [5]
  i.SM_Configure_WhiteList
                          ro code  0x10051b04     0x90  rom_sdb.o [5]
  i.Get_Random_Addr       ro code  0x10051b94     0x18  hci.o [5]
  i.Is_Address_Initialized
                          ro code  0x10051bac     0x16  rom_ll_ll_routines.o [5]
  i.LL_Set_Adv_Params     ro code  0x10051bc4    0x2ec  rom_ll_ll_routines.o [5]
  i.LL_Enable_Disable_Adv
                          ro code  0x10051eb0    0x1cc  rom_ll_ll_routines.o [5]
  .text                   ro code  0x1005207c     0x3c  FltToU64.o [6]
  i.HAL_Write_ConfigData  ro code  0x100520b8     0x68  hal.o [5]
  i.get_scan_connection   ro code  0x10052120     0x48  multi_master_time.o [5]
  i.get_advertiser        ro code  0x10052168     0x48  multi_master_time.o [5]
  i.hci_load_connParams   ro code  0x100521b0     0x64  hci.o [5]
  i.GAP_Create_Connection
                          ro code  0x10052214     0x64  gap.o [5]
  .text                   ro code  0x10052278     0x20  GenericGattClient.o [1]
  .text                   ro code  0x10052298     0x20  BlueNRG1GattClient.o [1]
  .text                   ro code  0x100522b8     0x20  GenericGattClient.o [1]
  .text                   ro code  0x100522d8     0x20  BlueNRG1GattClient.o [1]
  .text                   ro code  0x100522f8     0x20  BlueNRG1GattClient.o [1]
  .text                   ro code  0x10052318     0x22  BlueNRG1GattConnectionClient.o [1]
  .text                   ro code  0x1005233a     0x14  GenericGattClient.o [1]
  .text                   ro code  0x1005234e     0x96  BlueNRG1DiscoveredCharacteristic.o [1]
  .text                   ro code  0x100523e4     0x38  BlueNRG1GattConnectionClient.o [1]
  .text                   ro code  0x1005241c     0x1c  BlueNRG1GattConnectionClient.o [1]
  .text                   ro code  0x10052438     0x1c  BlueNRG1GattConnectionClient.o [1]
  .text                   ro code  0x10052454     0x36  GenericGattClient.o [1]
  i.aci_gatt_disc_all_char_of_service
                          ro code  0x1005248a      0x8  bluenrg_gatt_aci.o [5]
  i.aci_gatt_disc_char_by_uuid
                          ro code  0x10052492     0x28  bluenrg_gatt_aci.o [5]
  i.Find_Gatt_Client      ro code  0x100524bc     0x40  gatt_client.o [5]
  i.acl_list_get_pckt_count
                          ro code  0x100524fc      0x4  acl_list.o [5]
  i.PM_Pckt_Cmp           ro code  0x10052500     0x6a  pm.o [5]
  i.L2CAP_Get_PDU_Len     ro code  0x1005256a      0xe  l2cap.o [5]
  i.PM_Get_Pckt           ro code  0x10052578     0x80  pm.o [5]
  i.GATT_Clear_Flag       ro code  0x100525f8      0x8  rom_att.o [5]
  i.Send_Error_Resp       ro code  0x10052600     0x30  rom_att.o [5]
  i.GATT_Set_Flag         ro code  0x10052630      0x8  rom_att.o [5]
  i.PM_Set_ConnHandle     ro code  0x10052638      0xc  pm.o [5]
  i.acl_list_insert_tail  ro code  0x10052644     0x20  acl_list.o [5]
  i.Prepare_Write_Resp    ro code  0x10052664    0x194  att.o [5]
  i.Write_Resp            ro code  0x100527f8    0x14a  att.o [5]
  i.acl_list_remove       ro code  0x10052942     0x20  acl_list.o [5]
  i.PM_Release_Pckt       ro code  0x10052964     0x5c  pm.o [5]
  i.Write_Cmd             ro code  0x100529c0    0x132  att.o [5]
  i.Find_L2cap_signalling_connection
                          ro code  0x10052af4     0x38  l2cap.o [5]
  i.LL_Start_Connection_Update
                          ro code  0x10052b2c    0x140  ll_routines_master.o [5]
  i.PM_Set_Att_Pdu_Length
                          ro code  0x10052c6c     0x50  pm.o [5]
  i.L2C_Send_Data         ro code  0x10052cbc     0x2c  l2cap.o [5]
  .text                   ro code  0x10052ce8      0x8  btle.o [1]
  i.Mem_assign            ro code  0x10052cf0     0x16  mem_alloc.o [5]
  i.mem_alloc_ctx_init    ro code  0x10052d08     0xa8  mem_alloc.o [5]
  i.hal_get_hw_version    ro code  0x10052db0     0x20  hal.o [5]
  i.Timer_Init            ro code  0x10052dd0     0x34  host_timer.o [5]
  i.LL_Init               ro code  0x10052e04    0x180  rom_ll_ll_routines.o [5]
  i.PM_Init               ro code  0x10052f84     0x70  pm.o [5]
  i.Acl_Init              ro code  0x10052ff4     0x34  acl.o [5]
  i.L2C_Init              ro code  0x10053028     0x44  l2cap.o [5]
  i.SMP_Init              ro code  0x1005306c     0x70  sm_common.o [5]
  i.GAP_Init_Context      ro code  0x100530dc     0x14  gap.o [5]
  i.HCI_Init              ro code  0x100530f0     0x54  hci.o [5]
  i.HAL_Init              ro code  0x10053144     0x18  hal.o [5]
  i.Events_Process_init   ro code  0x1005315c     0x50  aci_events.o [5]
  i.HAL_VTimerGetCurrentTime_sysT32
                          ro code  0x100531ac     0x12  host_timer.o [5]
  i.BlueNRG_Start_Crystal_Measurement
                          ro code  0x100531c0     0x1c  bluenrg_main_func.o [5]
  i.set_freq              ro code  0x100531dc     0x7c  rom_ll_timehandling.o [5]
  i.Gatt_Server_Db_Check  ro code  0x10053258     0x4c  gatt_server.o [5]
  i.List_Circular_Get_Size
                          ro code  0x100532a4     0x12  rom_list.o [5]
  i.List_Circular_Remove_Node
                          ro code  0x100532b6     0x20  rom_list.o [5]
  i.Ind_Service_Change_Charac
                          ro code  0x100532d8     0x44  gatt_server.o [5]
  i.Search_Service_Handle
                          ro code  0x1005331c     0x28  gatt_server.o [5]
  i.Get_GAP_Handle        ro code  0x10053344     0x10  rom_gap_rom.o [5]
  i.GAP_Notify_Add_Charac
                          ro code  0x10053354     0x98  rom_gap_rom.o [5]
  i.Check_Encry_Key_Size  ro code  0x100533ec     0x18  rom_gatt_server.o [5]
  i.Search_Handle         ro code  0x10053404     0x1e  rom_gatt_server.o [5]
  i.Gatt_Update_Charac_Value_Ext
                          ro code  0x10053424    0x308  gatt_server.o [5]
  i.HAL_Generate_Random_Bytes_To
                          ro code  0x1005372c     0x20  hal.o [5]
  i.HAL_Flash_Store_Data  ro code  0x1005374c     0x50  hal.o [5]
  .text                   ro code  0x1005379c     0x3c  BlueNRG1_flash.o [1]
  i.is_Buffer_All_Set_To  ro code  0x100537d8     0x1e  utils.o [5]
  i.LL_LE_Set_Address_Resolution_Enable
                          ro code  0x100537f8     0x24  ll_privacy.o [5]
  .text                   ro code  0x1005381c     0x20  BlueNRG1GattServer.o [1]
  .text                   ro code  0x1005383c     0x38  btle.o [1]
  .text                   ro code  0x10053874     0x38  btle.o [1]
  i.__ARM_common_switch8  ro code  0x100538ac     0x1a  host_timer.o [5]
  i.Gatt_Add_Descriptor   ro code  0x100538c8    0x150  gatt_server.o [5]
  i.Read_Resp             ro code  0x10053a18    0x146  att.o [5]
  i.Read_Blob_Resp        ro code  0x10053b5e    0x160  att.o [5]
  i.Read_Multi_Resp       ro code  0x10053cc0    0x1a4  att.o [5]
  i.Read_By_Type_Resp     ro code  0x10053e64    0x344  att.o [5]
  i.SDB_Get_SecurityDb_Start_Addr
                          ro code  0x100541a8     0x14  sdb.o [5]
  i.Get_Max_SecDb_Size    ro code  0x100541bc      0x4  sdb.o [5]
  i.Get_SecRec_Len_In_Words
                          ro code  0x100541c0      0xc  rom_sdb.o [5]
  i.LL_LE_Clear_White_List
                          ro code  0x100541cc     0x20  ll_privacy.o [5]
  i.Read_RecordValidity   ro code  0x100541ec     0x10  rom_sdb.o [5]
  i.Read_SDBRecord        ro code  0x100541fc     0x2c  rom_sdb.o [5]
  i.LL_LE_Add_Device_To_White_List
                          ro code  0x10054228     0x78  ll_privacy.o [5]
  i.LL_Check_And_Set_Addresses
                          ro code  0x100542a0    0x1c4  rom_ll_ll_routines.o [5]
  i.get_next_free_slot    ro code  0x10054464     0x34  multi_master_time.o [5]
  i.LL_Set_Advertising_Buffers
                          ro code  0x10054498     0x88  rom_ll_ll_routines.o [5]
  i.schedule_advertise_slot
                          ro code  0x10054520     0x94  multi_master_time.o [5]
  i.SMP_Force_SC_Debug_Key_Usage
                          ro code  0x100545b4     0x20  smp_scv42_isap.o [5]
  i.LL_Enable_Disable_Scan
                          ro code  0x100545d4    0x260  ll_routines_master.o [5]
  i.GAP_Privacy1v2        ro code  0x10054834    0x1c8  rom_gap.o [5]
  i.LL_Create_Connection  ro code  0x100549fc    0x254  ll_routines_master.o [5]
  .text                   ro code  0x10054c50     0x26  ABImemmove.o [7]
  i.Gatt_Disc_All_Charac_Of_Serv
                          ro code  0x10054c78     0x74  gatt_client.o [5]
  i.Gatt_Disc_Charac_By_Uuid
                          ro code  0x10054cec     0xbc  gatt_client.o [5]
  i.Acl_Get_Pack_Off      ro code  0x10054da8     0x18  pm.o [5]
  i.acl_list_is_empty     ro code  0x10054dc0     0x10  acl_list.o [5]
  i.acl_list_remove_head  ro code  0x10054dd0     0x20  acl_list.o [5]
  i.PM_Get_Fragments_Count
                          ro code  0x10054df0     0x12  pm.o [5]
  i.Gatt_Find_Srv_Owner_Of_Handle
                          ro code  0x10054e04     0x44  gatt_server.o [5]
  i.ValidLinkPermRequest  ro code  0x10054e48     0x50  att.o [5]
  i.acl_list_full_on_packt
                          ro code  0x10054e98     0x26  acl_list.o [5]
  i.PM_Copy_Pckt_Data     ro code  0x10054ebe     0x14  pm.o [5]
  i.PM_Extend_Pckt_Pdu_Size
                          ro code  0x10054ed2     0x36  pm.o [5]
  i.PM_Clone_Pckt         ro code  0x10054f08     0x2a  pm.o [5]
  i.aci_gatt_write_permit_req_event_push
                          ro code  0x10054f32     0x56  att.o [5]
  i.Find_Attr_Index       ro code  0x10054f88     0x50  gatt_server.o [5]
  i.aci_gatt_attribute_modified_event_push
                          ro code  0x10054fd8     0x68  att.o [5]
  i.SM_Validate_Signed_Packet
                          ro code  0x10055040     0x7c  ssm_algo.o [5]
  i.CheckSecForSignedWrite
                          ro code  0x100550bc     0x2c  att.o [5]
  i.get_connection_no     ro code  0x100550e8     0x84  multi_master_time.o [5]
  i.reschedule_wakeup_slot
                          ro code  0x1005516c     0xa0  multi_master_time.o [5]
  i.Acl_Transmit_Data     ro code  0x1005520c     0x48  acl.o [5]
  .text                   ro code  0x10055254      0xc  btle.o [1]
  i.LL_Rcv_ACL_Data       ro code  0x10055260     0x30  rom_ll_ll_routines.o [5]
  i.Blue_Init_Global      ro code  0x10055290     0x8c  routines_support.o [5]
  i.nsar_init             ro code  0x1005531c     0x18  multi_master_time.o [5]
  i.PM_Eng_Config         ro code  0x10055334     0x18  pm.o [5]
  i.smp____SC_initialize  ro code  0x1005534c     0x58  smp_scv42_isap.o [5]
  i.hal_radio_activity_state_init
                          ro code  0x100553a4     0x1c  hal.o [5]
  i.fifoCtrl_init         ro code  0x100553c0      0xa  aci_events.o [5]
  i.Timer_sysTime32_convMachineTime
                          ro code  0x100553cc     0x20  host_timer.o [5]
  i.PM_Get_Available_Fragments
                          ro code  0x100553ec     0x38  pm.o [5]
  i.Check_Serv_Chng_Charac_Ind_Not
                          ro code  0x10055424     0x80  rom_gatt_server.o [5]
  i.List_Circular_Node_Present
                          ro code  0x100554a4     0x16  rom_list.o [5]
  i.GATT_Num_Charac_Present
                          ro code  0x100554ba     0x3a  rom_gatt_server.o [5]
  i.SDB_Get_Number_Of_Records
                          ro code  0x100554f4     0x44  rom_sdb.o [5]
  i.Build_Notif_Or_Ind    ro code  0x10055538     0x46  gatt_server.o [5]
  i.Send_Notif_Or_Ind     ro code  0x10055580     0x7c  gatt_server.o [5]
  .text                   ro code  0x100555fc     0x6e  BlueNRG1Device.o [1]
  .text                   ro code  0x1005566c     0x28  BlueNRG1GattServer.o [1]
  .text                   ro code  0x10055694      0x8  xthrow_no_throw.o [4]
  i.PM_Write_Pckt_Data    ro code  0x1005569c     0x14  pm.o [5]
  i.aci_gatt_read_permit_req_event_push
                          ro code  0x100556b0     0x38  att.o [5]
  i.Accu_Handles_Requiring_Auth
                          ro code  0x100556e8     0x6e  rom_att.o [5]
  i.aci_gatt_read_multi_permit_req_event_push
                          ro code  0x10055756     0x50  att.o [5]
  i.STORE_LE_16           ro code  0x100557a6      0x8  utils.o [5]
  i.Accu_UuidTypes_Requiring_Auth
                          ro code  0x100557ae     0xe8  rom_att.o [5]
  i.Get_SecRecord_Size    ro code  0x10055896      0x4  sdb.o [5]
  i.STORE_LE_32           ro code  0x1005589a     0x10  utils.o [5]
  i.PRIV_vGeneratePrivateAddress
                          ro code  0x100558aa     0x62  ll_privacy.o [5]
  i.LL_Set_DirectAddress  ro code  0x1005590c     0x64  rom_ll_ll_routines.o [5]
  i.LL_Set_OwnAddress     ro code  0x10055970     0x3c  rom_ll_ll_routines.o [5]
  i.LL_Get_Address        ro code  0x100559ac     0x30  rom_ll_ll_routines.o [5]
  i.adapt_slot            ro code  0x100559dc    0x258  multi_master_time.o [5]
  i.start_timebase        ro code  0x10055c34     0xa0  multi_master_time.o [5]
  i.smp____SC_is_any_other_SC_Pairing_Ongoing
                          ro code  0x10055cd4     0x38  smp_scv42_isap.o [5]
  i.request_scan_slot     ro code  0x10055d0c     0x88  multi_master_time.o [5]
  i.LL_Allow_Address_Setting
                          ro code  0x10055d94     0x42  rom_ll_ll_routines.o [5]
  i.LL_Get_AdvAddress     ro code  0x10055dd8     0x40  rom_ll_ll_routines.o [5]
  i.LL_Get_ScanAddress    ro code  0x10055e18     0x40  rom_ll_ll_routines.o [5]
  i.Generate_Non_Resolvable_Private_Address
                          ro code  0x10055e58     0x88  rom_gap.o [5]
  i.SM_Generate_Resolvable_Private_Address
                          ro code  0x10055ee0     0x4e  ssm_algo.o [5]
  i.Timer_StopOneShot     ro code  0x10055f30     0x54  host_timer.o [5]
  i.Timer_StartOneShot    ro code  0x10055f84     0x22  host_timer.o [5]
  i.request_connect_slot  ro code  0x10055fa8     0x74  multi_master_time.o [5]
  i.check_access_address_patched
                          ro code  0x1005601c     0xc8  ll_routines_master.o [5]
  i.Check_Flags           ro code  0x100560e4     0x38  gatt_client.o [5]
  i.Att_Send_Read_By_Typ_Req_Pdu
                          ro code  0x1005611c     0x7c  rom_att.o [5]
  i.List_Circular_Remove_Head
                          ro code  0x10056198     0x1a  rom_list.o [5]
  i.SM_Get_Remote_Device_Info
                          ro code  0x100561b4     0x48  sm_common.o [5]
  i.Check_Permission      ro code  0x100561fc     0x9c  rom_att.o [5]
  i.Acl_Copy_Data         ro code  0x10056298     0x82  pm.o [5]
  i.Acl_Clone_Fragment    ro code  0x1005631a     0x20  pm.o [5]
  i.LE_TO_NRG_32          ro code  0x1005633a     0x14  utils.o [5]
  i.SM_CMAC_Generate_Tag  ro code  0x1005634e     0xc4  ssm_algo.o [5]
  i.Acl_Transmit_Packet   ro code  0x10056412     0x16  acl.o [5]
  i.Blue_Set_Radio_Config_Data
                          ro code  0x10056428     0x24  rom_ll_routines_support.o [5]
  i.Select_Next_Notification_Client
                          ro code  0x1005644c     0x54  gatt_server.o [5]
  .text                   ro code  0x100564a0     0x32  btle.o [1]
  .text                   ro code  0x100564d2      0xe  btle.o [1]
  .text                   ro code  0x100564e0     0x76  btle.o [1]
  .text                   ro code  0x10056556     0xbc  BlueNRG1Device.o [1]
  .text                   ro code  0x10056612     0x16  btle.o [1]
  .text                   ro code  0x10056628      0xc  exception.o [4]
  .text                   ro code  0x10056634     0x1e  btle.o [1]
  i.nsar_updateSlotListEntry
                          ro code  0x10056654     0x6c  multi_master_time.o [5]
  i.nsar_insertSlotListEntry
                          ro code  0x100566c0     0x1c  multi_master_time.o [5]
  i.nsar_searchBestFreeSlot
                          ro code  0x100566dc     0xac  multi_master_time.o [5]
  i.SMA_Generate_IRK      ro code  0x10056788     0x28  ssm_algo.o [5]
  i.sm_Calculate_Hash     ro code  0x100567b0     0x38  ssm_algo.o [5]
  i.HAL_VTimerAcc_sysT32_ms
                          ro code  0x100567e8     0x24  host_timer.o [5]
  i.Timer_StartOneShot_sysTime32
                          ro code  0x1005680c     0x70  host_timer.o [5]
  i.SM_Get_Link_Status    ro code  0x1005687c     0x2e  sm_common.o [5]
  i.SM_Check_Encryption_KeySize
                          ro code  0x100568aa     0x20  sm_common.o [5]
  i.sm_Generate_SubKeys   ro code  0x100568ca     0x80  ssm_algo.o [5]
  i.LL_Send_ACL_Data      ro code  0x1005694c     0x54  rom_ll_ll_routines.o [5]
  i.slave_advance         ro code  0x100569a0     0xfc  routines_support.o [5]
  .text                   ro code  0x10056a9c     0x10  string2.o [4]
  .text                   ro code  0x10056aac     0x58  BlueNRG1GattServer.o [1]
  .text                   ro code  0x10056b04      0xe  btle.o [1]
  i.nsar_updateBestFreeSlot
                          ro code  0x10056b12     0x22  multi_master_time.o [5]
  i.SMA_Diversify         ro code  0x10056b34     0x2e  ssm_algo.o [5]
  i.LeftShift             ro code  0x10056b62     0x2c  ssm_algo.o [5]
  .text                   ro code  0x10056b90    0x6b0  rtx_msgqueue.o [1]
  .text                   ro code  0x10057240      0x2  rtx_evr.o [1]
  .text                   ro code  0x10057242      0x2  rtx_evr.o [1]
  .text                   ro code  0x10057244      0x2  rtx_evr.o [1]
  .text                   ro code  0x10057246      0x2  rtx_evr.o [1]
  .text                   ro code  0x10057248      0x2  rtx_evr.o [1]
  .text                   ro code  0x1005724a      0x2  rtx_evr.o [1]
  .text                   ro code  0x1005724c      0x2  rtx_evr.o [1]
  .text                   ro code  0x1005724e      0x2  rtx_evr.o [1]
  .text                   ro code  0x10057250      0x2  rtx_evr.o [1]
  .text                   ro code  0x10057254    0x160  rtx_system.o [1]
  .text                   ro code  0x100573b4      0x2  rtx_evr.o [1]
  .text                   ro code  0x100573b6      0x2  rtx_evr.o [1]
  .text                   ro code  0x100573b8      0xc  os_systick.o [1]
  i.Gatt_Super_Handler    ro code  0x100573c4    0x330  gatt_client.o [5]
  i.GAP_Started_Gatt_Proc
                          ro code  0x100576f4     0x2c  gap.o [5]
  i.Gatt_Check_Not_Error_Resp
                          ro code  0x10057720     0x6c  gatt_client.o [5]
  i.GAP_Internal_Evt_Handler
                          ro code  0x1005778c     0x38  gap.o [5]
  i.aci_gatt_disc_read_char_by_uuid_resp_event_push
                          ro code  0x100577c4     0x74  gatt_client.o [5]
  i.Att_Send_Read_By_Grp_Typ_Req_Pdu
                          ro code  0x10057838     0x7c  rom_att.o [5]
  i.Att_Send_Find_By_Typ_Val_Req_Pdu
                          ro code  0x100578b4     0xa0  rom_att.o [5]
  i.Att_Send_Find_Info_Req_Pdu
                          ro code  0x10057954     0x56  rom_att.o [5]
  i.send_gatt_event       ro code  0x100579aa     0x46  gatt_client.o [5]
  i.aci_gatt_proc_complete_event_push
                          ro code  0x100579f0     0x48  gatt_client.o [5]
  i.aci_gatt_error_resp_event_push
                          ro code  0x10057a38     0x64  gatt_client.o [5]
  i.aci_gap_proc_complete_event_push
                          ro code  0x10057a9c     0x64  gap.o [5]
  i.aci_att_read_by_type_resp_event_push
                          ro code  0x10057b00     0x70  gatt_client.o [5]
  i.aci_att_find_info_resp_event_push
                          ro code  0x10057b70     0x70  gatt_client.o [5]
  i.aci_att_find_by_type_value_resp_event_push
                          ro code  0x10057be0     0x6c  gatt_client.o [5]
  i.aci_att_read_by_group_type_resp_event_push
                          ro code  0x10057c4c     0x70  gatt_client.o [5]
  .text                   ro code  0x10057cbc    0x24c  btle.o [1]
  .text                   ro code  0x10057f08     0x28  btle.o [1]
  .text                   ro code  0x10057f30      0x4  btle.o [1]
  i.Gatt_Server_L2C_Handler
                          ro code  0x10057f34    0x228  gatt_server.o [5]
  i.Stop_Gatt_Timer       ro code  0x1005815c     0x1c  rom_gatt_server.o [5]
  i.Start_Gatt_Timer      ro code  0x10058178     0x24  rom_gatt_server.o [5]
  i.Gatt_Find_Timed_Out_Connection_Index
                          ro code  0x1005819c     0x38  gatt_server.o [5]
  .text                   ro code  0x100581d4    0x1d8  system_bluenrg1.o [1]
  i.Write_Client_Data     ro code  0x100583ac    0x1b8  sdb.o [5]
  i.SDB_Get_GattDb_Start_Addr
                          ro code  0x10058564     0x18  sdb.o [5]
  i.InvaliDate_Record     ro code  0x1005857c     0x20  rom_sdb.o [5]
  i.SDB_Get_GattDb_End_Addr
                          ro code  0x1005859c     0x1c  sdb.o [5]
  i.Flash_Write_Flagged   ro code  0x100585b8     0x3c  nvm.o [5]
  i.SDB_Add_Record        ro code  0x100585f4    0x1ac  sdb.o [5]
  i.SDB_Delete            ro code  0x100587a0    0x170  sdb.o [5]
  i.Write_SDBRecord       ro code  0x10058910     0x6c  sdb.o [5]
  i.Erase_Sector          ro code  0x1005897c      0xe  sdb.o [5]
  i.Find_Client_Data      ro code  0x1005898c     0xcc  rom_sdb.o [5]
  i.Delay_With_NOP_Cycles
                          ro code  0x10058a58      0xe  utils.o [5]
  i.L2C_Signal_Channel_Handler
                          ro code  0x10058a68    0x19c  l2cap.o [5]
  i.Find_L2cap_conn_index
                          ro code  0x10058c04     0x38  l2cap.o [5]
  i.aci_l2cap_connection_update_req_event_push
                          ro code  0x10058c3c     0x88  l2cap.o [5]
  i.L2C_Build_Command_Reject_Pdu
                          ro code  0x10058cc4     0x7a  l2cap.o [5]
  .rodata                 const    0x10058d40    0x170  mbed_rtx_handlers.o [1]
  i.smp_Add_To_Database   ro code  0x10058eb0    0x14c  sm_common.o [5]
  i.SM_L2CAP_Handler_ISR  ro code  0x10058ffc    0x12c  sm_common.o [5]
  i.SM_Connection_Complete_Handler
                          ro code  0x10059128     0x7c  sm_common.o [5]
  i.smp_Find_Remote_Device_Index
                          ro code  0x100591a4     0x40  sm_common.o [5]
  .constdata              const    0x100591e4    0x128  crypto.o [5]
  .constdata              const    0x1005930c    0x110  aci_events.o [5]
  .text                   ro code  0x1005941c     0xfa  BlueNRG1_mft.o [1]
  .text                   ro code  0x10059518     0xf0  rtx_timer.o [1]
  .text                   ro code  0x10059608      0x2  rtx_evr.o [1]
  i.LL_Start_Encryption   ro code  0x1005960c     0xec  rom_ll_ll_routines_master.o [5]
  i.hci_acl_data_ind_event_int_cb
                          ro code  0x100596f8     0xe4  acl.o [5]
  i.hci_rx_acl_data       ro code  0x100597dc     0x5a  hci.o [5]
  i.Search_In_Stat        ro code  0x10059836     0x20  acl.o [5]
  i.Check_Stat            ro code  0x10059856     0x24  acl.o [5]
  i.PM_Append_Fragment    ro code  0x1005987a     0x10  pm.o [5]
  i.L2C_Rcv_Event_Handler
                          ro code  0x1005988a     0x3e  l2cap.o [5]
  i.Acl_Get_Last          ro code  0x100598c8      0xc  pm.o [5]
  i.SM_L2CAP_Handler      ro code  0x100598d4     0xe0  sm_common.o [5]
  i.smp_Keys_Distribution_Complete
                          ro code  0x100599b4     0x46  sm_common.o [5]
  i.smp_Pairing_Completed
                          ro code  0x100599fc     0xa8  sm_common.o [5]
  i.smp_OOB_Clear_Remote_Data_Entry_by_Index
                          ro code  0x10059aa4     0x20  sm_common.o [5]
  i.smp____SC_submit_ECC_PK_generation_request
                          ro code  0x10059ac4     0x1c  smp_scv42_isap.o [5]
  i.aci_gap_pairing_complete_event_push
                          ro code  0x10059ae0     0x4c  sm_common.o [5]
  i.aci_gap_authorization_req_event_push
                          ro code  0x10059b2c     0x44  sm_common.o [5]
  .text                   ro code  0x10059b70     0xe0  xfspos.o [3]
  .text                   ro code  0x10059c50     0xb4  fflush.o [3]
  .text                   ro code  0x10059d04      0xc  xfgpos.o [3]
  .rodata                 const    0x10059d10     0xc8  BlueNRG1GattServer.o [1]
  .text                   ro code  0x10059dd8     0xc4  us_ticker_api.o [1]
  .text                   ro code  0x10059e9c     0x78  misc.o [1]
  i.SM_L2CAP_Encryption_changed_Handler_ISR
                          ro code  0x10059f14     0xc4  sm_common.o [5]
  .text                   ro code  0x10059fd8     0xc0  xfwprep.o [3]
  .text                   ro code  0x1005a098     0x22  fseek.o [3]
  .text                   ro code  0x1005a0bc     0x98  irq_cm0.o [1]
  .text                   ro code  0x1005a154     0x98  xfofind.o [3]
  i.hci_acl_data_tx_cmpl_event_int_cb
                          ro code  0x1005a1ec     0x98  acl.o [5]
  i.hci_tx_acl_data_done  ro code  0x1005a284     0x34  hci.o [5]
  .rodata                 const    0x1005a2b8     0x8c  BlueNRG1Gap.o [1]
  .rodata                 const    0x1005a344     0x8c  btle.o [1]
  .rodata                 const    0x1005a3d0     0x84  mbed_critical.o [1]
  .text                   ro code  0x1005a454     0x7e  fclose.o [3]
  .text                   ro code  0x1005a4d2     0x76  btle.o [1]
  .text                   ro code  0x1005a548     0x24  btle.o [1]
  .rodata                 const    0x1005a56c     0x68  rtx_lib.o [1]
  .text                   ro code  0x1005a5d4     0x68  xcloseall.o [3]
  .text                   ro code  0x1005a63c     0x64  btle.o [1]
  .text                   ro code  0x1005a6a0     0x24  btle.o [1]
  .text                   ro code  0x1005a6c4     0x1a  btle.o [1]
  .text                   ro code  0x1005a6de     0x1a  btle.o [1]
  .text                   ro code  0x1005a6f8     0x1a  btle.o [1]
  .text                   ro code  0x1005a712     0x1a  btle.o [1]
  .text                   ro code  0x1005a72c     0x12  SerialBase.o [1]
  i._GAP_Parse_Advertising_Report
                          ro code  0x1005a740     0x64  gap.o [5]
  .constdata              const    0x1005a7a4     0x60  smp_scv42_isap.o [5]
  .rodata                 const    0x1005a804     0x60  rtx_lib.o [1]
  i.GAP_Connection_Complete_Handler
                          ro code  0x1005a864     0x60  gap.o [5]
  i.GAP_LL_Event_Handler_ISR
                          ro code  0x1005a8c4     0x5c  gap.o [5]
  i.GAP_Parse_Advertising_Report
                          ro code  0x1005a920     0x10  gap.o [5]
  i.L2C_Rcv_Event_Handler_ISR
                          ro code  0x1005a930     0x5a  l2cap.o [5]
  i.L2C_Connection_Complete_Handler
                          ro code  0x1005a98a     0x24  l2cap.o [5]
  i.Gatt_Server_L2C_Handler_ISR
                          ro code  0x1005a9b0     0x48  gatt_server.o [5]
  i.L2C_Signal_Channel_Handler_ISR
                          ro code  0x1005a9f8     0x24  l2cap.o [5]
  i.Acl_Disconnected_Peer
                          ro code  0x1005aa1c     0x54  acl.o [5]
  i.GATT_Connection_Complete_Handler
                          ro code  0x1005aa70     0x48  gatt_server.o [5]
  i.L2C_Connection_Complete_Signal_Handler
                          ro code  0x1005aab8     0x24  l2cap.o [5]
  i.L2CAP_Reset_To_Closed_State
                          ro code  0x1005aadc     0x38  l2cap.o [5]
  .text                   ro code  0x1005ab14     0x58  btle.o [1]
  .text                   ro code  0x1005ab6c     0x1c  btle.o [1]
  .text                   ro code  0x1005ab88     0x1a  btle.o [1]
  .text                   ro code  0x1005aba2     0x1a  GenericGattClient.o [1]
  .text                   ro code  0x1005abbc     0x1a  GenericGattClient.o [1]
  .text                   ro code  0x1005abd6     0x1a  btle.o [1]
  .text                   ro code  0x1005abf0     0x56  fputc.o [3]
  .text                   ro code  0x1005ac48     0x50  GenericGattClient.o [1]
  .text                   ro code  0x1005ac98     0x1a  GenericGattClient.o [1]
  .text                   ro code  0x1005acb2     0x1a  GenericGattClient.o [1]
  .rodata                 const    0x1005accc     0x48  FATFileSystem.o [1]
  i.hci_le_enhanced_connection_complete_event_cb
                          ro code  0x1005ad14     0x48  aci_events.o [5]
  i.hci_le_enhanced_connection_complete_event
                          ro code  0x1005ad5c      0x2  aci_events.o [5]
  .rodata                 const    0x1005ad60     0x44  ATCmdParser.o [1]
  .rodata                 const    0x1005ada4     0x44  BlueNRG1Device.o [1]
  i.smp____SC_hci_le_read_local_p256_public_key_complete_evt_hndl
                          ro code  0x1005ade8     0x44  smp_scv42_isap.o [5]
  i.smp____SC_is_Debug_Key_Usage_Forced
                          ro code  0x1005ae2c     0x14  smp_scv42_isap.o [5]
  .rodata                 const    0x1005ae40     0x40  BlueNRG1GattClient.o [1]
  .rodata                 const    0x1005ae80     0x40  GenericGattClient.o [1]
  i.hci_le_connection_complete_event_cb
                          ro code  0x1005aec0     0x40  aci_events.o [5]
  .text                   ro code  0x1005af00     0x3c  zero_init3.o [7]
  .text                   ro code  0x1005af3c     0x3c  packbits_init_single.o [7]
  .rodata                 const    0x1005af78     0x30  BlueNRG1GattServer.o [1]
  i.aci_l2cap_connection_update_req_event_cb
                          ro code  0x1005afa8     0x30  aci_events.o [5]
  .rodata                 const    0x1005afd8     0x2c  btle.o [1]
  .text                   ro code  0x1005b004     0x2c  Timeout.o [1]
  i.hci_le_connection_update_complete_event_cb
                          ro code  0x1005b030     0x2c  aci_events.o [5]
  i.hci_le_connection_update_complete_event
                          ro code  0x1005b05c      0x2  aci_events.o [5]
  i.SMA_Generate_CSRK     ro code  0x1005b060     0x28  ssm_algo.o [5]
  i.aci_att_prepare_write_resp_event_cb
                          ro code  0x1005b088     0x28  aci_events.o [5]
  i.aci_gatt_attribute_modified_event_cb
                          ro code  0x1005b0b0     0x28  aci_events.o [5]
  i.hci_le_read_remote_used_features_complete_event_cb
                          ro code  0x1005b0d8     0x28  aci_events.o [5]
  i.hci_le_read_remote_used_features_complete_event
                          ro code  0x1005b100      0x2  aci_events.o [5]
  i.smp____SC_hci_le_generate_dhkey_complete_evt_hndl
                          ro code  0x1005b104     0x28  smp_scv42_isap.o [5]
  i.hci_disconnection_complete_event_int_cb
                          ro code  0x1005b12c     0x26  aci_events.o [5]
  i.hci_le_connection_complete_event_int_cb
                          ro code  0x1005b152     0x26  aci_events.o [5]
  i.hci_le_enhanced_connection_complete_event_int_cb
                          ro code  0x1005b178     0x26  aci_events.o [5]
  i.aci_att_find_by_type_value_resp_event_cb
                          ro code  0x1005b1a0     0x24  aci_events.o [5]
  i.aci_att_find_info_resp_event_cb
                          ro code  0x1005b1c4     0x24  aci_events.o [5]
  i.aci_att_read_blob_resp_event_cb
                          ro code  0x1005b1e8     0x24  aci_events.o [5]
  i.aci_att_read_blob_resp_event
                          ro code  0x1005b20c      0x2  aci_events.o [5]
  i.aci_att_read_by_group_type_resp_event_cb
                          ro code  0x1005b210     0x24  aci_events.o [5]
  i.aci_att_read_by_type_resp_event_cb
                          ro code  0x1005b234     0x24  aci_events.o [5]
  i.aci_att_read_multiple_resp_event_cb
                          ro code  0x1005b258     0x24  aci_events.o [5]
  i.aci_att_read_multiple_resp_event
                          ro code  0x1005b27c      0x2  aci_events.o [5]
  i.aci_att_read_resp_event_cb
                          ro code  0x1005b280     0x24  aci_events.o [5]
  i.aci_att_write_resp_event_cb
                          ro code  0x1005b2a4     0x24  aci_events.o [5]
  i.aci_att_write_resp_event
                          ro code  0x1005b2c8      0x2  aci_events.o [5]
  i.aci_gap_pairing_complete_event_cb
                          ro code  0x1005b2cc     0x24  aci_events.o [5]
  i.aci_gap_pairing_complete_event
                          ro code  0x1005b2f0      0x2  aci_events.o [5]
  i.aci_gap_proc_complete_event_cb
                          ro code  0x1005b2f4     0x24  aci_events.o [5]
  i.aci_gatt_disc_read_char_by_uuid_resp_event_cb
                          ro code  0x1005b318     0x24  aci_events.o [5]
  i.aci_gatt_error_resp_event_cb
                          ro code  0x1005b33c     0x24  aci_events.o [5]
  i.aci_gatt_error_resp_event
                          ro code  0x1005b360      0x2  aci_events.o [5]
  i.aci_gatt_indication_event_cb
                          ro code  0x1005b364     0x24  aci_events.o [5]
  i.aci_gatt_indication_event
                          ro code  0x1005b388      0x2  aci_events.o [5]
  i.aci_gatt_notification_event_cb
                          ro code  0x1005b38c     0x24  aci_events.o [5]
  i.aci_gatt_notification_event
                          ro code  0x1005b3b0      0x2  aci_events.o [5]
  i.aci_hal_scan_req_report_event_cb
                          ro code  0x1005b3b4     0x24  aci_events.o [5]
  i.aci_hal_scan_req_report_event
[...]
osRtxTick_Handler       0x10057255    0x72  Code  Gb  rtx_system.o [1]
osRtxTimerThread        0x100595b5    0x54  Code  Wk  rtx_timer.o [1]
osRtxTimerTick          0x10059555    0x5a  Code  Gb  rtx_timer.o [1]
osRtxUserSVC            0x1005bc60     0x4  Data  Wk  rtx_lib.o [1]
osThreadContextNew      0x10047331    0x50  Code  Gb  rtx_thread.o [1]
osThreadExit            0x100473c9    0x16  Code  Gb  rtx_thread.o [1]
osThreadGetId           0x100473a5    0x24  Code  Gb  rtx_thread.o [1]
osThreadGetName         0x10047381    0x24  Code  Gb  rtx_thread.o [1]
osThreadNew             0x10047325     0xa  Code  Gb  rtx_thread.o [1]
os_idle_thread_attr     0x1005a804    0x24  Data  Lc  rtx_lib.o [1]
os_idle_thread_cb       0x20004704    0x48  Data  Lc  rtx_lib.o [1]
os_idle_thread_stack    0x20003d10   0x200  Data  Lc  rtx_lib.o [1]
os_isr_queue            0x20004818    0x40  Data  Lc  rtx_lib.o [1]
os_timer_mq_attr        0x1005a84c    0x18  Data  Lc  rtx_lib.o [1]
os_timer_mq_cb          0x20004900    0x34  Data  Lc  rtx_lib.o [1]
os_timer_mq_data        0x200046b4    0x50  Data  Lc  rtx_lib.o [1]
os_timer_thread_attr    0x1005a828    0x24  Data  Lc  rtx_lib.o [1]
os_timer_thread_cb      0x2000474c    0x48  Data  Lc  rtx_lib.o [1]
os_timer_thread_stack   0x20003a10   0x300  Data  Lc  rtx_lib.o [1]
ota_sw_activation       0x20000004     0x4  Data  Gb  system_bluenrg1.o [1]
ota_sw_activation_block$$Base
                        0x20000004           --   Gb  - Linker created -
ota_sw_activation_block$$Limit
                        0x20000008           --   Gb  - Linker created -
pre_main                0x10046989    0x32  Code  Gb  mbed_boot.o [1]
prepend_alloc           0x1004513d   0x35e  Code  Lc  dlmalloc.o [3]
printf                  0x10048ce5    0x24  Code  Gb  printf.o [3]
putchar                 0x1005b8d5    0x10  Code  Gb  putchar.o [3]
rcon                    0x100592e4    0x28  Data  Gb  crypto.o [5]
read_rssi               0x100431a5    0x68  Code  Gb  ll_routines.o [5]
remove                  0x10048605    0x40  Code  Gb  mbed_retarget.o [1]
request_connect_slot    0x10055fa9    0x6c  Code  Gb  multi_master_time.o [5]
request_scan_slot       0x10055d0d    0x80  Code  Gb  multi_master_time.o [5]
reschedule_wakeup_slot  0x1005516d    0x9c  Code  Gb  multi_master_time.o [5]
rtos::Mutex::Mutex()    0x1004c17d    0x4a  Code  Gb  Mutex.o [1]
rtos::Mutex::lock(unsigned int)
                        0x1004c1cd    0x16  Code  Gb  Mutex.o [1]
rtos::Mutex::unlock()   0x1004c1e3    0x10  Code  Gb  Mutex.o [1]
rtos::Thread::wait(unsigned int)
                        0x10048e55     0x8  Code  Gb  Thread.o [1]
rtos_idle_loop          0x10048e31     0xa  Code  Gb  mbed_rtx_idle.o [1]
savedMSP                0x20000008     0x4  Data  Gb  system_bluenrg1.o [1]
savedMSP_block$$Base    0x20000008           --   Gb  - Linker created -
savedMSP_block$$Limit   0x2000000c           --   Gb  - Linker created -
scale                   0x1004a037    0x42  Code  Lc  xprintflarge.o [3]
schedule_advertise_slot
                        0x10054521    0x8c  Code  Gb  multi_master_time.o [5]
schedule_interrupt      0x1004a981    0x68  Code  Lc  mbed_ticker_api.o [1]
segment_holding         0x100450b1    0x1c  Code  Lc  dlmalloc.o [3]
send_gatt_event         0x100579ab    0x46  Code  Gb  gatt_client.o [5]
serial_baud             0x10048fa5     0x6  Code  Gb  serial_api.o [1]
serial_init             0x10048f19    0x76  Code  Gb  serial_api.o [1]
serial_irq_ids          0x200049f4     0x4  Data  Lc  serial_api.o [1]
serial_putc             0x10048f8f    0x16  Code  Gb  serial_api.o [1]
set_freq                0x100531dd    0x5e  Code  Gb  rom_ll_timehandling.o [5]
set_sca                 0x10044155    0x1c  Code  Gb  rom_ll_timehandling.o [5]
set_string              0x10042f8d    0x10  Code  Gb  hal.o [5]
signalEventsToProcess   0x1004c7cd    0x24  Code  Gb  BlueNRG1_ble.o [1]
singleton_mutex_attr    0x2000485c    0x10  Data  Gb  mbed_boot.o [1]
singleton_mutex_id      0x20004874     0x4  Data  Gb  mbed_boot.o [1]
singleton_mutex_obj     0x20004878    0x1c  Data  Gb  mbed_boot.o [1]
slave_advance           0x100569a1    0xf0  Code  Gb  routines_support.o [5]
sleep_manager_lock_deep_sleep
                        0x1004aa99     0x2  Code  Gb  mbed_sleep_manager.o [1]
sleep_manager_unlock_deep_sleep
                        0x1004aa9b     0x2  Code  Gb  mbed_sleep_manager.o [1]
sm_Calculate_Hash       0x100567b1    0x38  Code  Lc  ssm_algo.o [5]
sm_Generate_SubKeys     0x100568cb    0x80  Code  Lc  ssm_algo.o [5]
smp_Add_To_Database     0x10058eb1   0x146  Code  Gb  sm_common.o [5]
smp_Find_Remote_Device_Index
                        0x100591a5    0x3a  Code  Gb  sm_common.o [5]
smp_Keys_Distribution_Complete
                        0x100599b5    0x46  Code  Lc  sm_common.o [5]
smp_OOB_Clear_Remote_Data_Entry_by_Index
                        0x10059aa5    0x1a  Code  Gb  sm_common.o [5]
smp_Pairing_Completed   0x100599fd    0xa2  Code  Gb  sm_common.o [5]
smp____SC_hci_le_generate_dhkey_complete_evt_hndl
                        0x1005b105    0x22  Code  Gb  smp_scv42_isap.o [5]
smp____SC_hci_le_read_local_p256_public_key_complete_evt_hndl
                        0x1005ade9    0x3c  Code  Gb  smp_scv42_isap.o [5]
smp____SC_initialize    0x1005534d    0x50  Code  Gb  smp_scv42_isap.o [5]
smp____SC_is_Debug_Key_Usage_Forced
                        0x1005ae2d    0x10  Code  Gb  smp_scv42_isap.o [5]
smp____SC_is_any_other_SC_Pairing_Ongoing
                        0x10055cd5    0x34  Code  Gb  smp_scv42_isap.o [5]
smp____SC_submit_ECC_PK_generation_request
                        0x10059ac5    0x16  Code  Gb  smp_scv42_isap.o [5]
stacklib_flash_data     0x10067000   0x800  Data  Lc  btle.o [1]
stacklib_stored_device_id_data
                        0x10067800    0x38  Data  Lc  btle.o [1]
start_timebase          0x10055c35    0x92  Code  Gb  multi_master_time.o [5]
std::_String_base::_XlenAbort() const
                        0x10056a9d     0x8  Code  Gb  string2.o [4]
std::_String_base::_XranAbort() const
                        0x10056aa5     0x8  Code  Gb  string2.o [4]
std::_Tmap_traits<unsigned short, unsigned short, std::less<unsigned short>, std::allocator<std::pair<unsigned short const, unsigned short>>, (bool)0>::_Tmap_traits(std::less<unsigned short>)
                        0x10055255     0xc  Code  Gb  btle.o [1]
std::_Tmap_traits<unsigned short, unsigned short, std::less<unsigned short>, std::allocator<std::pair<unsigned short const, unsigned short>>, (bool)0>::_Tmap_traits(std::less<unsigned short>) [subobject]
                        0x10052ce9     0x8  Code  Gb  btle.o [1]
std::_Tree<std::_Tmap_traits<unsigned short, unsigned short, std::less<unsigned short>, std::allocator<std::pair<unsigned short const, unsigned short>>, (bool)0>>::_Erase(std::_Tree_nod<std::_Tmap_traits<unsigned short, unsigned short, std::less<unsigned short>, std::allocator<std::pair<unsigned short const, unsigned short>>, (bool)0>>::_Node *)
                        0x1005a549    0x24  Code  Gb  btle.o [1]
std::_Tree<std::_Tmap_traits<unsigned short, unsigned short, std::less<unsigned short>, std::allocator<std::pair<unsigned short const, unsigned short>>, (bool)0>>::_Insert(bool, std::_Tree_nod<std::_Tmap_traits<unsigned short, unsigned short, std::less<unsigned short>, std::allocator<std::pair<unsigned short const, unsigned short>>, (bool)0>>::_Node *, std::pair<unsigned short const, unsigned short> const &)
                        0x100515c5   0x110  Code  Gb  BlueNRG1GattServer.o [1]
std::_Tree<std::_Tmap_traits<unsigned short, unsigned short, std::less<unsigned short>, std::allocator<std::pair<unsigned short const, unsigned short>>, (bool)0>>::_Lrotate(std::_Tree_nod<std::_Tmap_traits<unsigned short, unsigned short, std::less<unsigned short>, std::allocator<std::pair<unsigned short const, unsigned short>>, (bool)0>>::_Node *)
                        0x1005383d    0x38  Code  Gb  btle.o [1]
std::_Tree<std::_Tmap_traits<unsigned short, unsigned short, std::less<unsigned short>, std::allocator<std::pair<unsigned short const, unsigned short>>, (bool)0>>::_Make_iter(std::_Tree<std::_Tmap_traits<unsigned short, unsigned short, std::less<unsigned short>, std::allocator<std::pair<unsigned short const, unsigned short>>, (bool)0>>::const_iterator) const
                        0x10057f31     0x4  Code  Gb  btle.o [1]
std::_Tree<std::_Tmap_traits<unsigned short, unsigned short, std::less<unsigned short>, std::allocator<std::pair<unsigned short const, unsigned short>>, (bool)0>>::_Rrotate(std::_Tree_nod<std::_Tmap_traits<unsigned short, unsigned short, std::less<unsigned short>, std::allocator<std::pair<unsigned short const, unsigned short>>, (bool)0>>::_Node *)
                        0x10053875    0x38  Code  Gb  btle.o [1]
std::_Tree<std::_Tmap_traits<unsigned short, unsigned short, std::less<unsigned short>, std::allocator<std::pair<unsigned short const, unsigned short>>, (bool)0>>::_Xlong() const
                        0x1005381d    0x20  Code  Gb  BlueNRG1GattServer.o [1]
std::_Tree<std::_Tmap_traits<unsigned short, unsigned short, std::less<unsigned short>, std::allocator<std::pair<unsigned short const, unsigned short>>, (bool)0>>::_Xlong() const::string
                        0x1005b944    0x14  Data  Gb  BlueNRG1GattServer.o [1]
std::_Tree<std::_Tmap_traits<unsigned short, unsigned short, std::less<unsigned short>, std::allocator<std::pair<unsigned short const, unsigned short>>, (bool)0>>::erase(std::_Tree<std::_Tmap_traits<unsigned short, unsigned short, std::less<unsigned short>, std::allocator<std::pair<unsigned short const, unsigned short>>, (bool)0>>::const_iterator)
                        0x10057cbd   0x24c  Code  Gb  btle.o [1]
std::_Tree<std::_Tmap_traits<unsigned short, unsigned short, std::less<unsigned short>, std::allocator<std::pair<unsigned short const, unsigned short>>, (bool)0>>::erase(std::_Tree<std::_Tmap_traits<unsigned short, unsigned short, std::less<unsigned short>, std::allocator<std::pair<unsigned short const, unsigned short>>, (bool)0>>::const_iterator)::string
                        0x1005b6d4    0x1c  Data  Gb  btle.o [1]
std::_Tree<std::_Tmap_traits<unsigned short, unsigned short, std::less<unsigned short>, std::allocator<std::pair<unsigned short const, unsigned short>>, (bool)0>>::erase(std::_Tree<std::_Tmap_traits<unsigned short, unsigned short, std::less<unsigned short>, std::allocator<std::pair<unsigned short const, unsigned short>>, (bool)0>>::const_iterator, std::_Tree<std::_Tmap_traits<unsigned short, unsigned short, std::less<unsigned short>, std::allocator<std::pair<unsigned short const, unsigned short>>, (bool)0>>::const_iterator)
                        0x1005a4d3    0x76  Code  Gb  btle.o [1]
std::_Tree<std::_Tmap_traits<unsigned short, unsigned short, std::less<unsigned short>, std::allocator<std::pair<unsigned short const, unsigned short>>, (bool)0>>::find(unsigned short const &)
                        0x1004f193    0x30  Code  Gb  BlueNRG1GattServer.o [1]
std::_Tree<std::_Tmap_traits<unsigned short, unsigned short, std::less<unsigned short>, std::allocator<std::pair<unsigned short const, unsigned short>>, (bool)0>>::insert(std::pair<unsigned short const, unsigned short> const &)
                        0x1004f095    0xae  Code  Gb  BlueNRG1GattServer.o [1]
std::__iar_ThrowNoThrow(std::exception const &)
                        0x10055695     0x8  Code  Gb  xthrow_no_throw.o [4]
std::exception::exception() [subobject]
                        0x10056629     0x6  Code  Gb  exception.o [4]
std::length_error::length_error(const std::string&)
                        0x1005566d    0x28  Code  Gb  BlueNRG1GattServer.o [1]
std::map<unsigned short, unsigned short, std::less<unsigned short>, std::allocator<std::pair<unsigned short const, unsigned short>>>::map()
                        0x10050a01    0x40  Code  Gb  btle.o [1]
std::map<unsigned short, unsigned short, std::less<unsigned short>, std::allocator<std::pair<unsigned short const, unsigned short>>>::~map()
                        0x1005ab6d    0x1c  Code  Gb  btle.o [1]
std::nothrow            0x1005bc64     0x4  Data  Gb  nothrow.o [4]
std::out_of_range::out_of_range(const std::string&)
                        0x10057f09    0x28  Code  Gb  btle.o [1]
std::string::_Eos(unsigned int)
                        0x10056613    0x16  Code  Gb  btle.o [1]
std::string::_Grow(unsigned int, bool)
                        0x10056557    0xbc  Code  Gb  BlueNRG1Device.o [1]
std::string::_Myptr()   0x100564d3     0xe  Code  Gb  btle.o [1]
std::string::_Myptr() const
                        0x10056b05     0xe  Code  Gb  btle.o [1]
std::string::_Tidy(bool, unsigned int)
                        0x100564a1    0x32  Code  Gb  btle.o [1]
std::string::assign(const std::string&, unsigned int, unsigned int)
                        0x100564e1    0x76  Code  Gb  btle.o [1]
std::string::basic_string(char const *)
                        0x100555fd    0x6e  Code  Gb  BlueNRG1Device.o [1]
std::string::basic_string(const std::string&)
                        0x10056635    0x1e  Code  Gb  btle.o [1]
std::string::erase(unsigned int, unsigned int)
                        0x10056aad    0x58  Code  Gb  BlueNRG1GattServer.o [1]
std_mutex_file          0x200042c8   0x118  Data  Lc  mbed_boot.o [1]
std_mutex_id_file       0x200042a0    0x28  Data  Lc  mbed_boot.o [1]
std_mutex_id_sys        0x200044a4    0x14  Data  Lc  mbed_boot.o [1]
std_mutex_sys           0x200044b8    0x8c  Data  Lc  mbed_boot.o [1]
stdio_uart              0x200049c8    0x10  Data  Gb  serial_api.o [1]
stdio_uart_inited       0x20004a18     0x4  Data  Gb  serial_api.o [1]
strlen                  0x1004bae5    0x10  Code  Gb  strlen.o [7]
strncmp                 0x1004c251    0x2c  Code  Gb  strncmp.o [3]
svcRtxDelay             0x1004ab8d    0x14  Code  Gb  rtx_delay.o [1]
svcRtxEventFlagsDelete  0x1004c5d1    0x72  Code  Gb  rtx_evflags.o [1]
svcRtxEventFlagsNew     0x1004c55b    0x76  Code  Gb  rtx_evflags.o [1]
svcRtxKernelGetState    0x100475cd     0xe  Code  Gb  rtx_kernel.o [1]
svcRtxKernelInitialize  0x10047445   0x17a  Code  Gb  rtx_kernel.o [1]
svcRtxKernelStart       0x100475db    0xa6  Code  Gb  rtx_kernel.o [1]
svcRtxMessageQueueGet   0x10056f8f   0x106  Code  Gb  rtx_msgqueue.o [1]
svcRtxMessageQueueNew   0x10056d37   0x16e  Code  Gb  rtx_msgqueue.o [1]
svcRtxMessageQueuePut   0x10056ea5    0xea  Code  Gb  rtx_msgqueue.o [1]
svcRtxMutexAcquire      0x10047857    0xca  Code  Gb  rtx_mutex.o [1]
svcRtxMutexDelete       0x10047a13    0xba  Code  Gb  rtx_mutex.o [1]
svcRtxMutexNew          0x100477db    0x7c  Code  Gb  rtx_mutex.o [1]
svcRtxMutexRelease      0x10047921    0xdc  Code  Gb  rtx_mutex.o [1]
svcRtxThreadExit        0x1004727d    0xa0  Code  Gb  rtx_thread.o [1]
svcRtxThreadGetId       0x10047209    0x10  Code  Gb  rtx_thread.o [1]
svcRtxThreadGetName     0x100471df    0x2a  Code  Gb  rtx_thread.o [1]
svcRtxThreadNew         0x10046fd9   0x206  Code  Gb  rtx_thread.o [1]
swap_char               0x10044141     0xa  Code  Lc  multi_master_time.o [5]
swap_short_int          0x1004414b     0xa  Code  Lc  multi_master_time.o [5]
sys_alloc               0x100454a5   0x3e8  Code  Lc  dlmalloc.o [3]
syslock_o               0x20004894     0x4  Data  Lc  xsyslock_mtx.o [3]
system_time_trans       0x10043135     0xa  Code  Gb  rom_ll_timehandling.o [5]
system_time_trans_ext   0x100441b5    0x26  Code  Gb  rom_ll_timehandling.o [5]
terminate_hook          0x20004a1c     0x4  Data  Lc  Thread.o [1]
thread_terminate_hook   0x10048e41    0x10  Code  Gb  Thread.o [1]
ticker_insert_event_us  0x1004a9f9    0x52  Code  Gb  mbed_ticker_api.o [1]
ticker_read             0x1004aa7f     0x4  Code  Gb  mbed_ticker_api.o [1]
ticker_read_us          0x1004aa83     0x2  Code  Gb  mbed_ticker_api.o [1]
ticker_remove_event     0x1004aa4b    0x34  Code  Gb  mbed_ticker_api.o [1]
ticker_set_handler      0x1004a9e9    0x10  Code  Gb  mbed_ticker_api.o [1]
time_offset1            0x1004417f     0xe  Code  Gb  rom_ll_timehandling.o [5]
time_offset2            0x1004419d     0xc  Code  Gb  rom_ll_timehandling.o [5]
timebase_start_connect  0x100440cd    0x36  Code  Gb  multi_master_time.o [5]
tmalloc_large           0x10045899   0x3ca  Code  Lc  dlmalloc.o [3]
tmalloc_small           0x10045c69   0x230  Code  Lc  dlmalloc.o [3]
touch_it                0x200005dc     0x1  Data  Gb  rom_global_var.o [5]
unpack_channel_map      0x1004288b    0x38  Code  Gb  rom_ll_isr_routines.o [5]
unpack_update_request   0x10042845    0x46  Code  Gb  rom_ll_isr_routines.o [5]
unsigned char * std::_Copy_opt<unsigned char const *, unsigned char *>(unsigned char const *, unsigned char const *, unsigned char *, std::_Scalar_ptr_iterator_tag)
                        0x1005233b    0x14  Code  Gb  GenericGattClient.o [1]
update_present_time     0x1004a819    0xf4  Code  Lc  mbed_ticker_api.o [1]
us_data                 0x1004a6e8     0x8  Data  Lc  mbed_us_ticker_api.o [1]
us_interface            0x1005b6f0    0x1c  Data  Lc  mbed_us_ticker_api.o [1]
us_ticker_clear_interrupt
                        0x10059e99     0x2  Code  Gb  us_ticker_api.o [1]
us_ticker_disable_interrupt
                        0x10059e7f     0xc  Code  Gb  us_ticker_api.o [1]
us_ticker_fire_interrupt
                        0x10059e9b     0x2  Code  Gb  us_ticker_api.o [1]
us_ticker_get_info      0x1005bc41     0x8  Code  Wk  mbed_retarget.o [1]
us_ticker_get_info::info
                        0x1005bc30     0x8  Data  Lc  mbed_retarget.o [1]
us_ticker_init          0x10059dff    0x5c  Code  Gb  us_ticker_api.o [1]
us_ticker_read          0x10059e5b    0x18  Code  Gb  us_ticker_api.o [1]
us_ticker_set_interrupt
                        0x10059e73     0xc  Code  Gb  us_ticker_api.o [1]
uuid16_list             0x10047f00     0x2  Data  Lc  main.o [1]
void mbed::Callback<void ()>::function_call<void (*)()>(void const *)
                        0x1005bc49     0x8  Code  Gb  utest_shim.o [1]
void mbed::Callback<void ()>::function_dtor<void (*)()>(void *)
                        0x10048e67     0x2  Code  Gb  utest_shim.o [1]
void mbed::Callback<void ()>::function_move<void (*)()>(void *, void const *)
                        0x10044423     0xa  Code  Gb  utest_shim.o [1]
void mbed::Callback<void ()>::generate<void (*)()>(void (*)() const &)::ops
                        0x1005bbc8     0xc  Data  Gb  utest_shim.o [1]
void mbed::Callback<void (int)>::function_call<void (*)(int)>(void const *, int)
                        0x1005bbe1     0xc  Code  Gb  EventQueue.o [1]
void mbed::Callback<void (int)>::function_dtor<void (*)(int)>(void *)
                        0x1004475b     0x2  Code  Gb  EventQueue.o [1]
void mbed::Callback<void (int)>::function_move<void (*)(int)>(void *, void const *)
                        0x10043fab     0xa  Code  Gb  EventQueue.o [1]
void mbed::Callback<void (int)>::generate<void (*)(int)>(void (*)(int) const &)::ops
                        0x1005bbbc     0xc  Data  Gb  EventQueue.o [1]
vsnprintf               0x10048edd    0x3c  Code  Gb  vsnprint.o [3]
wait                    0x10048d09     0xe  Code  Gb  mbed_wait_api_rtos.o [1]
wait_ms                 0x10048d1d     0xe  Code  Gb  mbed_wait_api_rtos.o [1]
wait_us                 0x10048d2b     0x2  Code  Gb  mbed_wait_api_rtos.o [1]
wakeupFromSleepFlag     0x2000000c     0x1  Data  Gb  system_bluenrg1.o [1]
wakeupFromSleepFlag_block$$Base
                        0x2000000c           --   Gb  - Linker created -
wakeupFromSleepFlag_block$$Limit
                        0x20000010           --   Gb  - Linker created -


[1] = C:\Users\Gianluca\Documents\mbed\Heart\BUILD\Obj
[2] = command line
[3] = dl6M_tlf.a
[4] = dlpp6M_tl_fc.a
[5] = libbluenrg1_stack.a
[6] = m6M_tl.a
[7] = rt6M_tl.a

  110 890 bytes of readonly  code memory
    5 178 bytes of readonly  data memory
   24 182 bytes of readwrite data memory

Errors: none
Warnings: none
