###############################################################################
#
# IAR ELF Linker V7.70.1.11437/W32 for ARM                07/May/2018  16:44:03
# Copyright 2007-2016 IAR Systems AB.
#
#    Output file  =  C:\Users\Gianluca\Documents\mbed\Heart\BUILD\Exe\name.out
#    Map file     =  C:\Users\Gianluca\Documents\mbed\Heart\BUILD\List\name.map
#    Command line =  
#        C:\Users\Gianluca\Documents\mbed\Heart\BUILD\Obj\aes.o
#        C:\Users\Gianluca\Documents\mbed\Heart\BUILD\Obj\aesni.o
#        C:\Users\Gianluca\Documents\mbed\Heart\BUILD\Obj\AnalogIn.o
#        C:\Users\Gianluca\Documents\mbed\Heart\BUILD\Obj\arc4.o
#        C:\Users\Gianluca\Documents\mbed\Heart\BUILD\Obj\asn1parse.o
#        C:\Users\Gianluca\Documents\mbed\Heart\BUILD\Obj\asn1write.o
#        C:\Users\Gianluca\Documents\mbed\Heart\BUILD\Obj\ATCmdParser.o
#        C:\Users\Gianluca\Documents\mbed\Heart\BUILD\Obj\base64.o
#        C:\Users\Gianluca\Documents\mbed\Heart\BUILD\Obj\bignum.o
#        C:\Users\Gianluca\Documents\mbed\Heart\BUILD\Obj\BLE.o
#        C:\Users\Gianluca\Documents\mbed\Heart\BUILD\Obj\ble_payload.o
#        C:\Users\Gianluca\Documents\mbed\Heart\BUILD\Obj\ble_utils.o
#        C:\Users\Gianluca\Documents\mbed\Heart\BUILD\Obj\BLEInstanceBase.o
#        C:\Users\Gianluca\Documents\mbed\Heart\BUILD\Obj\blowfish.o
#        C:\Users\Gianluca\Documents\mbed\Heart\BUILD\Obj\BlueNRG1_adc.o
#        C:\Users\Gianluca\Documents\mbed\Heart\BUILD\Obj\BlueNRG1_ble.o
#        C:\Users\Gianluca\Documents\mbed\Heart\BUILD\Obj\BlueNRG1_dma.o
#        C:\Users\Gianluca\Documents\mbed\Heart\BUILD\Obj\BlueNRG1_flash.o
#        C:\Users\Gianluca\Documents\mbed\Heart\BUILD\Obj\BlueNRG1_gpio.o
#        C:\Users\Gianluca\Documents\mbed\Heart\BUILD\Obj\BlueNRG1_i2c.o
#        C:\Users\Gianluca\Documents\mbed\Heart\BUILD\Obj\BlueNRG1_it.o
#        C:\Users\Gianluca\Documents\mbed\Heart\BUILD\Obj\BlueNRG1_mft.o
#        C:\Users\Gianluca\Documents\mbed\Heart\BUILD\Obj\BlueNRG1_pka.o
#        C:\Users\Gianluca\Documents\mbed\Heart\BUILD\Obj\BlueNRG1_rng.o
#        C:\Users\Gianluca\Documents\mbed\Heart\BUILD\Obj\BlueNRG1_rtc.o
#        C:\Users\Gianluca\Documents\mbed\Heart\BUILD\Obj\BlueNRG1_spi.o
#        C:\Users\Gianluca\Documents\mbed\Heart\BUILD\Obj\BlueNRG1_sysCtrl.o
#        C:\Users\Gianluca\Documents\mbed\Heart\BUILD\Obj\BlueNRG1_uart.o
#        C:\Users\Gianluca\Documents\mbed\Heart\BUILD\Obj\BlueNRG1_wdg.o
#        C:\Users\Gianluca\Documents\mbed\Heart\BUILD\Obj\BlueNRG1Device.o
#        C:\Users\Gianluca\Documents\mbed\Heart\BUILD\Obj\BlueNRG1DiscoveredCharacteristic.o
#        C:\Users\Gianluca\Documents\mbed\Heart\BUILD\Obj\BlueNRG1Gap.o
#        C:\Users\Gianluca\Documents\mbed\Heart\BUILD\Obj\BlueNRG1GattClient.o
#        C:\Users\Gianluca\Documents\mbed\Heart\BUILD\Obj\BlueNRG1GattConnectionClient.o
#        C:\Users\Gianluca\Documents\mbed\Heart\BUILD\Obj\BlueNRG1GattServer.o
#        C:\Users\Gianluca\Documents\mbed\Heart\BUILD\Obj\btle.o
#        C:\Users\Gianluca\Documents\mbed\Heart\BUILD\Obj\BusIn.o
#        C:\Users\Gianluca\Documents\mbed\Heart\BUILD\Obj\BusInOut.o
#        C:\Users\Gianluca\Documents\mbed\Heart\BUILD\Obj\BusOut.o
#        C:\Users\Gianluca\Documents\mbed\Heart\BUILD\Obj\CallChain.o
#        C:\Users\Gianluca\Documents\mbed\Heart\BUILD\Obj\camellia.o
#        C:\Users\Gianluca\Documents\mbed\Heart\BUILD\Obj\CAN.o
#        C:\Users\Gianluca\Documents\mbed\Heart\BUILD\Obj\ccm.o
#        C:\Users\Gianluca\Documents\mbed\Heart\BUILD\Obj\ccsbcs.o
#        C:\Users\Gianluca\Documents\mbed\Heart\BUILD\Obj\certs.o
#        C:\Users\Gianluca\Documents\mbed\Heart\BUILD\Obj\ChainingBlockDevice.o
#        C:\Users\Gianluca\Documents\mbed\Heart\BUILD\Obj\cipher.o
#        C:\Users\Gianluca\Documents\mbed\Heart\BUILD\Obj\cipher_wrap.o
#        C:\Users\Gianluca\Documents\mbed\Heart\BUILD\Obj\cmac.o
#        C:\Users\Gianluca\Documents\mbed\Heart\BUILD\Obj\cmain.o
#        C:\Users\Gianluca\Documents\mbed\Heart\BUILD\Obj\cmsis_nvic.o
#        C:\Users\Gianluca\Documents\mbed\Heart\BUILD\Obj\cmsis_os1.o
#        C:\Users\Gianluca\Documents\mbed\Heart\BUILD\Obj\ConditionVariable.o
#        C:\Users\Gianluca\Documents\mbed\Heart\BUILD\Obj\ctr_drbg.o
#        C:\Users\Gianluca\Documents\mbed\Heart\BUILD\Obj\debug.o
#        C:\Users\Gianluca\Documents\mbed\Heart\BUILD\Obj\des.o
#        C:\Users\Gianluca\Documents\mbed\Heart\BUILD\Obj\DFUService.o
#        C:\Users\Gianluca\Documents\mbed\Heart\BUILD\Obj\dhm.o
#        C:\Users\Gianluca\Documents\mbed\Heart\BUILD\Obj\Dir.o
#        C:\Users\Gianluca\Documents\mbed\Heart\BUILD\Obj\DiscoveredCharacteristic.o
#        C:\Users\Gianluca\Documents\mbed\Heart\BUILD\Obj\ecdh.o
#        C:\Users\Gianluca\Documents\mbed\Heart\BUILD\Obj\ecdsa.o
#        C:\Users\Gianluca\Documents\mbed\Heart\BUILD\Obj\ecjpake.o
#        C:\Users\Gianluca\Documents\mbed\Heart\BUILD\Obj\ecp.o
#        C:\Users\Gianluca\Documents\mbed\Heart\BUILD\Obj\ecp_curves.o
#        C:\Users\Gianluca\Documents\mbed\Heart\BUILD\Obj\entropy.o
#        C:\Users\Gianluca\Documents\mbed\Heart\BUILD\Obj\entropy_poll.o
#        C:\Users\Gianluca\Documents\mbed\Heart\BUILD\Obj\equeue.o
#        C:\Users\Gianluca\Documents\mbed\Heart\BUILD\Obj\equeue_mbed.o
#        C:\Users\Gianluca\Documents\mbed\Heart\BUILD\Obj\equeue_posix.o
#        C:\Users\Gianluca\Documents\mbed\Heart\BUILD\Obj\error.o
#        C:\Users\Gianluca\Documents\mbed\Heart\BUILD\Obj\Ethernet.o
#        C:\Users\Gianluca\Documents\mbed\Heart\BUILD\Obj\EventFlags.o
#        C:\Users\Gianluca\Documents\mbed\Heart\BUILD\Obj\EventQueue.o
#        C:\Users\Gianluca\Documents\mbed\Heart\BUILD\Obj\FATFileSystem.o
#        C:\Users\Gianluca\Documents\mbed\Heart\BUILD\Obj\ff.o
#        C:\Users\Gianluca\Documents\mbed\Heart\BUILD\Obj\File.o
#        C:\Users\Gianluca\Documents\mbed\Heart\BUILD\Obj\FileBase.o
#        C:\Users\Gianluca\Documents\mbed\Heart\BUILD\Obj\FileHandle.o
#        C:\Users\Gianluca\Documents\mbed\Heart\BUILD\Obj\FilePath.o
#        C:\Users\Gianluca\Documents\mbed\Heart\BUILD\Obj\FileSystem.o
#        C:\Users\Gianluca\Documents\mbed\Heart\BUILD\Obj\FileSystemHandle.o
#        C:\Users\Gianluca\Documents\mbed\Heart\BUILD\Obj\FlashIAP.o
#        C:\Users\Gianluca\Documents\mbed\Heart\BUILD\Obj\GapScanningParams.o
#        C:\Users\Gianluca\Documents\mbed\Heart\BUILD\Obj\gcm.o
#        C:\Users\Gianluca\Documents\mbed\Heart\BUILD\Obj\GenericGattClient.o
#        C:\Users\Gianluca\Documents\mbed\Heart\BUILD\Obj\gpio_api.o
#        C:\Users\Gianluca\Documents\mbed\Heart\BUILD\Obj\greentea_metrics.o
#        C:\Users\Gianluca\Documents\mbed\Heart\BUILD\Obj\greentea_serial.o
#        C:\Users\Gianluca\Documents\mbed\Heart\BUILD\Obj\greentea_test_env.o
#        C:\Users\Gianluca\Documents\mbed\Heart\BUILD\Obj\havege.o
#        C:\Users\Gianluca\Documents\mbed\Heart\BUILD\Obj\HeapBlockDevice.o
#        C:\Users\Gianluca\Documents\mbed\Heart\BUILD\Obj\hmac_drbg.o
#        C:\Users\Gianluca\Documents\mbed\Heart\BUILD\Obj\I2C.o
#        C:\Users\Gianluca\Documents\mbed\Heart\BUILD\Obj\I2CSlave.o
#        C:\Users\Gianluca\Documents\mbed\Heart\BUILD\Obj\InterruptIn.o
#        C:\Users\Gianluca\Documents\mbed\Heart\BUILD\Obj\InterruptManager.o
#        C:\Users\Gianluca\Documents\mbed\Heart\BUILD\Obj\irq_cm0.o
#        C:\Users\Gianluca\Documents\mbed\Heart\Bluetooth_LE\library\libbluenrg1_stack.a
#        C:\Users\Gianluca\Documents\mbed\Heart\BUILD\Obj\LocalFileSystem.o
#        C:\Users\Gianluca\Documents\mbed\Heart\BUILD\Obj\main.o
#        C:\Users\Gianluca\Documents\mbed\Heart\BUILD\Obj\mbed-utest-shim.o
#        C:\Users\Gianluca\Documents\mbed\Heart\BUILD\Obj\mbed_alloc_wrappers.o
#        C:\Users\Gianluca\Documents\mbed\Heart\BUILD\Obj\mbed_application.o
#        C:\Users\Gianluca\Documents\mbed\Heart\BUILD\Obj\mbed_assert.o
#        C:\Users\Gianluca\Documents\mbed\Heart\BUILD\Obj\mbed_board.o
#        C:\Users\Gianluca\Documents\mbed\Heart\BUILD\Obj\mbed_boot.o
#        C:\Users\Gianluca\Documents\mbed\Heart\BUILD\Obj\mbed_critical.o
#        C:\Users\Gianluca\Documents\mbed\Heart\BUILD\Obj\mbed_error.o
#        C:\Users\Gianluca\Documents\mbed\Heart\BUILD\Obj\mbed_flash_api.o
#        C:\Users\Gianluca\Documents\mbed\Heart\BUILD\Obj\mbed_gpio.o
#        C:\Users\Gianluca\Documents\mbed\Heart\BUILD\Obj\mbed_interface.o
#        C:\Users\Gianluca\Documents\mbed\Heart\BUILD\Obj\mbed_lp_ticker_api.o
#        C:\Users\Gianluca\Documents\mbed\Heart\BUILD\Obj\mbed_mem_trace.o
#        C:\Users\Gianluca\Documents\mbed\Heart\BUILD\Obj\mbed_mktime.o
#        C:\Users\Gianluca\Documents\mbed\Heart\BUILD\Obj\mbed_overrides.o
#        C:\Users\Gianluca\Documents\mbed\Heart\BUILD\Obj\mbed_pinmap_common.o
#        C:\Users\Gianluca\Documents\mbed\Heart\BUILD\Obj\mbed_poll.o
#        C:\Users\Gianluca\Documents\mbed\Heart\BUILD\Obj\mbed_retarget.o
#        C:\Users\Gianluca\Documents\mbed\Heart\BUILD\Obj\mbed_rtc_time.o
#        C:\Users\Gianluca\Documents\mbed\Heart\BUILD\Obj\mbed_rtx_handlers.o
#        C:\Users\Gianluca\Documents\mbed\Heart\BUILD\Obj\mbed_rtx_idle.o
#        C:\Users\Gianluca\Documents\mbed\Heart\BUILD\Obj\mbed_sdk_boot.o
#        C:\Users\Gianluca\Documents\mbed\Heart\BUILD\Obj\mbed_semihost_api.o
#        C:\Users\Gianluca\Documents\mbed\Heart\BUILD\Obj\mbed_shared_queues.o
#        C:\Users\Gianluca\Documents\mbed\Heart\BUILD\Obj\mbed_sleep_manager.o
#        C:\Users\Gianluca\Documents\mbed\Heart\BUILD\Obj\mbed_stats.o
#        C:\Users\Gianluca\Documents\mbed\Heart\BUILD\Obj\mbed_ticker_api.o
#        C:\Users\Gianluca\Documents\mbed\Heart\BUILD\Obj\mbed_trng.o
#        C:\Users\Gianluca\Documents\mbed\Heart\BUILD\Obj\mbed_us_ticker_api.o
#        C:\Users\Gianluca\Documents\mbed\Heart\BUILD\Obj\mbed_wait_api_no_rtos.o
#        C:\Users\Gianluca\Documents\mbed\Heart\BUILD\Obj\mbed_wait_api_rtos.o
#        C:\Users\Gianluca\Documents\mbed\Heart\BUILD\Obj\MBRBlockDevice.o
#        C:\Users\Gianluca\Documents\mbed\Heart\BUILD\Obj\md.o
#        C:\Users\Gianluca\Documents\mbed\Heart\BUILD\Obj\md2.o
#        C:\Users\Gianluca\Documents\mbed\Heart\BUILD\Obj\md4.o
#        C:\Users\Gianluca\Documents\mbed\Heart\BUILD\Obj\md5.o
#        C:\Users\Gianluca\Documents\mbed\Heart\BUILD\Obj\md_wrap.o
#        C:\Users\Gianluca\Documents\mbed\Heart\BUILD\Obj\memory_buffer_alloc.o
#        C:\Users\Gianluca\Documents\mbed\Heart\BUILD\Obj\misc.o
#        C:\Users\Gianluca\Documents\mbed\Heart\BUILD\Obj\Mutex.o
#        C:\Users\Gianluca\Documents\mbed\Heart\BUILD\Obj\net_sockets.o
#        C:\Users\Gianluca\Documents\mbed\Heart\BUILD\Obj\NetworkInterface.o
#        C:\Users\Gianluca\Documents\mbed\Heart\BUILD\Obj\NetworkStack.o
#        C:\Users\Gianluca\Documents\mbed\Heart\BUILD\Obj\nsapi_dns.o
#        C:\Users\Gianluca\Documents\mbed\Heart\BUILD\Obj\oid.o
#        C:\Users\Gianluca\Documents\mbed\Heart\BUILD\Obj\OnboardCellularInterface.o
#        C:\Users\Gianluca\Documents\mbed\Heart\BUILD\Obj\os_systick.o
#        C:\Users\Gianluca\Documents\mbed\Heart\BUILD\Obj\os_tick_ptim.o
#        C:\Users\Gianluca\Documents\mbed\Heart\BUILD\Obj\osal.o
#        C:\Users\Gianluca\Documents\mbed\Heart\BUILD\Obj\padlock.o
#        C:\Users\Gianluca\Documents\mbed\Heart\BUILD\Obj\pem.o
#        C:\Users\Gianluca\Documents\mbed\Heart\BUILD\Obj\pin_device.o
#        C:\Users\Gianluca\Documents\mbed\Heart\BUILD\Obj\pinmap.o
#        C:\Users\Gianluca\Documents\mbed\Heart\BUILD\Obj\pk.o
#        C:\Users\Gianluca\Documents\mbed\Heart\BUILD\Obj\pk_wrap.o
#        C:\Users\Gianluca\Documents\mbed\Heart\BUILD\Obj\pkcs11.o
#        C:\Users\Gianluca\Documents\mbed\Heart\BUILD\Obj\pkcs12.o
#        C:\Users\Gianluca\Documents\mbed\Heart\BUILD\Obj\pkcs5.o
#        C:\Users\Gianluca\Documents\mbed\Heart\BUILD\Obj\pkparse.o
#        C:\Users\Gianluca\Documents\mbed\Heart\BUILD\Obj\pkwrite.o
#        C:\Users\Gianluca\Documents\mbed\Heart\BUILD\Obj\platform.o
#        C:\Users\Gianluca\Documents\mbed\Heart\BUILD\Obj\PPPCellularInterface.o
#        C:\Users\Gianluca\Documents\mbed\Heart\BUILD\Obj\ProfilingBlockDevice.o
#        C:\Users\Gianluca\Documents\mbed\Heart\BUILD\Obj\RawSerial.o
#        C:\Users\Gianluca\Documents\mbed\Heart\BUILD\Obj\ripemd160.o
#        C:\Users\Gianluca\Documents\mbed\Heart\BUILD\Obj\rsa.o
#        C:\Users\Gianluca\Documents\mbed\Heart\BUILD\Obj\rt_OsEventObserver.o
#        C:\Users\Gianluca\Documents\mbed\Heart\BUILD\Obj\RtosTimer.o
#        C:\Users\Gianluca\Documents\mbed\Heart\BUILD\Obj\RTX_Config.o
#        C:\Users\Gianluca\Documents\mbed\Heart\BUILD\Obj\rtx_delay.o
#        C:\Users\Gianluca\Documents\mbed\Heart\BUILD\Obj\rtx_evflags.o
#        C:\Users\Gianluca\Documents\mbed\Heart\BUILD\Obj\rtx_evr.o
#        C:\Users\Gianluca\Documents\mbed\Heart\BUILD\Obj\rtx_kernel.o
#        C:\Users\Gianluca\Documents\mbed\Heart\BUILD\Obj\rtx_lib.o
#        C:\Users\Gianluca\Documents\mbed\Heart\BUILD\Obj\rtx_memory.o
#        C:\Users\Gianluca\Documents\mbed\Heart\BUILD\Obj\rtx_mempool.o
#        C:\Users\Gianluca\Documents\mbed\Heart\BUILD\Obj\rtx_msgqueue.o
#        C:\Users\Gianluca\Documents\mbed\Heart\BUILD\Obj\rtx_mutex.o
#        C:\Users\Gianluca\Documents\mbed\Heart\BUILD\Obj\rtx_semaphore.o
#        C:\Users\Gianluca\Documents\mbed\Heart\BUILD\Obj\rtx_system.o
#        C:\Users\Gianluca\Documents\mbed\Heart\BUILD\Obj\rtx_thread.o
#        C:\Users\Gianluca\Documents\mbed\Heart\BUILD\Obj\rtx_timer.o
#        C:\Users\Gianluca\Documents\mbed\Heart\BUILD\Obj\Semaphore.o
#        C:\Users\Gianluca\Documents\mbed\Heart\BUILD\Obj\Serial.o
#        C:\Users\Gianluca\Documents\mbed\Heart\BUILD\Obj\serial_api.o
#        C:\Users\Gianluca\Documents\mbed\Heart\BUILD\Obj\SerialBase.o
#        C:\Users\Gianluca\Documents\mbed\Heart\BUILD\Obj\sha1.o
#        C:\Users\Gianluca\Documents\mbed\Heart\BUILD\Obj\sha256.o
#        C:\Users\Gianluca\Documents\mbed\Heart\BUILD\Obj\sha512.o
#        C:\Users\Gianluca\Documents\mbed\Heart\BUILD\Obj\SlicingBlockDevice.o
#        C:\Users\Gianluca\Documents\mbed\Heart\BUILD\Obj\Socket.o
#        C:\Users\Gianluca\Documents\mbed\Heart\BUILD\Obj\SocketAddress.o
#        C:\Users\Gianluca\Documents\mbed\Heart\BUILD\Obj\SPI.o
#        C:\Users\Gianluca\Documents\mbed\Heart\BUILD\Obj\spi_api.o
#        C:\Users\Gianluca\Documents\mbed\Heart\BUILD\Obj\SPISlave.o
#        C:\Users\Gianluca\Documents\mbed\Heart\BUILD\Obj\ssl_cache.o
#        C:\Users\Gianluca\Documents\mbed\Heart\BUILD\Obj\ssl_ciphersuites.o
#        C:\Users\Gianluca\Documents\mbed\Heart\BUILD\Obj\ssl_cli.o
#        C:\Users\Gianluca\Documents\mbed\Heart\BUILD\Obj\ssl_cookie.o
#        C:\Users\Gianluca\Documents\mbed\Heart\BUILD\Obj\ssl_srv.o
#        C:\Users\Gianluca\Documents\mbed\Heart\BUILD\Obj\ssl_ticket.o
#        C:\Users\Gianluca\Documents\mbed\Heart\BUILD\Obj\ssl_tls.o
#        C:\Users\Gianluca\Documents\mbed\Heart\BUILD\Obj\startup_bluenrg1.o
#        C:\Users\Gianluca\Documents\mbed\Heart\BUILD\Obj\Stream.o
#        C:\Users\Gianluca\Documents\mbed\Heart\BUILD\Obj\system_bluenrg1.o
#        C:\Users\Gianluca\Documents\mbed\Heart\BUILD\Obj\TCPServer.o
#        C:\Users\Gianluca\Documents\mbed\Heart\BUILD\Obj\TCPSocket.o
#        C:\Users\Gianluca\Documents\mbed\Heart\BUILD\Obj\Thread.o
#        C:\Users\Gianluca\Documents\mbed\Heart\BUILD\Obj\threading.o
#        C:\Users\Gianluca\Documents\mbed\Heart\BUILD\Obj\Ticker.o
#        C:\Users\Gianluca\Documents\mbed\Heart\BUILD\Obj\Timeout.o
#        C:\Users\Gianluca\Documents\mbed\Heart\BUILD\Obj\Timer.o
#        C:\Users\Gianluca\Documents\mbed\Heart\BUILD\Obj\TimerEvent.o
#        C:\Users\Gianluca\Documents\mbed\Heart\BUILD\Obj\timing.o
#        C:\Users\Gianluca\Documents\mbed\Heart\BUILD\Obj\UARTCellularInterface.o
#        C:\Users\Gianluca\Documents\mbed\Heart\BUILD\Obj\UARTSerial.o
#        C:\Users\Gianluca\Documents\mbed\Heart\BUILD\Obj\UARTService.o
#        C:\Users\Gianluca\Documents\mbed\Heart\BUILD\Obj\UDPSocket.o
#        C:\Users\Gianluca\Documents\mbed\Heart\BUILD\Obj\unity.o
#        C:\Users\Gianluca\Documents\mbed\Heart\BUILD\Obj\unity_handler.o
#        C:\Users\Gianluca\Documents\mbed\Heart\BUILD\Obj\URIBeaconConfigService.o
#        C:\Users\Gianluca\Documents\mbed\Heart\BUILD\Obj\us_ticker_api.o
#        C:\Users\Gianluca\Documents\mbed\Heart\BUILD\Obj\utest_case.o
#        C:\Users\Gianluca\Documents\mbed\Heart\BUILD\Obj\utest_default_handlers.o
#        C:\Users\Gianluca\Documents\mbed\Heart\BUILD\Obj\utest_greentea_handlers.o
#        C:\Users\Gianluca\Documents\mbed\Heart\BUILD\Obj\utest_harness.o
#        C:\Users\Gianluca\Documents\mbed\Heart\BUILD\Obj\utest_shim.o
#        C:\Users\Gianluca\Documents\mbed\Heart\BUILD\Obj\utest_stack_trace.o
#        C:\Users\Gianluca\Documents\mbed\Heart\BUILD\Obj\utest_types.o
#        C:\Users\Gianluca\Documents\mbed\Heart\BUILD\Obj\version.o
#        C:\Users\Gianluca\Documents\mbed\Heart\BUILD\Obj\version_features.o
#        C:\Users\Gianluca\Documents\mbed\Heart\BUILD\Obj\WiFiAccessPoint.o
#        C:\Users\Gianluca\Documents\mbed\Heart\BUILD\Obj\x509.o
#        C:\Users\Gianluca\Documents\mbed\Heart\BUILD\Obj\x509_create.o
#        C:\Users\Gianluca\Documents\mbed\Heart\BUILD\Obj\x509_crl.o
#        C:\Users\Gianluca\Documents\mbed\Heart\BUILD\Obj\x509_crt.o
#        C:\Users\Gianluca\Documents\mbed\Heart\BUILD\Obj\x509_csr.o
#        C:\Users\Gianluca\Documents\mbed\Heart\BUILD\Obj\x509write_crt.o
#        C:\Users\Gianluca\Documents\mbed\Heart\BUILD\Obj\x509write_csr.o
#        C:\Users\Gianluca\Documents\mbed\Heart\BUILD\Obj\xtea.o -o
#        C:\Users\Gianluca\Documents\mbed\Heart\BUILD\Exe\name.out --redirect
#        _Printf=_PrintfLarge --redirect _Scanf=_ScanfFull --map
#        C:\Users\Gianluca\Documents\mbed\Heart\BUILD\List\name.map --config
#        C:\Users\Gianluca\Documents\mbed\Heart\.\mbed-os\targets\TARGET_STMBLUE\TARGET_BLUENRG1\TARGET_STEVAL_IDB007V1\device\TOOLCHAIN_IAR\BLUENRG1.icf
#        --skip_dynamic_initialization --threaded_lib --entry
#        __iar_program_start --no_exceptions --vfe
#
###############################################################################

*******************************************************************************
*** RUNTIME MODEL ATTRIBUTES
***

CppFlavor                     = *
__CPP_Exceptions              = Disabled
__CPP_Language                = C++
__Heap_Handler                = DLMalloc
__SystemLibrary               = DLib
__dlib_dynamic_initialization = postponed
__dlib_has_iterator_debugging = 0
__dlib_jmp_buf_num_elements   = 8


*******************************************************************************
*** PLACEMENT SUMMARY
***

"A0":  place at start of [0x10067000-0x10067fff] {
          block BLOCK_STACKLIB_FLASH_DATA };
"A1":  place at 0x200000c0 { block BLUE };
"A3":  place at start of [0x10040000-0x10066fff] { ro section .intvec };
"A4":  place at 0x20000004 { block ota_sw_activation_block };
"A5":  place at 0x20000008 { block savedMSP_block };
"A6":  place at 0x2000000c { block wakeupFromSleepFlag_block };
"A7":  place at 0x20000010 { block app_base_block };
"A8":  place at 0x20000030 { block Blue_Flag_Ram_block };
"P2":  place in [from 0x10040000 to 0x10066fff] { ro };
"P3":  place in [from 0x200000c0 to 0x20005fff] { rw };
"A10": place at end of [0x200000c0-0x20005fff] { block CSTACK, block HEAP };
initialize by copy { rw };
 { section .bss.__blue_RAM };
 { section .intvec };
 { section .ota_sw_activation };
 { section .savedMSP };
 { section .wakeupFromSleepFlag };
 { section .app_base };
 { section .__blueflag_RAM };

  Section                 Kind        Address     Size  Object
  -------                 ----        -------     ----  ------
"A3":                                             0xc0
  .intvec                 ro code  0x10040000     0xc0  startup_bluenrg1.o [1]
                                 - 0x100400c0     0xc0

"P2":                                          0x2073c
  i.RAL_Isr               ro code  0x100400c0   0x1714  ll_isr.o [5]
  i.Timer_ExpiryCallback  ro code  0x100417d4     0x14  host_timer.o [5]
  i.Is_Flash_Write_On_Going
                          ro code  0x100417e8     0x10  nvm.o [5]
  i.advance_wakeup_timer  ro code  0x100417f8    0x4d4  advance_wakeup_time.o [5]
  i.get_scan_addr         ro code  0x10041ccc     0x2e  rom_ll_isr_routines.o [5]
  .text                   ro code  0x10041cfa      0xa  BlueNRG1Gap.o [1]
  i.PRIV_u32ProcessAdvPacket
                          ro code  0x10041d04    0x698  ll_privacy.o [5]
  i.get_adv_addr          ro code  0x1004239c     0x2c  rom_ll_isr_routines.o [5]
  i.PRIV_SearchAddrInWhiteList
                          ro code  0x100423c8     0x48  ll_privacy.o [5]
  i.go_to_connect         ro code  0x10042410    0x278  rom_ll_isr_routines.o [5]
  i.cancel_current_master
                          ro code  0x10042688    0x19c  multi_master_time.o [5]
  i.machine_time_trans    ro code  0x10042824     0x20  rom_ll_timehandling.o [5]
  i.unpack_update_request
                          ro code  0x10042844     0x46  rom_ll_isr_routines.o [5]
  i.unpack_channel_map    ro code  0x1004288a     0x38  rom_ll_isr_routines.o [5]
  i.char_copy             ro code  0x100428c2     0x12  hal.o [5]
  i.LL_receive_data_patch
                          ro code  0x100428d4     0xc4  isr_routines.o [5]
  i.isr_postproc1         ro code  0x10042998    0x14c  rom_ll_isr_postproc.o [5]
  i.LL_update_proc        ro code  0x10042ae4     0x58  rom_ll_isr_routines.o [5]
  i.modulo_37             ro code  0x10042b3c     0x18  rom_ll_routines_support.o [5]
  i.advance_slave_timing_MultiSlave
                          ro code  0x10042b54    0x438  multi_master_time.o [5]
  i.set_string            ro code  0x10042f8c     0x10  hal.o [5]
  i.go_to_connect_master  ro code  0x10042f9c    0x198  isr_routines.o [5]
  i.system_time_trans     ro code  0x10043134      0xa  rom_ll_timehandling.o [5]
  i.isr_postproc_encrypt_data
                          ro code  0x1004313e     0x16  rom_ll_isr_postproc.o [5]
  i.anchor_replace        ro code  0x10043154     0x50  multi_master_time.o [5]
  i.read_rssi             ro code  0x100431a4     0x70  ll_routines.o [5]
  i.isr_event_handler_patched
                          ro code  0x10043214    0x8bc  ll_routines_master.o [5]
  i.isr_postproc          ro code  0x10043ad0    0x14c  isr_postproc.o [5]
  i.cancel_master         ro code  0x10043c1c    0x100  rom_ll_isr_routines.o [5]
  .text                   ro code  0x10043d1c     0xe0  I32DivModFast.o [7]
  i.cancel_slave          ro code  0x10043dfc     0x98  isr_routines.o [5]
  i.Hal_Get_Random_Number
                          ro code  0x10043e94     0x28  hal.o [5]
  i.LL_Sleep_Req          ro code  0x10043ebc     0x54  rom_ll_routines_support.o [5]
  i.LL_Update_Advertising_Buffers
                          ro code  0x10043f10     0x44  rom_ll_ll_routines.o [5]
  i.LL_Update_Scanning_Initiating_Buffers
                          ro code  0x10043f54     0x40  rom_ll_ll_routines.o [5]
  .text                   ro code  0x10043f94     0x16  uread4.o [7]
  .text                   ro code  0x10043faa      0xa  utest_shim.o [1]
  i.PRIV_u8ResolvePrivateAddress
                          ro code  0x10043fb4     0xf0  ll_privacy.o [5]
  .text                   ro code  0x100440a4     0x28  osal.o [1]
  i.timebase_start_connect
                          ro code  0x100440cc     0x40  multi_master_time.o [5]
  i.is_slave              ro code  0x1004410c     0x34  multi_master_time.o [5]
  i.swap_char             ro code  0x10044140      0xa  multi_master_time.o [5]
  i.swap_short_int        ro code  0x1004414a      0xa  multi_master_time.o [5]
  i.set_sca               ro code  0x10044154     0x20  rom_ll_timehandling.o [5]
  i.WindowWiden1          ro code  0x10044174      0xa  rom_ll_timehandling.o [5]
  i.time_offset1          ro code  0x1004417e      0xe  rom_ll_timehandling.o [5]
  i.WindowWiden2          ro code  0x1004418c     0x10  rom_ll_timehandling.o [5]
  i.time_offset2          ro code  0x1004419c     0x10  rom_ll_timehandling.o [5]
  i.microseconds_to_machine_time
                          ro code  0x100441ac      0x8  routines_support.o [5]
  i.system_time_trans_ext
                          ro code  0x100441b4     0x2c  rom_ll_timehandling.o [5]
  i.encrypt               ro code  0x100441e0     0x88  rom_ll_routines_support.o [5]
  i.hci_le_enhanced_connection_complete_event_push
                          ro code  0x10044268     0x90  ll_routines_master.o [5]
  i.hci_le_connection_complete_event_push
                          ro code  0x100442f8     0x78  ll_routines_master.o [5]
  i.hci_encryption_key_refresh_complete_event_push
                          ro code  0x10044370     0x48  ll_routines_master.o [5]
  i.hci_encryption_change_event_push
                          ro code  0x100443b8     0x4c  ll_routines_master.o [5]
  i.Acl_Tx_Cmpl_Pkt_Handler
                          ro code  0x10044404     0x1e  acl.o [5]
  .text                   ro code  0x10044422      0x2  GenericGattClient.o [1]
  i.aci_event_fifo_push_header
                          ro code  0x10044424     0xc8  aci_events.o [5]
  i.aci_event_fifo_push   ro code  0x100444ec     0x28  aci_events.o [5]
  i.hci_le_connection_update_complete_event_push
                          ro code  0x10044514     0x58  ll_routines_master.o [5]
  i.hci_le_direct_advertising_report_event_push
                          ro code  0x1004456c     0x74  ll_routines_master.o [5]
  i.hci_le_advertising_report_event_push
                          ro code  0x100445e0     0x80  ll_routines_master.o [5]
  i.Reclassify_All_Channels
                          ro code  0x10044660     0xc0  ll_routines_master.o [5]
  i.Acl_Rcv_Pkt_Handler   ro code  0x10044720     0x1e  acl.o [5]
  i.Hal_Get_Random_Number32
                          ro code  0x1004473e     0x12  hal.o [5]
  .text                   ro code  0x10044750      0x2  IntDivZer.o [7]
  .text                   ro code  0x10044752      0x2  startup_bluenrg1.o [1]
  i.PRIVWHIT_u8SearchAddrInList
                          ro code  0x10044754     0xa0  ll_privacy.o [5]
  i.LL_Encrypt_Plain_Data
                          ro code  0x100447f4     0x54  ll_routines_support.o [5]
  i.PRIVWHIT_u8AddAddrInList
                          ro code  0x10044848    0x1d8  ll_privacy.o [5]
  i.PRIVWHIT_u8RemoveAddrInList
                          ro code  0x10044a20     0xc8  ll_privacy.o [5]
  .text                   ro code  0x10044ae8     0x5c  ABImemcpy.o [7]
  .text                   ro code  0x10044b44     0x58  ABImemset.o [7]
  .text                   ro code  0x10044b9c     0x28  memcmp.o [7]
  i.fifoBuf_getFreeHeader
                          ro code  0x10044bc4     0x6a  aci_events.o [5]
  i.AES128ECB_Wrapper     ro code  0x10044c2e     0x7e  aes128cmac.o [5]
  i.AES_keyschedule_enc   ro code  0x10044cac     0x36  crypto.o [5]
  .text                   ro code  0x10044ce2      0x2  startup_bluenrg1.o [1]
  i.AES_general_SW_enc    ro code  0x10044ce4    0x268  crypto.o [5]
  i.AES_keyschedule_enc_LL
                          ro code  0x10044f4c    0x15c  crypto.o [5]
  .text                   ro code  0x100450a8   0x16b8  dlmalloc.o [3]
  .text                   ro code  0x10046760      0xa  abort.o [3]
  .text                   ro code  0x1004676a      0x2  startup_bluenrg1.o [1]
  .text                   ro code  0x1004676c     0x2c  xgetmemchunk.o [3]
  .text                   ro code  0x10046798     0x3c  xsyslock.o [3]
  .text                   ro code  0x100467d4      0xc  XXexit.o [7]
  .text                   ro code  0x100467e0    0x164  xsyslock_mtx.o [3]
  .text                   ro code  0x10046944    0x23a  mbed_boot.o [1]
  .text                   ro code  0x10046b7e      0x2  startup_bluenrg1.o [1]
  .text                   ro code  0x10046b80    0x894  rtx_thread.o [1]
  .text                   ro code  0x10047414     0x28  mbed_error.o [1]
  .text                   ro code  0x1004743c    0x348  rtx_kernel.o [1]
  .text                   ro code  0x10047784    0x420  rtx_mutex.o [1]
  .text                   ro code  0x10047ba4     0x1c  dynamic_init.o [7]
  .text                   ro code  0x10047bc0    0x2ce  main.o [1]
  .text                   ro code  0x10047e8e      0x4  low_level_init.o [3]
  .text                   ro code  0x10047e92      0x2  startup_bluenrg1.o [1]
  .text                   ro code  0x10047e94     0x28  data_init.o [7]
  .text                   ro code  0x10047ebc      0x2  mbed_overrides.o [1]
  .text                   ro code  0x10047ebe      0x2  rtx_evr.o [1]
  .text                   ro code  0x10047ec0      0x2  rtx_evr.o [1]
  .text                   ro code  0x10047ec2      0x2  rtx_evr.o [1]
  .text                   ro code  0x10047ec4      0x2  rtx_evr.o [1]
  .text                   ro code  0x10047ec6      0x2  rtx_evr.o [1]
  .text                   ro code  0x10047ec8      0x2  rtx_evr.o [1]
  .text                   ro code  0x10047eca      0x2  rtx_evr.o [1]
  .text                   ro code  0x10047ecc      0x2  rtx_evr.o [1]
  .text                   ro code  0x10047ece      0x2  rtx_evr.o [1]
  .text                   ro code  0x10047ed0      0x2  rtx_evr.o [1]
  .text                   ro code  0x10047ed2      0x2  rtx_evr.o [1]
  .text                   ro code  0x10047ed4      0x2  rtx_evr.o [1]
  .text                   ro code  0x10047ed6      0x2  startup_bluenrg1.o [1]
  .text                   ro code  0x10047ed8    0x310  mbed_rtx_handlers.o [1]
  .text                   ro code  0x100481e8     0xcc  rtx_mempool.o [1]
  .text                   ro code  0x100482b4     0x70  rtx_memory.o [1]
  .text                   ro code  0x10048324     0x4e  rtx_memory.o [1]
  .text                   ro code  0x10048372      0x2  rtx_evr.o [1]
  .text                   ro code  0x10048374      0x2  rtx_evr.o [1]
  .text                   ro code  0x10048376      0x2  rtx_evr.o [1]
  .text                   ro code  0x10048378      0x2  rtx_evr.o [1]
  .text                   ro code  0x1004837a      0x2  rtx_evr.o [1]
  .text                   ro code  0x1004837c      0x2  rtx_evr.o [1]
  .text                   ro code  0x1004837e      0x2  startup_bluenrg1.o [1]
  .text                   ro code  0x10048380     0x64  mbed_board.o [1]
  .text                   ro code  0x100483e4    0x234  mbed_retarget.o [1]
  .text                   ro code  0x10048618     0x3e  rtx_memory.o [1]
  .text                   ro code  0x10048656      0x2  rtx_evr.o [1]
  .text                   ro code  0x10048658      0x2  rtx_evr.o [1]
  .text                   ro code  0x1004865a      0x2  startup_bluenrg1.o [1]
  .text                   ro code  0x1004865c     0x4c  os_systick.o [1]
  .text                   ro code  0x100486a8      0x6  os_systick.o [1]
  .text                   ro code  0x100486ae      0x2  startup_bluenrg1.o [1]
  .text                   ro code  0x100486b0     0x30  os_systick.o [1]
  .text                   ro code  0x100486e0      0x2  rtx_evr.o [1]
  .text                   ro code  0x100486e2      0x2  rtx_evr.o [1]
  .text                   ro code  0x100486e4      0x2  rtx_evr.o [1]
  .text                   ro code  0x100486e6      0x2  rtx_evr.o [1]
  .text                   ro code  0x100486e8      0x2  rtx_evr.o [1]
  .text                   ro code  0x100486ea      0x2  rtx_evr.o [1]
  .text                   ro code  0x100486ec      0x2  rtx_evr.o [1]
  .text                   ro code  0x100486ee      0x2  rtx_evr.o [1]
  .text                   ro code  0x100486f0      0x2  rtx_evr.o [1]
  .text                   ro code  0x100486f2      0x2  rtx_evr.o [1]
  .text                   ro code  0x100486f4      0x2  rtx_evr.o [1]
  .text                   ro code  0x100486f6      0x2  rtx_evr.o [1]
  .text                   ro code  0x100486f8      0x2  rtx_evr.o [1]
  .text                   ro code  0x100486fa      0x2  startup_bluenrg1.o [1]
  .text                   ro code  0x100486fc     0xa4  cppinit.o [3]
  .text                   ro code  0x100487a0     0x6a  mbed_gpio.o [1]
  .text                   ro code  0x1004880a      0x2  startup_bluenrg1.o [1]
  .text                   ro code  0x1004880c    0x19c  BLE.o [1]
  .text                   ro code  0x100489a8     0x1a  main.o [1]
  .text                   ro code  0x100489c2      0x2  startup_bluenrg1.o [1]
  .text                   ro code  0x100489c4     0x8c  gpio_api.o [1]
  .text                   ro code  0x10048a50     0x20  main.o [1]
  .text                   ro code  0x10048a70     0x16  main.o [1]
  .text                   ro code  0x10048a86      0x2  startup_bluenrg1.o [1]
  .text                   ro code  0x10048a88    0x118  main.o [1]
  .text                   ro code  0x10048ba0     0x30  main.o [1]
  .text                   ro code  0x10048bd0     0x4c  main.o [1]
  .text                   ro code  0x10048c1c     0x1e  main.o [1]
  .text                   ro code  0x10048c3a      0x2  utest_shim.o [1]
  .text                   ro code  0x10048c3c     0x24  main.o [1]
  .text                   ro code  0x10048c60     0x30  utest_shim.o [1]
  .text                   ro code  0x10048c90     0x18  Ticker.o [1]
  .text                   ro code  0x10048ca8     0x74  mbed_critical.o [1]
  .text                   ro code  0x10048d1c      0x4  mbed_sleep_manager.o [1]
  .text                   ro code  0x10048d20     0xc8  Ticker.o [1]
  .text                   ro code  0x10048de8     0x40  mbed_critical.o [1]
  .text                   ro code  0x10048e28     0x12  SerialBase.o [1]
  i.hci_data_buffer_overflow_event_cb
                          ro code  0x10048e3a      0x2  aci_events.o [5]
  .text                   ro code  0x10048e3c     0x20  main.o [1]
  .text                   ro code  0x10048e5c     0x16  main.o [1]
  .text                   ro code  0x10048e74     0x24  main.o [1]
  .text                   ro code  0x10048e98     0x24  mbed_rtx_idle.o [1]
  .text                   ro code  0x10048ebc     0x1c  Thread.o [1]
  .text                   ro code  0x10048ed8      0x2  rtx_evr.o [1]
  .text                   ro code  0x10048eda      0x2  rtx_evr.o [1]
  .text                   ro code  0x10048edc      0x2  rtx_evr.o [1]
  .text                   ro code  0x10048ede      0x2  rtx_evr.o [1]
  .text                   ro code  0x10048ee0      0x2  rtx_evr.o [1]
  .text                   ro code  0x10048ee4     0x3c  vsnprint.o [3]
  .text                   ro code  0x10048f20     0xdc  serial_api.o [1]
  .text                   ro code  0x10048ffc     0x10  errno.o [3]
  .text                   ro code  0x1004900c     0x64  FilePath.o [1]
  .text                   ro code  0x10049070     0xf4  mbed_board.o [1]
  .text                   ro code  0x10049164      0x2  rtx_evr.o [1]
  .text                   ro code  0x10049168     0x24  BLE.o [1]
  .text                   ro code  0x1004918c     0xb0  BlueNRG1Device.o [1]
  .text                   ro code  0x1004923c     0x2a  cxxabiguard.o [4]
  .text                   ro code  0x10049268     0xca  BlueNRG1_gpio.o [1]
  .text                   ro code  0x10049334     0x18  BlueNRG1_sysCtrl.o [1]
  .text                   ro code  0x1004934c      0xc  pin_device.o [1]
  .text                   ro code  0x10049358     0x20  main.o [1]
  .text                   ro code  0x10049378     0x20  main.o [1]
  .text                   ro code  0x10049398     0x2e  main.o [1]
  .text                   ro code  0x100493c6     0x1a  main.o [1]
  .text                   ro code  0x100493e0     0xc6  main.o [1]
  .text                   ro code  0x100494a6     0x50  main.o [1]
  .text                   ro code  0x100494f8     0x72  TimerEvent.o [1]
  .text                   ro code  0x1004956c     0x54  mbed_assert.o [1]
  .text                   ro code  0x100495c0    0x3a8  mbed_ticker_api.o [1]
  .text                   ro code  0x10049968     0x4c  rtx_delay.o [1]
  .text                   ro code  0x100499b4   0x10de  xprintflarge.o [3]
  .text                   ro code  0x1004aa94    0x1c8  BlueNRG1_uart.o [1]
  .text                   ro code  0x1004ac5c      0x2  xtls.o [3]
  .text                   ro code  0x1004ac60     0x60  FileBase.o [1]
  .text                   ro code  0x1004acc0     0x52  mbed_wait_api_rtos.o [1]
  .text                   ro code  0x1004ad12     0x14  memset.o [3]
  .text                   ro code  0x1004ad26     0x68  cxxabi.o [4]
  .text                   ro code  0x1004ad8e     0x10  BLEInstanceBase.o [1]
  .text                   ro code  0x1004ada0    0xa3c  btle.o [1]
  .text                   ro code  0x1004b7dc     0x3c  btle.o [1]
  .text                   ro code  0x1004b818     0x3c  btle.o [1]
  .text                   ro code  0x1004b854      0xc  mbed_us_ticker_api.o [1]
  .text                   ro code  0x1004b860     0x22  I64Shl.o [7]
  .text                   ro code  0x1004b884     0x32  I64Mul.o [7]
  .text                   ro code  0x1004b8b6     0x6a  I64DivMod.o [7]
  .text                   ro code  0x1004b920      0x2  rtx_evr.o [1]
  .text                   ro code  0x1004b922     0x1c  xmbtowc.o [3]
  .text                   ro code  0x1004b93e     0x14  strchr.o [7]
  .text                   ro code  0x1004b952     0x10  strlen.o [7]
  .text                   ro code  0x1004b962     0x18  memchr.o [7]
  .text                   ro code  0x1004b97a      0xa  xmbcurmax.o [3]
  .text                   ro code  0x1004b984     0x18  xwctomb.o [3]
  .text                   ro code  0x1004b99c    0x184  DblMul.o [6]
  .text                   ro code  0x1004bb20     0x32  DblCmpLe.o [6]
  .text                   ro code  0x1004bb52     0xc2  DblDiv.o [6]
  .text                   ro code  0x1004bc14     0x52  DblToI32.o [6]
  .text                   ro code  0x1004bc68     0x20  I32ToDbl.o [6]
  .text                   ro code  0x1004bc88    0x1b4  DblAddSub.o [6]
  .text                   ro code  0x1004be3c     0x68  localeconv.o [3]
  .text                   ro code  0x1004bea4     0x20  div.o [3]
  .text                   ro code  0x1004bec4     0x50  SPI.o [1]
  .text                   ro code  0x1004bf14     0xd4  Mutex.o [1]
  .text                   ro code  0x1004bfe8     0x2c  strncmp.o [3]
  .text                   ro code  0x1004c014     0x24  printf.o [3]
  i.BlueNRG_Stack_Initialization
                          ro code  0x1004c038     0x30  bluenrg_main_func.o [5]
  i.aci_hal_set_tx_power_level
                          ro code  0x1004c068      0x8  bluenrg_hal_aci.o [5]
  i.aci_gatt_init         ro code  0x1004c070      0x8  bluenrg_gatt_aci.o [5]
  i.aci_gap_init          ro code  0x1004c078     0x30  bluenrg_gap_aci.o [5]
  i.aci_hal_read_config_data
                          ro code  0x1004c0a8      0x8  bluenrg_hal_aci.o [5]
  i.aci_gap_set_authentication_requirement
                          ro code  0x1004c0b0     0x7c  bluenrg_gap_aci.o [5]
  .text                   ro code  0x1004c12c     0x24  BlueNRG1_ble.o [1]
  .text                   ro code  0x1004c150    0xc04  BlueNRG1Gap.o [1]
  i.BTLE_StackTick        ro code  0x1004cd54     0x8c  bluenrg_main_func.o [5]
  .text                   ro code  0x1004cde0    0xc2c  BlueNRG1GattServer.o [1]
  .text                   ro code  0x1004da0c     0x3c  btle.o [1]
  .text                   ro code  0x1004da48    0x3e0  BlueNRG1GattClient.o [1]
  .text                   ro code  0x1004de28     0x3e  btle.o [1]
  i.aci_gatt_write_resp   ro code  0x1004de66     0x1c  bluenrg_gatt_aci.o [5]
  i.aci_l2cap_connection_parameter_update_resp
                          ro code  0x1004de82     0x2a  bluenrg_l2cap_aci.o [5]
  .text                   ro code  0x1004deac    0x100  BlueNRG1Device.o [1]
  .text                   ro code  0x1004dfac     0x74  btle.o [1]
  .text                   ro code  0x1004e020      0x2  I64DivZer.o [7]
  .text                   ro code  0x1004e024     0x14  setlocale.o [3]
  .text                   ro code  0x1004e038     0x50  xencoding_sb.o [3]
  i.BlueNRG_Stack_Initialize_RAM_check
                          ro code  0x1004e088     0x64  bluenrg_main_func.o [5]
  i._BlueNRG_Stack_Initialization
                          ro code  0x1004e0ec     0x94  bluenrg_main_func.o [5]
  i.HAL_Set_TX_Power_Level
                          ro code  0x1004e180     0x44  hal.o [5]
  i.Gatt_Server_Init      ro code  0x1004e1c4    0x190  gatt_server.o [5]
  i.GAP_Init              ro code  0x1004e354    0x1f8  gap.o [5]
  i.HAL_Read_ConfigData   ro code  0x1004e54c     0x74  hal.o [5]
  i.SM_Set_Authentication_req
                          ro code  0x1004e5c0     0x80  sm_common.o [5]
  .text                   ro code  0x1004e640     0xda  ble_utils.o [1]
  i.hci_le_set_scan_response_data
                          ro code  0x1004e71a     0x16  hci.o [5]
  i.hci_le_set_advertising_data
                          ro code  0x1004e730     0x16  hci.o [5]
  i.aci_gap_configure_whitelist
                          ro code  0x1004e746      0xe  bluenrg_gap_aci.o [5]
  i.hci_le_set_advertising_parameters
                          ro code  0x1004e754     0xc0  hci.o [5]
  i.hci_le_set_advertise_enable
                          ro code  0x1004e814     0x14  hci.o [5]
  .text                   ro code  0x1004e828     0x1e  I32ToFlt.o [6]
  .text                   ro code  0x1004e848     0x80  BlueNRG1Gap.o [1]
  i.aci_hal_write_config_data
                          ro code  0x1004e8c8      0x8  bluenrg_hal_aci.o [5]
  i.hci_le_set_random_address
                          ro code  0x1004e8d0     0x54  hci.o [5]
  i.aci_gatt_update_char_value
                          ro code  0x1004e924     0x14  bluenrg_gatt_aci.o [5]
  i.aci_gap_terminate_gap_proc
                          ro code  0x1004e938      0x8  bluenrg_gap_aci.o [5]
  i.aci_gap_create_connection
                          ro code  0x1004e940     0x5a  bluenrg_gap_aci.o [5]
  i.Timer_ProcessQ        ro code  0x1004e99c    0x144  host_timer.o [5]
  i.hci_acl_Process_Q     ro code  0x1004eae0     0x64  hci.o [5]
  i.Controller_Process_Q  ro code  0x1004eb44      0xc  hci.o [5]
  i.Events_Process_Q      ro code  0x1004eb50    0x120  aci_events.o [5]
  i.BlueNRG_Stack_Perform_Crystal_Check
                          ro code  0x1004ec70     0xb8  bluenrg_main_func.o [5]
  i.patch_advance_transmit
                          ro code  0x1004ed28     0x44  routines_support.o [5]
  i.GAP_Process_Q         ro code  0x1004ed6c     0x70  gap.o [5]
  i.Gatt_Process_Q        ro code  0x1004eddc    0x160  gatt_server.o [5]
  i.SMP_Process_Q         ro code  0x1004ef3c    0x114  securitymgr.o [5]
  i.aci_gatt_add_service  ro code  0x1004f050     0x36  bluenrg_gatt_aci.o [5]
  i.aci_gatt_add_char     ro code  0x1004f086     0x3e  bluenrg_gatt_aci.o [5]
  .text                   ro code  0x1004f0c4     0xae  BlueNRG1GattServer.o [1]
  i.aci_gatt_add_char_desc
                          ro code  0x1004f172     0x50  bluenrg_gatt_aci.o [5]
  .text                   ro code  0x1004f1c2     0x30  BlueNRG1GattServer.o [1]
  i.aci_gatt_set_desc_value
                          ro code  0x1004f1f2     0x1c  bluenrg_gatt_aci.o [5]
  i.aci_gatt_allow_read   ro code  0x1004f20e      0xc  bluenrg_gatt_aci.o [5]
  .text                   ro code  0x1004f21c     0x58  btle.o [1]
  .text                   ro code  0x1004f274     0x2a  BlueNRG1GattClient.o [1]
  .text                   ro code  0x1004f2a0     0xec  BlueNRG1GattClient.o [1]
  .text                   ro code  0x1004f38c     0x30  assert.o [3]
  .text                   ro code  0x1004f3bc    0xf74  BlueNRG1GattConnectionClient.o [1]
  i.Gatt_Appl_Auth_For_Write
                          ro code  0x10050330    0x1e8  gatt_server.o [5]
  i.L2C_Build_Connect_Update_Resp
                          ro code  0x10050518     0xae  l2cap.o [5]
  .text                   ro code  0x100505c6     0x18  btle.o [1]
  .text                   ro code  0x100505e0     0x60  GapScanningParams.o [1]
  .text                   ro code  0x10050640     0x20  btle.o [1]
  .text                   ro code  0x10050660     0x20  btle.o [1]
  .text                   ro code  0x10050680     0x10  BlueNRG1Device.o [1]
  .text                   ro code  0x10050690     0x2c  btle.o [1]
  .text                   ro code  0x100506bc     0x20  btle.o [1]
  .text                   ro code  0x100506dc     0x40  btle.o [1]
  i.Dynamic_allocator     ro code  0x1005071c    0x270  mem_alloc.o [5]
  i.Dynamic_allocator_noRet
                          ro code  0x1005098c      0x2  mem_alloc.o [5]
  i.BlueNRG_Stack_Initialize_RAM
                          ro code  0x10050990     0x2c  bluenrg_main_func.o [5]
  .text                   ro code  0x100509bc     0xf4  BlueNRG1_pka.o [1]
  i.BlueNRG_Stack_Initialize_ConfigData
                          ro code  0x10050ab0     0x48  bluenrg_main_func.o [5]
  i.BlueNRG_Stack_Initialize_Layers
                          ro code  0x10050af8     0x8c  bluenrg_main_func.o [5]
  i.PRIVWHIT_vInit_Struct
                          ro code  0x10050b84     0x78  ll_privacy.o [5]
  i.acl_list_init         ro code  0x10050bfc     0x12  acl_list.o [5]
  i.List_Circular_Insert_Tail
                          ro code  0x10050c0e      0xe  rom_list.o [5]
  i.GATT_Server_Set_Flag  ro code  0x10050c1c     0x14  gatt_server.o [5]
  i.Gatt_Add_Service      ro code  0x10050c30    0x150  gatt_server.o [5]
  i.Gatt_Add_Characteristic
                          ro code  0x10050d80    0x330  gatt_server.o [5]
  i.Gatt_Update_Charac_Value
                          ro code  0x100510b0     0x64  gatt_server.o [5]
  i.IDD_Initialize_Device_IDs
                          ro code  0x10051114    0x12c  device_id_data.o [5]
  i.Get_StaticRandAddr    ro code  0x10051240     0x14  rom_gap_rom.o [5]
  i.LL_LE_Set_Resolvable_Private_Address_Timeout
                          ro code  0x10051254     0x1c  ll_privacy.o [5]
  i.hci_le_set_event_mask
                          ro code  0x10051270     0x24  hci.o [5]
  i.LL_SetAddressResolutionEnable
                          ro code  0x10051294      0x8  routines_support.o [5]
  i.LL_Set_Scan_Resp_Data
                          ro code  0x1005129c     0x60  rom_ll_ll_routines.o [5]
  i.LL_Set_Adv_Data       ro code  0x100512fc     0x74  rom_ll_ll_routines.o [5]
  i.SM_Configure_WhiteList
                          ro code  0x10051370     0x90  rom_sdb.o [5]
  i.Get_Random_Addr       ro code  0x10051400     0x18  hci.o [5]
  i.Is_Address_Initialized
                          ro code  0x10051418     0x16  rom_ll_ll_routines.o [5]
  i.LL_Set_Adv_Params     ro code  0x10051430    0x2ec  rom_ll_ll_routines.o [5]
  i.LL_Enable_Disable_Adv
                          ro code  0x1005171c    0x1cc  rom_ll_ll_routines.o [5]
  .text                   ro code  0x100518e8     0xb0  FltMul.o [6]
  .text                   ro code  0x10051998     0x3c  FltToU64.o [6]
  i.HAL_Write_ConfigData  ro code  0x100519d4     0x68  hal.o [5]
  i.get_scan_connection   ro code  0x10051a3c     0x48  multi_master_time.o [5]
  i.get_advertiser        ro code  0x10051a84     0x48  multi_master_time.o [5]
  i.GAP_Terminate_Gap_Procedure
                          ro code  0x10051acc     0x8c  gap.o [5]
  i.hci_load_connParams   ro code  0x10051b58     0x64  hci.o [5]
  i.GAP_Create_Connection
                          ro code  0x10051bbc     0x64  gap.o [5]
  i.TimerCallback         ro code  0x10051c20     0x7c  host_timer.o [5]
  i.List_Circular_Remove_Node
                          ro code  0x10051c9c     0x20  rom_list.o [5]
  i.acl_list_is_empty     ro code  0x10051cbc     0x10  acl_list.o [5]
  i.Acl_Transmit_Data     ro code  0x10051ccc     0x48  acl.o [5]
  i.acl_list_remove       ro code  0x10051d14     0x20  acl_list.o [5]
  i.PRIV_u8OfflineProcessing
                          ro code  0x10051d34    0x1f8  ll_privacy.o [5]
  i.PKA_Offline_Processing
                          ro code  0x10051f2c     0xbc  hci.o [5]
  i.hci_hardware_error_event
                          ro code  0x10051fe8      0x2  aci_events.o [5]
  i.hal_radio_activity_state_callback_check
                          ro code  0x10051fec     0x34  hal.o [5]
  i.BlueNRG_Start_Crystal_Measurement
                          ro code  0x10052020     0x1c  bluenrg_main_func.o [5]
  i.set_freq              ro code  0x1005203c     0x7c  rom_ll_timehandling.o [5]
  i.advance_transmit      ro code  0x100520b8     0xb8  rom_ll_routines_support.o [5]
  i.Timer_StopOneShot     ro code  0x10052170     0x54  host_timer.o [5]
  i.aci_gap_limited_discoverable_event_push
                          ro code  0x100521c4     0x40  gap.o [5]
  i.Gatt_Read_Charac_By_Uuid
                          ro code  0x10052204     0x88  gatt_client.o [5]
  i.Gatt_Reset_To_Closed_State
                          ro code  0x1005228c     0xc0  gatt_server.o [5]
  i.SMP_Forget_Device_by_ConnHandle
                          ro code  0x1005234c     0x1c  sm_common.o [5]
  i.SMP_Check_Is_Device_Bonded
                          ro code  0x10052368     0x48  sm_common.o [5]
  i.Check_For_Service_Change
                          ro code  0x100523b0    0x30c  gatt_server.o [5]
  i.GATT_Clear_Flag       ro code  0x100526bc      0x8  rom_att.o [5]
  i.Process_Peer_Server_Data
                          ro code  0x100526c4    0x210  gatt_server.o [5]
  i.Process_Peer_Client_Data
                          ro code  0x100528d4    0x228  gatt_server.o [5]
  i.acl_list_remove_head  ro code  0x10052afc     0x20  acl_list.o [5]
  i.L2C_Send_Data         ro code  0x10052b1c     0x2c  l2cap.o [5]
  i.acl_list_insert_tail  ro code  0x10052b48     0x20  acl_list.o [5]
  i.hci_le_read_local_p256_public_key
                          ro code  0x10052b68     0x5c  hci.o [5]
  i.sm_Get_Long_Term_Key  ro code  0x10052bc4     0x90  securitymgr.o [5]
  i.LL_Get_LTK            ro code  0x10052c54     0xd4  ll_routines_support.o [5]
  i.smp_Execute_Actions_wrt_Current_State
                          ro code  0x10052d28    0x26c  securitymgr.o [5]
  i.SM_Get_Remote_Device_Info
                          ro code  0x10052f94     0x48  sm_common.o [5]
  i.smp_Process_Rx_Packet_wrt_Current_State
                          ro code  0x10052fdc    0x178  securitymgr.o [5]
  i.smp____Pairing_Process_Abort
                          ro code  0x10053154     0xbc  securitymgr.o [5]
  i.smp_Process_Rx_Packet_Exception_Cases
                          ro code  0x10053210     0xb4  securitymgr.o [5]
  i.acl_list_insert_head  ro code  0x100532c4     0x20  acl_list.o [5]
  i.PM_Release_Pckt       ro code  0x100532e4     0x5c  pm.o [5]
  i._load_uuid            ro code  0x10053340     0x26  bluenrg_gatt_aci.o [5]
  .text                   ro code  0x10053368    0x110  BlueNRG1GattServer.o [1]
  i.Gatt_Add_Charac_Desc  ro code  0x10053478    0x15c  gatt_server.o [5]
  i.Gatt_Set_Desc_Value   ro code  0x100535d4    0x104  gatt_server.o [5]
  i.Gatt_Appl_Auth_For_Read
                          ro code  0x100536d8     0xfc  gatt_server.o [5]
  .text                   ro code  0x100537d4     0x20  GenericGattClient.o [1]
  .text                   ro code  0x100537f4     0x20  BlueNRG1GattClient.o [1]
  .text                   ro code  0x10053814     0x20  GenericGattClient.o [1]
  .text                   ro code  0x10053834     0x20  BlueNRG1GattClient.o [1]
  .text                   ro code  0x10053854     0x20  BlueNRG1GattClient.o [1]
  .text                   ro code  0x10053874     0x22  BlueNRG1GattConnectionClient.o [1]
  .text                   ro code  0x10053896     0x14  GenericGattClient.o [1]
  .text                   ro code  0x100538aa     0x96  BlueNRG1DiscoveredCharacteristic.o [1]
  .text                   ro code  0x10053940     0x38  BlueNRG1GattConnectionClient.o [1]
  .text                   ro code  0x10053978     0x1c  BlueNRG1GattConnectionClient.o [1]
  .text                   ro code  0x10053994     0x1c  BlueNRG1GattConnectionClient.o [1]
  .text                   ro code  0x100539b0     0x36  GenericGattClient.o [1]
  i.aci_gatt_disc_all_char_of_service
                          ro code  0x100539e6      0x8  bluenrg_gatt_aci.o [5]
  i.aci_gatt_disc_char_by_uuid
                          ro code  0x100539ee     0x28  bluenrg_gatt_aci.o [5]
  i.Find_Gatt_Client      ro code  0x10053a18     0x40  gatt_client.o [5]
  i.acl_list_get_pckt_count
                          ro code  0x10053a58      0x4  acl_list.o [5]
  i.PM_Pckt_Cmp           ro code  0x10053a5c     0x6a  pm.o [5]
  i.L2CAP_Get_PDU_Len     ro code  0x10053ac6      0xe  l2cap.o [5]
  i.PM_Get_Pckt           ro code  0x10053ad4     0x80  pm.o [5]
  i.Send_Error_Resp       ro code  0x10053b54     0x30  rom_att.o [5]
  i.GATT_Set_Flag         ro code  0x10053b84      0x8  rom_att.o [5]
  i.PM_Set_ConnHandle     ro code  0x10053b8c      0xc  pm.o [5]
  i.Prepare_Write_Resp    ro code  0x10053b98    0x194  att.o [5]
  i.Write_Resp            ro code  0x10053d2c    0x14a  att.o [5]
  i.Write_Cmd             ro code  0x10053e76    0x132  att.o [5]
  i.Find_L2cap_signalling_connection
                          ro code  0x10053fa8     0x38  l2cap.o [5]
  i.LL_Start_Connection_Update
                          ro code  0x10053fe0    0x140  ll_routines_master.o [5]
  i.PM_Set_Att_Pdu_Length
                          ro code  0x10054120     0x50  pm.o [5]
  .text                   ro code  0x10054170      0x8  btle.o [1]
  i.Mem_assign            ro code  0x10054178     0x16  mem_alloc.o [5]
  i.mem_alloc_ctx_init    ro code  0x10054190     0xa8  mem_alloc.o [5]
  i.hal_get_hw_version    ro code  0x10054238     0x20  hal.o [5]
  i.Timer_Init            ro code  0x10054258     0x34  host_timer.o [5]
  i.LL_Init               ro code  0x1005428c    0x180  rom_ll_ll_routines.o [5]
  i.PM_Init               ro code  0x1005440c     0x70  pm.o [5]
  i.Acl_Init              ro code  0x1005447c     0x34  acl.o [5]
  i.L2C_Init              ro code  0x100544b0     0x44  l2cap.o [5]
  i.SMP_Init              ro code  0x100544f4     0x70  sm_common.o [5]
  i.GAP_Init_Context      ro code  0x10054564     0x14  gap.o [5]
  i.HCI_Init              ro code  0x10054578     0x54  hci.o [5]
  i.HAL_Init              ro code  0x100545cc     0x18  hal.o [5]
  i.Events_Process_init   ro code  0x100545e4     0x50  aci_events.o [5]
  i.HAL_VTimerGetCurrentTime_sysT32
                          ro code  0x10054634     0x12  host_timer.o [5]
  i.Gatt_Server_Db_Check  ro code  0x10054648     0x4c  gatt_server.o [5]
  i.List_Circular_Get_Size
                          ro code  0x10054694     0x12  rom_list.o [5]
  i.Ind_Service_Change_Charac
                          ro code  0x100546a8     0x44  gatt_server.o [5]
  i.Search_Service_Handle
                          ro code  0x100546ec     0x28  gatt_server.o [5]
  i.Get_GAP_Handle        ro code  0x10054714     0x10  rom_gap_rom.o [5]
  i.GAP_Notify_Add_Charac
                          ro code  0x10054724     0x98  rom_gap_rom.o [5]
  i.Check_Encry_Key_Size  ro code  0x100547bc     0x18  rom_gatt_server.o [5]
  i.Search_Handle         ro code  0x100547d4     0x1e  rom_gatt_server.o [5]
  i.Gatt_Update_Charac_Value_Ext
                          ro code  0x100547f4    0x308  gatt_server.o [5]
  i.HAL_Generate_Random_Bytes_To
                          ro code  0x10054afc     0x20  hal.o [5]
  i.HAL_Flash_Store_Data  ro code  0x10054b1c     0x50  hal.o [5]
  .text                   ro code  0x10054b6c     0x3c  BlueNRG1_flash.o [1]
  i.is_Buffer_All_Set_To  ro code  0x10054ba8     0x1e  utils.o [5]
  i.LL_LE_Set_Address_Resolution_Enable
                          ro code  0x10054bc8     0x24  ll_privacy.o [5]
  i.SDB_Get_SecurityDb_Start_Addr
                          ro code  0x10054bec     0x14  sdb.o [5]
  i.Get_Max_SecDb_Size    ro code  0x10054c00      0x4  sdb.o [5]
  i.Get_SecRec_Len_In_Words
                          ro code  0x10054c04      0xc  rom_sdb.o [5]
  i.LL_LE_Clear_White_List
                          ro code  0x10054c10     0x20  ll_privacy.o [5]
  i.Read_RecordValidity   ro code  0x10054c30     0x10  rom_sdb.o [5]
  i.Read_SDBRecord        ro code  0x10054c40     0x2c  rom_sdb.o [5]
  i.LL_LE_Add_Device_To_White_List
                          ro code  0x10054c6c     0x78  ll_privacy.o [5]
  i.LL_Check_And_Set_Addresses
                          ro code  0x10054ce4    0x1c4  rom_ll_ll_routines.o [5]
  i.get_next_free_slot    ro code  0x10054ea8     0x34  multi_master_time.o [5]
  i.LL_Set_Advertising_Buffers
                          ro code  0x10054edc     0x88  rom_ll_ll_routines.o [5]
  i.schedule_advertise_slot
                          ro code  0x10054f64     0x94  multi_master_time.o [5]
  i.SMP_Force_SC_Debug_Key_Usage
                          ro code  0x10054ff8     0x20  smp_scv42_isap.o [5]
  i.LL_Enable_Disable_Scan
                          ro code  0x10055018    0x260  ll_routines_master.o [5]
  i.LL_Create_Connection_Cancel
                          ro code  0x10055278     0x38  ll_routines_master.o [5]
  i.aci_gap_proc_complete_event_push
                          ro code  0x100552b0     0x64  gap.o [5]
  i.GAP_Privacy1v2        ro code  0x10055314    0x1c8  rom_gap.o [5]
  i.LL_Create_Connection  ro code  0x100554dc    0x254  ll_routines_master.o [5]
  i.__ARM_common_switch8  ro code  0x10055730     0x1a  host_timer.o [5]
  i.GAP_LimDiscTimeoutcb  ro code  0x1005574c     0x2c  gap.o [5]
  i.GAP_PrivateAddrTimercb
                          ro code  0x10055778     0x44  rom_gap.o [5]
  i.GATT_TimeOut_Handler  ro code  0x100557bc     0x1a  gatt_server.o [5]
  i.L2C_SigChan_Req_TimeOut_Handler
                          ro code  0x100557d8     0x4c  l2cap.o [5]
  i.SMP_Timer_cb          ro code  0x10055824     0x50  sm_common.o [5]
  i.SMP_Repeated_Attacks_Timer_cb
                          ro code  0x10055874     0x78  sm_common.o [5]
  i.GAP_DiscProcTimeoutcb
                          ro code  0x100558ec     0x48  gap.o [5]
  i.HAL_VTimerTimeoutCallback
                          ro code  0x10055934      0x2  host_timer.o [5]
  i.List_Circular_Node_Present
                          ro code  0x10055936     0x16  rom_list.o [5]
  i.Acl_Transmit_Packet   ro code  0x1005594c     0x16  acl.o [5]
  i.PM_Get_Fragments_Count
                          ro code  0x10055962     0x12  pm.o [5]
  i.PKA_Get_Current_Operation
                          ro code  0x10055974     0x14  pka.o [5]
  i.hci_le_read_local_p256_public_key_complete_event_push
                          ro code  0x10055988     0x58  hci.o [5]
  i.hci_le_generate_dhkey_complete_event_push
                          ro code  0x100559e0     0x54  hci.o [5]
  i.hal_read_radio_activity_state
                          ro code  0x10055a34     0x40  hal.o [5]
  i.aci_hal_end_of_radio_activity_event
                          ro code  0x10055a74      0x2  hal.o [5]
  i.Check_Flags           ro code  0x10055a76     0x38  gatt_client.o [5]
  i.Att_Send_Read_By_Typ_Req_Pdu
                          ro code  0x10055aae     0x7c  rom_att.o [5]
  i.Gatt_Flush_Pending_AclPacket_Lists
                          ro code  0x10055b2c     0x74  gatt_server.o [5]
  i.Gatt_Find_Timed_Out_Connection_Index
                          ro code  0x10055ba0     0x38  gatt_server.o [5]
  i.Gatt_Store_Server_Database_And_Reset_CCCD
                          ro code  0x10055bd8    0x150  gatt_server.o [5]
  i.SDB_Find_Record       ro code  0x10055d28     0xcc  sdb.o [5]
  i.SDB_Read_Peer_Bonded_Data
                          ro code  0x10055df4     0x22  sdb.o [5]
  i.Fetch_Handle          ro code  0x10055e16     0x3c  rom_gatt_server.o [5]
  i.Find_Attr_Index       ro code  0x10055e54     0x50  gatt_server.o [5]
  i.Stop_Gatt_Timer       ro code  0x10055ea4     0x1c  rom_gatt_server.o [5]
  i.Start_Gatt_Timer      ro code  0x10055ec0     0x24  rom_gatt_server.o [5]
  i.PM_Copy_Pckt_Data     ro code  0x10055ee4     0x14  pm.o [5]
  i.Exchg_Mtu_Resp        ro code  0x10055ef8     0xb4  rom_att.o [5]
  i.Find_Info_Resp        ro code  0x10055fac    0x206  rom_att.o [5]
  i.Find_By_Type_Val_Resp
                          ro code  0x100561b4    0x2a0  att.o [5]
  i.Read_By_Type_Resp     ro code  0x10056454    0x344  att.o [5]
  i.Read_Resp             ro code  0x10056798    0x146  att.o [5]
  i.Read_Blob_Resp        ro code  0x100568de    0x160  att.o [5]
  i.Read_Multi_Resp       ro code  0x10056a40    0x1a4  att.o [5]
  i.Read_By_Grp_Type_Resp
                          ro code  0x10056be4    0x360  att.o [5]
  i.Exec_Write_Resp       ro code  0x10056f44    0x258  att.o [5]
  i.List_Circular_Remove_Head
                          ro code  0x1005719c     0x1a  rom_list.o [5]
  i.PKA_Generate_ECDH_Public_Key
                          ro code  0x100571b8     0xc4  pka.o [5]
  i.SMA_GenEDIV_RecovDIV  ro code  0x1005727c     0x7c  ssm_algo.o [5]
  i.SDB_Find_Matching_LTK
                          ro code  0x100572f8     0xa8  rom_sdb.o [5]
  i.SMA_Diversify         ro code  0x100573a0     0x2e  ssm_algo.o [5]
  i.get_connection_no     ro code  0x100573d0     0x84  multi_master_time.o [5]
  i.smp____MI_PairingConfirm_Receive
                          ro code  0x10057454     0x56  securitymgr.o [5]
  i.GapIsPrivacySupported
                          ro code  0x100574ac     0x14  rom_gap.o [5]
  i.SDB_Get_Number_Of_Records
                          ro code  0x100574c0     0x44  rom_sdb.o [5]
  i.SDB_Get_Data_From_Record
                          ro code  0x10057504     0xde  sdb.o [5]
  i.smp____SC_submit_ECC_PK_generation_request
                          ro code  0x100575e4     0x1c  smp_scv42_isap.o [5]
  i.smp____SC_PairingPublicKey_Send
                          ro code  0x10057600     0x68  smp_scv42_isap.o [5]
  i.smp____MI_PairingConfirm_Send
                          ro code  0x10057668     0x98  securitymgr.o [5]
  i.smp____SC_Pairing_OOB_Confirm_Receive_and_Verify
                          ro code  0x10057700     0x90  smp_scv42_isap.o [5]
  i.smp____SR_PairingConfirm_Receive
                          ro code  0x10057790     0xb0  securitymgr.o [5]
  i.smp____SC_Phase_2AS2_Start
                          ro code  0x10057840     0xb4  smp_scv42_isap.o [5]
  i.smp____PairingFailed_Send
                          ro code  0x100578f4     0x30  securitymgr.o [5]
  i.smp_Keys_Distribution_Start
                          ro code  0x10057924     0x36  sm_common.o [5]
  i.smp_Keys_Distribution_Send
                          ro code  0x1005795c    0x12c  securitymgr.o [5]
  i.smp_Pairing_Completed
                          ro code  0x10057a88     0xa8  sm_common.o [5]
  i.smp_Find_Remote_Device_Index
                          ro code  0x10057b30     0x40  sm_common.o [5]
  i.smp_Reset_Timer       ro code  0x10057b70     0x20  securitymgr.o [5]
  i.smp____SR_PairingRequest_Receive
                          ro code  0x10057b90    0x194  securitymgr.o [5]
  i.smp____MI_SecurityRequest_Receive
                          ro code  0x10057d24     0x64  securitymgr.o [5]
  i.smp____SC_PairingPublicKey_Receive
                          ro code  0x10057d88     0x70  smp_scv42_isap.o [5]
  i.smp____SR_PairingRandom_Receive
                          ro code  0x10057df8    0x1a4  securitymgr.o [5]
  i.smp_Receive_Keys      ro code  0x10057f9c     0xd2  sm_common.o [5]
  i.smp____MI_PairingResponse_Receive
                          ro code  0x10058070     0x84  securitymgr.o [5]
  i.smp____MI_PairingRandom_Receive
                          ro code  0x100580f4    0x1ac  securitymgr.o [5]
  i.smp____SC_Phase_2AS2_DHKeyCheck_Receive
                          ro code  0x100582a0     0x80  smp_scv42_isap.o [5]
  i.sm_RepeatedAttacks_Protection
                          ro code  0x10058320    0x118  securitymgr.o [5]
  i.List_Circular_Insert_Head
                          ro code  0x10058438      0xe  rom_list.o [5]
  .text                   ro code  0x10058448     0x20  BlueNRG1GattServer.o [1]
  .text                   ro code  0x10058468     0x38  btle.o [1]
  .text                   ro code  0x100584a0     0x38  btle.o [1]
  i.Gatt_Add_Descriptor   ro code  0x100584d8    0x150  gatt_server.o [5]
  .text                   ro code  0x10058628     0x26  ABImemmove.o [7]
  i.Gatt_Disc_All_Charac_Of_Serv
                          ro code  0x10058650     0x74  gatt_client.o [5]
  i.Gatt_Disc_Charac_By_Uuid
                          ro code  0x100586c4     0xbc  gatt_client.o [5]
  i.Acl_Get_Pack_Off      ro code  0x10058780     0x18  pm.o [5]
  i.Gatt_Find_Srv_Owner_Of_Handle
                          ro code  0x10058798     0x44  gatt_server.o [5]
  i.ValidLinkPermRequest  ro code  0x100587dc     0x50  att.o [5]
  i.acl_list_full_on_packt
                          ro code  0x1005882c     0x26  acl_list.o [5]
  i.PM_Extend_Pckt_Pdu_Size
                          ro code  0x10058852     0x36  pm.o [5]
  i.PM_Clone_Pckt         ro code  0x10058888     0x2a  pm.o [5]
  i.aci_gatt_write_permit_req_event_push
                          ro code  0x100588b2     0x56  att.o [5]
  i.aci_gatt_attribute_modified_event_push
                          ro code  0x10058908     0x68  att.o [5]
  i.SM_Validate_Signed_Packet
                          ro code  0x10058970     0x7c  ssm_algo.o [5]
  i.CheckSecForSignedWrite
                          ro code  0x100589ec     0x2c  att.o [5]
  i.reschedule_wakeup_slot
                          ro code  0x10058a18     0xa0  multi_master_time.o [5]
  .text                   ro code  0x10058ab8      0xc  btle.o [1]
  i.LL_Rcv_ACL_Data       ro code  0x10058ac4     0x30  rom_ll_ll_routines.o [5]
  i.Blue_Init_Global      ro code  0x10058af4     0x8c  routines_support.o [5]
  i.nsar_init             ro code  0x10058b80     0x18  multi_master_time.o [5]
  i.PM_Eng_Config         ro code  0x10058b98     0x18  pm.o [5]
  i.smp____SC_initialize  ro code  0x10058bb0     0x58  smp_scv42_isap.o [5]
  i.hal_radio_activity_state_init
                          ro code  0x10058c08     0x1c  hal.o [5]
  i.fifoCtrl_init         ro code  0x10058c24      0xa  aci_events.o [5]
  i.Timer_sysTime32_convMachineTime
                          ro code  0x10058c30     0x20  host_timer.o [5]
  i.PM_Get_Available_Fragments
                          ro code  0x10058c50     0x38  pm.o [5]
  i.Check_Serv_Chng_Charac_Ind_Not
                          ro code  0x10058c88     0x80  rom_gatt_server.o [5]
  i.GATT_Num_Charac_Present
                          ro code  0x10058d08     0x3a  rom_gatt_server.o [5]
  i.Build_Notif_Or_Ind    ro code  0x10058d42     0x46  gatt_server.o [5]
  i.Send_Notif_Or_Ind     ro code  0x10058d88     0x7c  gatt_server.o [5]
  i.Get_SecRecord_Size    ro code  0x10058e04      0x4  sdb.o [5]
  i.STORE_LE_32           ro code  0x10058e08     0x10  utils.o [5]
  i.PRIV_vGeneratePrivateAddress
                          ro code  0x10058e18     0x62  ll_privacy.o [5]
  i.LL_Set_DirectAddress  ro code  0x10058e7c     0x64  rom_ll_ll_routines.o [5]
  i.LL_Set_OwnAddress     ro code  0x10058ee0     0x3c  rom_ll_ll_routines.o [5]
  i.LL_Get_Address        ro code  0x10058f1c     0x30  rom_ll_ll_routines.o [5]
  i.adapt_slot            ro code  0x10058f4c    0x258  multi_master_time.o [5]
  i.start_timebase        ro code  0x100591a4     0xa0  multi_master_time.o [5]
  i.smp____SC_is_any_other_SC_Pairing_Ongoing
                          ro code  0x10059244     0x38  smp_scv42_isap.o [5]
  i.request_scan_slot     ro code  0x1005927c     0x88  multi_master_time.o [5]
  i.LL_Cancel_Connection_Req
                          ro code  0x10059304     0x30  rom_ll_ll_routines_master.o [5]
  i.LL_Allow_Address_Setting
                          ro code  0x10059334     0x42  rom_ll_ll_routines.o [5]
  i.LL_Get_AdvAddress     ro code  0x10059378     0x40  rom_ll_ll_routines.o [5]
  i.LL_Get_ScanAddress    ro code  0x100593b8     0x40  rom_ll_ll_routines.o [5]
  i.Generate_Non_Resolvable_Private_Address
                          ro code  0x100593f8     0x88  rom_gap.o [5]
  i.SM_Generate_Resolvable_Private_Address
                          ro code  0x10059480     0x4e  ssm_algo.o [5]
  i.Timer_StartOneShot    ro code  0x100594ce     0x22  host_timer.o [5]
  i.request_connect_slot  ro code  0x100594f0     0x74  multi_master_time.o [5]
  i.check_access_address_patched
                          ro code  0x10059564     0xc8  ll_routines_master.o [5]
  i.Find_Timed_Out_Connection
                          ro code  0x1005962c     0x38  gatt_server.o [5]
  i.aci_gap_pairing_complete_event_push
                          ro code  0x10059664     0x4c  sm_common.o [5]
  i.LL_Send_ACL_Data      ro code  0x100596b0     0x54  rom_ll_ll_routines.o [5]
  i.slave_advance         ro code  0x10059704     0xfc  routines_support.o [5]
  i.PM_Write_Pckt_Data    ro code  0x10059800     0x14  pm.o [5]
  i.store_data            ro code  0x10059814     0x1c  gatt_server.o [5]
  i.Flash_Write_Client_Data
                          ro code  0x10059830     0xc8  sdb.o [5]
  i.SM_Resolve_Private_Address
                          ro code  0x100598f8     0x22  ssm_algo.o [5]
  i.SDB_Find_Record_By_ConnHandle
                          ro code  0x1005991a     0x26  sdb.o [5]
  i.Find_Client_Data      ro code  0x10059940     0xcc  rom_sdb.o [5]
  i.Acl_Copy_Data         ro code  0x10059a0c     0x82  pm.o [5]
  i.STORE_LE_16           ro code  0x10059a8e      0x8  utils.o [5]
  i.Accu_UuidTypes_Requiring_Auth
                          ro code  0x10059a96     0xe8  rom_att.o [5]
  i.aci_gatt_read_multi_permit_req_event_push
                          ro code  0x10059b7e     0x50  att.o [5]
  i.aci_gatt_read_permit_req_event_push
                          ro code  0x10059bce     0x38  att.o [5]
  i.Accu_Handles_Requiring_Auth
                          ro code  0x10059c06     0x6e  rom_att.o [5]
  i.Gatt_Find_Srv_From_Handle
                          ro code  0x10059c74     0x28  gatt_server.o [5]
  i.smp_Send_Data         ro code  0x10059c9c     0x2c  securitymgr.o [5]
  i.smp____SC_is_Debug_Key_Usage_Forced
                          ro code  0x10059cc8     0x14  smp_scv42_isap.o [5]
  i.SMA_SC_Gen_f4_Confirm
                          ro code  0x10059cdc     0x50  ssm_algo.o [5]
  i.smp_LP_MI_Compute_c1_Confirm_Value
                          ro code  0x10059d2c    0x15c  securitymgr.o [5]
  i.smp_OOB_Check_Is_Remote_Data_Present
                          ro code  0x10059e88     0x3c  sm_common.o [5]
  i.smp_OOB_Get_Remote_Data_Reference
                          ro code  0x10059ec4     0x4c  sm_common.o [5]
  i.smp_SR_Compute_c1_Confirm_Value
                          ro code  0x10059f10    0x170  securitymgr.o [5]
  i.smp____SC_Phase_2AS2__Set_Addresses
                          ro code  0x1005a080     0x32  smp_scv42_isap.o [5]
  i.SMA_SC_Gen_f5_Keys    ro code  0x1005a0b4     0xe0  ssm_algo.o [5]
  i.smp____SC_Phase_2AS2_Generate_DHKeyCheck
                          ro code  0x1005a194    0x130  smp_scv42_isap.o [5]
  i.smp____SC_Phase_2AS2_DHKeyCheck_Send
                          ro code  0x1005a2c4     0x5c  smp_scv42_isap.o [5]
  i.smp____Pairing_2Octets_Packet_Send
                          ro code  0x1005a320     0x48  sm_common.o [5]
  i.SMA_Generate_IRK      ro code  0x1005a368     0x28  ssm_algo.o [5]
  i.smp_Get_Local_Identity_Address
                          ro code  0x1005a390     0x40  sm_common.o [5]
  i.SMA_Generate_CSRK     ro code  0x1005a3d0     0x28  ssm_algo.o [5]
  i.smp_Add_To_Database   ro code  0x1005a3f8    0x14c  sm_common.o [5]
  i.smp_OOB_Clear_Remote_Data_Entry_by_Index
                          ro code  0x1005a544     0x20  sm_common.o [5]
  i.aci_gap_authorization_req_event_push
                          ro code  0x1005a564     0x44  sm_common.o [5]
  i.smp_Check_Incoming_Pairing_Parameters
                          ro code  0x1005a5a8     0x38  securitymgr.o [5]
  i.smp_Build_AuthReq_Field
                          ro code  0x1005a5e0     0x1a  securitymgr.o [5]
  i.smp____SC_Continue_If_Exclusive_SC_Pairing
                          ro code  0x1005a5fc     0x3c  smp_scv42_isap.o [5]
  i.smp_Get_Pairing_Parameters_From_Peer_Packet
                          ro code  0x1005a638     0x88  securitymgr.o [5]
  i.smp_Set_Key_Association_Method
                          ro code  0x1005a6c0     0x68  securitymgr.o [5]
  i.smp_Build_Pairing_ReqResp_Packet
                          ro code  0x1005a728     0x54  securitymgr.o [5]
  i.SMP_MI_PairingRequest_Send
                          ro code  0x1005a77c    0x130  securitymgr.o [5]
  i.smp____SC_Verify_Peer_PK_and_Generate_DHKey
                          ro code  0x1005a8ac     0x44  smp_scv42_isap.o [5]
  i.SMA_SC_Gen_g2_NumComp_Val
                          ro code  0x1005a8f0     0x58  ssm_algo.o [5]
  i.aci_gap_numeric_comparison_value_event_push
                          ro code  0x1005a948     0x48  securitymgr.o [5]
  i.SMA_LP_s1_Generate_STK
                          ro code  0x1005a990     0x28  ssm_algo.o [5]
  i.LL_Start_Encryption   ro code  0x1005a9b8     0xec  rom_ll_ll_routines_master.o [5]
  .text                   ro code  0x1005aaa4     0x6e  BlueNRG1Device.o [1]
  .text                   ro code  0x1005ab14     0x28  BlueNRG1GattServer.o [1]
  .text                   ro code  0x1005ab3c      0x8  xthrow_no_throw.o [4]
  i.Check_Permission      ro code  0x1005ab44     0x9c  rom_att.o [5]
  i.Acl_Clone_Fragment    ro code  0x1005abe0     0x20  pm.o [5]
  i.LE_TO_NRG_32          ro code  0x1005ac00     0x14  utils.o [5]
  i.SM_CMAC_Generate_Tag  ro code  0x1005ac14     0xc4  ssm_algo.o [5]
  i.Blue_Set_Radio_Config_Data
                          ro code  0x1005acd8     0x24  rom_ll_routines_support.o [5]
  i.Select_Next_Notification_Client
                          ro code  0x1005acfc     0x54  gatt_server.o [5]
  i.nsar_updateSlotListEntry
                          ro code  0x1005ad50     0x6c  multi_master_time.o [5]
  i.nsar_insertSlotListEntry
                          ro code  0x1005adbc     0x1c  multi_master_time.o [5]
  i.nsar_searchBestFreeSlot
                          ro code  0x1005add8     0xac  multi_master_time.o [5]
  i.sm_Calculate_Hash     ro code  0x1005ae84     0x38  ssm_algo.o [5]
  i.HAL_VTimerAcc_sysT32_ms
                          ro code  0x1005aebc     0x24  host_timer.o [5]
  i.Timer_StartOneShot_sysTime32
                          ro code  0x1005aee0     0x70  host_timer.o [5]
  i.Write_Client_Data     ro code  0x1005af50    0x1b8  sdb.o [5]
  i.SDB_Delete            ro code  0x1005b108    0x170  sdb.o [5]
  i.SDB_Get_GattDb_Start_Addr
                          ro code  0x1005b278     0x18  sdb.o [5]
  i.copy_swap_buffer      ro code  0x1005b290     0x22  utils.o [5]
  i.AES_CMAC_Encrypt      ro code  0x1005b2b2     0x3a  aes128cmac.o [5]
  i.SMA_SC_Gen_f6_Check_Val
                          ro code  0x1005b2ec     0x84  ssm_algo.o [5]
  i.SDB_Add_Record        ro code  0x1005b370    0x1ac  sdb.o [5]
  i.smp_Determine_Key_Association_Method
                          ro code  0x1005b51c     0xb4  securitymgr.o [5]
  i.sm_Search_BlackList   ro code  0x1005b5d0     0x4c  securitymgr.o [5]
  i.hci_le_generate_dhkey
                          ro code  0x1005b61c     0x94  hci.o [5]
  .text                   ro code  0x1005b6b0     0x32  btle.o [1]
  .text                   ro code  0x1005b6e2      0xe  btle.o [1]
  .text                   ro code  0x1005b6f0     0x76  btle.o [1]
  .text                   ro code  0x1005b766     0xbc  BlueNRG1Device.o [1]
  .text                   ro code  0x1005b822     0x16  btle.o [1]
  .text                   ro code  0x1005b838      0xc  exception.o [4]
  .text                   ro code  0x1005b844     0x1e  btle.o [1]
  i.SM_Get_Link_Status    ro code  0x1005b862     0x2e  sm_common.o [5]
  i.SM_Check_Encryption_KeySize
                          ro code  0x1005b890     0x20  sm_common.o [5]
  i.sm_Generate_SubKeys   ro code  0x1005b8b0     0x80  ssm_algo.o [5]
  i.nsar_updateBestFreeSlot
                          ro code  0x1005b930     0x22  multi_master_time.o [5]
  i.InvaliDate_Record     ro code  0x1005b954     0x20  rom_sdb.o [5]
  i.SDB_Get_GattDb_End_Addr
                          ro code  0x1005b974     0x1c  sdb.o [5]
  i.Flash_Write_Flagged   ro code  0x1005b990     0x3c  nvm.o [5]
  i.Erase_Sector          ro code  0x1005b9cc      0xe  sdb.o [5]
  i.Write_SDBRecord       ro code  0x1005b9dc     0x6c  sdb.o [5]
  i.AES_CMAC_Encrypt_Init
                          ro code  0x1005ba48     0x34  crypto.o [5]
  i.AES_CMAC_Encrypt_Append
                          ro code  0x1005ba7c    0x288  crypto.o [5]
  i.AES_CMAC_Encrypt_Finish
                          ro code  0x1005bd04     0x6c  crypto.o [5]
  i.PKA_Start_Generate_DHKey
                          ro code  0x1005bd70     0x30  pka.o [5]
  .text                   ro code  0x1005bda0     0x10  string2.o [4]
  .text                   ro code  0x1005bdb0     0x58  BlueNRG1GattServer.o [1]
  .text                   ro code  0x1005be08      0xe  btle.o [1]
  i.LeftShift             ro code  0x1005be16     0x2c  ssm_algo.o [5]
  i.Delay_With_NOP_Cycles
                          ro code  0x1005be42      0xe  utils.o [5]
  i.AESstdInit            ro code  0x1005be50     0xb8  crypto.o [5]
  i.AES_general_enc       ro code  0x1005bf08      0x8  crypto.o [5]
  .text                   ro code  0x1005bf10    0x6b0  rtx_msgqueue.o [1]
  .text                   ro code  0x1005c5c0      0x2  rtx_evr.o [1]
  .text                   ro code  0x1005c5c2      0x2  rtx_evr.o [1]
  .text                   ro code  0x1005c5c4      0x2  rtx_evr.o [1]
  .text                   ro code  0x1005c5c6      0x2  rtx_evr.o [1]
  .text                   ro code  0x1005c5c8      0x2  rtx_evr.o [1]
  .text                   ro code  0x1005c5ca      0x2  rtx_evr.o [1]
  .text                   ro code  0x1005c5cc      0x2  rtx_evr.o [1]
  .text                   ro code  0x1005c5ce      0x2  rtx_evr.o [1]
  .text                   ro code  0x1005c5d0      0x2  rtx_evr.o [1]
  .text                   ro code  0x1005c5d4    0x160  rtx_system.o [1]
  .text                   ro code  0x1005c734      0x2  rtx_evr.o [1]
  .text                   ro code  0x1005c736      0x2  rtx_evr.o [1]
  .text                   ro code  0x1005c738      0xc  os_systick.o [1]
  i.Gatt_Super_Handler    ro code  0x1005c744    0x330  gatt_client.o [5]
  i.GAP_Started_Gatt_Proc
                          ro code  0x1005ca74     0x2c  gap.o [5]
  i.Gatt_Check_Not_Error_Resp
                          ro code  0x1005caa0     0x6c  gatt_client.o [5]
  i.GAP_Internal_Evt_Handler
                          ro code  0x1005cb0c     0x38  gap.o [5]
  i.aci_gatt_disc_read_char_by_uuid_resp_event_push
                          ro code  0x1005cb44     0x74  gatt_client.o [5]
  i.Att_Send_Read_By_Grp_Typ_Req_Pdu
                          ro code  0x1005cbb8     0x7c  rom_att.o [5]
  i.Att_Send_Find_By_Typ_Val_Req_Pdu
                          ro code  0x1005cc34     0xa0  rom_att.o [5]
  i.Att_Send_Find_Info_Req_Pdu
                          ro code  0x1005ccd4     0x56  rom_att.o [5]
  i.send_gatt_event       ro code  0x1005cd2a     0x46  gatt_client.o [5]
  i.aci_gatt_proc_complete_event_push
                          ro code  0x1005cd70     0x48  gatt_client.o [5]
  i.aci_gatt_error_resp_event_push
                          ro code  0x1005cdb8     0x64  gatt_client.o [5]
  i.aci_att_read_by_type_resp_event_push
                          ro code  0x1005ce1c     0x70  gatt_client.o [5]
  i.aci_att_find_info_resp_event_push
                          ro code  0x1005ce8c     0x70  gatt_client.o [5]
  i.aci_att_find_by_type_value_resp_event_push
                          ro code  0x1005cefc     0x6c  gatt_client.o [5]
  i.aci_att_read_by_group_type_resp_event_push
[...]
set_string              0x10042f8d    0x10  Code  Gb  hal.o [5]
signalEventsToProcess   0x1004c12d    0x24  Code  Gb  BlueNRG1_ble.o [1]
singleton_mutex_attr    0x20004718    0x10  Data  Gb  mbed_boot.o [1]
singleton_mutex_id      0x20004730     0x4  Data  Gb  mbed_boot.o [1]
singleton_mutex_obj     0x20004734    0x1c  Data  Gb  mbed_boot.o [1]
slave_advance           0x10059705    0xf0  Code  Gb  routines_support.o [5]
sleep_manager_lock_deep_sleep
                        0x10048d1d     0x2  Code  Gb  mbed_sleep_manager.o [1]
sleep_manager_unlock_deep_sleep
                        0x10048d1f     0x2  Code  Gb  mbed_sleep_manager.o [1]
sm_Calculate_Hash       0x1005ae85    0x38  Code  Lc  ssm_algo.o [5]
sm_Generate_SubKeys     0x1005b8b1    0x80  Code  Lc  ssm_algo.o [5]
sm_Get_Long_Term_Key    0x10052bc5    0x8a  Code  Lc  securitymgr.o [5]
sm_RepeatedAttacks_Protection
                        0x10058321   0x102  Code  Lc  securitymgr.o [5]
sm_Search_BlackList     0x1005b5d1    0x46  Code  Gb  securitymgr.o [5]
smp_Add_To_Database     0x1005a3f9   0x146  Code  Gb  sm_common.o [5]
smp_Build_AuthReq_Field
                        0x1005a5e1    0x1a  Code  Lc  securitymgr.o [5]
smp_Build_Pairing_ReqResp_Packet
                        0x1005a729    0x50  Code  Lc  securitymgr.o [5]
smp_Check_Incoming_Pairing_Parameters
                        0x1005a5a9    0x34  Code  Lc  securitymgr.o [5]
smp_Determine_Key_Association_Method
                        0x1005b51d    0xac  Code  Gb  securitymgr.o [5]
smp_Execute_Actions_wrt_Current_State
                        0x10052d29   0x266  Code  Lc  securitymgr.o [5]
smp_Find_Remote_Device_Index
                        0x10057b31    0x3a  Code  Gb  sm_common.o [5]
smp_Get_Local_Identity_Address
                        0x1005a391    0x3a  Code  Gb  sm_common.o [5]
smp_Get_Pairing_Parameters_From_Peer_Packet
                        0x1005a639    0x82  Code  Lc  securitymgr.o [5]
smp_Keys_Distribution_Complete
                        0x1005e651    0x46  Code  Lc  sm_common.o [5]
smp_Keys_Distribution_Send
                        0x1005795d   0x126  Code  Lc  securitymgr.o [5]
smp_Keys_Distribution_Start
                        0x10057925    0x36  Code  Gb  sm_common.o [5]
smp_LP_MI_Compute_c1_Confirm_Value
                        0x10059d2d   0x156  Code  Lc  securitymgr.o [5]
smp_OOB_Check_Is_Remote_Data_Present
                        0x10059e89    0x36  Code  Gb  sm_common.o [5]
smp_OOB_Clear_Remote_Data_Entry_by_Index
                        0x1005a545    0x1a  Code  Gb  sm_common.o [5]
smp_OOB_Get_Remote_Data_Reference
                        0x10059ec5    0x48  Code  Gb  sm_common.o [5]
smp_Pairing_Completed   0x10057a89    0xa2  Code  Gb  sm_common.o [5]
smp_Process_Rx_Packet_Exception_Cases
                        0x10053211    0xae  Code  Lc  securitymgr.o [5]
smp_Process_Rx_Packet_wrt_Current_State
                        0x10052fdd   0x174  Code  Lc  securitymgr.o [5]
smp_Receive_Keys        0x10057f9d    0xd2  Code  Gb  sm_common.o [5]
smp_Reset_Timer         0x10057b71    0x1a  Code  Lc  securitymgr.o [5]
smp_SR_Compute_c1_Confirm_Value
                        0x10059f11   0x16a  Code  Lc  securitymgr.o [5]
smp_Send_Data           0x10059c9d    0x2c  Code  Gb  securitymgr.o [5]
smp_Set_Key_Association_Method
                        0x1005a6c1    0x64  Code  Lc  securitymgr.o [5]
smp____MI_PairingConfirm_Receive
                        0x10057455    0x56  Code  Lc  securitymgr.o [5]
smp____MI_PairingConfirm_Send
                        0x10057669    0x92  Code  Lc  securitymgr.o [5]
smp____MI_PairingRandom_Receive
                        0x100580f5   0x1a2  Code  Lc  securitymgr.o [5]
smp____MI_PairingResponse_Receive
                        0x10058071    0x7e  Code  Lc  securitymgr.o [5]
smp____MI_SecurityRequest_Receive
                        0x10057d25    0x60  Code  Lc  securitymgr.o [5]
smp____PairingFailed_Send
                        0x100578f5    0x30  Code  Gb  securitymgr.o [5]
smp____Pairing_2Octets_Packet_Send
                        0x1005a321    0x48  Code  Gb  sm_common.o [5]
smp____Pairing_Process_Abort
                        0x10053155    0xb6  Code  Lc  securitymgr.o [5]
smp____SC_Continue_If_Exclusive_SC_Pairing
                        0x1005a5fd    0x36  Code  Gb  smp_scv42_isap.o [5]
smp____SC_PairingPublicKey_Receive
                        0x10057d89    0x68  Code  Gb  smp_scv42_isap.o [5]
smp____SC_PairingPublicKey_Send
                        0x10057601    0x64  Code  Gb  smp_scv42_isap.o [5]
smp____SC_Pairing_OOB_Confirm_Receive_and_Verify
                        0x10057701    0x8c  Code  Gb  smp_scv42_isap.o [5]
smp____SC_Phase_2AS2_DHKeyCheck_Receive
                        0x100582a1    0x80  Code  Gb  smp_scv42_isap.o [5]
smp____SC_Phase_2AS2_DHKeyCheck_Send
                        0x1005a2c5    0x56  Code  Gb  smp_scv42_isap.o [5]
smp____SC_Phase_2AS2_Generate_DHKeyCheck
                        0x1005a195   0x12a  Code  Lc  smp_scv42_isap.o [5]
smp____SC_Phase_2AS2_Start
                        0x10057841    0xae  Code  Gb  smp_scv42_isap.o [5]
smp____SC_Phase_2AS2__Set_Addresses
                        0x1005a081    0x32  Code  Lc  smp_scv42_isap.o [5]
smp____SC_Verify_Peer_PK_and_Generate_DHKey
                        0x1005a8ad    0x3e  Code  Gb  smp_scv42_isap.o [5]
smp____SC_hci_le_generate_dhkey_complete_evt_hndl
                        0x1005fbb9    0x22  Code  Gb  smp_scv42_isap.o [5]
smp____SC_hci_le_read_local_p256_public_key_complete_evt_hndl
                        0x1005f8d9    0x3c  Code  Gb  smp_scv42_isap.o [5]
smp____SC_initialize    0x10058bb1    0x50  Code  Gb  smp_scv42_isap.o [5]
smp____SC_is_Debug_Key_Usage_Forced
                        0x10059cc9    0x10  Code  Gb  smp_scv42_isap.o [5]
smp____SC_is_any_other_SC_Pairing_Ongoing
                        0x10059245    0x34  Code  Gb  smp_scv42_isap.o [5]
smp____SC_submit_ECC_PK_generation_request
                        0x100575e5    0x16  Code  Gb  smp_scv42_isap.o [5]
smp____SR_PairingConfirm_Receive
                        0x10057791    0xac  Code  Lc  securitymgr.o [5]
smp____SR_PairingRandom_Receive
                        0x10057df9   0x19a  Code  Lc  securitymgr.o [5]
smp____SR_PairingRequest_Receive
                        0x10057b91   0x18e  Code  Lc  securitymgr.o [5]
stacklib_flash_data     0x10067000   0x800  Data  Lc  btle.o [1]
stacklib_stored_device_id_data
                        0x10067800    0x38  Data  Lc  btle.o [1]
start_timebase          0x100591a5    0x92  Code  Gb  multi_master_time.o [5]
std::_String_base::_XlenAbort() const
                        0x1005bda1     0x8  Code  Gb  string2.o [4]
std::_String_base::_XranAbort() const
                        0x1005bda9     0x8  Code  Gb  string2.o [4]
std::_Tmap_traits<unsigned short, unsigned short, std::less<unsigned short>, std::allocator<std::pair<unsigned short const, unsigned short>>, (bool)0>::_Tmap_traits(std::less<unsigned short>)
                        0x10058ab9     0xc  Code  Gb  btle.o [1]
std::_Tmap_traits<unsigned short, unsigned short, std::less<unsigned short>, std::allocator<std::pair<unsigned short const, unsigned short>>, (bool)0>::_Tmap_traits(std::less<unsigned short>) [subobject]
                        0x10054171     0x8  Code  Gb  btle.o [1]
std::_Tree<std::_Tmap_traits<unsigned short, unsigned short, std::less<unsigned short>, std::allocator<std::pair<unsigned short const, unsigned short>>, (bool)0>>::_Erase(std::_Tree_nod<std::_Tmap_traits<unsigned short, unsigned short, std::less<unsigned short>, std::allocator<std::pair<unsigned short const, unsigned short>>, (bool)0>>::_Node *)
                        0x1005f071    0x24  Code  Gb  btle.o [1]
std::_Tree<std::_Tmap_traits<unsigned short, unsigned short, std::less<unsigned short>, std::allocator<std::pair<unsigned short const, unsigned short>>, (bool)0>>::_Insert(bool, std::_Tree_nod<std::_Tmap_traits<unsigned short, unsigned short, std::less<unsigned short>, std::allocator<std::pair<unsigned short const, unsigned short>>, (bool)0>>::_Node *, std::pair<unsigned short const, unsigned short> const &)
                        0x10053369   0x110  Code  Gb  BlueNRG1GattServer.o [1]
std::_Tree<std::_Tmap_traits<unsigned short, unsigned short, std::less<unsigned short>, std::allocator<std::pair<unsigned short const, unsigned short>>, (bool)0>>::_Lrotate(std::_Tree_nod<std::_Tmap_traits<unsigned short, unsigned short, std::less<unsigned short>, std::allocator<std::pair<unsigned short const, unsigned short>>, (bool)0>>::_Node *)
                        0x10058469    0x38  Code  Gb  btle.o [1]
std::_Tree<std::_Tmap_traits<unsigned short, unsigned short, std::less<unsigned short>, std::allocator<std::pair<unsigned short const, unsigned short>>, (bool)0>>::_Make_iter(std::_Tree<std::_Tmap_traits<unsigned short, unsigned short, std::less<unsigned short>, std::allocator<std::pair<unsigned short const, unsigned short>>, (bool)0>>::const_iterator) const
                        0x1005d24d     0x4  Code  Gb  btle.o [1]
std::_Tree<std::_Tmap_traits<unsigned short, unsigned short, std::less<unsigned short>, std::allocator<std::pair<unsigned short const, unsigned short>>, (bool)0>>::_Rrotate(std::_Tree_nod<std::_Tmap_traits<unsigned short, unsigned short, std::less<unsigned short>, std::allocator<std::pair<unsigned short const, unsigned short>>, (bool)0>>::_Node *)
                        0x100584a1    0x38  Code  Gb  btle.o [1]
std::_Tree<std::_Tmap_traits<unsigned short, unsigned short, std::less<unsigned short>, std::allocator<std::pair<unsigned short const, unsigned short>>, (bool)0>>::_Xlong() const
                        0x10058449    0x20  Code  Gb  BlueNRG1GattServer.o [1]
std::_Tree<std::_Tmap_traits<unsigned short, unsigned short, std::less<unsigned short>, std::allocator<std::pair<unsigned short const, unsigned short>>, (bool)0>>::_Xlong() const::string
                        0x10060414    0x14  Data  Gb  BlueNRG1GattServer.o [1]
std::_Tree<std::_Tmap_traits<unsigned short, unsigned short, std::less<unsigned short>, std::allocator<std::pair<unsigned short const, unsigned short>>, (bool)0>>::erase(std::_Tree<std::_Tmap_traits<unsigned short, unsigned short, std::less<unsigned short>, std::allocator<std::pair<unsigned short const, unsigned short>>, (bool)0>>::const_iterator)
                        0x1005cfd9   0x24c  Code  Gb  btle.o [1]
std::_Tree<std::_Tmap_traits<unsigned short, unsigned short, std::less<unsigned short>, std::allocator<std::pair<unsigned short const, unsigned short>>, (bool)0>>::erase(std::_Tree<std::_Tmap_traits<unsigned short, unsigned short, std::less<unsigned short>, std::allocator<std::pair<unsigned short const, unsigned short>>, (bool)0>>::const_iterator)::string
                        0x10060188    0x1c  Data  Gb  btle.o [1]
std::_Tree<std::_Tmap_traits<unsigned short, unsigned short, std::less<unsigned short>, std::allocator<std::pair<unsigned short const, unsigned short>>, (bool)0>>::erase(std::_Tree<std::_Tmap_traits<unsigned short, unsigned short, std::less<unsigned short>, std::allocator<std::pair<unsigned short const, unsigned short>>, (bool)0>>::const_iterator, std::_Tree<std::_Tmap_traits<unsigned short, unsigned short, std::less<unsigned short>, std::allocator<std::pair<unsigned short const, unsigned short>>, (bool)0>>::const_iterator)
                        0x1005effb    0x76  Code  Gb  btle.o [1]
std::_Tree<std::_Tmap_traits<unsigned short, unsigned short, std::less<unsigned short>, std::allocator<std::pair<unsigned short const, unsigned short>>, (bool)0>>::find(unsigned short const &)
                        0x1004f1c3    0x30  Code  Gb  BlueNRG1GattServer.o [1]
std::_Tree<std::_Tmap_traits<unsigned short, unsigned short, std::less<unsigned short>, std::allocator<std::pair<unsigned short const, unsigned short>>, (bool)0>>::insert(std::pair<unsigned short const, unsigned short> const &)
                        0x1004f0c5    0xae  Code  Gb  BlueNRG1GattServer.o [1]
std::__iar_ThrowNoThrow(std::exception const &)
                        0x1005ab3d     0x8  Code  Gb  xthrow_no_throw.o [4]
std::exception::exception() [subobject]
                        0x1005b839     0x6  Code  Gb  exception.o [4]
std::length_error::length_error(const std::string&)
                        0x1005ab15    0x28  Code  Gb  BlueNRG1GattServer.o [1]
std::map<unsigned short, unsigned short, std::less<unsigned short>, std::allocator<std::pair<unsigned short const, unsigned short>>>::map()
                        0x100506dd    0x40  Code  Gb  btle.o [1]
std::map<unsigned short, unsigned short, std::less<unsigned short>, std::allocator<std::pair<unsigned short const, unsigned short>>>::~map()
                        0x1005f65d    0x1c  Code  Gb  btle.o [1]
std::nothrow            0x10060738     0x4  Data  Gb  nothrow.o [4]
std::out_of_range::out_of_range(const std::string&)
                        0x1005d225    0x28  Code  Gb  btle.o [1]
std::string::_Eos(unsigned int)
                        0x1005b823    0x16  Code  Gb  btle.o [1]
std::string::_Grow(unsigned int, bool)
                        0x1005b767    0xbc  Code  Gb  BlueNRG1Device.o [1]
std::string::_Myptr()   0x1005b6e3     0xe  Code  Gb  btle.o [1]
std::string::_Myptr() const
                        0x1005be09     0xe  Code  Gb  btle.o [1]
std::string::_Tidy(bool, unsigned int)
                        0x1005b6b1    0x32  Code  Gb  btle.o [1]
std::string::assign(const std::string&, unsigned int, unsigned int)
                        0x1005b6f1    0x76  Code  Gb  btle.o [1]
std::string::basic_string(char const *)
                        0x1005aaa5    0x6e  Code  Gb  BlueNRG1Device.o [1]
std::string::basic_string(const std::string&)
                        0x1005b845    0x1e  Code  Gb  btle.o [1]
std::string::erase(unsigned int, unsigned int)
                        0x1005bdb1    0x58  Code  Gb  BlueNRG1GattServer.o [1]
std_mutex_file          0x20004248   0x118  Data  Lc  mbed_boot.o [1]
std_mutex_id_file       0x20004220    0x28  Data  Lc  mbed_boot.o [1]
std_mutex_id_sys        0x20004424    0x14  Data  Lc  mbed_boot.o [1]
std_mutex_sys           0x20004438    0x8c  Data  Lc  mbed_boot.o [1]
stdio_uart              0x200048f4    0x10  Data  Gb  serial_api.o [1]
stdio_uart_inited       0x20004944     0x4  Data  Gb  serial_api.o [1]
store_data              0x10059815    0x1c  Code  Gb  gatt_server.o [5]
strlen                  0x1004b953    0x10  Code  Gb  strlen.o [7]
strncmp                 0x1004bfe9    0x2c  Code  Gb  strncmp.o [3]
svcRtxDelay             0x10049969    0x14  Code  Gb  rtx_delay.o [1]
svcRtxKernelGetState    0x100475c5     0xe  Code  Gb  rtx_kernel.o [1]
svcRtxKernelInitialize  0x1004743d   0x17a  Code  Gb  rtx_kernel.o [1]
svcRtxKernelStart       0x100475d3    0xa6  Code  Gb  rtx_kernel.o [1]
svcRtxMessageQueueGet   0x1005c30f   0x106  Code  Gb  rtx_msgqueue.o [1]
svcRtxMessageQueueNew   0x1005c0b7   0x16e  Code  Gb  rtx_msgqueue.o [1]
svcRtxMessageQueuePut   0x1005c225    0xea  Code  Gb  rtx_msgqueue.o [1]
svcRtxMutexAcquire      0x1004784f    0xca  Code  Gb  rtx_mutex.o [1]
svcRtxMutexDelete       0x10047a0b    0xba  Code  Gb  rtx_mutex.o [1]
svcRtxMutexNew          0x100477d3    0x7c  Code  Gb  rtx_mutex.o [1]
svcRtxMutexRelease      0x10047919    0xdc  Code  Gb  rtx_mutex.o [1]
svcRtxThreadExit        0x10047275    0xa0  Code  Gb  rtx_thread.o [1]
svcRtxThreadGetId       0x10047201    0x10  Code  Gb  rtx_thread.o [1]
svcRtxThreadGetName     0x100471d7    0x2a  Code  Gb  rtx_thread.o [1]
svcRtxThreadNew         0x10046fd1   0x206  Code  Gb  rtx_thread.o [1]
swap_char               0x10044141     0xa  Code  Lc  multi_master_time.o [5]
swap_short_int          0x1004414b     0xa  Code  Lc  multi_master_time.o [5]
sys_alloc               0x1004549d   0x3e8  Code  Lc  dlmalloc.o [3]
syslock_o               0x200047d0     0x4  Data  Lc  xsyslock_mtx.o [3]
system_time_trans       0x10043135     0xa  Code  Gb  rom_ll_timehandling.o [5]
system_time_trans_ext   0x100441b5    0x26  Code  Gb  rom_ll_timehandling.o [5]
terminate_hook          0x20004948     0x4  Data  Lc  Thread.o [1]
thread_terminate_hook   0x10048ebd    0x10  Code  Gb  Thread.o [1]
ticker_insert_event_us  0x100498c9    0x52  Code  Gb  mbed_ticker_api.o [1]
ticker_read             0x1004994f     0x4  Code  Gb  mbed_ticker_api.o [1]
ticker_read_us          0x10049953     0x2  Code  Gb  mbed_ticker_api.o [1]
ticker_remove_event     0x1004991b    0x34  Code  Gb  mbed_ticker_api.o [1]
ticker_set_handler      0x100498b9    0x10  Code  Gb  mbed_ticker_api.o [1]
time_offset1            0x1004417f     0xe  Code  Gb  rom_ll_timehandling.o [5]
time_offset2            0x1004419d     0xc  Code  Gb  rom_ll_timehandling.o [5]
timebase_start_connect  0x100440cd    0x36  Code  Gb  multi_master_time.o [5]
tmalloc_large           0x10045891   0x3ca  Code  Lc  dlmalloc.o [3]
tmalloc_small           0x10045c61   0x230  Code  Lc  dlmalloc.o [3]
touch_it                0x20000569     0x1  Data  Gb  rom_global_var.o [5]
triggerSensorPolling    0x200048e0     0x1  Data  Lc  main.o [1]
unpack_channel_map      0x1004288b    0x38  Code  Gb  rom_ll_isr_routines.o [5]
unpack_update_request   0x10042845    0x46  Code  Gb  rom_ll_isr_routines.o [5]
unsigned char * std::_Copy_opt<unsigned char const *, unsigned char *>(unsigned char const *, unsigned char const *, unsigned char *, std::_Scalar_ptr_iterator_tag)
                        0x10053897    0x14  Code  Gb  GenericGattClient.o [1]
update_present_time     0x100496e9    0xf4  Code  Lc  mbed_ticker_api.o [1]
us_data                 0x1004b858     0x8  Data  Lc  mbed_us_ticker_api.o [1]
us_interface            0x100601a4    0x1c  Data  Lc  mbed_us_ticker_api.o [1]
us_ticker_clear_interrupt
                        0x1005e9c1     0x2  Code  Gb  us_ticker_api.o [1]
us_ticker_disable_interrupt
                        0x1005e9a7     0xc  Code  Gb  us_ticker_api.o [1]
us_ticker_fire_interrupt
                        0x1005e9c3     0x2  Code  Gb  us_ticker_api.o [1]
us_ticker_get_info      0x10060715     0x8  Code  Wk  mbed_retarget.o [1]
us_ticker_get_info::info
                        0x10060704     0x8  Data  Lc  mbed_retarget.o [1]
us_ticker_init          0x1005e927    0x5c  Code  Gb  us_ticker_api.o [1]
us_ticker_read          0x1005e983    0x18  Code  Gb  us_ticker_api.o [1]
us_ticker_set_interrupt
                        0x1005e99b     0xc  Code  Gb  us_ticker_api.o [1]
uuid16_list             0x10047e8c     0x2  Data  Lc  main.o [1]
void mbed::Callback<void ()>::function_call<void (*)()>(void const *)
                        0x1006071d     0x8  Code  Gb  utest_shim.o [1]
void mbed::Callback<void ()>::function_dtor<void (*)()>(void *)
                        0x10048c3b     0x2  Code  Gb  utest_shim.o [1]
void mbed::Callback<void ()>::function_move<void (*)()>(void *, void const *)
                        0x10043fab     0xa  Code  Gb  utest_shim.o [1]
void mbed::Callback<void ()>::generate<void (*)()>(void (*)() const &)::ops
                        0x1006069c     0xc  Data  Gb  utest_shim.o [1]
vsnprintf               0x10048ee5    0x3c  Code  Gb  vsnprint.o [3]
wait_ms                 0x1004acc1     0xe  Code  Gb  mbed_wait_api_rtos.o [1]
wait_us                 0x1004accf     0x2  Code  Gb  mbed_wait_api_rtos.o [1]
wakeupFromSleepFlag     0x2000000c     0x1  Data  Gb  system_bluenrg1.o [1]
wakeupFromSleepFlag_block$$Base
                        0x2000000c           --   Gb  - Linker created -
wakeupFromSleepFlag_block$$Limit
                        0x20000010           --   Gb  - Linker created -


[1] = C:\Users\Gianluca\Documents\mbed\Heart\BUILD\Obj
[2] = command line
[3] = dl6M_tlf.a
[4] = dlpp6M_tl_fc.a
[5] = libbluenrg1_stack.a
[6] = m6M_tl.a
[7] = rt6M_tl.a

  130 012 bytes of readonly  code memory
    5 208 bytes of readonly  data memory
   23 973 bytes of readwrite data memory

Errors: none
Warnings: none
