###############################################################################
#
# IAR ELF Linker V7.70.1.11437/W32 for ARM                29/May/2018  16:49:11
# Copyright 2007-2016 IAR Systems AB.
#
#    Output file  =  C:\Users\Gianluca\Documents\mbed\Heart\BUILD\Exe\name.out
#    Map file     =  C:\Users\Gianluca\Documents\mbed\Heart\BUILD\List\name.map
#    Command line =  
#        C:\Users\Gianluca\Documents\mbed\Heart\BUILD\Obj\aes.o
#        C:\Users\Gianluca\Documents\mbed\Heart\BUILD\Obj\aesni.o
#        C:\Users\Gianluca\Documents\mbed\Heart\BUILD\Obj\AnalogIn.o
#        C:\Users\Gianluca\Documents\mbed\Heart\BUILD\Obj\arc4.o
#        C:\Users\Gianluca\Documents\mbed\Heart\BUILD\Obj\asn1parse.o
#        C:\Users\Gianluca\Documents\mbed\Heart\BUILD\Obj\asn1write.o
#        C:\Users\Gianluca\Documents\mbed\Heart\BUILD\Obj\ATCmdParser.o
#        C:\Users\Gianluca\Documents\mbed\Heart\BUILD\Obj\base64.o
#        C:\Users\Gianluca\Documents\mbed\Heart\BUILD\Obj\bignum.o
#        C:\Users\Gianluca\Documents\mbed\Heart\BUILD\Obj\BLE.o
#        C:\Users\Gianluca\Documents\mbed\Heart\BUILD\Obj\ble_payload.o
#        C:\Users\Gianluca\Documents\mbed\Heart\BUILD\Obj\ble_utils.o
#        C:\Users\Gianluca\Documents\mbed\Heart\BUILD\Obj\BLEInstanceBase.o
#        C:\Users\Gianluca\Documents\mbed\Heart\BUILD\Obj\blowfish.o
#        C:\Users\Gianluca\Documents\mbed\Heart\BUILD\Obj\BlueNRG1_adc.o
#        C:\Users\Gianluca\Documents\mbed\Heart\BUILD\Obj\BlueNRG1_ble.o
#        C:\Users\Gianluca\Documents\mbed\Heart\BUILD\Obj\BlueNRG1_dma.o
#        C:\Users\Gianluca\Documents\mbed\Heart\BUILD\Obj\BlueNRG1_flash.o
#        C:\Users\Gianluca\Documents\mbed\Heart\BUILD\Obj\BlueNRG1_gpio.o
#        C:\Users\Gianluca\Documents\mbed\Heart\BUILD\Obj\BlueNRG1_i2c.o
#        C:\Users\Gianluca\Documents\mbed\Heart\BUILD\Obj\BlueNRG1_it.o
#        C:\Users\Gianluca\Documents\mbed\Heart\BUILD\Obj\BlueNRG1_mft.o
#        C:\Users\Gianluca\Documents\mbed\Heart\BUILD\Obj\BlueNRG1_pka.o
#        C:\Users\Gianluca\Documents\mbed\Heart\BUILD\Obj\BlueNRG1_rng.o
#        C:\Users\Gianluca\Documents\mbed\Heart\BUILD\Obj\BlueNRG1_rtc.o
#        C:\Users\Gianluca\Documents\mbed\Heart\BUILD\Obj\BlueNRG1_spi.o
#        C:\Users\Gianluca\Documents\mbed\Heart\BUILD\Obj\BlueNRG1_sysCtrl.o
#        C:\Users\Gianluca\Documents\mbed\Heart\BUILD\Obj\BlueNRG1_uart.o
#        C:\Users\Gianluca\Documents\mbed\Heart\BUILD\Obj\BlueNRG1_wdg.o
#        C:\Users\Gianluca\Documents\mbed\Heart\BUILD\Obj\BlueNRG1Device.o
#        C:\Users\Gianluca\Documents\mbed\Heart\BUILD\Obj\BlueNRG1DiscoveredCharacteristic.o
#        C:\Users\Gianluca\Documents\mbed\Heart\BUILD\Obj\BlueNRG1Gap.o
#        C:\Users\Gianluca\Documents\mbed\Heart\BUILD\Obj\BlueNRG1GattClient.o
#        C:\Users\Gianluca\Documents\mbed\Heart\BUILD\Obj\BlueNRG1GattConnectionClient.o
#        C:\Users\Gianluca\Documents\mbed\Heart\BUILD\Obj\BlueNRG1GattServer.o
#        C:\Users\Gianluca\Documents\mbed\Heart\BUILD\Obj\btle.o
#        C:\Users\Gianluca\Documents\mbed\Heart\BUILD\Obj\BusIn.o
#        C:\Users\Gianluca\Documents\mbed\Heart\BUILD\Obj\BusInOut.o
#        C:\Users\Gianluca\Documents\mbed\Heart\BUILD\Obj\BusOut.o
#        C:\Users\Gianluca\Documents\mbed\Heart\BUILD\Obj\CallChain.o
#        C:\Users\Gianluca\Documents\mbed\Heart\BUILD\Obj\camellia.o
#        C:\Users\Gianluca\Documents\mbed\Heart\BUILD\Obj\CAN.o
#        C:\Users\Gianluca\Documents\mbed\Heart\BUILD\Obj\ccm.o
#        C:\Users\Gianluca\Documents\mbed\Heart\BUILD\Obj\ccsbcs.o
#        C:\Users\Gianluca\Documents\mbed\Heart\BUILD\Obj\certs.o
#        C:\Users\Gianluca\Documents\mbed\Heart\BUILD\Obj\ChainingBlockDevice.o
#        C:\Users\Gianluca\Documents\mbed\Heart\BUILD\Obj\cipher.o
#        C:\Users\Gianluca\Documents\mbed\Heart\BUILD\Obj\cipher_wrap.o
#        C:\Users\Gianluca\Documents\mbed\Heart\BUILD\Obj\cmac.o
#        C:\Users\Gianluca\Documents\mbed\Heart\BUILD\Obj\cmain.o
#        C:\Users\Gianluca\Documents\mbed\Heart\BUILD\Obj\cmsis_nvic.o
#        C:\Users\Gianluca\Documents\mbed\Heart\BUILD\Obj\cmsis_os1.o
#        C:\Users\Gianluca\Documents\mbed\Heart\BUILD\Obj\ConditionVariable.o
#        C:\Users\Gianluca\Documents\mbed\Heart\BUILD\Obj\ctr_drbg.o
#        C:\Users\Gianluca\Documents\mbed\Heart\BUILD\Obj\debug.o
#        C:\Users\Gianluca\Documents\mbed\Heart\BUILD\Obj\des.o
#        C:\Users\Gianluca\Documents\mbed\Heart\BUILD\Obj\DFUService.o
#        C:\Users\Gianluca\Documents\mbed\Heart\BUILD\Obj\dhm.o
#        C:\Users\Gianluca\Documents\mbed\Heart\BUILD\Obj\Dir.o
#        C:\Users\Gianluca\Documents\mbed\Heart\BUILD\Obj\DiscoveredCharacteristic.o
#        C:\Users\Gianluca\Documents\mbed\Heart\BUILD\Obj\ecdh.o
#        C:\Users\Gianluca\Documents\mbed\Heart\BUILD\Obj\ecdsa.o
#        C:\Users\Gianluca\Documents\mbed\Heart\BUILD\Obj\ecjpake.o
#        C:\Users\Gianluca\Documents\mbed\Heart\BUILD\Obj\ecp.o
#        C:\Users\Gianluca\Documents\mbed\Heart\BUILD\Obj\ecp_curves.o
#        C:\Users\Gianluca\Documents\mbed\Heart\BUILD\Obj\entropy.o
#        C:\Users\Gianluca\Documents\mbed\Heart\BUILD\Obj\entropy_poll.o
#        C:\Users\Gianluca\Documents\mbed\Heart\BUILD\Obj\equeue.o
#        C:\Users\Gianluca\Documents\mbed\Heart\BUILD\Obj\equeue_mbed.o
#        C:\Users\Gianluca\Documents\mbed\Heart\BUILD\Obj\equeue_posix.o
#        C:\Users\Gianluca\Documents\mbed\Heart\BUILD\Obj\error.o
#        C:\Users\Gianluca\Documents\mbed\Heart\BUILD\Obj\Ethernet.o
#        C:\Users\Gianluca\Documents\mbed\Heart\BUILD\Obj\EventFlags.o
#        C:\Users\Gianluca\Documents\mbed\Heart\BUILD\Obj\EventQueue.o
#        C:\Users\Gianluca\Documents\mbed\Heart\BUILD\Obj\FATFileSystem.o
#        C:\Users\Gianluca\Documents\mbed\Heart\BUILD\Obj\ff.o
#        C:\Users\Gianluca\Documents\mbed\Heart\BUILD\Obj\File.o
#        C:\Users\Gianluca\Documents\mbed\Heart\BUILD\Obj\FileBase.o
#        C:\Users\Gianluca\Documents\mbed\Heart\BUILD\Obj\FileHandle.o
#        C:\Users\Gianluca\Documents\mbed\Heart\BUILD\Obj\FilePath.o
#        C:\Users\Gianluca\Documents\mbed\Heart\BUILD\Obj\FileSystem.o
#        C:\Users\Gianluca\Documents\mbed\Heart\BUILD\Obj\FileSystemHandle.o
#        C:\Users\Gianluca\Documents\mbed\Heart\BUILD\Obj\FlashIAP.o
#        C:\Users\Gianluca\Documents\mbed\Heart\BUILD\Obj\GapScanningParams.o
#        C:\Users\Gianluca\Documents\mbed\Heart\BUILD\Obj\gcm.o
#        C:\Users\Gianluca\Documents\mbed\Heart\BUILD\Obj\GenericGattClient.o
#        C:\Users\Gianluca\Documents\mbed\Heart\BUILD\Obj\gpio_api.o
#        C:\Users\Gianluca\Documents\mbed\Heart\BUILD\Obj\greentea_metrics.o
#        C:\Users\Gianluca\Documents\mbed\Heart\BUILD\Obj\greentea_serial.o
#        C:\Users\Gianluca\Documents\mbed\Heart\BUILD\Obj\greentea_test_env.o
#        C:\Users\Gianluca\Documents\mbed\Heart\BUILD\Obj\havege.o
#        C:\Users\Gianluca\Documents\mbed\Heart\BUILD\Obj\HeapBlockDevice.o
#        C:\Users\Gianluca\Documents\mbed\Heart\BUILD\Obj\hmac_drbg.o
#        C:\Users\Gianluca\Documents\mbed\Heart\BUILD\Obj\I2C.o
#        C:\Users\Gianluca\Documents\mbed\Heart\BUILD\Obj\I2CSlave.o
#        C:\Users\Gianluca\Documents\mbed\Heart\BUILD\Obj\InterruptIn.o
#        C:\Users\Gianluca\Documents\mbed\Heart\BUILD\Obj\InterruptManager.o
#        C:\Users\Gianluca\Documents\mbed\Heart\BUILD\Obj\irq_cm0.o
#        C:\Users\Gianluca\Documents\mbed\Heart\Bluetooth_LE\library\libbluenrg1_stack.a
#        C:\Users\Gianluca\Documents\mbed\Heart\BUILD\Obj\LocalFileSystem.o
#        C:\Users\Gianluca\Documents\mbed\Heart\BUILD\Obj\main.o
#        C:\Users\Gianluca\Documents\mbed\Heart\BUILD\Obj\mbed-utest-shim.o
#        C:\Users\Gianluca\Documents\mbed\Heart\BUILD\Obj\mbed_alloc_wrappers.o
#        C:\Users\Gianluca\Documents\mbed\Heart\BUILD\Obj\mbed_application.o
#        C:\Users\Gianluca\Documents\mbed\Heart\BUILD\Obj\mbed_assert.o
#        C:\Users\Gianluca\Documents\mbed\Heart\BUILD\Obj\mbed_board.o
#        C:\Users\Gianluca\Documents\mbed\Heart\BUILD\Obj\mbed_boot.o
#        C:\Users\Gianluca\Documents\mbed\Heart\BUILD\Obj\mbed_critical.o
#        C:\Users\Gianluca\Documents\mbed\Heart\BUILD\Obj\mbed_error.o
#        C:\Users\Gianluca\Documents\mbed\Heart\BUILD\Obj\mbed_flash_api.o
#        C:\Users\Gianluca\Documents\mbed\Heart\BUILD\Obj\mbed_gpio.o
#        C:\Users\Gianluca\Documents\mbed\Heart\BUILD\Obj\mbed_interface.o
#        C:\Users\Gianluca\Documents\mbed\Heart\BUILD\Obj\mbed_lp_ticker_api.o
#        C:\Users\Gianluca\Documents\mbed\Heart\BUILD\Obj\mbed_mem_trace.o
#        C:\Users\Gianluca\Documents\mbed\Heart\BUILD\Obj\mbed_mktime.o
#        C:\Users\Gianluca\Documents\mbed\Heart\BUILD\Obj\mbed_overrides.o
#        C:\Users\Gianluca\Documents\mbed\Heart\BUILD\Obj\mbed_pinmap_common.o
#        C:\Users\Gianluca\Documents\mbed\Heart\BUILD\Obj\mbed_poll.o
#        C:\Users\Gianluca\Documents\mbed\Heart\BUILD\Obj\mbed_retarget.o
#        C:\Users\Gianluca\Documents\mbed\Heart\BUILD\Obj\mbed_rtc_time.o
#        C:\Users\Gianluca\Documents\mbed\Heart\BUILD\Obj\mbed_rtx_handlers.o
#        C:\Users\Gianluca\Documents\mbed\Heart\BUILD\Obj\mbed_rtx_idle.o
#        C:\Users\Gianluca\Documents\mbed\Heart\BUILD\Obj\mbed_sdk_boot.o
#        C:\Users\Gianluca\Documents\mbed\Heart\BUILD\Obj\mbed_semihost_api.o
#        C:\Users\Gianluca\Documents\mbed\Heart\BUILD\Obj\mbed_shared_queues.o
#        C:\Users\Gianluca\Documents\mbed\Heart\BUILD\Obj\mbed_sleep_manager.o
#        C:\Users\Gianluca\Documents\mbed\Heart\BUILD\Obj\mbed_stats.o
#        C:\Users\Gianluca\Documents\mbed\Heart\BUILD\Obj\mbed_ticker_api.o
#        C:\Users\Gianluca\Documents\mbed\Heart\BUILD\Obj\mbed_trng.o
#        C:\Users\Gianluca\Documents\mbed\Heart\BUILD\Obj\mbed_us_ticker_api.o
#        C:\Users\Gianluca\Documents\mbed\Heart\BUILD\Obj\mbed_wait_api_no_rtos.o
#        C:\Users\Gianluca\Documents\mbed\Heart\BUILD\Obj\mbed_wait_api_rtos.o
#        C:\Users\Gianluca\Documents\mbed\Heart\BUILD\Obj\MBRBlockDevice.o
#        C:\Users\Gianluca\Documents\mbed\Heart\BUILD\Obj\md.o
#        C:\Users\Gianluca\Documents\mbed\Heart\BUILD\Obj\md2.o
#        C:\Users\Gianluca\Documents\mbed\Heart\BUILD\Obj\md4.o
#        C:\Users\Gianluca\Documents\mbed\Heart\BUILD\Obj\md5.o
#        C:\Users\Gianluca\Documents\mbed\Heart\BUILD\Obj\md_wrap.o
#        C:\Users\Gianluca\Documents\mbed\Heart\BUILD\Obj\memory_buffer_alloc.o
#        C:\Users\Gianluca\Documents\mbed\Heart\BUILD\Obj\misc.o
#        C:\Users\Gianluca\Documents\mbed\Heart\BUILD\Obj\Mutex.o
#        C:\Users\Gianluca\Documents\mbed\Heart\BUILD\Obj\net_sockets.o
#        C:\Users\Gianluca\Documents\mbed\Heart\BUILD\Obj\NetworkInterface.o
#        C:\Users\Gianluca\Documents\mbed\Heart\BUILD\Obj\NetworkStack.o
#        C:\Users\Gianluca\Documents\mbed\Heart\BUILD\Obj\nsapi_dns.o
#        C:\Users\Gianluca\Documents\mbed\Heart\BUILD\Obj\oid.o
#        C:\Users\Gianluca\Documents\mbed\Heart\BUILD\Obj\OnboardCellularInterface.o
#        C:\Users\Gianluca\Documents\mbed\Heart\BUILD\Obj\os_systick.o
#        C:\Users\Gianluca\Documents\mbed\Heart\BUILD\Obj\os_tick_ptim.o
#        C:\Users\Gianluca\Documents\mbed\Heart\BUILD\Obj\osal.o
#        C:\Users\Gianluca\Documents\mbed\Heart\BUILD\Obj\padlock.o
#        C:\Users\Gianluca\Documents\mbed\Heart\BUILD\Obj\pem.o
#        C:\Users\Gianluca\Documents\mbed\Heart\BUILD\Obj\pin_device.o
#        C:\Users\Gianluca\Documents\mbed\Heart\BUILD\Obj\pinmap.o
#        C:\Users\Gianluca\Documents\mbed\Heart\BUILD\Obj\pk.o
#        C:\Users\Gianluca\Documents\mbed\Heart\BUILD\Obj\pk_wrap.o
#        C:\Users\Gianluca\Documents\mbed\Heart\BUILD\Obj\pkcs11.o
#        C:\Users\Gianluca\Documents\mbed\Heart\BUILD\Obj\pkcs12.o
#        C:\Users\Gianluca\Documents\mbed\Heart\BUILD\Obj\pkcs5.o
#        C:\Users\Gianluca\Documents\mbed\Heart\BUILD\Obj\pkparse.o
#        C:\Users\Gianluca\Documents\mbed\Heart\BUILD\Obj\pkwrite.o
#        C:\Users\Gianluca\Documents\mbed\Heart\BUILD\Obj\platform.o
#        C:\Users\Gianluca\Documents\mbed\Heart\BUILD\Obj\PPPCellularInterface.o
#        C:\Users\Gianluca\Documents\mbed\Heart\BUILD\Obj\ProfilingBlockDevice.o
#        C:\Users\Gianluca\Documents\mbed\Heart\BUILD\Obj\RawSerial.o
#        C:\Users\Gianluca\Documents\mbed\Heart\BUILD\Obj\ripemd160.o
#        C:\Users\Gianluca\Documents\mbed\Heart\BUILD\Obj\rsa.o
#        C:\Users\Gianluca\Documents\mbed\Heart\BUILD\Obj\rt_OsEventObserver.o
#        C:\Users\Gianluca\Documents\mbed\Heart\BUILD\Obj\RtosTimer.o
#        C:\Users\Gianluca\Documents\mbed\Heart\BUILD\Obj\RTX_Config.o
#        C:\Users\Gianluca\Documents\mbed\Heart\BUILD\Obj\rtx_delay.o
#        C:\Users\Gianluca\Documents\mbed\Heart\BUILD\Obj\rtx_evflags.o
#        C:\Users\Gianluca\Documents\mbed\Heart\BUILD\Obj\rtx_evr.o
#        C:\Users\Gianluca\Documents\mbed\Heart\BUILD\Obj\rtx_kernel.o
#        C:\Users\Gianluca\Documents\mbed\Heart\BUILD\Obj\rtx_lib.o
#        C:\Users\Gianluca\Documents\mbed\Heart\BUILD\Obj\rtx_memory.o
#        C:\Users\Gianluca\Documents\mbed\Heart\BUILD\Obj\rtx_mempool.o
#        C:\Users\Gianluca\Documents\mbed\Heart\BUILD\Obj\rtx_msgqueue.o
#        C:\Users\Gianluca\Documents\mbed\Heart\BUILD\Obj\rtx_mutex.o
#        C:\Users\Gianluca\Documents\mbed\Heart\BUILD\Obj\rtx_semaphore.o
#        C:\Users\Gianluca\Documents\mbed\Heart\BUILD\Obj\rtx_system.o
#        C:\Users\Gianluca\Documents\mbed\Heart\BUILD\Obj\rtx_thread.o
#        C:\Users\Gianluca\Documents\mbed\Heart\BUILD\Obj\rtx_timer.o
#        C:\Users\Gianluca\Documents\mbed\Heart\BUILD\Obj\Semaphore.o
#        C:\Users\Gianluca\Documents\mbed\Heart\BUILD\Obj\Serial.o
#        C:\Users\Gianluca\Documents\mbed\Heart\BUILD\Obj\serial_api.o
#        C:\Users\Gianluca\Documents\mbed\Heart\BUILD\Obj\SerialBase.o
#        C:\Users\Gianluca\Documents\mbed\Heart\BUILD\Obj\sha1.o
#        C:\Users\Gianluca\Documents\mbed\Heart\BUILD\Obj\sha256.o
#        C:\Users\Gianluca\Documents\mbed\Heart\BUILD\Obj\sha512.o
#        C:\Users\Gianluca\Documents\mbed\Heart\BUILD\Obj\SlicingBlockDevice.o
#        C:\Users\Gianluca\Documents\mbed\Heart\BUILD\Obj\Socket.o
#        C:\Users\Gianluca\Documents\mbed\Heart\BUILD\Obj\SocketAddress.o
#        C:\Users\Gianluca\Documents\mbed\Heart\BUILD\Obj\SPI.o
#        C:\Users\Gianluca\Documents\mbed\Heart\BUILD\Obj\spi_api.o
#        C:\Users\Gianluca\Documents\mbed\Heart\BUILD\Obj\SPISlave.o
#        C:\Users\Gianluca\Documents\mbed\Heart\BUILD\Obj\ssl_cache.o
#        C:\Users\Gianluca\Documents\mbed\Heart\BUILD\Obj\ssl_ciphersuites.o
#        C:\Users\Gianluca\Documents\mbed\Heart\BUILD\Obj\ssl_cli.o
#        C:\Users\Gianluca\Documents\mbed\Heart\BUILD\Obj\ssl_cookie.o
#        C:\Users\Gianluca\Documents\mbed\Heart\BUILD\Obj\ssl_srv.o
#        C:\Users\Gianluca\Documents\mbed\Heart\BUILD\Obj\ssl_ticket.o
#        C:\Users\Gianluca\Documents\mbed\Heart\BUILD\Obj\ssl_tls.o
#        C:\Users\Gianluca\Documents\mbed\Heart\BUILD\Obj\startup_bluenrg1.o
#        C:\Users\Gianluca\Documents\mbed\Heart\BUILD\Obj\Stream.o
#        C:\Users\Gianluca\Documents\mbed\Heart\BUILD\Obj\system_bluenrg1.o
#        C:\Users\Gianluca\Documents\mbed\Heart\BUILD\Obj\TCPServer.o
#        C:\Users\Gianluca\Documents\mbed\Heart\BUILD\Obj\TCPSocket.o
#        C:\Users\Gianluca\Documents\mbed\Heart\BUILD\Obj\Thread.o
#        C:\Users\Gianluca\Documents\mbed\Heart\BUILD\Obj\threading.o
#        C:\Users\Gianluca\Documents\mbed\Heart\BUILD\Obj\Ticker.o
#        C:\Users\Gianluca\Documents\mbed\Heart\BUILD\Obj\Timeout.o
#        C:\Users\Gianluca\Documents\mbed\Heart\BUILD\Obj\Timer.o
#        C:\Users\Gianluca\Documents\mbed\Heart\BUILD\Obj\TimerEvent.o
#        C:\Users\Gianluca\Documents\mbed\Heart\BUILD\Obj\timing.o
#        C:\Users\Gianluca\Documents\mbed\Heart\BUILD\Obj\UARTCellularInterface.o
#        C:\Users\Gianluca\Documents\mbed\Heart\BUILD\Obj\UARTSerial.o
#        C:\Users\Gianluca\Documents\mbed\Heart\BUILD\Obj\UARTService.o
#        C:\Users\Gianluca\Documents\mbed\Heart\BUILD\Obj\UDPSocket.o
#        C:\Users\Gianluca\Documents\mbed\Heart\BUILD\Obj\unity.o
#        C:\Users\Gianluca\Documents\mbed\Heart\BUILD\Obj\unity_handler.o
#        C:\Users\Gianluca\Documents\mbed\Heart\BUILD\Obj\URIBeaconConfigService.o
#        C:\Users\Gianluca\Documents\mbed\Heart\BUILD\Obj\us_ticker_api.o
#        C:\Users\Gianluca\Documents\mbed\Heart\BUILD\Obj\utest_case.o
#        C:\Users\Gianluca\Documents\mbed\Heart\BUILD\Obj\utest_default_handlers.o
#        C:\Users\Gianluca\Documents\mbed\Heart\BUILD\Obj\utest_greentea_handlers.o
#        C:\Users\Gianluca\Documents\mbed\Heart\BUILD\Obj\utest_harness.o
#        C:\Users\Gianluca\Documents\mbed\Heart\BUILD\Obj\utest_shim.o
#        C:\Users\Gianluca\Documents\mbed\Heart\BUILD\Obj\utest_stack_trace.o
#        C:\Users\Gianluca\Documents\mbed\Heart\BUILD\Obj\utest_types.o
#        C:\Users\Gianluca\Documents\mbed\Heart\BUILD\Obj\version.o
#        C:\Users\Gianluca\Documents\mbed\Heart\BUILD\Obj\version_features.o
#        C:\Users\Gianluca\Documents\mbed\Heart\BUILD\Obj\WiFiAccessPoint.o
#        C:\Users\Gianluca\Documents\mbed\Heart\BUILD\Obj\x509.o
#        C:\Users\Gianluca\Documents\mbed\Heart\BUILD\Obj\x509_create.o
#        C:\Users\Gianluca\Documents\mbed\Heart\BUILD\Obj\x509_crl.o
#        C:\Users\Gianluca\Documents\mbed\Heart\BUILD\Obj\x509_crt.o
#        C:\Users\Gianluca\Documents\mbed\Heart\BUILD\Obj\x509_csr.o
#        C:\Users\Gianluca\Documents\mbed\Heart\BUILD\Obj\x509write_crt.o
#        C:\Users\Gianluca\Documents\mbed\Heart\BUILD\Obj\x509write_csr.o
#        C:\Users\Gianluca\Documents\mbed\Heart\BUILD\Obj\xtea.o -o
#        C:\Users\Gianluca\Documents\mbed\Heart\BUILD\Exe\name.out --redirect
#        _Printf=_PrintfLarge --redirect _Scanf=_ScanfFull --map
#        C:\Users\Gianluca\Documents\mbed\Heart\BUILD\List\name.map --config
#        C:\Users\Gianluca\Documents\mbed\Heart\.\mbed-os\targets\TARGET_STMBLUE\TARGET_BLUENRG1\TARGET_STEVAL_IDB007V1\device\TOOLCHAIN_IAR\BLUENRG1.icf
#        --skip_dynamic_initialization --threaded_lib --entry
#        __iar_program_start --no_exceptions --vfe
#
###############################################################################

*******************************************************************************
*** RUNTIME MODEL ATTRIBUTES
***

CppFlavor                     = *
__CPP_Exceptions              = Disabled
__CPP_Language                = C++
__Heap_Handler                = DLMalloc
__SystemLibrary               = DLib
__dlib_dynamic_initialization = postponed
__dlib_has_iterator_debugging = 0
__dlib_jmp_buf_num_elements   = 8


*******************************************************************************
*** PLACEMENT SUMMARY
***

"A0":  place at start of [0x10067000-0x10067fff] {
          block BLOCK_STACKLIB_FLASH_DATA };
"A1":  place at 0x200000c0 { block BLUE };
"A3":  place at start of [0x10040000-0x10066fff] { ro section .intvec };
"A4":  place at 0x20000004 { block ota_sw_activation_block };
"A5":  place at 0x20000008 { block savedMSP_block };
"A6":  place at 0x2000000c { block wakeupFromSleepFlag_block };
"A7":  place at 0x20000010 { block app_base_block };
"A8":  place at 0x20000030 { block Blue_Flag_Ram_block };
"P2":  place in [from 0x10040000 to 0x10066fff] { ro };
"P3":  place in [from 0x200000c0 to 0x20005fff] { rw };
"A10": place at end of [0x200000c0-0x20005fff] { block CSTACK, block HEAP };
initialize by copy { rw };
 { section .bss.__blue_RAM };
 { section .intvec };
 { section .ota_sw_activation };
 { section .savedMSP };
 { section .wakeupFromSleepFlag };
 { section .app_base };
 { section .__blueflag_RAM };

  Section                 Kind        Address     Size  Object
  -------                 ----        -------     ----  ------
"A3":                                             0xc0
  .intvec                 ro code  0x10040000     0xc0  startup_bluenrg1.o [1]
                                 - 0x100400c0     0xc0

"P2":                                          0x20ed0
  i.RAL_Isr               ro code  0x100400c0   0x1714  ll_isr.o [5]
  i.Timer_ExpiryCallback  ro code  0x100417d4     0x14  host_timer.o [5]
  i.Is_Flash_Write_On_Going
                          ro code  0x100417e8     0x10  nvm.o [5]
  i.advance_wakeup_timer  ro code  0x100417f8    0x4d4  advance_wakeup_time.o [5]
  i.get_scan_addr         ro code  0x10041ccc     0x2e  rom_ll_isr_routines.o [5]
  .text                   ro code  0x10041cfa      0xa  BlueNRG1Gap.o [1]
  i.PRIV_u32ProcessAdvPacket
                          ro code  0x10041d04    0x698  ll_privacy.o [5]
  i.get_adv_addr          ro code  0x1004239c     0x2c  rom_ll_isr_routines.o [5]
  i.PRIV_SearchAddrInWhiteList
                          ro code  0x100423c8     0x48  ll_privacy.o [5]
  i.go_to_connect         ro code  0x10042410    0x278  rom_ll_isr_routines.o [5]
  i.cancel_current_master
                          ro code  0x10042688    0x19c  multi_master_time.o [5]
  i.machine_time_trans    ro code  0x10042824     0x20  rom_ll_timehandling.o [5]
  i.unpack_update_request
                          ro code  0x10042844     0x46  rom_ll_isr_routines.o [5]
  i.unpack_channel_map    ro code  0x1004288a     0x38  rom_ll_isr_routines.o [5]
  i.char_copy             ro code  0x100428c2     0x12  hal.o [5]
  i.LL_receive_data_patch
                          ro code  0x100428d4     0xc4  isr_routines.o [5]
  i.isr_postproc1         ro code  0x10042998    0x14c  rom_ll_isr_postproc.o [5]
  i.LL_update_proc        ro code  0x10042ae4     0x58  rom_ll_isr_routines.o [5]
  i.modulo_37             ro code  0x10042b3c     0x18  rom_ll_routines_support.o [5]
  i.advance_slave_timing_MultiSlave
                          ro code  0x10042b54    0x438  multi_master_time.o [5]
  i.set_string            ro code  0x10042f8c     0x10  hal.o [5]
  i.go_to_connect_master  ro code  0x10042f9c    0x198  isr_routines.o [5]
  i.system_time_trans     ro code  0x10043134      0xa  rom_ll_timehandling.o [5]
  i.isr_postproc_encrypt_data
                          ro code  0x1004313e     0x16  rom_ll_isr_postproc.o [5]
  i.anchor_replace        ro code  0x10043154     0x50  multi_master_time.o [5]
  i.read_rssi             ro code  0x100431a4     0x70  ll_routines.o [5]
  i.isr_event_handler_patched
                          ro code  0x10043214    0x8bc  ll_routines_master.o [5]
  i.isr_postproc          ro code  0x10043ad0    0x14c  isr_postproc.o [5]
  i.cancel_master         ro code  0x10043c1c    0x100  rom_ll_isr_routines.o [5]
  .text                   ro code  0x10043d1c     0xe0  I32DivModFast.o [7]
  i.cancel_slave          ro code  0x10043dfc     0x98  isr_routines.o [5]
  i.Hal_Get_Random_Number
                          ro code  0x10043e94     0x28  hal.o [5]
  i.LL_Sleep_Req          ro code  0x10043ebc     0x54  rom_ll_routines_support.o [5]
  i.LL_Update_Advertising_Buffers
                          ro code  0x10043f10     0x44  rom_ll_ll_routines.o [5]
  i.LL_Update_Scanning_Initiating_Buffers
                          ro code  0x10043f54     0x40  rom_ll_ll_routines.o [5]
  .text                   ro code  0x10043f94     0x16  uread4.o [7]
  .text                   ro code  0x10043faa      0xa  utest_shim.o [1]
  i.PRIV_u8ResolvePrivateAddress
                          ro code  0x10043fb4     0xf0  ll_privacy.o [5]
  .text                   ro code  0x100440a4     0x28  osal.o [1]
  i.timebase_start_connect
                          ro code  0x100440cc     0x40  multi_master_time.o [5]
  i.is_slave              ro code  0x1004410c     0x34  multi_master_time.o [5]
  i.swap_char             ro code  0x10044140      0xa  multi_master_time.o [5]
  i.swap_short_int        ro code  0x1004414a      0xa  multi_master_time.o [5]
  i.set_sca               ro code  0x10044154     0x20  rom_ll_timehandling.o [5]
  i.WindowWiden1          ro code  0x10044174      0xa  rom_ll_timehandling.o [5]
  i.time_offset1          ro code  0x1004417e      0xe  rom_ll_timehandling.o [5]
  i.WindowWiden2          ro code  0x1004418c     0x10  rom_ll_timehandling.o [5]
  i.time_offset2          ro code  0x1004419c     0x10  rom_ll_timehandling.o [5]
  i.microseconds_to_machine_time
                          ro code  0x100441ac      0x8  routines_support.o [5]
  i.system_time_trans_ext
                          ro code  0x100441b4     0x2c  rom_ll_timehandling.o [5]
  i.encrypt               ro code  0x100441e0     0x88  rom_ll_routines_support.o [5]
  i.hci_le_enhanced_connection_complete_event_push
                          ro code  0x10044268     0x90  ll_routines_master.o [5]
  i.hci_le_connection_complete_event_push
                          ro code  0x100442f8     0x78  ll_routines_master.o [5]
  i.hci_encryption_key_refresh_complete_event_push
                          ro code  0x10044370     0x48  ll_routines_master.o [5]
  i.hci_encryption_change_event_push
                          ro code  0x100443b8     0x4c  ll_routines_master.o [5]
  i.Acl_Tx_Cmpl_Pkt_Handler
                          ro code  0x10044404     0x1e  acl.o [5]
  .text                   ro code  0x10044422      0x2  GenericGattClient.o [1]
  i.aci_event_fifo_push_header
                          ro code  0x10044424     0xc8  aci_events.o [5]
  i.aci_event_fifo_push   ro code  0x100444ec     0x28  aci_events.o [5]
  i.hci_le_connection_update_complete_event_push
                          ro code  0x10044514     0x58  ll_routines_master.o [5]
  i.hci_le_direct_advertising_report_event_push
                          ro code  0x1004456c     0x74  ll_routines_master.o [5]
  i.hci_le_advertising_report_event_push
                          ro code  0x100445e0     0x80  ll_routines_master.o [5]
  i.Reclassify_All_Channels
                          ro code  0x10044660     0xc0  ll_routines_master.o [5]
  i.Acl_Rcv_Pkt_Handler   ro code  0x10044720     0x1e  acl.o [5]
  i.Hal_Get_Random_Number32
                          ro code  0x1004473e     0x12  hal.o [5]
  .text                   ro code  0x10044750      0x2  IntDivZer.o [7]
  .text                   ro code  0x10044752      0x2  startup_bluenrg1.o [1]
  i.PRIVWHIT_u8SearchAddrInList
                          ro code  0x10044754     0xa0  ll_privacy.o [5]
  i.LL_Encrypt_Plain_Data
                          ro code  0x100447f4     0x54  ll_routines_support.o [5]
  i.PRIVWHIT_u8AddAddrInList
                          ro code  0x10044848    0x1d8  ll_privacy.o [5]
  i.PRIVWHIT_u8RemoveAddrInList
                          ro code  0x10044a20     0xc8  ll_privacy.o [5]
  .text                   ro code  0x10044ae8     0x5c  ABImemcpy.o [7]
  .text                   ro code  0x10044b44     0x58  ABImemset.o [7]
  .text                   ro code  0x10044b9c     0x28  memcmp.o [7]
  i.fifoBuf_getFreeHeader
                          ro code  0x10044bc4     0x6a  aci_events.o [5]
  i.AES128ECB_Wrapper     ro code  0x10044c2e     0x7e  aes128cmac.o [5]
  i.AES_keyschedule_enc   ro code  0x10044cac     0x36  crypto.o [5]
  .text                   ro code  0x10044ce2      0x2  startup_bluenrg1.o [1]
  i.AES_general_SW_enc    ro code  0x10044ce4    0x268  crypto.o [5]
  i.AES_keyschedule_enc_LL
                          ro code  0x10044f4c    0x15c  crypto.o [5]
  .text                   ro code  0x100450a8   0x16b8  dlmalloc.o [3]
  .text                   ro code  0x10046760      0xa  abort.o [3]
  .text                   ro code  0x1004676a      0x2  startup_bluenrg1.o [1]
  .text                   ro code  0x1004676c     0x2c  xgetmemchunk.o [3]
  .text                   ro code  0x10046798     0x3c  xsyslock.o [3]
  .text                   ro code  0x100467d4      0xc  XXexit.o [7]
  .text                   ro code  0x100467e0    0x164  xsyslock_mtx.o [3]
  .text                   ro code  0x10046944    0x23a  mbed_boot.o [1]
  .text                   ro code  0x10046b7e      0x2  startup_bluenrg1.o [1]
  .text                   ro code  0x10046b80    0x894  rtx_thread.o [1]
  .text                   ro code  0x10047414     0x28  mbed_error.o [1]
  .text                   ro code  0x1004743c    0x348  rtx_kernel.o [1]
  .text                   ro code  0x10047784    0x420  rtx_mutex.o [1]
  .text                   ro code  0x10047ba4     0x1c  dynamic_init.o [7]
  .text                   ro code  0x10047bc0    0x2d0  main.o [1]
  .text                   ro code  0x10047e90      0x4  low_level_init.o [3]
  .text                   ro code  0x10047e94     0x28  data_init.o [7]
  .text                   ro code  0x10047ebc      0x2  mbed_overrides.o [1]
  .text                   ro code  0x10047ebe      0x2  rtx_evr.o [1]
  .text                   ro code  0x10047ec0      0x2  rtx_evr.o [1]
  .text                   ro code  0x10047ec2      0x2  rtx_evr.o [1]
  .text                   ro code  0x10047ec4      0x2  rtx_evr.o [1]
  .text                   ro code  0x10047ec6      0x2  rtx_evr.o [1]
  .text                   ro code  0x10047ec8      0x2  rtx_evr.o [1]
  .text                   ro code  0x10047eca      0x2  rtx_evr.o [1]
  .text                   ro code  0x10047ecc      0x2  rtx_evr.o [1]
  .text                   ro code  0x10047ece      0x2  rtx_evr.o [1]
  .text                   ro code  0x10047ed0      0x2  rtx_evr.o [1]
  .text                   ro code  0x10047ed2      0x2  rtx_evr.o [1]
  .text                   ro code  0x10047ed4      0x2  rtx_evr.o [1]
  .text                   ro code  0x10047ed6      0x2  startup_bluenrg1.o [1]
  .text                   ro code  0x10047ed8    0x310  mbed_rtx_handlers.o [1]
  .text                   ro code  0x100481e8     0xcc  rtx_mempool.o [1]
  .text                   ro code  0x100482b4     0x70  rtx_memory.o [1]
  .text                   ro code  0x10048324     0x4e  rtx_memory.o [1]
  .text                   ro code  0x10048372      0x2  rtx_evr.o [1]
  .text                   ro code  0x10048374      0x2  rtx_evr.o [1]
  .text                   ro code  0x10048376      0x2  rtx_evr.o [1]
  .text                   ro code  0x10048378      0x2  rtx_evr.o [1]
  .text                   ro code  0x1004837a      0x2  rtx_evr.o [1]
  .text                   ro code  0x1004837c      0x2  rtx_evr.o [1]
  .text                   ro code  0x1004837e      0x2  startup_bluenrg1.o [1]
  .text                   ro code  0x10048380     0x64  mbed_board.o [1]
  .text                   ro code  0x100483e4    0x234  mbed_retarget.o [1]
  .text                   ro code  0x10048618     0x3e  rtx_memory.o [1]
  .text                   ro code  0x10048656      0x2  rtx_evr.o [1]
  .text                   ro code  0x10048658      0x2  rtx_evr.o [1]
  .text                   ro code  0x1004865a      0x2  startup_bluenrg1.o [1]
  .text                   ro code  0x1004865c     0x4c  os_systick.o [1]
  .text                   ro code  0x100486a8      0x6  os_systick.o [1]
  .text                   ro code  0x100486ae      0x2  startup_bluenrg1.o [1]
  .text                   ro code  0x100486b0     0x30  os_systick.o [1]
  .text                   ro code  0x100486e0      0x2  rtx_evr.o [1]
  .text                   ro code  0x100486e2      0x2  rtx_evr.o [1]
  .text                   ro code  0x100486e4      0x2  rtx_evr.o [1]
  .text                   ro code  0x100486e6      0x2  rtx_evr.o [1]
  .text                   ro code  0x100486e8      0x2  rtx_evr.o [1]
  .text                   ro code  0x100486ea      0x2  rtx_evr.o [1]
  .text                   ro code  0x100486ec      0x2  rtx_evr.o [1]
  .text                   ro code  0x100486ee      0x2  rtx_evr.o [1]
  .text                   ro code  0x100486f0      0x2  rtx_evr.o [1]
  .text                   ro code  0x100486f2      0x2  rtx_evr.o [1]
  .text                   ro code  0x100486f4      0x2  rtx_evr.o [1]
  .text                   ro code  0x100486f6      0x2  rtx_evr.o [1]
  .text                   ro code  0x100486f8      0x2  rtx_evr.o [1]
  .text                   ro code  0x100486fa      0x2  startup_bluenrg1.o [1]
  .text                   ro code  0x100486fc     0xa4  cppinit.o [3]
  .text                   ro code  0x100487a0     0x9c  mbed_gpio.o [1]
  .text                   ro code  0x1004883c    0x1b8  BLE.o [1]
  .text                   ro code  0x100489f4     0x1a  main.o [1]
  .text                   ro code  0x10048a0e      0x2  startup_bluenrg1.o [1]
  .text                   ro code  0x10048a10     0x20  main.o [1]
  .text                   ro code  0x10048a30     0x16  main.o [1]
  .text                   ro code  0x10048a46      0x2  startup_bluenrg1.o [1]
  .text                   ro code  0x10048a48     0xd0  main.o [1]
  .text                   ro code  0x10048b18    0x294  main.o [1]
  .text                   ro code  0x10048dac     0x30  main.o [1]
  .text                   ro code  0x10048ddc     0x4c  main.o [1]
  .text                   ro code  0x10048e28     0x20  main.o [1]
  .text                   ro code  0x10048e48     0x16  main.o [1]
  .text                   ro code  0x10048e5e      0x2  startup_bluenrg1.o [1]
  .text                   ro code  0x10048e60     0x78  gpio_api.o [1]
  .text                   ro code  0x10048ed8     0x52  mbed_wait_api_rtos.o [1]
  .text                   ro code  0x10048f2a     0x1e  main.o [1]
  .text                   ro code  0x10048f48     0x24  mbed_rtx_idle.o [1]
  .text                   ro code  0x10048f6c     0x1c  Thread.o [1]
  .text                   ro code  0x10048f88      0x2  rtx_evr.o [1]
  .text                   ro code  0x10048f8a      0x2  rtx_evr.o [1]
  .text                   ro code  0x10048f8c      0x2  rtx_evr.o [1]
  .text                   ro code  0x10048f8e      0x2  rtx_evr.o [1]
  .text                   ro code  0x10048f90      0x2  rtx_evr.o [1]
  .text                   ro code  0x10048f92      0x2  startup_bluenrg1.o [1]
  .text                   ro code  0x10048f94     0x74  mbed_critical.o [1]
  .text                   ro code  0x10049008     0x3c  vsnprint.o [3]
  .text                   ro code  0x10049044     0xdc  serial_api.o [1]
  .text                   ro code  0x10049120     0x40  mbed_critical.o [1]
  .text                   ro code  0x10049160     0x10  errno.o [3]
  .text                   ro code  0x10049170     0x64  FilePath.o [1]
  .text                   ro code  0x100491d4     0xf4  mbed_board.o [1]
  .text                   ro code  0x100492c8      0x2  rtx_evr.o [1]
  .text                   ro code  0x100492ca      0x2  utest_shim.o [1]
  .text                   ro code  0x100492cc     0x24  BLE.o [1]
  .text                   ro code  0x100492f0     0xb0  BlueNRG1Device.o [1]
  .text                   ro code  0x100493a0     0x2a  cxxabiguard.o [4]
  .text                   ro code  0x100493ca     0x18  main.o [1]
  .text                   ro code  0x100493e2     0x42  main.o [1]
  .text                   ro code  0x10049424     0x1a  main.o [1]
  .text                   ro code  0x1004943e     0x10  strlen.o [7]
  i.hci_data_buffer_overflow_event_cb
                          ro code  0x1004944e      0x2  aci_events.o [5]
  .text                   ro code  0x10049450     0x20  main.o [1]
  .text                   ro code  0x10049470     0x20  main.o [1]
  .text                   ro code  0x10049490     0xc6  main.o [1]
  .text                   ro code  0x10049556     0x50  main.o [1]
  .text                   ro code  0x100495a8     0xb4  BlueNRG1_gpio.o [1]
  .text                   ro code  0x1004965c     0x18  BlueNRG1_sysCtrl.o [1]
  .text                   ro code  0x10049674      0xc  pin_device.o [1]
  .text                   ro code  0x10049680      0xc  mbed_us_ticker_api.o [1]
  .text                   ro code  0x1004968c    0x3a8  mbed_ticker_api.o [1]
  .text                   ro code  0x10049a34      0x4  mbed_sleep_manager.o [1]
  .text                   ro code  0x10049a38     0x4c  rtx_delay.o [1]
  .text                   ro code  0x10049a84     0x54  mbed_assert.o [1]
  .text                   ro code  0x10049ad8   0x10de  xprintflarge.o [3]
  .text                   ro code  0x1004abb8    0x1c8  BlueNRG1_uart.o [1]
  .text                   ro code  0x1004ad80      0x2  xtls.o [3]
  .text                   ro code  0x1004ad84     0x60  FileBase.o [1]
  .text                   ro code  0x1004ade4     0x14  memset.o [3]
  .text                   ro code  0x1004adf8     0x68  cxxabi.o [4]
  .text                   ro code  0x1004ae60     0x10  BLEInstanceBase.o [1]
  .text                   ro code  0x1004ae70    0xa64  btle.o [1]
  .text                   ro code  0x1004b8d4     0x3c  btle.o [1]
  .text                   ro code  0x1004b910     0x3c  btle.o [1]
  .text                   ro code  0x1004b94c     0x2e  main.o [1]
  .text                   ro code  0x1004b97c     0x22  I64Shl.o [7]
  .text                   ro code  0x1004b9a0     0x32  I64Mul.o [7]
  .text                   ro code  0x1004b9d2     0x6a  I64DivMod.o [7]
  .text                   ro code  0x1004ba3c      0x2  rtx_evr.o [1]
  .text                   ro code  0x1004ba3e     0x1c  xmbtowc.o [3]
  .text                   ro code  0x1004ba5a     0x14  strchr.o [7]
  .text                   ro code  0x1004ba6e     0x18  memchr.o [7]
  .text                   ro code  0x1004ba86      0xa  xmbcurmax.o [3]
  .text                   ro code  0x1004ba90     0x18  xwctomb.o [3]
  .text                   ro code  0x1004baa8    0x184  DblMul.o [6]
  .text                   ro code  0x1004bc2c     0x32  DblCmpLe.o [6]
  .text                   ro code  0x1004bc5e     0xc2  DblDiv.o [6]
  .text                   ro code  0x1004bd20     0x52  DblToI32.o [6]
  .text                   ro code  0x1004bd74     0x34  I32ToDbl.o [6]
  .text                   ro code  0x1004bda8    0x1b4  DblAddSub.o [6]
  .text                   ro code  0x1004bf5c     0x68  localeconv.o [3]
  .text                   ro code  0x1004bfc4     0x20  div.o [3]
  .text                   ro code  0x1004bfe4     0x50  SPI.o [1]
  .text                   ro code  0x1004c034     0xd4  Mutex.o [1]
  .text                   ro code  0x1004c108     0x2c  strncmp.o [3]
  .text                   ro code  0x1004c134     0x24  printf.o [3]
  i.BlueNRG_Stack_Initialization
                          ro code  0x1004c158     0x30  bluenrg_main_func.o [5]
  i.aci_hal_set_tx_power_level
                          ro code  0x1004c188      0x8  bluenrg_hal_aci.o [5]
  i.aci_gatt_init         ro code  0x1004c190      0x8  bluenrg_gatt_aci.o [5]
  i.aci_gap_init          ro code  0x1004c198     0x30  bluenrg_gap_aci.o [5]
  i.aci_hal_read_config_data
                          ro code  0x1004c1c8      0x8  bluenrg_hal_aci.o [5]
  i.aci_gap_set_authentication_requirement
                          ro code  0x1004c1d0     0x7c  bluenrg_gap_aci.o [5]
  .text                   ro code  0x1004c24c     0x24  BlueNRG1_ble.o [1]
  .text                   ro code  0x1004c270    0xe08  BlueNRG1Gap.o [1]
  i.BTLE_StackTick        ro code  0x1004d078     0x8c  bluenrg_main_func.o [5]
  .text                   ro code  0x1004d104    0xc40  BlueNRG1GattServer.o [1]
  .text                   ro code  0x1004dd44     0x3c  btle.o [1]
  .text                   ro code  0x1004dd80    0x67c  BlueNRG1GattClient.o [1]
  .text                   ro code  0x1004e3fc     0x3e  btle.o [1]
  i.aci_gatt_write_resp   ro code  0x1004e43a     0x1c  bluenrg_gatt_aci.o [5]
  i.aci_l2cap_connection_parameter_update_resp
                          ro code  0x1004e456     0x2a  bluenrg_l2cap_aci.o [5]
  .text                   ro code  0x1004e480     0xfc  BlueNRG1Device.o [1]
  .text                   ro code  0x1004e57c     0x74  btle.o [1]
  .text                   ro code  0x1004e5f0      0x2  I64DivZer.o [7]
  .text                   ro code  0x1004e5f4     0x14  setlocale.o [3]
  .text                   ro code  0x1004e608     0x50  xencoding_sb.o [3]
  i.BlueNRG_Stack_Initialize_RAM_check
                          ro code  0x1004e658     0x64  bluenrg_main_func.o [5]
  i._BlueNRG_Stack_Initialization
                          ro code  0x1004e6bc     0x94  bluenrg_main_func.o [5]
  i.HAL_Set_TX_Power_Level
                          ro code  0x1004e750     0x44  hal.o [5]
  i.Gatt_Server_Init      ro code  0x1004e794    0x190  gatt_server.o [5]
  i.GAP_Init              ro code  0x1004e924    0x1f8  gap.o [5]
  i.HAL_Read_ConfigData   ro code  0x1004eb1c     0x74  hal.o [5]
  i.SM_Set_Authentication_req
                          ro code  0x1004eb90     0x80  sm_common.o [5]
  .text                   ro code  0x1004ec10     0xda  ble_utils.o [1]
  i.hci_le_set_scan_response_data
                          ro code  0x1004ecea     0x16  hci.o [5]
  i.hci_le_set_advertising_data
                          ro code  0x1004ed00     0x16  hci.o [5]
  .text                   ro code  0x1004ed16     0xc8  Ticker.o [1]
  i.aci_gap_configure_whitelist
                          ro code  0x1004edde      0xe  bluenrg_gap_aci.o [5]
  i.hci_le_set_advertising_parameters
                          ro code  0x1004edec     0xc0  hci.o [5]
  i.hci_le_set_advertise_enable
                          ro code  0x1004eeac     0x14  hci.o [5]
  .text                   ro code  0x1004eec0     0x30  utest_shim.o [1]
  .text                   ro code  0x1004eef0     0x1e  I32ToFlt.o [6]
  .text                   ro code  0x1004ef10     0x80  BlueNRG1Gap.o [1]
  i.aci_hal_write_config_data
                          ro code  0x1004ef90      0x8  bluenrg_hal_aci.o [5]
  i.hci_le_set_random_address
                          ro code  0x1004ef98     0x54  hci.o [5]
  i.aci_gatt_update_char_value
                          ro code  0x1004efec     0x14  bluenrg_gatt_aci.o [5]
  i.aci_gap_terminate_gap_proc
                          ro code  0x1004f000      0x8  bluenrg_gap_aci.o [5]
  i.aci_gap_create_connection
                          ro code  0x1004f008     0x5a  bluenrg_gap_aci.o [5]
  i.Timer_ProcessQ        ro code  0x1004f064    0x144  host_timer.o [5]
  i.hci_acl_Process_Q     ro code  0x1004f1a8     0x64  hci.o [5]
  i.Controller_Process_Q  ro code  0x1004f20c      0xc  hci.o [5]
  i.Events_Process_Q      ro code  0x1004f218    0x120  aci_events.o [5]
  i.BlueNRG_Stack_Perform_Crystal_Check
                          ro code  0x1004f338     0xb8  bluenrg_main_func.o [5]
  i.patch_advance_transmit
                          ro code  0x1004f3f0     0x44  routines_support.o [5]
  i.GAP_Process_Q         ro code  0x1004f434     0x70  gap.o [5]
  i.Gatt_Process_Q        ro code  0x1004f4a4    0x160  gatt_server.o [5]
  i.SMP_Process_Q         ro code  0x1004f604    0x114  securitymgr.o [5]
  i.aci_gatt_add_service  ro code  0x1004f718     0x36  bluenrg_gatt_aci.o [5]
  i.aci_gatt_add_char     ro code  0x1004f74e     0x3e  bluenrg_gatt_aci.o [5]
  .text                   ro code  0x1004f78c     0xae  BlueNRG1GattServer.o [1]
  i.aci_gatt_add_char_desc
                          ro code  0x1004f83a     0x50  bluenrg_gatt_aci.o [5]
  .text                   ro code  0x1004f88a     0x30  BlueNRG1GattServer.o [1]
  i.aci_gatt_set_desc_value
                          ro code  0x1004f8ba     0x1c  bluenrg_gatt_aci.o [5]
  i.aci_gatt_allow_read   ro code  0x1004f8d6      0xc  bluenrg_gatt_aci.o [5]
  .text                   ro code  0x1004f8e4     0x58  btle.o [1]
  .text                   ro code  0x1004f93c     0x2a  BlueNRG1GattClient.o [1]
  .text                   ro code  0x1004f968     0xec  BlueNRG1GattClient.o [1]
  .text                   ro code  0x1004fa54     0x30  assert.o [3]
  .text                   ro code  0x1004fa84    0xf74  BlueNRG1GattConnectionClient.o [1]
  i.Gatt_Appl_Auth_For_Write
                          ro code  0x100509f8    0x1e8  gatt_server.o [5]
  i.L2C_Build_Connect_Update_Resp
                          ro code  0x10050be0     0xae  l2cap.o [5]
  .text                   ro code  0x10050c8e     0x18  btle.o [1]
  .text                   ro code  0x10050ca8     0x60  GapScanningParams.o [1]
  .text                   ro code  0x10050d08     0x20  btle.o [1]
  .text                   ro code  0x10050d28     0x20  btle.o [1]
  .text                   ro code  0x10050d48     0x10  BlueNRG1Device.o [1]
  .text                   ro code  0x10050d58     0x2c  btle.o [1]
  .text                   ro code  0x10050d84     0x20  btle.o [1]
  .text                   ro code  0x10050da4     0x40  btle.o [1]
  i.Dynamic_allocator     ro code  0x10050de4    0x270  mem_alloc.o [5]
  i.Dynamic_allocator_noRet
                          ro code  0x10051054      0x2  mem_alloc.o [5]
  i.BlueNRG_Stack_Initialize_RAM
                          ro code  0x10051058     0x2c  bluenrg_main_func.o [5]
  .text                   ro code  0x10051084     0xf4  BlueNRG1_pka.o [1]
  i.BlueNRG_Stack_Initialize_ConfigData
                          ro code  0x10051178     0x48  bluenrg_main_func.o [5]
  i.BlueNRG_Stack_Initialize_Layers
                          ro code  0x100511c0     0x8c  bluenrg_main_func.o [5]
  i.PRIVWHIT_vInit_Struct
                          ro code  0x1005124c     0x78  ll_privacy.o [5]
  i.acl_list_init         ro code  0x100512c4     0x12  acl_list.o [5]
  i.List_Circular_Insert_Tail
                          ro code  0x100512d6      0xe  rom_list.o [5]
  i.GATT_Server_Set_Flag  ro code  0x100512e4     0x14  gatt_server.o [5]
  i.Gatt_Add_Service      ro code  0x100512f8    0x150  gatt_server.o [5]
  i.Gatt_Add_Characteristic
                          ro code  0x10051448    0x330  gatt_server.o [5]
  i.Gatt_Update_Charac_Value
                          ro code  0x10051778     0x64  gatt_server.o [5]
  i.IDD_Initialize_Device_IDs
                          ro code  0x100517dc    0x12c  device_id_data.o [5]
  i.Get_StaticRandAddr    ro code  0x10051908     0x14  rom_gap_rom.o [5]
  i.LL_LE_Set_Resolvable_Private_Address_Timeout
                          ro code  0x1005191c     0x1c  ll_privacy.o [5]
  i.hci_le_set_event_mask
                          ro code  0x10051938     0x24  hci.o [5]
  i.LL_SetAddressResolutionEnable
                          ro code  0x1005195c      0x8  routines_support.o [5]
  i.LL_Set_Scan_Resp_Data
                          ro code  0x10051964     0x60  rom_ll_ll_routines.o [5]
  i.LL_Set_Adv_Data       ro code  0x100519c4     0x74  rom_ll_ll_routines.o [5]
  .text                   ro code  0x10051a38     0x72  TimerEvent.o [1]
  .text                   ro code  0x10051aaa     0x18  Ticker.o [1]
  i.SM_Configure_WhiteList
                          ro code  0x10051ac2     0x90  rom_sdb.o [5]
  i.Get_Random_Addr       ro code  0x10051b54     0x18  hci.o [5]
  i.Is_Address_Initialized
                          ro code  0x10051b6c     0x16  rom_ll_ll_routines.o [5]
  i.LL_Set_Adv_Params     ro code  0x10051b84    0x2ec  rom_ll_ll_routines.o [5]
  i.LL_Enable_Disable_Adv
                          ro code  0x10051e70    0x1cc  rom_ll_ll_routines.o [5]
  .text                   ro code  0x1005203c     0xb0  FltMul.o [6]
  .text                   ro code  0x100520ec     0x3c  FltToU64.o [6]
  i.HAL_Write_ConfigData  ro code  0x10052128     0x68  hal.o [5]
  i.get_scan_connection   ro code  0x10052190     0x48  multi_master_time.o [5]
  i.get_advertiser        ro code  0x100521d8     0x48  multi_master_time.o [5]
  i.GAP_Terminate_Gap_Procedure
                          ro code  0x10052220     0x8c  gap.o [5]
  i.hci_load_connParams   ro code  0x100522ac     0x64  hci.o [5]
  i.GAP_Create_Connection
                          ro code  0x10052310     0x64  gap.o [5]
  i.TimerCallback         ro code  0x10052374     0x7c  host_timer.o [5]
  i.List_Circular_Remove_Node
                          ro code  0x100523f0     0x20  rom_list.o [5]
  i.acl_list_is_empty     ro code  0x10052410     0x10  acl_list.o [5]
  i.Acl_Transmit_Data     ro code  0x10052420     0x48  acl.o [5]
  i.acl_list_remove       ro code  0x10052468     0x20  acl_list.o [5]
  i.PRIV_u8OfflineProcessing
                          ro code  0x10052488    0x1f8  ll_privacy.o [5]
  i.PKA_Offline_Processing
                          ro code  0x10052680     0xbc  hci.o [5]
  i.hci_hardware_error_event
                          ro code  0x1005273c      0x2  aci_events.o [5]
  i.hal_radio_activity_state_callback_check
                          ro code  0x10052740     0x34  hal.o [5]
  i.BlueNRG_Start_Crystal_Measurement
                          ro code  0x10052774     0x1c  bluenrg_main_func.o [5]
  i.set_freq              ro code  0x10052790     0x7c  rom_ll_timehandling.o [5]
  i.advance_transmit      ro code  0x1005280c     0xb8  rom_ll_routines_support.o [5]
  i.Timer_StopOneShot     ro code  0x100528c4     0x54  host_timer.o [5]
  i.aci_gap_limited_discoverable_event_push
                          ro code  0x10052918     0x40  gap.o [5]
  i.Gatt_Read_Charac_By_Uuid
                          ro code  0x10052958     0x88  gatt_client.o [5]
  i.Gatt_Reset_To_Closed_State
                          ro code  0x100529e0     0xc0  gatt_server.o [5]
  i.SMP_Forget_Device_by_ConnHandle
                          ro code  0x10052aa0     0x1c  sm_common.o [5]
  i.SMP_Check_Is_Device_Bonded
                          ro code  0x10052abc     0x48  sm_common.o [5]
  i.Check_For_Service_Change
                          ro code  0x10052b04    0x30c  gatt_server.o [5]
  i.GATT_Clear_Flag       ro code  0x10052e10      0x8  rom_att.o [5]
  i.Process_Peer_Server_Data
                          ro code  0x10052e18    0x210  gatt_server.o [5]
  i.Process_Peer_Client_Data
                          ro code  0x10053028    0x228  gatt_server.o [5]
  i.acl_list_remove_head  ro code  0x10053250     0x20  acl_list.o [5]
  i.L2C_Send_Data         ro code  0x10053270     0x2c  l2cap.o [5]
  i.acl_list_insert_tail  ro code  0x1005329c     0x20  acl_list.o [5]
  i.hci_le_read_local_p256_public_key
                          ro code  0x100532bc     0x5c  hci.o [5]
  i.sm_Get_Long_Term_Key  ro code  0x10053318     0x90  securitymgr.o [5]
  i.LL_Get_LTK            ro code  0x100533a8     0xd4  ll_routines_support.o [5]
  i.smp_Execute_Actions_wrt_Current_State
                          ro code  0x1005347c    0x26c  securitymgr.o [5]
  i.SM_Get_Remote_Device_Info
                          ro code  0x100536e8     0x48  sm_common.o [5]
  i.smp_Process_Rx_Packet_wrt_Current_State
                          ro code  0x10053730    0x178  securitymgr.o [5]
  i.smp____Pairing_Process_Abort
                          ro code  0x100538a8     0xbc  securitymgr.o [5]
  i.smp_Process_Rx_Packet_Exception_Cases
                          ro code  0x10053964     0xb4  securitymgr.o [5]
  i.acl_list_insert_head  ro code  0x10053a18     0x20  acl_list.o [5]
  i.PM_Release_Pckt       ro code  0x10053a38     0x5c  pm.o [5]
  i._load_uuid            ro code  0x10053a94     0x26  bluenrg_gatt_aci.o [5]
  .text                   ro code  0x10053abc    0x110  BlueNRG1GattServer.o [1]
  i.Gatt_Add_Charac_Desc  ro code  0x10053bcc    0x15c  gatt_server.o [5]
  i.Gatt_Set_Desc_Value   ro code  0x10053d28    0x104  gatt_server.o [5]
  i.Gatt_Appl_Auth_For_Read
                          ro code  0x10053e2c     0xfc  gatt_server.o [5]
  .text                   ro code  0x10053f28     0x20  GenericGattClient.o [1]
  .text                   ro code  0x10053f48     0x20  BlueNRG1GattClient.o [1]
  .text                   ro code  0x10053f68     0x20  GenericGattClient.o [1]
  .text                   ro code  0x10053f88     0x20  BlueNRG1GattClient.o [1]
  .text                   ro code  0x10053fa8     0x20  BlueNRG1GattClient.o [1]
  .text                   ro code  0x10053fc8     0x22  BlueNRG1GattConnectionClient.o [1]
  .text                   ro code  0x10053fea     0x14  GenericGattClient.o [1]
  .text                   ro code  0x10053ffe     0x96  BlueNRG1DiscoveredCharacteristic.o [1]
  .text                   ro code  0x10054094     0x38  BlueNRG1GattConnectionClient.o [1]
  .text                   ro code  0x100540cc     0x1c  BlueNRG1GattConnectionClient.o [1]
  .text                   ro code  0x100540e8     0x1c  BlueNRG1GattConnectionClient.o [1]
  .text                   ro code  0x10054104     0x36  GenericGattClient.o [1]
  i.aci_gatt_disc_all_char_of_service
                          ro code  0x1005413a      0x8  bluenrg_gatt_aci.o [5]
  i.aci_gatt_disc_char_by_uuid
                          ro code  0x10054142     0x28  bluenrg_gatt_aci.o [5]
  i.Find_Gatt_Client      ro code  0x1005416c     0x40  gatt_client.o [5]
  i.acl_list_get_pckt_count
                          ro code  0x100541ac      0x4  acl_list.o [5]
  i.PM_Pckt_Cmp           ro code  0x100541b0     0x6a  pm.o [5]
  i.L2CAP_Get_PDU_Len     ro code  0x1005421a      0xe  l2cap.o [5]
  i.PM_Get_Pckt           ro code  0x10054228     0x80  pm.o [5]
  i.Send_Error_Resp       ro code  0x100542a8     0x30  rom_att.o [5]
  i.GATT_Set_Flag         ro code  0x100542d8      0x8  rom_att.o [5]
  i.PM_Set_ConnHandle     ro code  0x100542e0      0xc  pm.o [5]
  i.Prepare_Write_Resp    ro code  0x100542ec    0x194  att.o [5]
  i.Write_Resp            ro code  0x10054480    0x14a  att.o [5]
  i.Write_Cmd             ro code  0x100545ca    0x132  att.o [5]
  i.Find_L2cap_signalling_connection
                          ro code  0x100546fc     0x38  l2cap.o [5]
  i.LL_Start_Connection_Update
                          ro code  0x10054734    0x140  ll_routines_master.o [5]
  i.PM_Set_Att_Pdu_Length
                          ro code  0x10054874     0x50  pm.o [5]
  .text                   ro code  0x100548c4      0x8  btle.o [1]
  i.Mem_assign            ro code  0x100548cc     0x16  mem_alloc.o [5]
  i.mem_alloc_ctx_init    ro code  0x100548e4     0xa8  mem_alloc.o [5]
  i.hal_get_hw_version    ro code  0x1005498c     0x20  hal.o [5]
  i.Timer_Init            ro code  0x100549ac     0x34  host_timer.o [5]
  i.LL_Init               ro code  0x100549e0    0x180  rom_ll_ll_routines.o [5]
  i.PM_Init               ro code  0x10054b60     0x70  pm.o [5]
  i.Acl_Init              ro code  0x10054bd0     0x34  acl.o [5]
  i.L2C_Init              ro code  0x10054c04     0x44  l2cap.o [5]
  i.SMP_Init              ro code  0x10054c48     0x70  sm_common.o [5]
  i.GAP_Init_Context      ro code  0x10054cb8     0x14  gap.o [5]
  i.HCI_Init              ro code  0x10054ccc     0x54  hci.o [5]
  i.HAL_Init              ro code  0x10054d20     0x18  hal.o [5]
  i.Events_Process_init   ro code  0x10054d38     0x50  aci_events.o [5]
  i.HAL_VTimerGetCurrentTime_sysT32
                          ro code  0x10054d88     0x12  host_timer.o [5]
  i.Gatt_Server_Db_Check  ro code  0x10054d9c     0x4c  gatt_server.o [5]
  i.List_Circular_Get_Size
                          ro code  0x10054de8     0x12  rom_list.o [5]
  i.Ind_Service_Change_Charac
                          ro code  0x10054dfc     0x44  gatt_server.o [5]
  i.Search_Service_Handle
                          ro code  0x10054e40     0x28  gatt_server.o [5]
  i.Get_GAP_Handle        ro code  0x10054e68     0x10  rom_gap_rom.o [5]
  i.GAP_Notify_Add_Charac
                          ro code  0x10054e78     0x98  rom_gap_rom.o [5]
  i.Check_Encry_Key_Size  ro code  0x10054f10     0x18  rom_gatt_server.o [5]
  i.Search_Handle         ro code  0x10054f28     0x1e  rom_gatt_server.o [5]
  i.Gatt_Update_Charac_Value_Ext
                          ro code  0x10054f48    0x308  gatt_server.o [5]
  i.HAL_Generate_Random_Bytes_To
                          ro code  0x10055250     0x20  hal.o [5]
  i.HAL_Flash_Store_Data  ro code  0x10055270     0x50  hal.o [5]
  .text                   ro code  0x100552c0     0x3c  BlueNRG1_flash.o [1]
  i.is_Buffer_All_Set_To  ro code  0x100552fc     0x1e  utils.o [5]
  i.LL_LE_Set_Address_Resolution_Enable
                          ro code  0x1005531c     0x24  ll_privacy.o [5]
  i.SDB_Get_SecurityDb_Start_Addr
                          ro code  0x10055340     0x14  sdb.o [5]
  i.Get_Max_SecDb_Size    ro code  0x10055354      0x4  sdb.o [5]
  i.Get_SecRec_Len_In_Words
                          ro code  0x10055358      0xc  rom_sdb.o [5]
  i.LL_LE_Clear_White_List
                          ro code  0x10055364     0x20  ll_privacy.o [5]
  i.Read_RecordValidity   ro code  0x10055384     0x10  rom_sdb.o [5]
  i.Read_SDBRecord        ro code  0x10055394     0x2c  rom_sdb.o [5]
  i.LL_LE_Add_Device_To_White_List
                          ro code  0x100553c0     0x78  ll_privacy.o [5]
  i.LL_Check_And_Set_Addresses
                          ro code  0x10055438    0x1c4  rom_ll_ll_routines.o [5]
  i.get_next_free_slot    ro code  0x100555fc     0x34  multi_master_time.o [5]
  i.LL_Set_Advertising_Buffers
                          ro code  0x10055630     0x88  rom_ll_ll_routines.o [5]
  i.schedule_advertise_slot
                          ro code  0x100556b8     0x94  multi_master_time.o [5]
  i.SMP_Force_SC_Debug_Key_Usage
                          ro code  0x1005574c     0x20  smp_scv42_isap.o [5]
  i.LL_Enable_Disable_Scan
                          ro code  0x1005576c    0x260  ll_routines_master.o [5]
  i.LL_Create_Connection_Cancel
                          ro code  0x100559cc     0x38  ll_routines_master.o [5]
  i.aci_gap_proc_complete_event_push
                          ro code  0x10055a04     0x64  gap.o [5]
  i.GAP_Privacy1v2        ro code  0x10055a68    0x1c8  rom_gap.o [5]
  i.LL_Create_Connection  ro code  0x10055c30    0x254  ll_routines_master.o [5]
  i.__ARM_common_switch8  ro code  0x10055e84     0x1a  host_timer.o [5]
  i.GAP_LimDiscTimeoutcb  ro code  0x10055ea0     0x2c  gap.o [5]
  i.GAP_PrivateAddrTimercb
                          ro code  0x10055ecc     0x44  rom_gap.o [5]
  i.GATT_TimeOut_Handler  ro code  0x10055f10     0x1a  gatt_server.o [5]
  i.L2C_SigChan_Req_TimeOut_Handler
                          ro code  0x10055f2c     0x4c  l2cap.o [5]
  i.SMP_Timer_cb          ro code  0x10055f78     0x50  sm_common.o [5]
  i.SMP_Repeated_Attacks_Timer_cb
                          ro code  0x10055fc8     0x78  sm_common.o [5]
  i.GAP_DiscProcTimeoutcb
                          ro code  0x10056040     0x48  gap.o [5]
  i.HAL_VTimerTimeoutCallback
                          ro code  0x10056088      0x2  host_timer.o [5]
  i.List_Circular_Node_Present
                          ro code  0x1005608a     0x16  rom_list.o [5]
  i.Acl_Transmit_Packet   ro code  0x100560a0     0x16  acl.o [5]
  i.PM_Get_Fragments_Count
                          ro code  0x100560b6     0x12  pm.o [5]
  i.PKA_Get_Current_Operation
                          ro code  0x100560c8     0x14  pka.o [5]
  i.hci_le_read_local_p256_public_key_complete_event_push
                          ro code  0x100560dc     0x58  hci.o [5]
  i.hci_le_generate_dhkey_complete_event_push
                          ro code  0x10056134     0x54  hci.o [5]
  i.hal_read_radio_activity_state
                          ro code  0x10056188     0x40  hal.o [5]
  i.aci_hal_end_of_radio_activity_event
                          ro code  0x100561c8      0x2  hal.o [5]
  i.Check_Flags           ro code  0x100561ca     0x38  gatt_client.o [5]
  i.Att_Send_Read_By_Typ_Req_Pdu
                          ro code  0x10056202     0x7c  rom_att.o [5]
  i.Gatt_Flush_Pending_AclPacket_Lists
                          ro code  0x10056280     0x74  gatt_server.o [5]
  i.Gatt_Find_Timed_Out_Connection_Index
                          ro code  0x100562f4     0x38  gatt_server.o [5]
  i.Gatt_Store_Server_Database_And_Reset_CCCD
                          ro code  0x1005632c    0x150  gatt_server.o [5]
  i.SDB_Find_Record       ro code  0x1005647c     0xcc  sdb.o [5]
  i.SDB_Read_Peer_Bonded_Data
                          ro code  0x10056548     0x22  sdb.o [5]
  i.Fetch_Handle          ro code  0x1005656a     0x3c  rom_gatt_server.o [5]
  i.Find_Attr_Index       ro code  0x100565a8     0x50  gatt_server.o [5]
  i.Stop_Gatt_Timer       ro code  0x100565f8     0x1c  rom_gatt_server.o [5]
  i.Start_Gatt_Timer      ro code  0x10056614     0x24  rom_gatt_server.o [5]
  i.PM_Copy_Pckt_Data     ro code  0x10056638     0x14  pm.o [5]
  i.Exchg_Mtu_Resp        ro code  0x1005664c     0xb4  rom_att.o [5]
  i.Find_Info_Resp        ro code  0x10056700    0x206  rom_att.o [5]
  i.Find_By_Type_Val_Resp
                          ro code  0x10056908    0x2a0  att.o [5]
  i.Read_By_Type_Resp     ro code  0x10056ba8    0x344  att.o [5]
  i.Read_Resp             ro code  0x10056eec    0x146  att.o [5]
  i.Read_Blob_Resp        ro code  0x10057032    0x160  att.o [5]
  i.Read_Multi_Resp       ro code  0x10057194    0x1a4  att.o [5]
  i.Read_By_Grp_Type_Resp
                          ro code  0x10057338    0x360  att.o [5]
  i.Exec_Write_Resp       ro code  0x10057698    0x258  att.o [5]
  i.List_Circular_Remove_Head
                          ro code  0x100578f0     0x1a  rom_list.o [5]
  i.PKA_Generate_ECDH_Public_Key
                          ro code  0x1005790c     0xc4  pka.o [5]
  i.SMA_GenEDIV_RecovDIV  ro code  0x100579d0     0x7c  ssm_algo.o [5]
  i.SDB_Find_Matching_LTK
                          ro code  0x10057a4c     0xa8  rom_sdb.o [5]
  i.SMA_Diversify         ro code  0x10057af4     0x2e  ssm_algo.o [5]
  i.get_connection_no     ro code  0x10057b24     0x84  multi_master_time.o [5]
  i.smp____MI_PairingConfirm_Receive
                          ro code  0x10057ba8     0x56  securitymgr.o [5]
  i.GapIsPrivacySupported
                          ro code  0x10057c00     0x14  rom_gap.o [5]
  i.SDB_Get_Number_Of_Records
                          ro code  0x10057c14     0x44  rom_sdb.o [5]
  i.SDB_Get_Data_From_Record
                          ro code  0x10057c58     0xde  sdb.o [5]
  i.smp____SC_submit_ECC_PK_generation_request
                          ro code  0x10057d38     0x1c  smp_scv42_isap.o [5]
  i.smp____SC_PairingPublicKey_Send
                          ro code  0x10057d54     0x68  smp_scv42_isap.o [5]
  i.smp____MI_PairingConfirm_Send
                          ro code  0x10057dbc     0x98  securitymgr.o [5]
  i.smp____SC_Pairing_OOB_Confirm_Receive_and_Verify
                          ro code  0x10057e54     0x90  smp_scv42_isap.o [5]
  i.smp____SR_PairingConfirm_Receive
                          ro code  0x10057ee4     0xb0  securitymgr.o [5]
  i.smp____SC_Phase_2AS2_Start
                          ro code  0x10057f94     0xb4  smp_scv42_isap.o [5]
  i.smp____PairingFailed_Send
                          ro code  0x10058048     0x30  securitymgr.o [5]
  i.smp_Keys_Distribution_Start
                          ro code  0x10058078     0x36  sm_common.o [5]
  i.smp_Keys_Distribution_Send
                          ro code  0x100580b0    0x12c  securitymgr.o [5]
  i.smp_Pairing_Completed
                          ro code  0x100581dc     0xa8  sm_common.o [5]
  i.smp_Find_Remote_Device_Index
                          ro code  0x10058284     0x40  sm_common.o [5]
  i.smp_Reset_Timer       ro code  0x100582c4     0x20  securitymgr.o [5]
  i.smp____SR_PairingRequest_Receive
                          ro code  0x100582e4    0x194  securitymgr.o [5]
  i.smp____MI_SecurityRequest_Receive
                          ro code  0x10058478     0x64  securitymgr.o [5]
  i.smp____SC_PairingPublicKey_Receive
                          ro code  0x100584dc     0x70  smp_scv42_isap.o [5]
  i.smp____SR_PairingRandom_Receive
                          ro code  0x1005854c    0x1a4  securitymgr.o [5]
  i.smp_Receive_Keys      ro code  0x100586f0     0xd2  sm_common.o [5]
  i.smp____MI_PairingResponse_Receive
                          ro code  0x100587c4     0x84  securitymgr.o [5]
  i.smp____MI_PairingRandom_Receive
                          ro code  0x10058848    0x1ac  securitymgr.o [5]
  i.smp____SC_Phase_2AS2_DHKeyCheck_Receive
                          ro code  0x100589f4     0x80  smp_scv42_isap.o [5]
  i.sm_RepeatedAttacks_Protection
                          ro code  0x10058a74    0x118  securitymgr.o [5]
  i.List_Circular_Insert_Head
                          ro code  0x10058b8c      0xe  rom_list.o [5]
  .text                   ro code  0x10058b9c     0x20  BlueNRG1GattServer.o [1]
  .text                   ro code  0x10058bbc     0x38  btle.o [1]
  .text                   ro code  0x10058bf4     0x38  btle.o [1]
  i.Gatt_Add_Descriptor   ro code  0x10058c2c    0x150  gatt_server.o [5]
  .text                   ro code  0x10058d7c     0x26  ABImemmove.o [7]
  i.Gatt_Disc_All_Charac_Of_Serv
                          ro code  0x10058da4     0x74  gatt_client.o [5]
  i.Gatt_Disc_Charac_By_Uuid
                          ro code  0x10058e18     0xbc  gatt_client.o [5]
  i.Acl_Get_Pack_Off      ro code  0x10058ed4     0x18  pm.o [5]
  i.Gatt_Find_Srv_Owner_Of_Handle
                          ro code  0x10058eec     0x44  gatt_server.o [5]
  i.ValidLinkPermRequest  ro code  0x10058f30     0x50  att.o [5]
  i.acl_list_full_on_packt
                          ro code  0x10058f80     0x26  acl_list.o [5]
  i.PM_Extend_Pckt_Pdu_Size
                          ro code  0x10058fa6     0x36  pm.o [5]
  i.PM_Clone_Pckt         ro code  0x10058fdc     0x2a  pm.o [5]
  i.aci_gatt_write_permit_req_event_push
                          ro code  0x10059006     0x56  att.o [5]
  i.aci_gatt_attribute_modified_event_push
                          ro code  0x1005905c     0x68  att.o [5]
  i.SM_Validate_Signed_Packet
                          ro code  0x100590c4     0x7c  ssm_algo.o [5]
  i.CheckSecForSignedWrite
                          ro code  0x10059140     0x2c  att.o [5]
  i.reschedule_wakeup_slot
                          ro code  0x1005916c     0xa0  multi_master_time.o [5]
  .text                   ro code  0x1005920c      0xc  btle.o [1]
  i.LL_Rcv_ACL_Data       ro code  0x10059218     0x30  rom_ll_ll_routines.o [5]
  i.Blue_Init_Global      ro code  0x10059248     0x8c  routines_support.o [5]
  i.nsar_init             ro code  0x100592d4     0x18  multi_master_time.o [5]
  i.PM_Eng_Config         ro code  0x100592ec     0x18  pm.o [5]
  i.smp____SC_initialize  ro code  0x10059304     0x58  smp_scv42_isap.o [5]
  i.hal_radio_activity_state_init
                          ro code  0x1005935c     0x1c  hal.o [5]
  i.fifoCtrl_init         ro code  0x10059378      0xa  aci_events.o [5]
  i.Timer_sysTime32_convMachineTime
                          ro code  0x10059384     0x20  host_timer.o [5]
  i.PM_Get_Available_Fragments
                          ro code  0x100593a4     0x38  pm.o [5]
  i.Check_Serv_Chng_Charac_Ind_Not
                          ro code  0x100593dc     0x80  rom_gatt_server.o [5]
  i.GATT_Num_Charac_Present
                          ro code  0x1005945c     0x3a  rom_gatt_server.o [5]
  i.Build_Notif_Or_Ind    ro code  0x10059496     0x46  gatt_server.o [5]
  i.Send_Notif_Or_Ind     ro code  0x100594dc     0x7c  gatt_server.o [5]
  i.Get_SecRecord_Size    ro code  0x10059558      0x4  sdb.o [5]
  i.STORE_LE_32           ro code  0x1005955c     0x10  utils.o [5]
  i.PRIV_vGeneratePrivateAddress
                          ro code  0x1005956c     0x62  ll_privacy.o [5]
  i.LL_Set_DirectAddress  ro code  0x100595d0     0x64  rom_ll_ll_routines.o [5]
  i.LL_Set_OwnAddress     ro code  0x10059634     0x3c  rom_ll_ll_routines.o [5]
  i.LL_Get_Address        ro code  0x10059670     0x30  rom_ll_ll_routines.o [5]
  i.adapt_slot            ro code  0x100596a0    0x258  multi_master_time.o [5]
  i.start_timebase        ro code  0x100598f8     0xa0  multi_master_time.o [5]
  i.smp____SC_is_any_other_SC_Pairing_Ongoing
                          ro code  0x10059998     0x38  smp_scv42_isap.o [5]
  i.request_scan_slot     ro code  0x100599d0     0x88  multi_master_time.o [5]
  i.LL_Cancel_Connection_Req
                          ro code  0x10059a58     0x30  rom_ll_ll_routines_master.o [5]
  i.LL_Allow_Address_Setting
                          ro code  0x10059a88     0x42  rom_ll_ll_routines.o [5]
  i.LL_Get_AdvAddress     ro code  0x10059acc     0x40  rom_ll_ll_routines.o [5]
  i.LL_Get_ScanAddress    ro code  0x10059b0c     0x40  rom_ll_ll_routines.o [5]
  i.Generate_Non_Resolvable_Private_Address
                          ro code  0x10059b4c     0x88  rom_gap.o [5]
  i.SM_Generate_Resolvable_Private_Address
                          ro code  0x10059bd4     0x4e  ssm_algo.o [5]
  i.Timer_StartOneShot    ro code  0x10059c22     0x22  host_timer.o [5]
  i.request_connect_slot  ro code  0x10059c44     0x74  multi_master_time.o [5]
  i.check_access_address_patched
                          ro code  0x10059cb8     0xc8  ll_routines_master.o [5]
  i.Find_Timed_Out_Connection
                          ro code  0x10059d80     0x38  gatt_server.o [5]
  i.aci_gap_pairing_complete_event_push
                          ro code  0x10059db8     0x4c  sm_common.o [5]
  i.LL_Send_ACL_Data      ro code  0x10059e04     0x54  rom_ll_ll_routines.o [5]
  i.slave_advance         ro code  0x10059e58     0xfc  routines_support.o [5]
  i.PM_Write_Pckt_Data    ro code  0x10059f54     0x14  pm.o [5]
  i.store_data            ro code  0x10059f68     0x1c  gatt_server.o [5]
  i.Flash_Write_Client_Data
                          ro code  0x10059f84     0xc8  sdb.o [5]
  i.SM_Resolve_Private_Address
                          ro code  0x1005a04c     0x22  ssm_algo.o [5]
  i.SDB_Find_Record_By_ConnHandle
                          ro code  0x1005a06e     0x26  sdb.o [5]
  i.Find_Client_Data      ro code  0x1005a094     0xcc  rom_sdb.o [5]
  i.Acl_Copy_Data         ro code  0x1005a160     0x82  pm.o [5]
  i.STORE_LE_16           ro code  0x1005a1e2      0x8  utils.o [5]
  i.Accu_UuidTypes_Requiring_Auth
                          ro code  0x1005a1ea     0xe8  rom_att.o [5]
  i.aci_gatt_read_multi_permit_req_event_push
                          ro code  0x1005a2d2     0x50  att.o [5]
  i.aci_gatt_read_permit_req_event_push
                          ro code  0x1005a322     0x38  att.o [5]
  i.Accu_Handles_Requiring_Auth
                          ro code  0x1005a35a     0x6e  rom_att.o [5]
  i.Gatt_Find_Srv_From_Handle
                          ro code  0x1005a3c8     0x28  gatt_server.o [5]
  i.smp_Send_Data         ro code  0x1005a3f0     0x2c  securitymgr.o [5]
  i.smp____SC_is_Debug_Key_Usage_Forced
                          ro code  0x1005a41c     0x14  smp_scv42_isap.o [5]
  i.SMA_SC_Gen_f4_Confirm
                          ro code  0x1005a430     0x50  ssm_algo.o [5]
  i.smp_LP_MI_Compute_c1_Confirm_Value
                          ro code  0x1005a480    0x15c  securitymgr.o [5]
  i.smp_OOB_Check_Is_Remote_Data_Present
                          ro code  0x1005a5dc     0x3c  sm_common.o [5]
  i.smp_OOB_Get_Remote_Data_Reference
                          ro code  0x1005a618     0x4c  sm_common.o [5]
  i.smp_SR_Compute_c1_Confirm_Value
                          ro code  0x1005a664    0x170  securitymgr.o [5]
  i.smp____SC_Phase_2AS2__Set_Addresses
                          ro code  0x1005a7d4     0x32  smp_scv42_isap.o [5]
  i.SMA_SC_Gen_f5_Keys    ro code  0x1005a808     0xe0  ssm_algo.o [5]
  i.smp____SC_Phase_2AS2_Generate_DHKeyCheck
                          ro code  0x1005a8e8    0x130  smp_scv42_isap.o [5]
  i.smp____SC_Phase_2AS2_DHKeyCheck_Send
                          ro code  0x1005aa18     0x5c  smp_scv42_isap.o [5]
  i.smp____Pairing_2Octets_Packet_Send
                          ro code  0x1005aa74     0x48  sm_common.o [5]
  i.SMA_Generate_IRK      ro code  0x1005aabc     0x28  ssm_algo.o [5]
  i.smp_Get_Local_Identity_Address
                          ro code  0x1005aae4     0x40  sm_common.o [5]
  i.SMA_Generate_CSRK     ro code  0x1005ab24     0x28  ssm_algo.o [5]
  i.smp_Add_To_Database   ro code  0x1005ab4c    0x14c  sm_common.o [5]
  i.smp_OOB_Clear_Remote_Data_Entry_by_Index
                          ro code  0x1005ac98     0x20  sm_common.o [5]
  i.aci_gap_authorization_req_event_push
                          ro code  0x1005acb8     0x44  sm_common.o [5]
  i.smp_Check_Incoming_Pairing_Parameters
                          ro code  0x1005acfc     0x38  securitymgr.o [5]
  i.smp_Build_AuthReq_Field
                          ro code  0x1005ad34     0x1a  securitymgr.o [5]
  i.smp____SC_Continue_If_Exclusive_SC_Pairing
                          ro code  0x1005ad50     0x3c  smp_scv42_isap.o [5]
  i.smp_Get_Pairing_Parameters_From_Peer_Packet
                          ro code  0x1005ad8c     0x88  securitymgr.o [5]
  i.smp_Set_Key_Association_Method
                          ro code  0x1005ae14     0x68  securitymgr.o [5]
  i.smp_Build_Pairing_ReqResp_Packet
                          ro code  0x1005ae7c     0x54  securitymgr.o [5]
  i.SMP_MI_PairingRequest_Send
                          ro code  0x1005aed0    0x130  securitymgr.o [5]
  i.smp____SC_Verify_Peer_PK_and_Generate_DHKey
                          ro code  0x1005b000     0x44  smp_scv42_isap.o [5]
  i.SMA_SC_Gen_g2_NumComp_Val
                          ro code  0x1005b044     0x58  ssm_algo.o [5]
  i.aci_gap_numeric_comparison_value_event_push
                          ro code  0x1005b09c     0x48  securitymgr.o [5]
  i.SMA_LP_s1_Generate_STK
                          ro code  0x1005b0e4     0x28  ssm_algo.o [5]
  i.LL_Start_Encryption   ro code  0x1005b10c     0xec  rom_ll_ll_routines_master.o [5]
  .text                   ro code  0x1005b1f8     0x6e  BlueNRG1Device.o [1]
  .text                   ro code  0x1005b268     0x28  BlueNRG1GattServer.o [1]
  .text                   ro code  0x1005b290      0x8  xthrow_no_throw.o [4]
  i.Check_Permission      ro code  0x1005b298     0x9c  rom_att.o [5]
  i.Acl_Clone_Fragment    ro code  0x1005b334     0x20  pm.o [5]
  i.LE_TO_NRG_32          ro code  0x1005b354     0x14  utils.o [5]
  i.SM_CMAC_Generate_Tag  ro code  0x1005b368     0xc4  ssm_algo.o [5]
  i.Blue_Set_Radio_Config_Data
                          ro code  0x1005b42c     0x24  rom_ll_routines_support.o [5]
  i.Select_Next_Notification_Client
                          ro code  0x1005b450     0x54  gatt_server.o [5]
  i.nsar_updateSlotListEntry
                          ro code  0x1005b4a4     0x6c  multi_master_time.o [5]
  i.nsar_insertSlotListEntry
                          ro code  0x1005b510     0x1c  multi_master_time.o [5]
  i.nsar_searchBestFreeSlot
                          ro code  0x1005b52c     0xac  multi_master_time.o [5]
  i.sm_Calculate_Hash     ro code  0x1005b5d8     0x38  ssm_algo.o [5]
  i.HAL_VTimerAcc_sysT32_ms
                          ro code  0x1005b610     0x24  host_timer.o [5]
  i.Timer_StartOneShot_sysTime32
                          ro code  0x1005b634     0x70  host_timer.o [5]
  i.Write_Client_Data     ro code  0x1005b6a4    0x1b8  sdb.o [5]
  i.SDB_Delete            ro code  0x1005b85c    0x170  sdb.o [5]
  i.SDB_Get_GattDb_Start_Addr
                          ro code  0x1005b9cc     0x18  sdb.o [5]
  i.copy_swap_buffer      ro code  0x1005b9e4     0x22  utils.o [5]
  i.AES_CMAC_Encrypt      ro code  0x1005ba06     0x3a  aes128cmac.o [5]
  i.SMA_SC_Gen_f6_Check_Val
                          ro code  0x1005ba40     0x84  ssm_algo.o [5]
  i.SDB_Add_Record        ro code  0x1005bac4    0x1ac  sdb.o [5]
  i.smp_Determine_Key_Association_Method
                          ro code  0x1005bc70     0xb4  securitymgr.o [5]
  i.sm_Search_BlackList   ro code  0x1005bd24     0x4c  securitymgr.o [5]
  i.hci_le_generate_dhkey
                          ro code  0x1005bd70     0x94  hci.o [5]
  .text                   ro code  0x1005be04     0x32  btle.o [1]
  .text                   ro code  0x1005be36      0xe  btle.o [1]
  .text                   ro code  0x1005be44     0x76  btle.o [1]
  .text                   ro code  0x1005beba     0xbc  BlueNRG1Device.o [1]
  .text                   ro code  0x1005bf76     0x16  btle.o [1]
  .text                   ro code  0x1005bf8c      0xc  exception.o [4]
  .text                   ro code  0x1005bf98     0x1e  btle.o [1]
  i.SM_Get_Link_Status    ro code  0x1005bfb6     0x2e  sm_common.o [5]
  i.SM_Check_Encryption_KeySize
                          ro code  0x1005bfe4     0x20  sm_common.o [5]
  i.sm_Generate_SubKeys   ro code  0x1005c004     0x80  ssm_algo.o [5]
  i.nsar_updateBestFreeSlot
                          ro code  0x1005c084     0x22  multi_master_time.o [5]
  i.InvaliDate_Record     ro code  0x1005c0a8     0x20  rom_sdb.o [5]
  i.SDB_Get_GattDb_End_Addr
                          ro code  0x1005c0c8     0x1c  sdb.o [5]
  i.Flash_Write_Flagged   ro code  0x1005c0e4     0x3c  nvm.o [5]
  i.Erase_Sector          ro code  0x1005c120      0xe  sdb.o [5]
  i.Write_SDBRecord       ro code  0x1005c130     0x6c  sdb.o [5]
  i.AES_CMAC_Encrypt_Init
                          ro code  0x1005c19c     0x34  crypto.o [5]
  i.AES_CMAC_Encrypt_Append
                          ro code  0x1005c1d0    0x288  crypto.o [5]
  i.AES_CMAC_Encrypt_Finish
                          ro code  0x1005c458     0x6c  crypto.o [5]
  i.PKA_Start_Generate_DHKey
                          ro code  0x1005c4c4     0x30  pka.o [5]
  .text                   ro code  0x1005c4f4     0x10  string2.o [4]
  .text                   ro code  0x1005c504     0x58  BlueNRG1GattServer.o [1]
  .text                   ro code  0x1005c55c      0xe  btle.o [1]
  i.LeftShift             ro code  0x1005c56a     0x2c  ssm_algo.o [5]
  i.Delay_With_NOP_Cycles
                          ro code  0x1005c596      0xe  utils.o [5]
  i.AESstdInit            ro code  0x1005c5a4     0xb8  crypto.o [5]
  i.AES_general_enc       ro code  0x1005c65c      0x8  crypto.o [5]
  .text                   ro code  0x1005c664    0x6b0  rtx_msgqueue.o [1]
  .text                   ro code  0x1005cd14      0x2  rtx_evr.o [1]
  .text                   ro code  0x1005cd16      0x2  rtx_evr.o [1]
  .text                   ro code  0x1005cd18      0x2  rtx_evr.o [1]
  .text                   ro code  0x1005cd1a      0x2  rtx_evr.o [1]
  .text                   ro code  0x1005cd1c      0x2  rtx_evr.o [1]
  .text                   ro code  0x1005cd1e      0x2  rtx_evr.o [1]
  .text                   ro code  0x1005cd20      0x2  rtx_evr.o [1]
  .text                   ro code  0x1005cd22      0x2  rtx_evr.o [1]
  .text                   ro code  0x1005cd24      0x2  rtx_evr.o [1]
  .text                   ro code  0x1005cd28    0x160  rtx_system.o [1]
  .text                   ro code  0x1005ce88      0x2  rtx_evr.o [1]
  .text                   ro code  0x1005ce8a      0x2  rtx_evr.o [1]
  .text                   ro code  0x1005ce8c      0xc  os_systick.o [1]
  i.Gatt_Super_Handler    ro code  0x1005ce98    0x330  gatt_client.o [5]
  i.GAP_Started_Gatt_Proc
                          ro code  0x1005d1c8     0x2c  gap.o [5]
  i.Gatt_Check_Not_Error_Resp
                          ro code  0x1005d1f4     0x6c  gatt_client.o [5]
  i.GAP_Internal_Evt_Handler
                          ro code  0x1005d260     0x38  gap.o [5]
  i.aci_gatt_disc_read_char_by_uuid_resp_event_push
                          ro code  0x1005d298     0x74  gatt_client.o [5]
  i.Att_Send_Read_By_Grp_Typ_Req_Pdu
                          ro code  0x1005d30c     0x7c  rom_att.o [5]
  i.Att_Send_Find_By_Typ_Val_Req_Pdu
                          ro code  0x1005d388     0xa0  rom_att.o [5]
  i.Att_Send_Find_Info_Req_Pdu
                          ro code  0x1005d428     0x56  rom_att.o [5]
  i.send_gatt_event       ro code  0x1005d47e     0x46  gatt_client.o [5]
  i.aci_gatt_proc_complete_event_push
                          ro code  0x1005d4c4     0x48  gatt_client.o [5]
  i.aci_gatt_error_resp_event_push
                          ro code  0x1005d50c     0x64  gatt_client.o [5]
  i.aci_att_read_by_type_resp_event_push
                          ro code  0x1005d570     0x70  gatt_client.o [5]
  i.aci_att_find_info_resp_event_push
                          ro code  0x1005d5e0     0x70  gatt_client.o [5]
  i.aci_att_find_by_type_value_resp_event_push
                          ro code  0x1005d650     0x6c  gatt_client.o [5]
  i.aci_att_read_by_group_type_resp_event_push
[...]
set_sca                 0x10044155    0x1c  Code  Gb  rom_ll_timehandling.o [5]
set_string              0x10042f8d    0x10  Code  Gb  hal.o [5]
signalEventsToProcess   0x1004c24d    0x24  Code  Gb  BlueNRG1_ble.o [1]
singleton_mutex_attr    0x20004738    0x10  Data  Gb  mbed_boot.o [1]
singleton_mutex_id      0x20004750     0x4  Data  Gb  mbed_boot.o [1]
singleton_mutex_obj     0x20004754    0x1c  Data  Gb  mbed_boot.o [1]
slave_advance           0x10059e59    0xf0  Code  Gb  routines_support.o [5]
sleep_manager_lock_deep_sleep
                        0x10049a35     0x2  Code  Gb  mbed_sleep_manager.o [1]
sleep_manager_unlock_deep_sleep
                        0x10049a37     0x2  Code  Gb  mbed_sleep_manager.o [1]
sm_Calculate_Hash       0x1005b5d9    0x38  Code  Lc  ssm_algo.o [5]
sm_Generate_SubKeys     0x1005c005    0x80  Code  Lc  ssm_algo.o [5]
sm_Get_Long_Term_Key    0x10053319    0x8a  Code  Lc  securitymgr.o [5]
sm_RepeatedAttacks_Protection
                        0x10058a75   0x102  Code  Lc  securitymgr.o [5]
sm_Search_BlackList     0x1005bd25    0x46  Code  Gb  securitymgr.o [5]
smp_Add_To_Database     0x1005ab4d   0x146  Code  Gb  sm_common.o [5]
smp_Build_AuthReq_Field
                        0x1005ad35    0x1a  Code  Lc  securitymgr.o [5]
smp_Build_Pairing_ReqResp_Packet
                        0x1005ae7d    0x50  Code  Lc  securitymgr.o [5]
smp_Check_Incoming_Pairing_Parameters
                        0x1005acfd    0x34  Code  Lc  securitymgr.o [5]
smp_Determine_Key_Association_Method
                        0x1005bc71    0xac  Code  Gb  securitymgr.o [5]
smp_Execute_Actions_wrt_Current_State
                        0x1005347d   0x266  Code  Lc  securitymgr.o [5]
smp_Find_Remote_Device_Index
                        0x10058285    0x3a  Code  Gb  sm_common.o [5]
smp_Get_Local_Identity_Address
                        0x1005aae5    0x3a  Code  Gb  sm_common.o [5]
smp_Get_Pairing_Parameters_From_Peer_Packet
                        0x1005ad8d    0x82  Code  Lc  securitymgr.o [5]
smp_Keys_Distribution_Complete
                        0x1005eda5    0x46  Code  Lc  sm_common.o [5]
smp_Keys_Distribution_Send
                        0x100580b1   0x126  Code  Lc  securitymgr.o [5]
smp_Keys_Distribution_Start
                        0x10058079    0x36  Code  Gb  sm_common.o [5]
smp_LP_MI_Compute_c1_Confirm_Value
                        0x1005a481   0x156  Code  Lc  securitymgr.o [5]
smp_OOB_Check_Is_Remote_Data_Present
                        0x1005a5dd    0x36  Code  Gb  sm_common.o [5]
smp_OOB_Clear_Remote_Data_Entry_by_Index
                        0x1005ac99    0x1a  Code  Gb  sm_common.o [5]
smp_OOB_Get_Remote_Data_Reference
                        0x1005a619    0x48  Code  Gb  sm_common.o [5]
smp_Pairing_Completed   0x100581dd    0xa2  Code  Gb  sm_common.o [5]
smp_Process_Rx_Packet_Exception_Cases
                        0x10053965    0xae  Code  Lc  securitymgr.o [5]
smp_Process_Rx_Packet_wrt_Current_State
                        0x10053731   0x174  Code  Lc  securitymgr.o [5]
smp_Receive_Keys        0x100586f1    0xd2  Code  Gb  sm_common.o [5]
smp_Reset_Timer         0x100582c5    0x1a  Code  Lc  securitymgr.o [5]
smp_SR_Compute_c1_Confirm_Value
                        0x1005a665   0x16a  Code  Lc  securitymgr.o [5]
smp_Send_Data           0x1005a3f1    0x2c  Code  Gb  securitymgr.o [5]
smp_Set_Key_Association_Method
                        0x1005ae15    0x64  Code  Lc  securitymgr.o [5]
smp____MI_PairingConfirm_Receive
                        0x10057ba9    0x56  Code  Lc  securitymgr.o [5]
smp____MI_PairingConfirm_Send
                        0x10057dbd    0x92  Code  Lc  securitymgr.o [5]
smp____MI_PairingRandom_Receive
                        0x10058849   0x1a2  Code  Lc  securitymgr.o [5]
smp____MI_PairingResponse_Receive
                        0x100587c5    0x7e  Code  Lc  securitymgr.o [5]
smp____MI_SecurityRequest_Receive
                        0x10058479    0x60  Code  Lc  securitymgr.o [5]
smp____PairingFailed_Send
                        0x10058049    0x30  Code  Gb  securitymgr.o [5]
smp____Pairing_2Octets_Packet_Send
                        0x1005aa75    0x48  Code  Gb  sm_common.o [5]
smp____Pairing_Process_Abort
                        0x100538a9    0xb6  Code  Lc  securitymgr.o [5]
smp____SC_Continue_If_Exclusive_SC_Pairing
                        0x1005ad51    0x36  Code  Gb  smp_scv42_isap.o [5]
smp____SC_PairingPublicKey_Receive
                        0x100584dd    0x68  Code  Gb  smp_scv42_isap.o [5]
smp____SC_PairingPublicKey_Send
                        0x10057d55    0x64  Code  Gb  smp_scv42_isap.o [5]
smp____SC_Pairing_OOB_Confirm_Receive_and_Verify
                        0x10057e55    0x8c  Code  Gb  smp_scv42_isap.o [5]
smp____SC_Phase_2AS2_DHKeyCheck_Receive
                        0x100589f5    0x80  Code  Gb  smp_scv42_isap.o [5]
smp____SC_Phase_2AS2_DHKeyCheck_Send
                        0x1005aa19    0x56  Code  Gb  smp_scv42_isap.o [5]
smp____SC_Phase_2AS2_Generate_DHKeyCheck
                        0x1005a8e9   0x12a  Code  Lc  smp_scv42_isap.o [5]
smp____SC_Phase_2AS2_Start
                        0x10057f95    0xae  Code  Gb  smp_scv42_isap.o [5]
smp____SC_Phase_2AS2__Set_Addresses
                        0x1005a7d5    0x32  Code  Lc  smp_scv42_isap.o [5]
smp____SC_Verify_Peer_PK_and_Generate_DHKey
                        0x1005b001    0x3e  Code  Gb  smp_scv42_isap.o [5]
smp____SC_hci_le_generate_dhkey_complete_evt_hndl
                        0x10060345    0x22  Code  Gb  smp_scv42_isap.o [5]
smp____SC_hci_le_read_local_p256_public_key_complete_evt_hndl
                        0x10060065    0x3c  Code  Gb  smp_scv42_isap.o [5]
smp____SC_initialize    0x10059305    0x50  Code  Gb  smp_scv42_isap.o [5]
smp____SC_is_Debug_Key_Usage_Forced
                        0x1005a41d    0x10  Code  Gb  smp_scv42_isap.o [5]
smp____SC_is_any_other_SC_Pairing_Ongoing
                        0x10059999    0x34  Code  Gb  smp_scv42_isap.o [5]
smp____SC_submit_ECC_PK_generation_request
                        0x10057d39    0x16  Code  Gb  smp_scv42_isap.o [5]
smp____SR_PairingConfirm_Receive
                        0x10057ee5    0xac  Code  Lc  securitymgr.o [5]
smp____SR_PairingRandom_Receive
                        0x1005854d   0x19a  Code  Lc  securitymgr.o [5]
smp____SR_PairingRequest_Receive
                        0x100582e5   0x18e  Code  Lc  securitymgr.o [5]
stacklib_flash_data     0x10067000   0x800  Data  Lc  btle.o [1]
stacklib_stored_device_id_data
                        0x10067800    0x38  Data  Lc  btle.o [1]
start_timebase          0x100598f9    0x92  Code  Gb  multi_master_time.o [5]
std::_String_base::_XlenAbort() const
                        0x1005c4f5     0x8  Code  Gb  string2.o [4]
std::_String_base::_XranAbort() const
                        0x1005c4fd     0x8  Code  Gb  string2.o [4]
std::_Tmap_traits<unsigned short, unsigned short, std::less<unsigned short>, std::allocator<std::pair<unsigned short const, unsigned short>>, (bool)0>::_Tmap_traits(std::less<unsigned short>)
                        0x1005920d     0xc  Code  Gb  btle.o [1]
std::_Tmap_traits<unsigned short, unsigned short, std::less<unsigned short>, std::allocator<std::pair<unsigned short const, unsigned short>>, (bool)0>::_Tmap_traits(std::less<unsigned short>) [subobject]
                        0x100548c5     0x8  Code  Gb  btle.o [1]
std::_Tree<std::_Tmap_traits<unsigned short, unsigned short, std::less<unsigned short>, std::allocator<std::pair<unsigned short const, unsigned short>>, (bool)0>>::_Erase(std::_Tree_nod<std::_Tmap_traits<unsigned short, unsigned short, std::less<unsigned short>, std::allocator<std::pair<unsigned short const, unsigned short>>, (bool)0>>::_Node *)
                        0x1005f7c5    0x24  Code  Gb  btle.o [1]
std::_Tree<std::_Tmap_traits<unsigned short, unsigned short, std::less<unsigned short>, std::allocator<std::pair<unsigned short const, unsigned short>>, (bool)0>>::_Insert(bool, std::_Tree_nod<std::_Tmap_traits<unsigned short, unsigned short, std::less<unsigned short>, std::allocator<std::pair<unsigned short const, unsigned short>>, (bool)0>>::_Node *, std::pair<unsigned short const, unsigned short> const &)
                        0x10053abd   0x110  Code  Gb  BlueNRG1GattServer.o [1]
std::_Tree<std::_Tmap_traits<unsigned short, unsigned short, std::less<unsigned short>, std::allocator<std::pair<unsigned short const, unsigned short>>, (bool)0>>::_Lrotate(std::_Tree_nod<std::_Tmap_traits<unsigned short, unsigned short, std::less<unsigned short>, std::allocator<std::pair<unsigned short const, unsigned short>>, (bool)0>>::_Node *)
                        0x10058bbd    0x38  Code  Gb  btle.o [1]
std::_Tree<std::_Tmap_traits<unsigned short, unsigned short, std::less<unsigned short>, std::allocator<std::pair<unsigned short const, unsigned short>>, (bool)0>>::_Make_iter(std::_Tree<std::_Tmap_traits<unsigned short, unsigned short, std::less<unsigned short>, std::allocator<std::pair<unsigned short const, unsigned short>>, (bool)0>>::const_iterator) const
                        0x1005d9a1     0x4  Code  Gb  btle.o [1]
std::_Tree<std::_Tmap_traits<unsigned short, unsigned short, std::less<unsigned short>, std::allocator<std::pair<unsigned short const, unsigned short>>, (bool)0>>::_Rrotate(std::_Tree_nod<std::_Tmap_traits<unsigned short, unsigned short, std::less<unsigned short>, std::allocator<std::pair<unsigned short const, unsigned short>>, (bool)0>>::_Node *)
                        0x10058bf5    0x38  Code  Gb  btle.o [1]
std::_Tree<std::_Tmap_traits<unsigned short, unsigned short, std::less<unsigned short>, std::allocator<std::pair<unsigned short const, unsigned short>>, (bool)0>>::_Xlong() const
                        0x10058b9d    0x20  Code  Gb  BlueNRG1GattServer.o [1]
std::_Tree<std::_Tmap_traits<unsigned short, unsigned short, std::less<unsigned short>, std::allocator<std::pair<unsigned short const, unsigned short>>, (bool)0>>::_Xlong() const::string
                        0x10060ba0    0x14  Data  Gb  BlueNRG1GattServer.o [1]
std::_Tree<std::_Tmap_traits<unsigned short, unsigned short, std::less<unsigned short>, std::allocator<std::pair<unsigned short const, unsigned short>>, (bool)0>>::erase(std::_Tree<std::_Tmap_traits<unsigned short, unsigned short, std::less<unsigned short>, std::allocator<std::pair<unsigned short const, unsigned short>>, (bool)0>>::const_iterator)
                        0x1005d72d   0x24c  Code  Gb  btle.o [1]
std::_Tree<std::_Tmap_traits<unsigned short, unsigned short, std::less<unsigned short>, std::allocator<std::pair<unsigned short const, unsigned short>>, (bool)0>>::erase(std::_Tree<std::_Tmap_traits<unsigned short, unsigned short, std::less<unsigned short>, std::allocator<std::pair<unsigned short const, unsigned short>>, (bool)0>>::const_iterator)::string
                        0x10060914    0x1c  Data  Gb  btle.o [1]
std::_Tree<std::_Tmap_traits<unsigned short, unsigned short, std::less<unsigned short>, std::allocator<std::pair<unsigned short const, unsigned short>>, (bool)0>>::erase(std::_Tree<std::_Tmap_traits<unsigned short, unsigned short, std::less<unsigned short>, std::allocator<std::pair<unsigned short const, unsigned short>>, (bool)0>>::const_iterator, std::_Tree<std::_Tmap_traits<unsigned short, unsigned short, std::less<unsigned short>, std::allocator<std::pair<unsigned short const, unsigned short>>, (bool)0>>::const_iterator)
                        0x1005f74f    0x76  Code  Gb  btle.o [1]
std::_Tree<std::_Tmap_traits<unsigned short, unsigned short, std::less<unsigned short>, std::allocator<std::pair<unsigned short const, unsigned short>>, (bool)0>>::find(unsigned short const &)
                        0x1004f88b    0x30  Code  Gb  BlueNRG1GattServer.o [1]
std::_Tree<std::_Tmap_traits<unsigned short, unsigned short, std::less<unsigned short>, std::allocator<std::pair<unsigned short const, unsigned short>>, (bool)0>>::insert(std::pair<unsigned short const, unsigned short> const &)
                        0x1004f78d    0xae  Code  Gb  BlueNRG1GattServer.o [1]
std::__iar_ThrowNoThrow(std::exception const &)
                        0x1005b291     0x8  Code  Gb  xthrow_no_throw.o [4]
std::exception::exception() [subobject]
                        0x1005bf8d     0x6  Code  Gb  exception.o [4]
std::length_error::length_error(const std::string&)
                        0x1005b269    0x28  Code  Gb  BlueNRG1GattServer.o [1]
std::map<unsigned short, unsigned short, std::less<unsigned short>, std::allocator<std::pair<unsigned short const, unsigned short>>>::map()
                        0x10050da5    0x40  Code  Gb  btle.o [1]
std::map<unsigned short, unsigned short, std::less<unsigned short>, std::allocator<std::pair<unsigned short const, unsigned short>>>::~map()
                        0x1005fde9    0x1c  Code  Gb  btle.o [1]
std::nothrow            0x10060ec4     0x4  Data  Gb  nothrow.o [4]
std::out_of_range::out_of_range(const std::string&)
                        0x1005d979    0x28  Code  Gb  btle.o [1]
std::string::_Eos(unsigned int)
                        0x1005bf77    0x16  Code  Gb  btle.o [1]
std::string::_Grow(unsigned int, bool)
                        0x1005bebb    0xbc  Code  Gb  BlueNRG1Device.o [1]
std::string::_Myptr()   0x1005be37     0xe  Code  Gb  btle.o [1]
std::string::_Myptr() const
                        0x1005c55d     0xe  Code  Gb  btle.o [1]
std::string::_Tidy(bool, unsigned int)
                        0x1005be05    0x32  Code  Gb  btle.o [1]
std::string::assign(const std::string&, unsigned int, unsigned int)
                        0x1005be45    0x76  Code  Gb  btle.o [1]
std::string::basic_string(char const *)
                        0x1005b1f9    0x6e  Code  Gb  BlueNRG1Device.o [1]
std::string::basic_string(const std::string&)
                        0x1005bf99    0x1e  Code  Gb  btle.o [1]
std::string::erase(unsigned int, unsigned int)
                        0x1005c505    0x58  Code  Gb  BlueNRG1GattServer.o [1]
std_mutex_file          0x20004268   0x118  Data  Lc  mbed_boot.o [1]
std_mutex_id_file       0x20004240    0x28  Data  Lc  mbed_boot.o [1]
std_mutex_id_sys        0x20004444    0x14  Data  Lc  mbed_boot.o [1]
std_mutex_sys           0x20004458    0x8c  Data  Lc  mbed_boot.o [1]
stdio_uart              0x20004900    0x10  Data  Gb  serial_api.o [1]
stdio_uart_inited       0x20004950     0x4  Data  Gb  serial_api.o [1]
store_data              0x10059f69    0x1c  Code  Gb  gatt_server.o [5]
strlen                  0x1004943f    0x10  Code  Gb  strlen.o [7]
strncmp                 0x1004c109    0x2c  Code  Gb  strncmp.o [3]
svcRtxDelay             0x10049a39    0x14  Code  Gb  rtx_delay.o [1]
svcRtxKernelGetState    0x100475c5     0xe  Code  Gb  rtx_kernel.o [1]
svcRtxKernelInitialize  0x1004743d   0x17a  Code  Gb  rtx_kernel.o [1]
svcRtxKernelStart       0x100475d3    0xa6  Code  Gb  rtx_kernel.o [1]
svcRtxMessageQueueGet   0x1005ca63   0x106  Code  Gb  rtx_msgqueue.o [1]
svcRtxMessageQueueNew   0x1005c80b   0x16e  Code  Gb  rtx_msgqueue.o [1]
svcRtxMessageQueuePut   0x1005c979    0xea  Code  Gb  rtx_msgqueue.o [1]
svcRtxMutexAcquire      0x1004784f    0xca  Code  Gb  rtx_mutex.o [1]
svcRtxMutexDelete       0x10047a0b    0xba  Code  Gb  rtx_mutex.o [1]
svcRtxMutexNew          0x100477d3    0x7c  Code  Gb  rtx_mutex.o [1]
svcRtxMutexRelease      0x10047919    0xdc  Code  Gb  rtx_mutex.o [1]
svcRtxThreadExit        0x10047275    0xa0  Code  Gb  rtx_thread.o [1]
svcRtxThreadGetId       0x10047201    0x10  Code  Gb  rtx_thread.o [1]
svcRtxThreadGetName     0x100471d7    0x2a  Code  Gb  rtx_thread.o [1]
svcRtxThreadNew         0x10046fd1   0x206  Code  Gb  rtx_thread.o [1]
swap_char               0x10044141     0xa  Code  Lc  multi_master_time.o [5]
swap_short_int          0x1004414b     0xa  Code  Lc  multi_master_time.o [5]
sys_alloc               0x1004549d   0x3e8  Code  Lc  dlmalloc.o [3]
syslock_o               0x200047f0     0x4  Data  Lc  xsyslock_mtx.o [3]
system_time_trans       0x10043135     0xa  Code  Gb  rom_ll_timehandling.o [5]
system_time_trans_ext   0x100441b5    0x26  Code  Gb  rom_ll_timehandling.o [5]
terminate_hook          0x20004954     0x4  Data  Lc  Thread.o [1]
thread_terminate_hook   0x10048f6d    0x10  Code  Gb  Thread.o [1]
ticker_insert_event_us  0x10049995    0x52  Code  Gb  mbed_ticker_api.o [1]
ticker_read             0x10049a1b     0x4  Code  Gb  mbed_ticker_api.o [1]
ticker_read_us          0x10049a1f     0x2  Code  Gb  mbed_ticker_api.o [1]
ticker_remove_event     0x100499e7    0x34  Code  Gb  mbed_ticker_api.o [1]
ticker_set_handler      0x10049985    0x10  Code  Gb  mbed_ticker_api.o [1]
time_offset1            0x1004417f     0xe  Code  Gb  rom_ll_timehandling.o [5]
time_offset2            0x1004419d     0xc  Code  Gb  rom_ll_timehandling.o [5]
timebase_start_connect  0x100440cd    0x36  Code  Gb  multi_master_time.o [5]
tmalloc_large           0x10045891   0x3ca  Code  Lc  dlmalloc.o [3]
tmalloc_small           0x10045c61   0x230  Code  Lc  dlmalloc.o [3]
touch_it                0x20000589     0x1  Data  Gb  rom_global_var.o [5]
unpack_channel_map      0x1004288b    0x38  Code  Gb  rom_ll_isr_routines.o [5]
unpack_update_request   0x10042845    0x46  Code  Gb  rom_ll_isr_routines.o [5]
unsigned char * std::_Copy_opt<unsigned char const *, unsigned char *>(unsigned char const *, unsigned char const *, unsigned char *, std::_Scalar_ptr_iterator_tag)
                        0x10053feb    0x14  Code  Gb  GenericGattClient.o [1]
update_present_time     0x100497b5    0xf4  Code  Lc  mbed_ticker_api.o [1]
us_data                 0x10049684     0x8  Data  Lc  mbed_us_ticker_api.o [1]
us_interface            0x10060930    0x1c  Data  Lc  mbed_us_ticker_api.o [1]
us_ticker_clear_interrupt
                        0x1005f115     0x2  Code  Gb  us_ticker_api.o [1]
us_ticker_disable_interrupt
                        0x1005f0fb     0xc  Code  Gb  us_ticker_api.o [1]
us_ticker_fire_interrupt
                        0x1005f117     0x2  Code  Gb  us_ticker_api.o [1]
us_ticker_get_info      0x10060ea1     0x8  Code  Wk  mbed_retarget.o [1]
us_ticker_get_info::info
                        0x10060e90     0x8  Data  Lc  mbed_retarget.o [1]
us_ticker_init          0x1005f07b    0x5c  Code  Gb  us_ticker_api.o [1]
us_ticker_read          0x1005f0d7    0x18  Code  Gb  us_ticker_api.o [1]
us_ticker_set_interrupt
                        0x1005f0ef     0xc  Code  Gb  us_ticker_api.o [1]
uuid16_list             0x10047e8c     0x4  Data  Lc  main.o [1]
void mbed::Callback<void ()>::function_call<void (*)()>(void const *)
                        0x10060ea9     0x8  Code  Gb  utest_shim.o [1]
void mbed::Callback<void ()>::function_dtor<void (*)()>(void *)
                        0x100492cb     0x2  Code  Gb  utest_shim.o [1]
void mbed::Callback<void ()>::function_move<void (*)()>(void *, void const *)
                        0x10043fab     0xa  Code  Gb  utest_shim.o [1]
void mbed::Callback<void ()>::generate<void (*)()>(void (*)() const &)::ops
                        0x10060e28     0xc  Data  Gb  utest_shim.o [1]
vsnprintf               0x10049009    0x3c  Code  Gb  vsnprint.o [3]
wait_ms                 0x10048ed9     0xe  Code  Gb  mbed_wait_api_rtos.o [1]
wait_us                 0x10048ee7     0x2  Code  Gb  mbed_wait_api_rtos.o [1]
wakeupFromSleepFlag     0x2000000c     0x1  Data  Gb  system_bluenrg1.o [1]
wakeupFromSleepFlag_block$$Base
                        0x2000000c           --   Gb  - Linker created -
wakeupFromSleepFlag_block$$Limit
                        0x20000010           --   Gb  - Linker created -


[1] = C:\Users\Gianluca\Documents\mbed\Heart\BUILD\Obj
[2] = command line
[3] = dl6M_tlf.a
[4] = dlpp6M_tl_fc.a
[5] = libbluenrg1_stack.a
[6] = m6M_tl.a
[7] = rt6M_tl.a

  131 948 bytes of readonly  code memory
    5 212 bytes of readonly  data memory
   23 988 bytes of readwrite data memory

Errors: none
Warnings: none
